 
Making Laps in directory src/lib/modules
rm -f  mem_allsky.o
gfortran -c -ffree-line-length-none -fallow-argument-mismatch -I../../../src/include -I/opt/homebrew/include -I../../../src/lib -I../../../src/lib/modules -I../../../src/lib/cloud -I../../../src/lib/radar/synp -I../../../src/lib/degrib   -I../../../src/include -I/opt/homebrew/include -I../../../src/lib -I../../../src/lib/modules -I../../../src/lib/cloud -I../../../src/lib/radar/synp -I../../../src/lib/degrib mem_allsky.f90
ar rv libmodules.a mem_allsky.o
ar: creating archive libmodules.a
a - mem_allsky.o
rm -f  mem_namelist.o
gfortran -c -ffree-line-length-none -fallow-argument-mismatch -I../../../src/include -I/opt/homebrew/include -I../../../src/lib -I../../../src/lib/modules -I../../../src/lib/cloud -I../../../src/lib/radar/synp -I../../../src/lib/degrib   -I../../../src/include -I/opt/homebrew/include -I../../../src/lib -I../../../src/lib/modules -I../../../src/lib/cloud -I../../../src/lib/radar/synp -I../../../src/lib/degrib mem_namelist.f90
ar rv libmodules.a mem_namelist.o
a - mem_namelist.o
rm -f  mem_grid.o
gfortran -c -ffree-line-length-none -fallow-argument-mismatch -I../../../src/include -I/opt/homebrew/include -I../../../src/lib -I../../../src/lib/modules -I../../../src/lib/cloud -I../../../src/lib/radar/synp -I../../../src/lib/degrib   -I../../../src/include -I/opt/homebrew/include -I../../../src/lib -I../../../src/lib/modules -I../../../src/lib/cloud -I../../../src/lib/radar/synp -I../../../src/lib/degrib mem_grid.f90
ar rv libmodules.a mem_grid.o
a - mem_grid.o
rm -f  mem_static.o
gfortran -c -ffree-line-length-none -fallow-argument-mismatch -I../../../src/include -I/opt/homebrew/include -I../../../src/lib -I../../../src/lib/modules -I../../../src/lib/cloud -I../../../src/lib/radar/synp -I../../../src/lib/degrib   -I../../../src/include -I/opt/homebrew/include -I../../../src/lib -I../../../src/lib/modules -I../../../src/lib/cloud -I../../../src/lib/radar/synp -I../../../src/lib/degrib mem_static.f90
ar rv libmodules.a mem_static.o
a - mem_static.o
rm -f  mem_wind.o
gfortran -c -ffree-line-length-none -fallow-argument-mismatch -I../../../src/include -I/opt/homebrew/include -I../../../src/lib -I../../../src/lib/modules -I../../../src/lib/cloud -I../../../src/lib/radar/synp -I../../../src/lib/degrib   -I../../../src/include -I/opt/homebrew/include -I../../../src/lib -I../../../src/lib/modules -I../../../src/lib/cloud -I../../../src/lib/radar/synp -I../../../src/lib/degrib mem_wind.f90
ar rv libmodules.a mem_wind.o
a - mem_wind.o
rm -f  mem_sfcanl.o
gfortran -c -ffree-line-length-none -fallow-argument-mismatch -I../../../src/include -I/opt/homebrew/include -I../../../src/lib -I../../../src/lib/modules -I../../../src/lib/cloud -I../../../src/lib/radar/synp -I../../../src/lib/degrib   -I../../../src/include -I/opt/homebrew/include -I../../../src/lib -I../../../src/lib/modules -I../../../src/lib/cloud -I../../../src/lib/radar/synp -I../../../src/lib/degrib mem_sfcanl.f90
ar rv libmodules.a mem_sfcanl.o
a - mem_sfcanl.o
rm -f  mem_temp.o
gfortran -c -ffree-line-length-none -fallow-argument-mismatch -I../../../src/include -I/opt/homebrew/include -I../../../src/lib -I../../../src/lib/modules -I../../../src/lib/cloud -I../../../src/lib/radar/synp -I../../../src/lib/degrib   -I../../../src/include -I/opt/homebrew/include -I../../../src/lib -I../../../src/lib/modules -I../../../src/lib/cloud -I../../../src/lib/radar/synp -I../../../src/lib/degrib mem_temp.f90
ar rv libmodules.a mem_temp.o
a - mem_temp.o
rm -f  mem_vol.o
gfortran -c -ffree-line-length-none -fallow-argument-mismatch -I../../../src/include -I/opt/homebrew/include -I../../../src/lib -I../../../src/lib/modules -I../../../src/lib/cloud -I../../../src/lib/radar/synp -I../../../src/lib/degrib   -I../../../src/include -I/opt/homebrew/include -I../../../src/lib -I../../../src/lib/modules -I../../../src/lib/cloud -I../../../src/lib/radar/synp -I../../../src/lib/degrib mem_vol.f90
ar rv libmodules.a mem_vol.o
a - mem_vol.o
rm -f  module_auto_mod.o
gfortran -c -ffree-line-length-none -fallow-argument-mismatch -I../../../src/include -I/opt/homebrew/include -I../../../src/lib -I../../../src/lib/modules -I../../../src/lib/cloud -I../../../src/lib/radar/synp -I../../../src/lib/degrib   -I../../../src/include -I/opt/homebrew/include -I../../../src/lib -I../../../src/lib/modules -I../../../src/lib/cloud -I../../../src/lib/radar/synp -I../../../src/lib/degrib module_auto_mod.f90
ar rv libmodules.a module_auto_mod.o
a - module_auto_mod.o
rm -f  module_cloud_rad.o
gfortran -c -ffree-line-length-none -fallow-argument-mismatch -I../../../src/include -I/opt/homebrew/include -I../../../src/lib -I../../../src/lib/modules -I../../../src/lib/cloud -I../../../src/lib/radar/synp -I../../../src/lib/degrib   -I../../../src/include -I/opt/homebrew/include -I../../../src/lib -I../../../src/lib/modules -I../../../src/lib/cloud -I../../../src/lib/radar/synp -I../../../src/lib/degrib module_cloud_rad.f90
ar rv libmodules.a module_cloud_rad.o
a - module_cloud_rad.o
rm -f  module_constants_laps.o
gfortran -c -ffree-line-length-none -fallow-argument-mismatch -I../../../src/include -I/opt/homebrew/include -I../../../src/lib -I../../../src/lib/modules -I../../../src/lib/cloud -I../../../src/lib/radar/synp -I../../../src/lib/degrib   -I../../../src/include -I/opt/homebrew/include -I../../../src/lib -I../../../src/lib/modules -I../../../src/lib/cloud -I../../../src/lib/radar/synp -I../../../src/lib/degrib module_constants_laps.f90
ar rv libmodules.a module_constants_laps.o
a - module_constants_laps.o
rm -f  module_horiz_interp.o
gfortran -c -ffree-line-length-none -fallow-argument-mismatch -I../../../src/include -I/opt/homebrew/include -I../../../src/lib -I../../../src/lib/modules -I../../../src/lib/cloud -I../../../src/lib/radar/synp -I../../../src/lib/degrib   -I../../../src/include -I/opt/homebrew/include -I../../../src/lib -I../../../src/lib/modules -I../../../src/lib/cloud -I../../../src/lib/radar/synp -I../../../src/lib/degrib module_horiz_interp.f90
ar rv libmodules.a module_horiz_interp.o
a - module_horiz_interp.o
rm -f  module_map_utils.o
gfortran -c -ffree-line-length-none -fallow-argument-mismatch -I../../../src/include -I/opt/homebrew/include -I../../../src/lib -I../../../src/lib/modules -I../../../src/lib/cloud -I../../../src/lib/radar/synp -I../../../src/lib/degrib   -I../../../src/include -I/opt/homebrew/include -I../../../src/lib -I../../../src/lib/modules -I../../../src/lib/cloud -I../../../src/lib/radar/synp -I../../../src/lib/degrib module_map_utils.f90
ar rv libmodules.a module_map_utils.o
a - module_map_utils.o
rm -f  module_grib.o
gfortran -c -ffree-line-length-none -fallow-argument-mismatch -I../../../src/include -I/opt/homebrew/include -I../../../src/lib -I../../../src/lib/modules -I../../../src/lib/cloud -I../../../src/lib/radar/synp -I../../../src/lib/degrib   -I../../../src/include -I/opt/homebrew/include -I../../../src/lib -I../../../src/lib/modules -I../../../src/lib/cloud -I../../../src/lib/radar/synp -I../../../src/lib/degrib module_grib.f90
ar rv libmodules.a module_grib.o
a - module_grib.o
rm -f  module_mm5v3_io.o
gfortran -c -ffree-line-length-none -fallow-argument-mismatch -I../../../src/include -I/opt/homebrew/include -I../../../src/lib -I../../../src/lib/modules -I../../../src/lib/cloud -I../../../src/lib/radar/synp -I../../../src/lib/degrib   -I../../../src/include -I/opt/homebrew/include -I../../../src/lib -I../../../src/lib/modules -I../../../src/lib/cloud -I../../../src/lib/radar/synp -I../../../src/lib/degrib module_mm5v3_io.f90
ar rv libmodules.a module_mm5v3_io.o
a - module_mm5v3_io.o
rm -f  module_time_utils.o
gfortran -c -ffree-line-length-none -fallow-argument-mismatch -I../../../src/include -I/opt/homebrew/include -I../../../src/lib -I../../../src/lib/modules -I../../../src/lib/cloud -I../../../src/lib/radar/synp -I../../../src/lib/degrib   -I../../../src/include -I/opt/homebrew/include -I../../../src/lib -I../../../src/lib/modules -I../../../src/lib/cloud -I../../../src/lib/radar/synp -I../../../src/lib/degrib module_time_utils.f90
ar rv libmodules.a module_time_utils.o
a - module_time_utils.o
rm -f  module_vinterp_utils.o
gfortran -c -ffree-line-length-none -fallow-argument-mismatch -I../../../src/include -I/opt/homebrew/include -I../../../src/lib -I../../../src/lib/modules -I../../../src/lib/cloud -I../../../src/lib/radar/synp -I../../../src/lib/degrib   -I../../../src/include -I/opt/homebrew/include -I../../../src/lib -I../../../src/lib/modules -I../../../src/lib/cloud -I../../../src/lib/radar/synp -I../../../src/lib/degrib module_vinterp_utils.f90
ar rv libmodules.a module_vinterp_utils.o
a - module_vinterp_utils.o
rm -f  module_wrfsi_static.o
gfortran -c -ffree-line-length-none -fallow-argument-mismatch -I../../../src/include -I/opt/homebrew/include -I../../../src/lib -I../../../src/lib/modules -I../../../src/lib/cloud -I../../../src/lib/radar/synp -I../../../src/lib/degrib   -I../../../src/include -I/opt/homebrew/include -I../../../src/lib -I../../../src/lib/modules -I../../../src/lib/cloud -I../../../src/lib/radar/synp -I../../../src/lib/degrib module_wrfsi_static.f90
ar rv libmodules.a module_wrfsi_static.o
a - module_wrfsi_static.o
rm -f  module_grid_utils.o
gfortran -c -ffree-line-length-none -fallow-argument-mismatch -I../../../src/include -I/opt/homebrew/include -I../../../src/lib -I../../../src/lib/modules -I../../../src/lib/cloud -I../../../src/lib/radar/synp -I../../../src/lib/degrib   -I../../../src/include -I/opt/homebrew/include -I../../../src/lib -I../../../src/lib/modules -I../../../src/lib/cloud -I../../../src/lib/radar/synp -I../../../src/lib/degrib module_grid_utils.f90
module_grid_utils.f90:129:42:

  127 |         DO i = 1, nx_t
      |                      2                    
  128 | 
  129 |            dataout(i,j,k) = 0.25*( datain(i-1,j-1,k) + datain(i-1,j,k) + &
      |                                          1
Warning: Array reference at (1) out of bounds (0 < 1) in loop beginning at (2)
module_grid_utils.f90:129:62:

  127 |         DO i = 1, nx_t
      |                      2                                        
  128 | 
  129 |            dataout(i,j,k) = 0.25*( datain(i-1,j-1,k) + datain(i-1,j,k) + &
      |                                                              1
Warning: Array reference at (1) out of bounds (0 < 1) in loop beginning at (2)
ar rv libmodules.a module_grid_utils.o
a - module_grid_utils.o
rm -f  module_wrf_netcdf.o
gfortran -c -ffree-line-length-none -fallow-argument-mismatch -I../../../src/include -I/opt/homebrew/include -I../../../src/lib -I../../../src/lib/modules -I../../../src/lib/cloud -I../../../src/lib/radar/synp -I../../../src/lib/degrib   -I../../../src/include -I/opt/homebrew/include -I../../../src/lib -I../../../src/lib/modules -I../../../src/lib/cloud -I../../../src/lib/radar/synp -I../../../src/lib/degrib module_wrf_netcdf.f90
ar rv libmodules.a module_wrf_netcdf.o
a - module_wrf_netcdf.o
rm -f  module_grib2.o
gfortran -c -ffree-line-length-none -fallow-argument-mismatch -I../../../src/include -I/opt/homebrew/include -I../../../src/lib -I../../../src/lib/modules -I../../../src/lib/cloud -I../../../src/lib/radar/synp -I../../../src/lib/degrib   -I../../../src/include -I/opt/homebrew/include -I../../../src/lib -I../../../src/lib/modules -I../../../src/lib/cloud -I../../../src/lib/radar/synp -I../../../src/lib/degrib module_grib2.f90
ar rv libmodules.a module_grib2.o
a - module_grib2.o
rm -f  prmtrs_stmas_cloud.o
gfortran -c -ffree-line-length-none -fallow-argument-mismatch -I../../../src/include -I/opt/homebrew/include -I../../../src/lib -I../../../src/lib/modules -I../../../src/lib/cloud -I../../../src/lib/radar/synp -I../../../src/lib/degrib   -I../../../src/include -I/opt/homebrew/include -I../../../src/lib -I../../../src/lib/modules -I../../../src/lib/cloud -I../../../src/lib/radar/synp -I../../../src/lib/degrib prmtrs_stmas_cloud.f90
ar rv libmodules.a prmtrs_stmas_cloud.o
a - prmtrs_stmas_cloud.o
rm -f  ppm.o
gfortran -c -ffree-line-length-none -fallow-argument-mismatch -I../../../src/include -I/opt/homebrew/include -I../../../src/lib -I../../../src/lib/modules -I../../../src/lib/cloud -I../../../src/lib/radar/synp -I../../../src/lib/degrib   -I../../../src/include -I/opt/homebrew/include -I../../../src/lib -I../../../src/lib/modules -I../../../src/lib/cloud -I../../../src/lib/radar/synp -I../../../src/lib/degrib ppm.f90
ar rv libmodules.a ppm.o
a - ppm.o
rm -f  spline.o
gfortran -c -ffree-line-length-none -fallow-argument-mismatch -I../../../src/include -I/opt/homebrew/include -I../../../src/lib -I../../../src/lib/modules -I../../../src/lib/cloud -I../../../src/lib/radar/synp -I../../../src/lib/degrib   -I../../../src/include -I/opt/homebrew/include -I../../../src/lib -I../../../src/lib/modules -I../../../src/lib/cloud -I../../../src/lib/radar/synp -I../../../src/lib/degrib spline.f90
ar rv libmodules.a spline.o
a - spline.o
ranlib libmodules.a
rm -f  *.o
 
Making Laps in directory src/lib/w3lib
gfortran -ffree-line-length-none -fallow-argument-mismatch -I../../../src/include -I/opt/homebrew/include -I../../../src/lib -I../../../src/lib/modules -I../../../src/lib/cloud -I../../../src/lib/radar/synp -I../../../src/lib/degrib   -c -o getgb.o getgb.f
ar rv libw3.a getgb.o
ar: creating archive libw3.a
a - getgb.o
gfortran -ffree-line-length-none -fallow-argument-mismatch -I../../../src/include -I/opt/homebrew/include -I../../../src/lib -I../../../src/lib/modules -I../../../src/lib/cloud -I../../../src/lib/radar/synp -I../../../src/lib/degrib   -c -o getgbmh.o getgbmh.f
ar rv libw3.a getgbmh.o
a - getgbmh.o
gfortran -ffree-line-length-none -fallow-argument-mismatch -I../../../src/include -I/opt/homebrew/include -I../../../src/lib -I../../../src/lib/modules -I../../../src/lib/cloud -I../../../src/lib/radar/synp -I../../../src/lib/degrib   -c -o putgbex.o putgbex.f
ar rv libw3.a putgbex.o
a - putgbex.o
gfortran -ffree-line-length-none -fallow-argument-mismatch -I../../../src/include -I/opt/homebrew/include -I../../../src/lib -I../../../src/lib/modules -I../../../src/lib/cloud -I../../../src/lib/radar/synp -I../../../src/lib/degrib   -c -o w3fi73.o w3fi73.f
ar rv libw3.a w3fi73.o
a - w3fi73.o
gfortran -ffree-line-length-none -fallow-argument-mismatch -I../../../src/include -I/opt/homebrew/include -I../../../src/lib -I../../../src/lib/modules -I../../../src/lib/cloud -I../../../src/lib/radar/synp -I../../../src/lib/degrib   -c -o getgb1r.o getgb1r.f
ar rv libw3.a getgb1r.o
a - getgb1r.o
gfortran -ffree-line-length-none -fallow-argument-mismatch -I../../../src/include -I/opt/homebrew/include -I../../../src/lib -I../../../src/lib/modules -I../../../src/lib/cloud -I../../../src/lib/radar/synp -I../../../src/lib/degrib   -c -o getgbmp.o getgbmp.f
ar rv libw3.a getgbmp.o
a - getgbmp.o
gfortran -ffree-line-length-none -fallow-argument-mismatch -I../../../src/include -I/opt/homebrew/include -I../../../src/lib -I../../../src/lib/modules -I../../../src/lib/cloud -I../../../src/lib/radar/synp -I../../../src/lib/degrib   -c -o putgbn.o putgbn.f
ar rv libw3.a putgbn.o
a - putgbn.o
gfortran -ffree-line-length-none -fallow-argument-mismatch -I../../../src/include -I/opt/homebrew/include -I../../../src/lib -I../../../src/lib/modules -I../../../src/lib/cloud -I../../../src/lib/radar/synp -I../../../src/lib/degrib   -c -o w3fi74.o w3fi74.f
ar rv libw3.a w3fi74.o
a - w3fi74.o
gfortran -ffree-line-length-none -fallow-argument-mismatch -I../../../src/include -I/opt/homebrew/include -I../../../src/lib -I../../../src/lib/modules -I../../../src/lib/cloud -I../../../src/lib/radar/synp -I../../../src/lib/degrib   -c -o getgb1re.o getgb1re.f
ar rv libw3.a getgb1re.o
a - getgb1re.o
gfortran -ffree-line-length-none -fallow-argument-mismatch -I../../../src/include -I/opt/homebrew/include -I../../../src/lib -I../../../src/lib/modules -I../../../src/lib/cloud -I../../../src/lib/radar/synp -I../../../src/lib/degrib   -c -o getgbp.o getgbp.f
ar rv libw3.a getgbp.o
a - getgbp.o
gfortran -ffree-line-length-none -fallow-argument-mismatch -I../../../src/include -I/opt/homebrew/include -I../../../src/lib -I../../../src/lib/modules -I../../../src/lib/cloud -I../../../src/lib/radar/synp -I../../../src/lib/degrib   -c -o r63w72.o r63w72.f
ar rv libw3.a r63w72.o
a - r63w72.o
gfortran -ffree-line-length-none -fallow-argument-mismatch -I../../../src/include -I/opt/homebrew/include -I../../../src/lib -I../../../src/lib/modules -I../../../src/lib/cloud -I../../../src/lib/radar/synp -I../../../src/lib/degrib   -c -o w3fi75.o w3fi75.f
ar rv libw3.a w3fi75.o
a - w3fi75.o
gfortran -ffree-line-length-none -fallow-argument-mismatch -I../../../src/include -I/opt/homebrew/include -I../../../src/lib -I../../../src/lib/modules -I../../../src/lib/cloud -I../../../src/lib/radar/synp -I../../../src/lib/degrib   -c -o getgb1s.o getgb1s.f
ar rv libw3.a getgb1s.o
a - getgb1s.o
gfortran -ffree-line-length-none -fallow-argument-mismatch -I../../../src/include -I/opt/homebrew/include -I../../../src/lib -I../../../src/lib/modules -I../../../src/lib/cloud -I../../../src/lib/radar/synp -I../../../src/lib/degrib   -c -o getgi.o getgi.f
ar rv libw3.a getgi.o
a - getgi.o
gfortran -ffree-line-length-none -fallow-argument-mismatch -I../../../src/include -I/opt/homebrew/include -I../../../src/lib -I../../../src/lib/modules -I../../../src/lib/cloud -I../../../src/lib/radar/synp -I../../../src/lib/degrib   -c -o sbyte.o sbyte.f
ar rv libw3.a sbyte.o
a - sbyte.o
gfortran -ffree-line-length-none -fallow-argument-mismatch -I../../../src/include -I/opt/homebrew/include -I../../../src/lib -I../../../src/lib/modules -I../../../src/lib/cloud -I../../../src/lib/radar/synp -I../../../src/lib/degrib   -c -o w3fi76.o w3fi76.f
ar rv libw3.a w3fi76.o
a - w3fi76.o
gfortran -ffree-line-length-none -fallow-argument-mismatch -I../../../src/include -I/opt/homebrew/include -I../../../src/lib -I../../../src/lib/modules -I../../../src/lib/cloud -I../../../src/lib/radar/synp -I../../../src/lib/degrib   -c -o getgbe.o getgbe.f
ar rv libw3.a getgbe.o
a - getgbe.o
gfortran -ffree-line-length-none -fallow-argument-mismatch -I../../../src/include -I/opt/homebrew/include -I../../../src/lib -I../../../src/lib/modules -I../../../src/lib/cloud -I../../../src/lib/radar/synp -I../../../src/lib/degrib   -c -o getgir.o getgir.f
ar rv libw3.a getgir.o
a - getgir.o
gfortran -ffree-line-length-none -fallow-argument-mismatch -I../../../src/include -I/opt/homebrew/include -I../../../src/lib -I../../../src/lib/modules -I../../../src/lib/cloud -I../../../src/lib/radar/synp -I../../../src/lib/degrib   -c -o sbytes.o sbytes.f
ar rv libw3.a sbytes.o
a - sbytes.o
gfortran -ffree-line-length-none -fallow-argument-mismatch -I../../../src/include -I/opt/homebrew/include -I../../../src/lib -I../../../src/lib/modules -I../../../src/lib/cloud -I../../../src/lib/radar/synp -I../../../src/lib/degrib   -c -o w3fi82.o w3fi82.f
ar rv libw3.a w3fi82.o
a - w3fi82.o
gfortran -ffree-line-length-none -fallow-argument-mismatch -I../../../src/include -I/opt/homebrew/include -I../../../src/lib -I../../../src/lib/modules -I../../../src/lib/cloud -I../../../src/lib/radar/synp -I../../../src/lib/degrib   -c -o getgbeh.o getgbeh.f
ar rv libw3.a getgbeh.o
a - getgbeh.o
gfortran -ffree-line-length-none -fallow-argument-mismatch -I../../../src/include -I/opt/homebrew/include -I../../../src/lib -I../../../src/lib/modules -I../../../src/lib/cloud -I../../../src/lib/radar/synp -I../../../src/lib/degrib   -c -o idsdef.o idsdef.f
ar rv libw3.a idsdef.o
a - idsdef.o
gfortran -ffree-line-length-none -fallow-argument-mismatch -I../../../src/include -I/opt/homebrew/include -I../../../src/lib -I../../../src/lib/modules -I../../../src/lib/cloud -I../../../src/lib/radar/synp -I../../../src/lib/degrib   -c -o w3fi83.o w3fi83.f
ar rv libw3.a w3fi83.o
a - w3fi83.o
gfortran -ffree-line-length-none -fallow-argument-mismatch -I../../../src/include -I/opt/homebrew/include -I../../../src/lib -I../../../src/lib/modules -I../../../src/lib/cloud -I../../../src/lib/radar/synp -I../../../src/lib/degrib   -c -o getgbem.o getgbem.f
ar rv libw3.a getgbem.o
a - getgbem.o
gfortran -ffree-line-length-none -fallow-argument-mismatch -I../../../src/include -I/opt/homebrew/include -I../../../src/lib -I../../../src/lib/modules -I../../../src/lib/cloud -I../../../src/lib/radar/synp -I../../../src/lib/degrib   -c -o iw3jdn.o iw3jdn.f
ar rv libw3.a iw3jdn.o
a - iw3jdn.o
gfortran -ffree-line-length-none -fallow-argument-mismatch -I../../../src/include -I/opt/homebrew/include -I../../../src/lib -I../../../src/lib/modules -I../../../src/lib/cloud -I../../../src/lib/radar/synp -I../../../src/lib/degrib   -c -o w3difdat.o w3difdat.f
ar rv libw3.a w3difdat.o
a - w3difdat.o
gfortran -ffree-line-length-none -fallow-argument-mismatch -I../../../src/include -I/opt/homebrew/include -I../../../src/lib -I../../../src/lib/modules -I../../../src/lib/cloud -I../../../src/lib/radar/synp -I../../../src/lib/degrib   -c -o w3fs26.o w3fs26.f
ar rv libw3.a w3fs26.o
a - w3fs26.o
gfortran -ffree-line-length-none -fallow-argument-mismatch -I../../../src/include -I/opt/homebrew/include -I../../../src/lib -I../../../src/lib/modules -I../../../src/lib/cloud -I../../../src/lib/radar/synp -I../../../src/lib/degrib   -c -o getgbemh.o getgbemh.f
ar rv libw3.a getgbemh.o
a - getgbemh.o
gfortran -ffree-line-length-none -fallow-argument-mismatch -I../../../src/include -I/opt/homebrew/include -I../../../src/lib -I../../../src/lib/modules -I../../../src/lib/cloud -I../../../src/lib/radar/synp -I../../../src/lib/degrib   -c -o ixgb.o ixgb.f
ar rv libw3.a ixgb.o
a - ixgb.o
gfortran -ffree-line-length-none -fallow-argument-mismatch -I../../../src/include -I/opt/homebrew/include -I../../../src/lib -I../../../src/lib/modules -I../../../src/lib/cloud -I../../../src/lib/radar/synp -I../../../src/lib/degrib   -c -o w3doxdat.o w3doxdat.f
ar rv libw3.a w3doxdat.o
a - w3doxdat.o
gfortran -ffree-line-length-none -fallow-argument-mismatch -I../../../src/include -I/opt/homebrew/include -I../../../src/lib -I../../../src/lib/modules -I../../../src/lib/cloud -I../../../src/lib/radar/synp -I../../../src/lib/degrib   -c -o w3log.o w3log.f
ar rv libw3.a w3log.o
a - w3log.o
gfortran -ffree-line-length-none -fallow-argument-mismatch -I../../../src/include -I/opt/homebrew/include -I../../../src/lib -I../../../src/lib/modules -I../../../src/lib/cloud -I../../../src/lib/radar/synp -I../../../src/lib/degrib   -c -o getgbemp.o getgbemp.f
ar rv libw3.a getgbemp.o
a - getgbemp.o
gfortran -ffree-line-length-none -fallow-argument-mismatch -I../../../src/include -I/opt/homebrew/include -I../../../src/lib -I../../../src/lib/modules -I../../../src/lib/cloud -I../../../src/lib/radar/synp -I../../../src/lib/degrib   -c -o lengds.o lengds.f
ar rv libw3.a lengds.o
a - lengds.o
gfortran -ffree-line-length-none -fallow-argument-mismatch -I../../../src/include -I/opt/homebrew/include -I../../../src/lib -I../../../src/lib/modules -I../../../src/lib/cloud -I../../../src/lib/radar/synp -I../../../src/lib/degrib   -c -o w3fi01.o w3fi01.f
ar rv libw3.a w3fi01.o
a - w3fi01.o
gfortran -ffree-line-length-none -fallow-argument-mismatch -I../../../src/include -I/opt/homebrew/include -I../../../src/lib -I../../../src/lib/modules -I../../../src/lib/cloud -I../../../src/lib/radar/synp -I../../../src/lib/degrib   -c -o w3movdat.o w3movdat.f
ar rv libw3.a w3movdat.o
a - w3movdat.o
gfortran -ffree-line-length-none -fallow-argument-mismatch -I../../../src/include -I/opt/homebrew/include -I../../../src/lib -I../../../src/lib/modules -I../../../src/lib/cloud -I../../../src/lib/radar/synp -I../../../src/lib/degrib   -c -o getgbens.o getgbens.f
ar rv libw3.a getgbens.o
a - getgbens.o
gfortran -ffree-line-length-none -fallow-argument-mismatch -I../../../src/include -I/opt/homebrew/include -I../../../src/lib -I../../../src/lib/modules -I../../../src/lib/cloud -I../../../src/lib/radar/synp -I../../../src/lib/degrib   -c -o pdsens.o pdsens.f
ar rv libw3.a pdsens.o
a - pdsens.o
gfortran -ffree-line-length-none -fallow-argument-mismatch -I../../../src/include -I/opt/homebrew/include -I../../../src/lib -I../../../src/lib/modules -I../../../src/lib/cloud -I../../../src/lib/radar/synp -I../../../src/lib/degrib   -c -o w3fi58.o w3fi58.f
ar rv libw3.a w3fi58.o
a - w3fi58.o
gfortran -ffree-line-length-none -fallow-argument-mismatch -I../../../src/include -I/opt/homebrew/include -I../../../src/lib -I../../../src/lib/modules -I../../../src/lib/cloud -I../../../src/lib/radar/synp -I../../../src/lib/degrib   -c -o w3reddat.o w3reddat.f
ar rv libw3.a w3reddat.o
a - w3reddat.o
gfortran -ffree-line-length-none -fallow-argument-mismatch -I../../../src/include -I/opt/homebrew/include -I../../../src/lib -I../../../src/lib/modules -I../../../src/lib/cloud -I../../../src/lib/radar/synp -I../../../src/lib/degrib   -c -o getgbep.o getgbep.f
ar rv libw3.a getgbep.o
a - getgbep.o
gfortran -ffree-line-length-none -fallow-argument-mismatch -I../../../src/include -I/opt/homebrew/include -I../../../src/lib -I../../../src/lib/modules -I../../../src/lib/cloud -I../../../src/lib/radar/synp -I../../../src/lib/degrib   -c -o pdseup.o pdseup.f
ar rv libw3.a pdseup.o
a - pdseup.o
gfortran -ffree-line-length-none -fallow-argument-mismatch -I../../../src/include -I/opt/homebrew/include -I../../../src/lib -I../../../src/lib/modules -I../../../src/lib/cloud -I../../../src/lib/radar/synp -I../../../src/lib/degrib   -c -o w3fi59.o w3fi59.f
ar rv libw3.a w3fi59.o
a - w3fi59.o
gfortran -ffree-line-length-none -fallow-argument-mismatch -I../../../src/include -I/opt/homebrew/include -I../../../src/lib -I../../../src/lib/modules -I../../../src/lib/cloud -I../../../src/lib/radar/synp -I../../../src/lib/degrib   -c -o w3tagb.o w3tagb.f
ar rv libw3.a w3tagb.o
a - w3tagb.o
gfortran -ffree-line-length-none -fallow-argument-mismatch -I../../../src/include -I/opt/homebrew/include -I../../../src/lib -I../../../src/lib/modules -I../../../src/lib/cloud -I../../../src/lib/radar/synp -I../../../src/lib/degrib   -c -o errmsg.o errmsg.f
ar rv libw3.a errmsg.o
a - errmsg.o
gfortran -ffree-line-length-none -fallow-argument-mismatch -I../../../src/include -I/opt/homebrew/include -I../../../src/lib -I../../../src/lib/modules -I../../../src/lib/cloud -I../../../src/lib/radar/synp -I../../../src/lib/degrib   -c -o getgbex.o getgbex.f
ar rv libw3.a getgbex.o
a - getgbex.o
gfortran -ffree-line-length-none -fallow-argument-mismatch -I../../../src/include -I/opt/homebrew/include -I../../../src/lib -I../../../src/lib/modules -I../../../src/lib/cloud -I../../../src/lib/radar/synp -I../../../src/lib/degrib   -c -o putgb.o putgb.f
ar rv libw3.a putgb.o
a - putgb.o
gfortran -ffree-line-length-none -fallow-argument-mismatch -I../../../src/include -I/opt/homebrew/include -I../../../src/lib -I../../../src/lib/modules -I../../../src/lib/cloud -I../../../src/lib/radar/synp -I../../../src/lib/degrib   -c -o w3fi63.o w3fi63.f
ar rv libw3.a w3fi63.o
a - w3fi63.o
gfortran -ffree-line-length-none -fallow-argument-mismatch -I../../../src/include -I/opt/homebrew/include -I../../../src/lib -I../../../src/lib/modules -I../../../src/lib/cloud -I../../../src/lib/radar/synp -I../../../src/lib/degrib   -c -o gbytes.o gbytes.f
ar rv libw3.a gbytes.o
a - gbytes.o
gfortran -ffree-line-length-none -fallow-argument-mismatch -I../../../src/include -I/opt/homebrew/include -I../../../src/lib -I../../../src/lib/modules -I../../../src/lib/cloud -I../../../src/lib/radar/synp -I../../../src/lib/degrib   -c -o getgbexm.o getgbexm.f
ar rv libw3.a getgbexm.o
a - getgbexm.o
gfortran -ffree-line-length-none -fallow-argument-mismatch -I../../../src/include -I/opt/homebrew/include -I../../../src/lib -I../../../src/lib/modules -I../../../src/lib/cloud -I../../../src/lib/radar/synp -I../../../src/lib/degrib   -c -o putgbe.o putgbe.f
ar rv libw3.a putgbe.o
a - putgbe.o
gfortran -ffree-line-length-none -fallow-argument-mismatch -I../../../src/include -I/opt/homebrew/include -I../../../src/lib -I../../../src/lib/modules -I../../../src/lib/cloud -I../../../src/lib/radar/synp -I../../../src/lib/degrib   -c -o w3fi68.o w3fi68.f
ar rv libw3.a w3fi68.o
a - w3fi68.o
gfortran -ffree-line-length-none -fallow-argument-mismatch -I../../../src/include -I/opt/homebrew/include -I../../../src/lib -I../../../src/lib/modules -I../../../src/lib/cloud -I../../../src/lib/radar/synp -I../../../src/lib/degrib   -c -o gbytes_char.o gbytes_char.f
ar rv libw3.a gbytes_char.o
a - gbytes_char.o
gfortran -ffree-line-length-none -fallow-argument-mismatch -I../../../src/include -I/opt/homebrew/include -I../../../src/lib -I../../../src/lib/modules -I../../../src/lib/cloud -I../../../src/lib/radar/synp -I../../../src/lib/degrib   -c -o getgbh.o getgbh.f
ar rv libw3.a getgbh.o
a - getgbh.o
gfortran -ffree-line-length-none -fallow-argument-mismatch -I../../../src/include -I/opt/homebrew/include -I../../../src/lib -I../../../src/lib/modules -I../../../src/lib/cloud -I../../../src/lib/radar/synp -I../../../src/lib/degrib   -c -o putgben.o putgben.f
ar rv libw3.a putgben.o
a - putgben.o
gfortran -ffree-line-length-none -fallow-argument-mismatch -I../../../src/include -I/opt/homebrew/include -I../../../src/lib -I../../../src/lib/modules -I../../../src/lib/cloud -I../../../src/lib/radar/synp -I../../../src/lib/degrib   -c -o getbit.o getbit.f
ar rv libw3.a getbit.o
a - getbit.o
gfortran -ffree-line-length-none -fallow-argument-mismatch -I../../../src/include -I/opt/homebrew/include -I../../../src/lib -I../../../src/lib/modules -I../../../src/lib/cloud -I../../../src/lib/radar/synp -I../../../src/lib/degrib   -c -o getgbm.o getgbm.f
ar rv libw3.a getgbm.o
a - getgbm.o
gfortran -ffree-line-length-none -fallow-argument-mismatch -I../../../src/include -I/opt/homebrew/include -I../../../src/lib -I../../../src/lib/modules -I../../../src/lib/cloud -I../../../src/lib/radar/synp -I../../../src/lib/degrib   -c -o putgbens.o putgbens.f
ar rv libw3.a putgbens.o
a - putgbens.o
gfortran -ffree-line-length-none -fallow-argument-mismatch -I../../../src/include -I/opt/homebrew/include -I../../../src/lib -I../../../src/lib/modules -I../../../src/lib/cloud -I../../../src/lib/radar/synp -I../../../src/lib/degrib   -c -o w3fi72.o w3fi72.f
ar rv libw3.a w3fi72.o
a - w3fi72.o
gfortran -ffree-line-length-none -fallow-argument-mismatch -I../../../src/include -I/opt/homebrew/include -I../../../src/lib -I../../../src/lib/modules -I../../../src/lib/cloud -I../../../src/lib/radar/synp -I../../../src/lib/degrib   -c -o fparsei.o fparsei.f
ar rv libw3.a fparsei.o
a - fparsei.o
gfortran -ffree-line-length-none -fallow-argument-mismatch -I../../../src/include -I/opt/homebrew/include -I../../../src/lib -I../../../src/lib/modules -I../../../src/lib/cloud -I../../../src/lib/radar/synp -I../../../src/lib/degrib   -c -o fparser.o fparser.f
ar rv libw3.a fparser.o
a - fparser.o
gfortran -ffree-line-length-none -fallow-argument-mismatch -I../../../src/include -I/opt/homebrew/include -I../../../src/lib -I../../../src/lib/modules -I../../../src/lib/cloud -I../../../src/lib/radar/synp -I../../../src/lib/degrib   -c -o instrument.o instrument.f
ar rv libw3.a instrument.o
a - instrument.o
gfortran -ffree-line-length-none -fallow-argument-mismatch -I../../../src/include -I/opt/homebrew/include -I../../../src/lib -I../../../src/lib/modules -I../../../src/lib/cloud -I../../../src/lib/radar/synp -I../../../src/lib/degrib   -c -o start.o start.f
ar rv libw3.a start.o
a - start.o
gfortran -ffree-line-length-none -fallow-argument-mismatch -I../../../src/include -I/opt/homebrew/include -I../../../src/lib -I../../../src/lib/modules -I../../../src/lib/cloud -I../../../src/lib/radar/synp -I../../../src/lib/degrib   -c -o summary.o summary.f
ar rv libw3.a summary.o
a - summary.o
gfortran -ffree-line-length-none -fallow-argument-mismatch -I../../../src/include -I/opt/homebrew/include -I../../../src/lib -I../../../src/lib/modules -I../../../src/lib/cloud -I../../../src/lib/radar/synp -I../../../src/lib/degrib   -c -o w3utcdat.o w3utcdat.f
ar rv libw3.a w3utcdat.o
a - w3utcdat.o
gfortran -ffree-line-length-none -fallow-argument-mismatch -I../../../src/include -I/opt/homebrew/include -I../../../src/lib -I../../../src/lib/modules -I../../../src/lib/cloud -I../../../src/lib/radar/synp -I../../../src/lib/degrib   -c -o w3fs21.o w3fs21.f
ar rv libw3.a w3fs21.o
a - w3fs21.o
gfortran -ffree-line-length-none -fallow-argument-mismatch -I../../../src/include -I/opt/homebrew/include -I../../../src/lib -I../../../src/lib/modules -I../../../src/lib/cloud -I../../../src/lib/radar/synp -I../../../src/lib/degrib   -c -o w3locdat.o w3locdat.f
ar rv libw3.a w3locdat.o
a - w3locdat.o
gfortran -ffree-line-length-none -fallow-argument-mismatch -I../../../src/include -I/opt/homebrew/include -I../../../src/lib -I../../../src/lib/modules -I../../../src/lib/cloud -I../../../src/lib/radar/synp -I../../../src/lib/degrib   -c -o w3fi71.o w3fi71.f
ar rv libw3.a w3fi71.o
a - w3fi71.o
gfortran -ffree-line-length-none -fallow-argument-mismatch -I../../../src/include -I/opt/homebrew/include -I../../../src/lib -I../../../src/lib/modules -I../../../src/lib/cloud -I../../../src/lib/radar/synp -I../../../src/lib/degrib   -c -o baciof.o baciof.f
ar rv libw3.a baciof.o
a - baciof.o
gfortran -ffree-line-length-none -fallow-argument-mismatch -I../../../src/include -I/opt/homebrew/include -I../../../src/lib -I../../../src/lib/modules -I../../../src/lib/cloud -I../../../src/lib/radar/synp -I../../../src/lib/degrib   -c -o bacio_module.o bacio_module.f
ar rv libw3.a bacio_module.o
a - bacio_module.o
gcc -DMAC   -Wno-error=int-to-pointer-cast -Wno-error=pointer-to-int-cast -Wno-error=implicit-function-declaration -DMAC -DFORTRANUNDERSCORE -I../../../src/include -I/opt/homebrew/include -I../../../src/lib -I../../../src/lib/modules -I../../../src/lib/cloud -I../../../src/lib/radar/synp -I../../../src/lib/degrib -I/opt/homebrew/include -Dunknown -DFORTRANUNDERSCORE -DDYNAMIC -DMULTI_EXEC  -c -o bacio.v1.3.o bacio.v1.3.c
ar rv libw3.a bacio.v1.3.o
a - bacio.v1.3.o
gcc -DMAC   -Wno-error=int-to-pointer-cast -Wno-error=pointer-to-int-cast -Wno-error=implicit-function-declaration -DMAC -DFORTRANUNDERSCORE -I../../../src/include -I/opt/homebrew/include -I../../../src/lib -I../../../src/lib/modules -I../../../src/lib/cloud -I../../../src/lib/radar/synp -I../../../src/lib/degrib -I/opt/homebrew/include -Dunknown -DFORTRANUNDERSCORE -DDYNAMIC -DMULTI_EXEC  -c -o errexit.o errexit.c
ar rv libw3.a errexit.o
a - errexit.o
ranlib libw3.a
rm w3fi59.o bacio.v1.3.o getgbmh.o w3fi75.o sbyte.o summary.o pdsens.o r63w72.o w3locdat.o w3doxdat.o errmsg.o getgb1r.o w3fi74.o fparser.o getgbexm.o w3fi63.o putgbens.o start.o w3reddat.o w3log.o getgir.o putgbn.o getgbeh.o instrument.o getgb1s.o putgbe.o putgbex.o w3fi01.o w3fi71.o getgbem.o baciof.o getgbemh.o w3movdat.o putgb.o getgbex.o w3fi72.o w3fs21.o w3fi68.o w3tagb.o w3fs26.o w3difdat.o getgbh.o lengds.o getgbm.o w3fi82.o w3fi73.o iw3jdn.o getgbens.o putgben.o getgb1re.o w3fi58.o pdseup.o ixgb.o idsdef.o fparsei.o bacio_module.o getgb.o gbytes.o sbytes.o getgbe.o w3utcdat.o errexit.o gbytes_char.o w3fi76.o getgbp.o getgi.o w3fi83.o getgbmp.o getgbep.o getgbemp.o getbit.o
 
Making Laps in directory src/lib/g2lib
gfortran -ffree-line-length-none -fallow-argument-mismatch -I../../../src/include -I/opt/homebrew/include -I../../../src/lib -I../../../src/lib/modules -I../../../src/lib/cloud -I../../../src/lib/radar/synp -I../../../src/lib/degrib  -DUSE_PNG  -c -o gridtemplates.o gridtemplates.f
ar rv libg2_4.a gridtemplates.o
ar: creating archive libg2_4.a
a - gridtemplates.o
gfortran -ffree-line-length-none -fallow-argument-mismatch -I../../../src/include -I/opt/homebrew/include -I../../../src/lib -I../../../src/lib/modules -I../../../src/lib/cloud -I../../../src/lib/radar/synp -I../../../src/lib/degrib  -DUSE_PNG  -c -o pdstemplates.o pdstemplates.f
ar rv libg2_4.a pdstemplates.o
a - pdstemplates.o
gfortran -ffree-line-length-none -fallow-argument-mismatch -I../../../src/include -I/opt/homebrew/include -I../../../src/lib -I../../../src/lib/modules -I../../../src/lib/cloud -I../../../src/lib/radar/synp -I../../../src/lib/degrib  -DUSE_PNG  -c -o drstemplates.o drstemplates.f
ar rv libg2_4.a drstemplates.o
a - drstemplates.o
gfortran -ffree-line-length-none -fallow-argument-mismatch -I../../../src/include -I/opt/homebrew/include -I../../../src/lib -I../../../src/lib/modules -I../../../src/lib/cloud -I../../../src/lib/radar/synp -I../../../src/lib/degrib  -DUSE_PNG  -c -o gribmod.o gribmod.f
ar rv libg2_4.a gribmod.o
a - gribmod.o
gfortran -ffree-line-length-none -fallow-argument-mismatch -I../../../src/include -I/opt/homebrew/include -I../../../src/lib -I../../../src/lib/modules -I../../../src/lib/cloud -I../../../src/lib/radar/synp -I../../../src/lib/degrib  -DUSE_PNG  -c -o realloc.o realloc.f
ar rv libg2_4.a realloc.o
a - realloc.o
gfortran -ffree-line-length-none -fallow-argument-mismatch -I../../../src/include -I/opt/homebrew/include -I../../../src/lib -I../../../src/lib/modules -I../../../src/lib/cloud -I../../../src/lib/radar/synp -I../../../src/lib/degrib  -DUSE_PNG -I../../../src/include -I/opt/homebrew/include -I../../../src/lib -I../../../src/lib/modules -I../../../src/lib/cloud -I../../../src/lib/radar/synp -I../../../src/lib/degrib -I/opt/homebrew/include -Dunknown -DFORTRANUNDERSCORE -DDYNAMIC -DMULTI_EXEC  -c -o addfield.o addfield.F
ar rv libg2_4.a addfield.o
a - addfield.o
gfortran -ffree-line-length-none -fallow-argument-mismatch -I../../../src/include -I/opt/homebrew/include -I../../../src/lib -I../../../src/lib/modules -I../../../src/lib/cloud -I../../../src/lib/radar/synp -I../../../src/lib/degrib  -DUSE_PNG  -c -o addgrid.o addgrid.f
ar rv libg2_4.a addgrid.o
a - addgrid.o
gfortran -ffree-line-length-none -fallow-argument-mismatch -I../../../src/include -I/opt/homebrew/include -I../../../src/lib -I../../../src/lib/modules -I../../../src/lib/cloud -I../../../src/lib/radar/synp -I../../../src/lib/degrib  -DUSE_PNG  -c -o addlocal.o addlocal.f
ar rv libg2_4.a addlocal.o
a - addlocal.o
gfortran -ffree-line-length-none -fallow-argument-mismatch -I../../../src/include -I/opt/homebrew/include -I../../../src/lib -I../../../src/lib/modules -I../../../src/lib/cloud -I../../../src/lib/radar/synp -I../../../src/lib/degrib  -DUSE_PNG  -c -o getfield.o getfield.f
ar rv libg2_4.a getfield.o
a - getfield.o
gfortran -ffree-line-length-none -fallow-argument-mismatch -I../../../src/include -I/opt/homebrew/include -I../../../src/lib -I../../../src/lib/modules -I../../../src/lib/cloud -I../../../src/lib/radar/synp -I../../../src/lib/degrib  -DUSE_PNG  -c -o gb_info.o gb_info.f
ar rv libg2_4.a gb_info.o
a - gb_info.o
gfortran -ffree-line-length-none -fallow-argument-mismatch -I../../../src/include -I/opt/homebrew/include -I../../../src/lib -I../../../src/lib/modules -I../../../src/lib/cloud -I../../../src/lib/radar/synp -I../../../src/lib/degrib  -DUSE_PNG  -c -o gf_getfld.o gf_getfld.f
ar rv libg2_4.a gf_getfld.o
a - gf_getfld.o
gfortran -ffree-line-length-none -fallow-argument-mismatch -I../../../src/include -I/opt/homebrew/include -I../../../src/lib -I../../../src/lib/modules -I../../../src/lib/cloud -I../../../src/lib/radar/synp -I../../../src/lib/degrib  -DUSE_PNG  -c -o gf_free.o gf_free.f
ar rv libg2_4.a gf_free.o
a - gf_free.o
gfortran -ffree-line-length-none -fallow-argument-mismatch -I../../../src/include -I/opt/homebrew/include -I../../../src/lib -I../../../src/lib/modules -I../../../src/lib/cloud -I../../../src/lib/radar/synp -I../../../src/lib/degrib  -DUSE_PNG  -c -o gf_unpack1.o gf_unpack1.f
ar rv libg2_4.a gf_unpack1.o
a - gf_unpack1.o
gfortran -ffree-line-length-none -fallow-argument-mismatch -I../../../src/include -I/opt/homebrew/include -I../../../src/lib -I../../../src/lib/modules -I../../../src/lib/cloud -I../../../src/lib/radar/synp -I../../../src/lib/degrib  -DUSE_PNG  -c -o gf_unpack2.o gf_unpack2.f
ar rv libg2_4.a gf_unpack2.o
a - gf_unpack2.o
gfortran -ffree-line-length-none -fallow-argument-mismatch -I../../../src/include -I/opt/homebrew/include -I../../../src/lib -I../../../src/lib/modules -I../../../src/lib/cloud -I../../../src/lib/radar/synp -I../../../src/lib/degrib  -DUSE_PNG  -c -o gf_unpack3.o gf_unpack3.f
ar rv libg2_4.a gf_unpack3.o
a - gf_unpack3.o
gfortran -ffree-line-length-none -fallow-argument-mismatch -I../../../src/include -I/opt/homebrew/include -I../../../src/lib -I../../../src/lib/modules -I../../../src/lib/cloud -I../../../src/lib/radar/synp -I../../../src/lib/degrib  -DUSE_PNG  -c -o gf_unpack4.o gf_unpack4.f
ar rv libg2_4.a gf_unpack4.o
a - gf_unpack4.o
gfortran -ffree-line-length-none -fallow-argument-mismatch -I../../../src/include -I/opt/homebrew/include -I../../../src/lib -I../../../src/lib/modules -I../../../src/lib/cloud -I../../../src/lib/radar/synp -I../../../src/lib/degrib  -DUSE_PNG  -c -o gf_unpack5.o gf_unpack5.f
ar rv libg2_4.a gf_unpack5.o
a - gf_unpack5.o
gfortran -ffree-line-length-none -fallow-argument-mismatch -I../../../src/include -I/opt/homebrew/include -I../../../src/lib -I../../../src/lib/modules -I../../../src/lib/cloud -I../../../src/lib/radar/synp -I../../../src/lib/degrib  -DUSE_PNG  -c -o gf_unpack6.o gf_unpack6.f
ar rv libg2_4.a gf_unpack6.o
a - gf_unpack6.o
gfortran -ffree-line-length-none -fallow-argument-mismatch -I../../../src/include -I/opt/homebrew/include -I../../../src/lib -I../../../src/lib/modules -I../../../src/lib/cloud -I../../../src/lib/radar/synp -I../../../src/lib/degrib  -DUSE_PNG -I../../../src/include -I/opt/homebrew/include -I../../../src/lib -I../../../src/lib/modules -I../../../src/lib/cloud -I../../../src/lib/radar/synp -I../../../src/lib/degrib -I/opt/homebrew/include -Dunknown -DFORTRANUNDERSCORE -DDYNAMIC -DMULTI_EXEC  -c -o gf_unpack7.o gf_unpack7.F
ar rv libg2_4.a gf_unpack7.o
a - gf_unpack7.o
gfortran -ffree-line-length-none -fallow-argument-mismatch -I../../../src/include -I/opt/homebrew/include -I../../../src/lib -I../../../src/lib/modules -I../../../src/lib/cloud -I../../../src/lib/radar/synp -I../../../src/lib/degrib  -DUSE_PNG  -c -o gettemplates.o gettemplates.f
ar rv libg2_4.a gettemplates.o
a - gettemplates.o
gfortran -ffree-line-length-none -fallow-argument-mismatch -I../../../src/include -I/opt/homebrew/include -I../../../src/lib -I../../../src/lib/modules -I../../../src/lib/cloud -I../../../src/lib/radar/synp -I../../../src/lib/degrib  -DUSE_PNG  -c -o getlocal.o getlocal.f
ar rv libg2_4.a getlocal.o
a - getlocal.o
gfortran -ffree-line-length-none -fallow-argument-mismatch -I../../../src/include -I/opt/homebrew/include -I../../../src/lib -I../../../src/lib/modules -I../../../src/lib/cloud -I../../../src/lib/radar/synp -I../../../src/lib/degrib  -DUSE_PNG  -c -o getdim.o getdim.f
ar rv libg2_4.a getdim.o
a - getdim.o
gfortran -ffree-line-length-none -fallow-argument-mismatch -I../../../src/include -I/opt/homebrew/include -I../../../src/lib -I../../../src/lib/modules -I../../../src/lib/cloud -I../../../src/lib/radar/synp -I../../../src/lib/degrib  -DUSE_PNG  -c -o getpoly.o getpoly.f
ar rv libg2_4.a getpoly.o
a - getpoly.o
gfortran -ffree-line-length-none -fallow-argument-mismatch -I../../../src/include -I/opt/homebrew/include -I../../../src/lib -I../../../src/lib/modules -I../../../src/lib/cloud -I../../../src/lib/radar/synp -I../../../src/lib/degrib  -DUSE_PNG  -c -o gribcreate.o gribcreate.f
ar rv libg2_4.a gribcreate.o
a - gribcreate.o
gfortran -ffree-line-length-none -fallow-argument-mismatch -I../../../src/include -I/opt/homebrew/include -I../../../src/lib -I../../../src/lib/modules -I../../../src/lib/cloud -I../../../src/lib/radar/synp -I../../../src/lib/degrib  -DUSE_PNG  -c -o gribend.o gribend.f
ar rv libg2_4.a gribend.o
a - gribend.o
gfortran -ffree-line-length-none -fallow-argument-mismatch -I../../../src/include -I/opt/homebrew/include -I../../../src/lib -I../../../src/lib/modules -I../../../src/lib/cloud -I../../../src/lib/radar/synp -I../../../src/lib/degrib  -DUSE_PNG  -c -o gribinfo.o gribinfo.f
ar rv libg2_4.a gribinfo.o
a - gribinfo.o
gfortran -ffree-line-length-none -fallow-argument-mismatch -I../../../src/include -I/opt/homebrew/include -I../../../src/lib -I../../../src/lib/modules -I../../../src/lib/cloud -I../../../src/lib/radar/synp -I../../../src/lib/degrib  -DUSE_PNG  -c -o mkieee.o mkieee.f
ar rv libg2_4.a mkieee.o
a - mkieee.o
gfortran -ffree-line-length-none -fallow-argument-mismatch -I../../../src/include -I/opt/homebrew/include -I../../../src/lib -I../../../src/lib/modules -I../../../src/lib/cloud -I../../../src/lib/radar/synp -I../../../src/lib/degrib  -DUSE_PNG  -c -o rdieee.o rdieee.f
ar rv libg2_4.a rdieee.o
a - rdieee.o
gfortran -ffree-line-length-none -fallow-argument-mismatch -I../../../src/include -I/opt/homebrew/include -I../../../src/lib -I../../../src/lib/modules -I../../../src/lib/cloud -I../../../src/lib/radar/synp -I../../../src/lib/degrib  -DUSE_PNG  -c -o simpack.o simpack.f
ar rv libg2_4.a simpack.o
a - simpack.o
gfortran -ffree-line-length-none -fallow-argument-mismatch -I../../../src/include -I/opt/homebrew/include -I../../../src/lib -I../../../src/lib/modules -I../../../src/lib/cloud -I../../../src/lib/radar/synp -I../../../src/lib/degrib  -DUSE_PNG  -c -o simunpack.o simunpack.f
ar rv libg2_4.a simunpack.o
a - simunpack.o
gfortran -ffree-line-length-none -fallow-argument-mismatch -I../../../src/include -I/opt/homebrew/include -I../../../src/lib -I../../../src/lib/modules -I../../../src/lib/cloud -I../../../src/lib/radar/synp -I../../../src/lib/degrib  -DUSE_PNG  -c -o cmplxpack.o cmplxpack.f
ar rv libg2_4.a cmplxpack.o
a - cmplxpack.o
gfortran -ffree-line-length-none -fallow-argument-mismatch -I../../../src/include -I/opt/homebrew/include -I../../../src/lib -I../../../src/lib/modules -I../../../src/lib/cloud -I../../../src/lib/radar/synp -I../../../src/lib/degrib  -DUSE_PNG  -c -o compack.o compack.f
ar rv libg2_4.a compack.o
a - compack.o
gfortran -ffree-line-length-none -fallow-argument-mismatch -I../../../src/include -I/opt/homebrew/include -I../../../src/lib -I../../../src/lib/modules -I../../../src/lib/cloud -I../../../src/lib/radar/synp -I../../../src/lib/degrib  -DUSE_PNG  -c -o misspack.o misspack.f
ar rv libg2_4.a misspack.o
a - misspack.o
gfortran -ffree-line-length-none -fallow-argument-mismatch -I../../../src/include -I/opt/homebrew/include -I../../../src/lib -I../../../src/lib/modules -I../../../src/lib/cloud -I../../../src/lib/radar/synp -I../../../src/lib/degrib  -DUSE_PNG  -c -o pack_gp.o pack_gp.f
ar rv libg2_4.a pack_gp.o
a - pack_gp.o
gfortran -ffree-line-length-none -fallow-argument-mismatch -I../../../src/include -I/opt/homebrew/include -I../../../src/lib -I../../../src/lib/modules -I../../../src/lib/cloud -I../../../src/lib/radar/synp -I../../../src/lib/degrib  -DUSE_PNG  -c -o reduce.o reduce.f
ar rv libg2_4.a reduce.o
a - reduce.o
gfortran -ffree-line-length-none -fallow-argument-mismatch -I../../../src/include -I/opt/homebrew/include -I../../../src/lib -I../../../src/lib/modules -I../../../src/lib/cloud -I../../../src/lib/radar/synp -I../../../src/lib/degrib  -DUSE_PNG  -c -o comunpack.o comunpack.f
ar rv libg2_4.a comunpack.o
a - comunpack.o
gfortran -ffree-line-length-none -fallow-argument-mismatch -I../../../src/include -I/opt/homebrew/include -I../../../src/lib -I../../../src/lib/modules -I../../../src/lib/cloud -I../../../src/lib/radar/synp -I../../../src/lib/degrib  -DUSE_PNG  -c -o specpack.o specpack.f
ar rv libg2_4.a specpack.o
a - specpack.o
gfortran -ffree-line-length-none -fallow-argument-mismatch -I../../../src/include -I/opt/homebrew/include -I../../../src/lib -I../../../src/lib/modules -I../../../src/lib/cloud -I../../../src/lib/radar/synp -I../../../src/lib/degrib  -DUSE_PNG  -c -o specunpack.o specunpack.f
ar rv libg2_4.a specunpack.o
a - specunpack.o
gfortran -ffree-line-length-none -fallow-argument-mismatch -I../../../src/include -I/opt/homebrew/include -I../../../src/lib -I../../../src/lib/modules -I../../../src/lib/cloud -I../../../src/lib/radar/synp -I../../../src/lib/degrib  -DUSE_PNG -I../../../src/include -I/opt/homebrew/include -I../../../src/lib -I../../../src/lib/modules -I../../../src/lib/cloud -I../../../src/lib/radar/synp -I../../../src/lib/degrib -I/opt/homebrew/include -Dunknown -DFORTRANUNDERSCORE -DDYNAMIC -DMULTI_EXEC  -c -o jpcpack.o jpcpack.F
ar rv libg2_4.a jpcpack.o
a - jpcpack.o
gfortran -ffree-line-length-none -fallow-argument-mismatch -I../../../src/include -I/opt/homebrew/include -I../../../src/lib -I../../../src/lib/modules -I../../../src/lib/cloud -I../../../src/lib/radar/synp -I../../../src/lib/degrib  -DUSE_PNG -I../../../src/include -I/opt/homebrew/include -I../../../src/lib -I../../../src/lib/modules -I../../../src/lib/cloud -I../../../src/lib/radar/synp -I../../../src/lib/degrib -I/opt/homebrew/include -Dunknown -DFORTRANUNDERSCORE -DDYNAMIC -DMULTI_EXEC  -c -o jpcunpack.o jpcunpack.F
ar rv libg2_4.a jpcunpack.o
a - jpcunpack.o
gcc -DMAC   -Wno-error=int-to-pointer-cast -Wno-error=pointer-to-int-cast -Wno-error=implicit-function-declaration -DMAC -DFORTRANUNDERSCORE -DUSE_PNG -I../../../src/include -I/opt/homebrew/include -I../../../src/lib -I../../../src/lib/modules -I../../../src/lib/cloud -I../../../src/lib/radar/synp -I../../../src/lib/degrib -I/opt/homebrew/include -Dunknown -DFORTRANUNDERSCORE -DDYNAMIC -DMULTI_EXEC  -c -o enc_jpeg2000.o enc_jpeg2000.c
ar rv libg2_4.a enc_jpeg2000.o
a - enc_jpeg2000.o
gcc -DMAC   -Wno-error=int-to-pointer-cast -Wno-error=pointer-to-int-cast -Wno-error=implicit-function-declaration -DMAC -DFORTRANUNDERSCORE -DUSE_PNG -I../../../src/include -I/opt/homebrew/include -I../../../src/lib -I../../../src/lib/modules -I../../../src/lib/cloud -I../../../src/lib/radar/synp -I../../../src/lib/degrib -I/opt/homebrew/include -Dunknown -DFORTRANUNDERSCORE -DDYNAMIC -DMULTI_EXEC  -c -o dec_jpeg2000.o dec_jpeg2000.c
ar rv libg2_4.a dec_jpeg2000.o
a - dec_jpeg2000.o
gfortran -ffree-line-length-none -fallow-argument-mismatch -I../../../src/include -I/opt/homebrew/include -I../../../src/lib -I../../../src/lib/modules -I../../../src/lib/cloud -I../../../src/lib/radar/synp -I../../../src/lib/degrib  -DUSE_PNG -I../../../src/include -I/opt/homebrew/include -I../../../src/lib -I../../../src/lib/modules -I../../../src/lib/cloud -I../../../src/lib/radar/synp -I../../../src/lib/degrib -I/opt/homebrew/include -Dunknown -DFORTRANUNDERSCORE -DDYNAMIC -DMULTI_EXEC  -c -o pngpack.o pngpack.F
ar rv libg2_4.a pngpack.o
a - pngpack.o
gfortran -ffree-line-length-none -fallow-argument-mismatch -I../../../src/include -I/opt/homebrew/include -I../../../src/lib -I../../../src/lib/modules -I../../../src/lib/cloud -I../../../src/lib/radar/synp -I../../../src/lib/degrib  -DUSE_PNG -I../../../src/include -I/opt/homebrew/include -I../../../src/lib -I../../../src/lib/modules -I../../../src/lib/cloud -I../../../src/lib/radar/synp -I../../../src/lib/degrib -I/opt/homebrew/include -Dunknown -DFORTRANUNDERSCORE -DDYNAMIC -DMULTI_EXEC  -c -o pngunpack.o pngunpack.F
ar rv libg2_4.a pngunpack.o
a - pngunpack.o
gcc -DMAC   -Wno-error=int-to-pointer-cast -Wno-error=pointer-to-int-cast -Wno-error=implicit-function-declaration -DMAC -DFORTRANUNDERSCORE -DUSE_PNG -I../../../src/include -I/opt/homebrew/include -I../../../src/lib -I../../../src/lib/modules -I../../../src/lib/cloud -I../../../src/lib/radar/synp -I../../../src/lib/degrib -I/opt/homebrew/include -Dunknown -DFORTRANUNDERSCORE -DDYNAMIC -DMULTI_EXEC  -c -o enc_png.o enc_png.c
ar rv libg2_4.a enc_png.o
a - enc_png.o
gcc -DMAC   -Wno-error=int-to-pointer-cast -Wno-error=pointer-to-int-cast -Wno-error=implicit-function-declaration -DMAC -DFORTRANUNDERSCORE -DUSE_PNG -I../../../src/include -I/opt/homebrew/include -I../../../src/lib -I../../../src/lib/modules -I../../../src/lib/cloud -I../../../src/lib/radar/synp -I../../../src/lib/degrib -I/opt/homebrew/include -Dunknown -DFORTRANUNDERSCORE -DDYNAMIC -DMULTI_EXEC  -c -o dec_png.o dec_png.c
ar rv libg2_4.a dec_png.o
a - dec_png.o
gfortran -ffree-line-length-none -fallow-argument-mismatch -I../../../src/include -I/opt/homebrew/include -I../../../src/lib -I../../../src/lib/modules -I../../../src/lib/cloud -I../../../src/lib/radar/synp -I../../../src/lib/degrib  -DUSE_PNG  -c -o gbytesc.o gbytesc.f
ar rv libg2_4.a gbytesc.o
a - gbytesc.o
gfortran -ffree-line-length-none -fallow-argument-mismatch -I../../../src/include -I/opt/homebrew/include -I../../../src/lib -I../../../src/lib/modules -I../../../src/lib/cloud -I../../../src/lib/radar/synp -I../../../src/lib/degrib  -DUSE_PNG  -c -o skgb.o skgb.f
ar rv libg2_4.a skgb.o
a - skgb.o
gfortran -ffree-line-length-none -fallow-argument-mismatch -I../../../src/include -I/opt/homebrew/include -I../../../src/lib -I../../../src/lib/modules -I../../../src/lib/cloud -I../../../src/lib/radar/synp -I../../../src/lib/degrib  -DUSE_PNG  -c -o ixgb2.o ixgb2.f
ar rv libg2_4.a ixgb2.o
a - ixgb2.o
gfortran -ffree-line-length-none -fallow-argument-mismatch -I../../../src/include -I/opt/homebrew/include -I../../../src/lib -I../../../src/lib/modules -I../../../src/lib/cloud -I../../../src/lib/radar/synp -I../../../src/lib/degrib  -DUSE_PNG  -c -o getidx.o getidx.f
ar rv libg2_4.a getidx.o
a - getidx.o
gfortran -ffree-line-length-none -fallow-argument-mismatch -I../../../src/include -I/opt/homebrew/include -I../../../src/lib -I../../../src/lib/modules -I../../../src/lib/cloud -I../../../src/lib/radar/synp -I../../../src/lib/degrib  -DUSE_PNG  -c -o getg2i.o getg2i.f
ar rv libg2_4.a getg2i.o
a - getg2i.o
gfortran -ffree-line-length-none -fallow-argument-mismatch -I../../../src/include -I/opt/homebrew/include -I../../../src/lib -I../../../src/lib/modules -I../../../src/lib/cloud -I../../../src/lib/radar/synp -I../../../src/lib/degrib  -DUSE_PNG  -c -o getg2ir.o getg2ir.f
ar rv libg2_4.a getg2ir.o
a - getg2ir.o
gfortran -ffree-line-length-none -fallow-argument-mismatch -I../../../src/include -I/opt/homebrew/include -I../../../src/lib -I../../../src/lib/modules -I../../../src/lib/cloud -I../../../src/lib/radar/synp -I../../../src/lib/degrib  -DUSE_PNG  -c -o getgb2s.o getgb2s.f
ar rv libg2_4.a getgb2s.o
a - getgb2s.o
gfortran -ffree-line-length-none -fallow-argument-mismatch -I../../../src/include -I/opt/homebrew/include -I../../../src/lib -I../../../src/lib/modules -I../../../src/lib/cloud -I../../../src/lib/radar/synp -I../../../src/lib/degrib  -DUSE_PNG  -c -o getgb2r.o getgb2r.f
ar rv libg2_4.a getgb2r.o
a - getgb2r.o
gfortran -ffree-line-length-none -fallow-argument-mismatch -I../../../src/include -I/opt/homebrew/include -I../../../src/lib -I../../../src/lib/modules -I../../../src/lib/cloud -I../../../src/lib/radar/synp -I../../../src/lib/degrib  -DUSE_PNG  -c -o getgb2l.o getgb2l.f
ar rv libg2_4.a getgb2l.o
a - getgb2l.o
gfortran -ffree-line-length-none -fallow-argument-mismatch -I../../../src/include -I/opt/homebrew/include -I../../../src/lib -I../../../src/lib/modules -I../../../src/lib/cloud -I../../../src/lib/radar/synp -I../../../src/lib/degrib  -DUSE_PNG  -c -o getgb2.o getgb2.f
ar rv libg2_4.a getgb2.o
a - getgb2.o
gfortran -ffree-line-length-none -fallow-argument-mismatch -I../../../src/include -I/opt/homebrew/include -I../../../src/lib -I../../../src/lib/modules -I../../../src/lib/cloud -I../../../src/lib/radar/synp -I../../../src/lib/degrib  -DUSE_PNG  -c -o getgb2p.o getgb2p.f
ar rv libg2_4.a getgb2p.o
a - getgb2p.o
gfortran -ffree-line-length-none -fallow-argument-mismatch -I../../../src/include -I/opt/homebrew/include -I../../../src/lib -I../../../src/lib/modules -I../../../src/lib/cloud -I../../../src/lib/radar/synp -I../../../src/lib/degrib  -DUSE_PNG  -c -o getgb2rp.o getgb2rp.f
ar rv libg2_4.a getgb2rp.o
a - getgb2rp.o
gfortran -ffree-line-length-none -fallow-argument-mismatch -I../../../src/include -I/opt/homebrew/include -I../../../src/lib -I../../../src/lib/modules -I../../../src/lib/cloud -I../../../src/lib/radar/synp -I../../../src/lib/degrib  -DUSE_PNG  -c -o putgb2.o putgb2.f
ar rv libg2_4.a putgb2.o
a - putgb2.o
gfortran -ffree-line-length-none -fallow-argument-mismatch -I../../../src/include -I/opt/homebrew/include -I../../../src/lib -I../../../src/lib/modules -I../../../src/lib/cloud -I../../../src/lib/radar/synp -I../../../src/lib/degrib  -DUSE_PNG  -c -o g2grids.o g2grids.f
ar rv libg2_4.a g2grids.o
a - g2grids.o
gfortran -ffree-line-length-none -fallow-argument-mismatch -I../../../src/include -I/opt/homebrew/include -I../../../src/lib -I../../../src/lib/modules -I../../../src/lib/cloud -I../../../src/lib/radar/synp -I../../../src/lib/degrib  -DUSE_PNG  -c -o gdt2gds.o gdt2gds.f
ar rv libg2_4.a gdt2gds.o
a - gdt2gds.o
gfortran -ffree-line-length-none -fallow-argument-mismatch -I../../../src/include -I/opt/homebrew/include -I../../../src/lib -I../../../src/lib/modules -I../../../src/lib/cloud -I../../../src/lib/radar/synp -I../../../src/lib/degrib  -DUSE_PNG  -c -o params.o params.f
ar rv libg2_4.a params.o
a - params.o
gcc -DMAC   -Wno-error=int-to-pointer-cast -Wno-error=pointer-to-int-cast -Wno-error=implicit-function-declaration -DMAC -DFORTRANUNDERSCORE -DUSE_PNG -I../../../src/include -I/opt/homebrew/include -I../../../src/lib -I../../../src/lib/modules -I../../../src/lib/cloud -I../../../src/lib/radar/synp -I../../../src/lib/degrib -I/opt/homebrew/include -Dunknown -DFORTRANUNDERSCORE -DDYNAMIC -DMULTI_EXEC  -c -o mova2i.o mova2i.c
ar rv libg2_4.a mova2i.o
a - mova2i.o
ranlib libg2_4.a
rm ixgb2.o gf_unpack2.o getpoly.o getg2i.o drstemplates.o pack_gp.o pngpack.o dec_jpeg2000.o simunpack.o getfield.o gf_getfld.o jpcpack.o pngunpack.o gribend.o getgb2l.o compack.o mkieee.o getg2ir.o getgb2p.o gribcreate.o getlocal.o jpcunpack.o gf_unpack4.o gf_unpack6.o pdstemplates.o getgb2.o mova2i.o gdt2gds.o specpack.o reduce.o getgb2r.o addfield.o misspack.o rdieee.o getgb2rp.o skgb.o getidx.o addlocal.o getgb2s.o g2grids.o gridtemplates.o gettemplates.o comunpack.o gf_free.o gf_unpack3.o gribmod.o addgrid.o specunpack.o simpack.o gbytesc.o getdim.o putgb2.o realloc.o enc_jpeg2000.o cmplxpack.o params.o gribinfo.o gf_unpack1.o enc_png.o dec_png.o gb_info.o gf_unpack5.o gf_unpack7.o
 
Making Laps in directory src/lib/degrib
gfortran -c -ffree-line-length-none -fallow-argument-mismatch -I../../../src/include -I/opt/homebrew/include -I../../../src/lib -I../../../src/lib/modules -I../../../src/lib/cloud -I../../../src/lib/radar/synp -I../../../src/lib/degrib   -I../../../src/lib/g2lib -L../../../src/lib/modules -lmodules -I../../../src/include -I/opt/homebrew/include -I../../../src/lib -I../../../src/lib/modules -I../../../src/lib/cloud -I../../../src/lib/radar/synp -I../../../src/lib/degrib -I/opt/homebrew/include -Dunknown -DFORTRANUNDERSCORE -DDYNAMIC -DMULTI_EXEC -DMAC -DFORTRANUNDERSCORE -DUSE_PNG -I../../../src/lib/g2lib table.F90 
ar rv libdegrib.a table.o
ar: creating archive libdegrib.a
a - table.o
gfortran -c -ffree-line-length-none -fallow-argument-mismatch -I../../../src/include -I/opt/homebrew/include -I../../../src/lib -I../../../src/lib/modules -I../../../src/lib/cloud -I../../../src/lib/radar/synp -I../../../src/lib/degrib   -I../../../src/lib/g2lib -L../../../src/lib/modules -lmodules -I../../../src/include -I/opt/homebrew/include -I../../../src/lib -I../../../src/lib/modules -I../../../src/lib/cloud -I../../../src/lib/radar/synp -I../../../src/lib/degrib -I/opt/homebrew/include -Dunknown -DFORTRANUNDERSCORE -DDYNAMIC -DMULTI_EXEC -DMAC -DFORTRANUNDERSCORE -DUSE_PNG -I../../../src/lib/g2lib build_hdate.F90 
ar rv libdegrib.a build_hdate.o
a - build_hdate.o
gcc -DMAC   -Wno-error=int-to-pointer-cast -Wno-error=pointer-to-int-cast -Wno-error=implicit-function-declaration -DMAC -DFORTRANUNDERSCORE -DUSE_PNG -I../../../src/include -I/opt/homebrew/include -I../../../src/lib -I../../../src/lib/modules -I../../../src/lib/cloud -I../../../src/lib/radar/synp -I../../../src/lib/degrib -I/opt/homebrew/include -Dunknown -DFORTRANUNDERSCORE -DDYNAMIC -DMULTI_EXEC -DMAC -DFORTRANUNDERSCORE -DUSE_PNG -I../../../src/lib/g2lib  -c -o cio.o cio.c
cio.c:41:1: warning: type specifier missing, defaults to 'int' [-Wimplicit-int]
copen(unit, nunit, name, mode, err, oflag)
^
cio.c:24:15: note: expanded from macro 'copen'
#define copen copen_
              ^
cio.c:106:1: warning: type specifier missing, defaults to 'int' [-Wimplicit-int]
bnseek(fd, bread, mode, iprint)
^
cio.c:27:16: note: expanded from macro 'bnseek'
#define bnseek bnseek_
               ^
cio.c:137:47: warning: format specifies type 'int' but the argument has type 'off_t' (aka 'long long') [-Wformat]
       printf(" lseek return=%d, *mode=%d\n", i, *mode);
                             ~~               ^
                             %lld
cio.c:144:1: warning: type specifier missing, defaults to 'int' [-Wimplicit-int]
bnread(fd, buf, nbuf, bread, ios, idiag)
^
cio.c:26:16: note: expanded from macro 'bnread'
#define bnread bnread_
               ^
cio.c:190:1: warning: type specifier missing, defaults to 'int' [-Wimplicit-int]
bnwrit_(fd, buf, nbuf, bwritten, err, idiag)
^
cio.c:224:1: warning: type specifier missing, defaults to 'int' [-Wimplicit-int]
cclose(nunit, iprint, err)
^
cio.c:25:16: note: expanded from macro 'cclose'
#define cclose cclose_
               ^
6 warnings generated.
ar rv libdegrib.a cio.o
a - cio.o
gcc -DMAC   -Wno-error=int-to-pointer-cast -Wno-error=pointer-to-int-cast -Wno-error=implicit-function-declaration -DMAC -DFORTRANUNDERSCORE -DUSE_PNG -I../../../src/include -I/opt/homebrew/include -I../../../src/lib -I../../../src/lib/modules -I../../../src/lib/cloud -I../../../src/lib/radar/synp -I../../../src/lib/degrib -I/opt/homebrew/include -Dunknown -DFORTRANUNDERSCORE -DDYNAMIC -DMULTI_EXEC -DMAC -DFORTRANUNDERSCORE -DUSE_PNG -I../../../src/lib/g2lib  -c -o debug_cio.o debug_cio.c
ar rv libdegrib.a debug_cio.o
a - debug_cio.o
gfortran -c -ffree-line-length-none -fallow-argument-mismatch -I../../../src/include -I/opt/homebrew/include -I../../../src/lib -I../../../src/lib/modules -I../../../src/lib/cloud -I../../../src/lib/radar/synp -I../../../src/lib/degrib   -I../../../src/lib/g2lib -L../../../src/lib/modules -lmodules -I../../../src/include -I/opt/homebrew/include -I../../../src/lib -I../../../src/lib/modules -I../../../src/lib/cloud -I../../../src/lib/radar/synp -I../../../src/lib/degrib -I/opt/homebrew/include -Dunknown -DFORTRANUNDERSCORE -DDYNAMIC -DMULTI_EXEC -DMAC -DFORTRANUNDERSCORE -DUSE_PNG -I../../../src/lib/g2lib file_delete.F90 
ar rv libdegrib.a file_delete.o
a - file_delete.o
gfortran -c -ffree-line-length-none -fallow-argument-mismatch -I../../../src/include -I/opt/homebrew/include -I../../../src/lib -I../../../src/lib/modules -I../../../src/lib/cloud -I../../../src/lib/radar/synp -I../../../src/lib/degrib   -I../../../src/lib/g2lib -L../../../src/lib/modules -lmodules -I../../../src/include -I/opt/homebrew/include -I../../../src/lib -I../../../src/lib/modules -I../../../src/lib/cloud -I../../../src/lib/radar/synp -I../../../src/lib/degrib -I/opt/homebrew/include -Dunknown -DFORTRANUNDERSCORE -DDYNAMIC -DMULTI_EXEC -DMAC -DFORTRANUNDERSCORE -DUSE_PNG -I../../../src/lib/g2lib filelist.F90 
ar rv libdegrib.a filelist.o
a - filelist.o
gfortran -c -ffree-line-length-none -fallow-argument-mismatch -I../../../src/include -I/opt/homebrew/include -I../../../src/lib -I../../../src/lib/modules -I../../../src/lib/cloud -I../../../src/lib/radar/synp -I../../../src/lib/degrib   -I../../../src/lib/g2lib -L../../../src/lib/modules -lmodules -I../../../src/include -I/opt/homebrew/include -I../../../src/lib -I../../../src/lib/modules -I../../../src/lib/cloud -I../../../src/lib/radar/synp -I../../../src/lib/degrib -I/opt/homebrew/include -Dunknown -DFORTRANUNDERSCORE -DDYNAMIC -DMULTI_EXEC -DMAC -DFORTRANUNDERSCORE -DUSE_PNG -I../../../src/lib/g2lib gbytesys.F90 
ar rv libdegrib.a gbytesys.o
a - gbytesys.o
gfortran -c -ffree-line-length-none -fallow-argument-mismatch -I../../../src/include -I/opt/homebrew/include -I../../../src/lib -I../../../src/lib/modules -I../../../src/lib/cloud -I../../../src/lib/radar/synp -I../../../src/lib/degrib   -I../../../src/lib/g2lib -L../../../src/lib/modules -lmodules -I../../../src/include -I/opt/homebrew/include -I../../../src/lib -I../../../src/lib/modules -I../../../src/lib/cloud -I../../../src/lib/radar/synp -I../../../src/lib/degrib -I/opt/homebrew/include -Dunknown -DFORTRANUNDERSCORE -DDYNAMIC -DMULTI_EXEC -DMAC -DFORTRANUNDERSCORE -DUSE_PNG -I../../../src/lib/g2lib geth_idts.F90 
ar rv libdegrib.a geth_idts.o
a - geth_idts.o
gfortran -c -ffree-line-length-none -fallow-argument-mismatch -I../../../src/include -I/opt/homebrew/include -I../../../src/lib -I../../../src/lib/modules -I../../../src/lib/cloud -I../../../src/lib/radar/synp -I../../../src/lib/degrib   -I../../../src/lib/g2lib -L../../../src/lib/modules -lmodules -I../../../src/include -I/opt/homebrew/include -I../../../src/lib -I../../../src/lib/modules -I../../../src/lib/cloud -I../../../src/lib/radar/synp -I../../../src/lib/degrib -I/opt/homebrew/include -Dunknown -DFORTRANUNDERSCORE -DDYNAMIC -DMULTI_EXEC -DMAC -DFORTRANUNDERSCORE -DUSE_PNG -I../../../src/lib/g2lib geth_newdate.F90 
ar rv libdegrib.a geth_newdate.o
a - geth_newdate.o
gfortran -c -ffree-line-length-none -fallow-argument-mismatch -I../../../src/include -I/opt/homebrew/include -I../../../src/lib -I../../../src/lib/modules -I../../../src/lib/cloud -I../../../src/lib/radar/synp -I../../../src/lib/degrib   -I../../../src/lib/g2lib -L../../../src/lib/modules -lmodules -I../../../src/include -I/opt/homebrew/include -I../../../src/lib -I../../../src/lib/modules -I../../../src/lib/cloud -I../../../src/lib/radar/synp -I../../../src/lib/degrib -I/opt/homebrew/include -Dunknown -DFORTRANUNDERSCORE -DDYNAMIC -DMULTI_EXEC -DMAC -DFORTRANUNDERSCORE -DUSE_PNG -I../../../src/lib/g2lib gridinfo.F90 
ar rv libdegrib.a gridinfo.o
a - gridinfo.o
gfortran -c -ffree-line-length-none -fallow-argument-mismatch -I../../../src/include -I/opt/homebrew/include -I../../../src/lib -I../../../src/lib/modules -I../../../src/lib/cloud -I../../../src/lib/radar/synp -I../../../src/lib/degrib   -I../../../src/lib/g2lib -L../../../src/lib/modules -lmodules -I../../../src/include -I/opt/homebrew/include -I../../../src/lib -I../../../src/lib/modules -I../../../src/lib/cloud -I../../../src/lib/radar/synp -I../../../src/lib/degrib -I/opt/homebrew/include -Dunknown -DFORTRANUNDERSCORE -DDYNAMIC -DMULTI_EXEC -DMAC -DFORTRANUNDERSCORE -DUSE_PNG -I../../../src/lib/g2lib module_datarray.F90 
ar rv libdegrib.a module_datarray.o
a - module_datarray.o
gfortran -c -ffree-line-length-none -fallow-argument-mismatch -I../../../src/include -I/opt/homebrew/include -I../../../src/lib -I../../../src/lib/modules -I../../../src/lib/cloud -I../../../src/lib/radar/synp -I../../../src/lib/degrib   -I../../../src/lib/g2lib -L../../../src/lib/modules -lmodules -I../../../src/include -I/opt/homebrew/include -I../../../src/lib -I../../../src/lib/modules -I../../../src/lib/cloud -I../../../src/lib/radar/synp -I../../../src/lib/degrib -I/opt/homebrew/include -Dunknown -DFORTRANUNDERSCORE -DDYNAMIC -DMULTI_EXEC -DMAC -DFORTRANUNDERSCORE -DUSE_PNG -I../../../src/lib/g2lib module_debug.F90 
ar rv libdegrib.a module_debug.o
a - module_debug.o
gfortran -c -ffree-line-length-none -fallow-argument-mismatch -I../../../src/include -I/opt/homebrew/include -I../../../src/lib -I../../../src/lib/modules -I../../../src/lib/cloud -I../../../src/lib/radar/synp -I../../../src/lib/degrib   -I../../../src/lib/g2lib -L../../../src/lib/modules -lmodules -I../../../src/include -I/opt/homebrew/include -I../../../src/lib -I../../../src/lib/modules -I../../../src/lib/cloud -I../../../src/lib/radar/synp -I../../../src/lib/degrib -I/opt/homebrew/include -Dunknown -DFORTRANUNDERSCORE -DDYNAMIC -DMULTI_EXEC -DMAC -DFORTRANUNDERSCORE -DUSE_PNG -I../../../src/lib/g2lib module_stringutil.F90 
ar rv libdegrib.a module_stringutil.o
a - module_stringutil.o
gfortran -c -ffree-line-length-none -fallow-argument-mismatch -I../../../src/include -I/opt/homebrew/include -I../../../src/lib -I../../../src/lib/modules -I../../../src/lib/cloud -I../../../src/lib/radar/synp -I../../../src/lib/degrib   -I../../../src/lib/g2lib -L../../../src/lib/modules -lmodules -I../../../src/include -I/opt/homebrew/include -I../../../src/lib -I../../../src/lib/modules -I../../../src/lib/cloud -I../../../src/lib/radar/synp -I../../../src/lib/degrib -I/opt/homebrew/include -Dunknown -DFORTRANUNDERSCORE -DDYNAMIC -DMULTI_EXEC -DMAC -DFORTRANUNDERSCORE -DUSE_PNG -I../../../src/lib/g2lib new_storage.F90 
ar rv libdegrib.a new_storage.o
a - new_storage.o
gfortran -c -ffree-line-length-none -fallow-argument-mismatch -I../../../src/include -I/opt/homebrew/include -I../../../src/lib -I../../../src/lib/modules -I../../../src/lib/cloud -I../../../src/lib/radar/synp -I../../../src/lib/degrib   -I../../../src/lib/g2lib -L../../../src/lib/modules -lmodules -I../../../src/include -I/opt/homebrew/include -I../../../src/lib -I../../../src/lib/modules -I../../../src/lib/cloud -I../../../src/lib/radar/synp -I../../../src/lib/degrib -I/opt/homebrew/include -Dunknown -DFORTRANUNDERSCORE -DDYNAMIC -DMULTI_EXEC -DMAC -DFORTRANUNDERSCORE -DUSE_PNG -I../../../src/lib/g2lib output.F90 
ar rv libdegrib.a output.o
a - output.o
gfortran -c -ffree-line-length-none -fallow-argument-mismatch -I../../../src/include -I/opt/homebrew/include -I../../../src/lib -I../../../src/lib/modules -I../../../src/lib/cloud -I../../../src/lib/radar/synp -I../../../src/lib/degrib   -I../../../src/lib/g2lib -L../../../src/lib/modules -lmodules -I../../../src/include -I/opt/homebrew/include -I../../../src/lib -I../../../src/lib/modules -I../../../src/lib/cloud -I../../../src/lib/radar/synp -I../../../src/lib/degrib -I/opt/homebrew/include -Dunknown -DFORTRANUNDERSCORE -DDYNAMIC -DMULTI_EXEC -DMAC -DFORTRANUNDERSCORE -DUSE_PNG -I../../../src/lib/g2lib parse_table.F90 
ar rv libdegrib.a parse_table.o
a - parse_table.o
gfortran -c -ffree-line-length-none -fallow-argument-mismatch -I../../../src/include -I/opt/homebrew/include -I../../../src/lib -I../../../src/lib/modules -I../../../src/lib/cloud -I../../../src/lib/radar/synp -I../../../src/lib/degrib   -I../../../src/lib/g2lib -L../../../src/lib/modules -lmodules -I../../../src/include -I/opt/homebrew/include -I../../../src/lib -I../../../src/lib/modules -I../../../src/lib/cloud -I../../../src/lib/radar/synp -I../../../src/lib/degrib -I/opt/homebrew/include -Dunknown -DFORTRANUNDERSCORE -DDYNAMIC -DMULTI_EXEC -DMAC -DFORTRANUNDERSCORE -DUSE_PNG -I../../../src/lib/g2lib rd_grib1.F90 
ar rv libdegrib.a rd_grib1.o
a - rd_grib1.o
gfortran -c -ffree-line-length-none -fallow-argument-mismatch -I../../../src/include -I/opt/homebrew/include -I../../../src/lib -I../../../src/lib/modules -I../../../src/lib/cloud -I../../../src/lib/radar/synp -I../../../src/lib/degrib   -I../../../src/lib/g2lib -L../../../src/lib/modules -lmodules -I../../../src/include -I/opt/homebrew/include -I../../../src/lib -I../../../src/lib/modules -I../../../src/lib/cloud -I../../../src/lib/radar/synp -I../../../src/lib/degrib -I/opt/homebrew/include -Dunknown -DFORTRANUNDERSCORE -DDYNAMIC -DMULTI_EXEC -DMAC -DFORTRANUNDERSCORE -DUSE_PNG -I../../../src/lib/g2lib swap.F90 
ar rv libdegrib.a swap.o
a - swap.o
gfortran -c -ffree-line-length-none -fallow-argument-mismatch -I../../../src/include -I/opt/homebrew/include -I../../../src/lib -I../../../src/lib/modules -I../../../src/lib/cloud -I../../../src/lib/radar/synp -I../../../src/lib/degrib   -I../../../src/lib/g2lib -L../../../src/lib/modules -lmodules -I../../../src/include -I/opt/homebrew/include -I../../../src/lib -I../../../src/lib/modules -I../../../src/lib/cloud -I../../../src/lib/radar/synp -I../../../src/lib/degrib -I/opt/homebrew/include -Dunknown -DFORTRANUNDERSCORE -DDYNAMIC -DMULTI_EXEC -DMAC -DFORTRANUNDERSCORE -DUSE_PNG -I../../../src/lib/g2lib readgrib.F90 
ar rv libdegrib.a readgrib.o
a - readgrib.o
gfortran -c -ffree-line-length-none -fallow-argument-mismatch -I../../../src/include -I/opt/homebrew/include -I../../../src/lib -I../../../src/lib/modules -I../../../src/lib/cloud -I../../../src/lib/radar/synp -I../../../src/lib/degrib   -I../../../src/lib/g2lib -L../../../src/lib/modules -lmodules -I../../../src/include -I/opt/homebrew/include -I../../../src/lib -I../../../src/lib/modules -I../../../src/lib/cloud -I../../../src/lib/radar/synp -I../../../src/lib/degrib -I/opt/homebrew/include -Dunknown -DFORTRANUNDERSCORE -DDYNAMIC -DMULTI_EXEC -DMAC -DFORTRANUNDERSCORE -DUSE_PNG -I../../../src/lib/g2lib datint.F90 
ar rv libdegrib.a datint.o
a - datint.o
gfortran -c -ffree-line-length-none -fallow-argument-mismatch -I../../../src/include -I/opt/homebrew/include -I../../../src/lib -I../../../src/lib/modules -I../../../src/lib/cloud -I../../../src/lib/radar/synp -I../../../src/lib/degrib   -I../../../src/lib/g2lib -L../../../src/lib/modules -lmodules -I../../../src/include -I/opt/homebrew/include -I../../../src/lib -I../../../src/lib/modules -I../../../src/lib/cloud -I../../../src/lib/radar/synp -I../../../src/lib/degrib -I/opt/homebrew/include -Dunknown -DFORTRANUNDERSCORE -DDYNAMIC -DMULTI_EXEC -DMAC -DFORTRANUNDERSCORE -DUSE_PNG -I../../../src/lib/g2lib gribcode.F90 
ar rv libdegrib.a gribcode.o
a - gribcode.o
gfortran -c -ffree-line-length-none -fallow-argument-mismatch -I../../../src/include -I/opt/homebrew/include -I../../../src/lib -I../../../src/lib/modules -I../../../src/lib/cloud -I../../../src/lib/radar/synp -I../../../src/lib/degrib   -I../../../src/lib/g2lib -L../../../src/lib/modules -lmodules -I../../../src/include -I/opt/homebrew/include -I../../../src/lib -I../../../src/lib/modules -I../../../src/lib/cloud -I../../../src/lib/radar/synp -I../../../src/lib/degrib -I/opt/homebrew/include -Dunknown -DFORTRANUNDERSCORE -DDYNAMIC -DMULTI_EXEC -DMAC -DFORTRANUNDERSCORE -DUSE_PNG -I../../../src/lib/g2lib rd_grib2.F90 
ar rv libdegrib.a rd_grib2.o
a - rd_grib2.o
ranlib libdegrib.a
rm gridinfo.o module_debug.o build_hdate.o table.o filelist.o module_stringutil.o geth_newdate.o module_datarray.o gbytesys.o geth_idts.o datint.o gribcode.o debug_cio.o cio.o parse_table.o file_delete.o readgrib.o new_storage.o rd_grib1.o swap.o output.o rd_grib2.o
 
Making Laps in directory src/lib
gfortran -ffree-line-length-none -fallow-argument-mismatch -I../../src/include -I/opt/homebrew/include -I../../src/lib -I../../src/lib/modules -I../../src/lib/cloud -I../../src/lib/radar/synp -I../../src/lib/degrib  -I../../src/include -I/opt/homebrew/include -I../../src/lib -I../../src/lib/modules -I../../src/lib/cloud -I../../src/lib/radar/synp -I../../src/lib/degrib -I/opt/homebrew/include -Dunknown -DFORTRANUNDERSCORE -DDYNAMIC -DMULTI_EXEC  -c -o machine_dependent.o machine_dependent.F
ar rv liblaps.a machine_dependent.o
ar: creating archive liblaps.a
a - machine_dependent.o
gfortran -ffree-line-length-none -fallow-argument-mismatch -I../../src/include -I/opt/homebrew/include -I../../src/lib -I../../src/lib/modules -I../../src/lib/cloud -I../../src/lib/radar/synp -I../../src/lib/degrib  -I../../src/include -I/opt/homebrew/include -I../../src/lib -I../../src/lib/modules -I../../src/lib/cloud -I../../src/lib/radar/synp -I../../src/lib/degrib -I/opt/homebrew/include -Dunknown -DFORTRANUNDERSCORE -DDYNAMIC -DMULTI_EXEC  -c -o barnes_multivariate.o barnes_multivariate.F
ar rv liblaps.a barnes_multivariate.o
a - barnes_multivariate.o
gcc -DMAC   -Wno-error=int-to-pointer-cast -Wno-error=pointer-to-int-cast -Wno-error=implicit-function-declaration -I../../src/include -I/opt/homebrew/include -I../../src/lib -I../../src/lib/modules -I../../src/lib/cloud -I../../src/lib/radar/synp -I../../src/lib/degrib -I/opt/homebrew/include -Dunknown -DFORTRANUNDERSCORE -DDYNAMIC -DMULTI_EXEC  -c -o cio.o cio.c
ar rv liblaps.a cio.o
a - cio.o
gcc -DMAC   -Wno-error=int-to-pointer-cast -Wno-error=pointer-to-int-cast -Wno-error=implicit-function-declaration -I../../src/include -I/opt/homebrew/include -I../../src/lib -I../../src/lib/modules -I../../src/lib/cloud -I../../src/lib/radar/synp -I../../src/lib/degrib -I/opt/homebrew/include -Dunknown -DFORTRANUNDERSCORE -DDYNAMIC -DMULTI_EXEC  -c -o rwl_v3.o rwl_v3.c
rwl_v3.c:221:18: warning: cast to 'float *' from smaller integer type 'int' [-Wint-to-pointer-cast]
          return (float *)i_status;
                 ^~~~~~~~~~~~~~~~~
rwl_v3.c:233:18: warning: cast to 'float *' from smaller integer type 'int' [-Wint-to-pointer-cast]
          return (float *)i_status;
                 ^~~~~~~~~~~~~~~~~
rwl_v3.c:1000:60: warning: format specifies type 'int' but the argument has type 'size_t' (aka 'unsigned long') [-Wformat]
          printf("start = [%d][%d] | count = [%d][%d] \n", start_2[0],start_2[1],count_2[0],count_2[1]);
                           ~~                              ^~~~~~~~~~
                           %zu
rwl_v3.c:1000:71: warning: format specifies type 'int' but the argument has type 'size_t' (aka 'unsigned long') [-Wformat]
          printf("start = [%d][%d] | count = [%d][%d] \n", start_2[0],start_2[1],count_2[0],count_2[1]);
                               ~~                                     ^~~~~~~~~~
                               %zu
rwl_v3.c:1000:82: warning: format specifies type 'int' but the argument has type 'size_t' (aka 'unsigned long') [-Wformat]
          printf("start = [%d][%d] | count = [%d][%d] \n", start_2[0],start_2[1],count_2[0],count_2[1]);
                                              ~~                                 ^~~~~~~~~~
                                              %zu
rwl_v3.c:1000:93: warning: format specifies type 'int' but the argument has type 'size_t' (aka 'unsigned long') [-Wformat]
          printf("start = [%d][%d] | count = [%d][%d] \n", start_2[0],start_2[1],count_2[0],count_2[1]);
                                                  ~~                                        ^~~~~~~~~~
                                                  %zu
rwl_v3.c:1052:101: warning: format specifies type 'int' but the argument has type 'long' [-Wformat]
          printf("x dimension in output file does not match IMAX passed in rwl_v3.c: %d %d\n",*imax,dim_val);
                                                                                        ~~          ^~~~~~~
                                                                                        %ld
rwl_v3.c:1070:101: warning: format specifies type 'int' but the argument has type 'long' [-Wformat]
          printf("y dimension in output file does not match JMAX passed in rwl_v3.c: %d %d\n",*jmax,dim_val);
                                                                                        ~~          ^~~~~~~
                                                                                        %ld
rwl_v3.c:1097:109: warning: format specifies type 'int' but the argument has type 'long' [-Wformat]
          printf("Z dimension in output file does not match N_LEVELS passed in rwl_v3.c: %d %d\n",*n_levels,dim_val);
                                                                                            ~~              ^~~~~~~
                                                                                            %ld
rwl_v3.c:1148:71: warning: format specifies type 'char *' but the argument has type 'char' [-Wformat]
          printf("Unable to read dimension namelen from static.%s\n", *ldf);
                                                               ~~     ^~~~
                                                               %c
rwl_v3.c:1156:73: warning: format specifies type 'char *' but the argument has type 'char' [-Wformat]
            printf("Unable to read dimension namelen from static.%s\n", *ldf);
                                                                 ~~     ^~~~
                                                                 %c
rwl_v3.c:1168:55: warning: format specifies type 'char *' but the argument has type 'char' [-Wformat]
          printf("Error reading Dx from  static.%s\n",*ldf);
                                                ~~    ^~~~
                                                %c
rwl_v3.c:1174:58: warning: format specifies type 'char *' but the argument has type 'char' [-Wformat]
            printf("Error reading Dx from  static.%s\n", *ldf);
                                                  ~~     ^~~~
                                                  %c
rwl_v3.c:1182:56: warning: format specifies type 'char *' but the argument has type 'char' [-Wformat]
          printf("Error reading Dy from  static.%s\n", *ldf);
                                                ~~     ^~~~
                                                %c
rwl_v3.c:1188:58: warning: format specifies type 'char *' but the argument has type 'char' [-Wformat]
            printf("Error reading Dy from  static.%s\n", *ldf);
                                                  ~~     ^~~~
                                                  %c
rwl_v3.c:1196:57: warning: format specifies type 'char *' but the argument has type 'char' [-Wformat]
          printf("Error reading La1 from  static.%s\n", *ldf);
                                                 ~~     ^~~~
                                                 %c
rwl_v3.c:1202:59: warning: format specifies type 'char *' but the argument has type 'char' [-Wformat]
            printf("Error reading La1 from  static.%s\n", *ldf);
                                                   ~~     ^~~~
                                                   %c
rwl_v3.c:1210:57: warning: format specifies type 'char *' but the argument has type 'char' [-Wformat]
          printf("Error reading Lo1 from  static.%s\n", *ldf);
                                                 ~~     ^~~~
                                                 %c
rwl_v3.c:1216:59: warning: format specifies type 'char *' but the argument has type 'char' [-Wformat]
            printf("Error reading Lo1 from  static.%s\n", *ldf);
                                                   ~~     ^~~~
                                                   %c
rwl_v3.c:1224:57: warning: format specifies type 'char *' but the argument has type 'char' [-Wformat]
          printf("Error reading LoV from  static.%s\n", *ldf);
                                                 ~~     ^~~~
                                                 %c
rwl_v3.c:1230:59: warning: format specifies type 'char *' but the argument has type 'char' [-Wformat]
            printf("Error reading LoV from  static.%s\n", *ldf);
                                                   ~~     ^~~~
                                                   %c
rwl_v3.c:1238:60: warning: format specifies type 'char *' but the argument has type 'char' [-Wformat]
          printf("Error reading Latin1 from  static.%s\n", *ldf);
                                                    ~~     ^~~~
                                                    %c
rwl_v3.c:1244:62: warning: format specifies type 'char *' but the argument has type 'char' [-Wformat]
            printf("Error reading Latin1 from  static.%s\n", *ldf);
                                                      ~~     ^~~~
                                                      %c
rwl_v3.c:1252:60: warning: format specifies type 'char *' but the argument has type 'char' [-Wformat]
          printf("Error reading Latin2 from  static.%s\n", *ldf);
                                                    ~~     ^~~~
                                                    %c
rwl_v3.c:1258:62: warning: format specifies type 'char *' but the argument has type 'char' [-Wformat]
            printf("Error reading Latin2 from  static.%s\n", *ldf);
                                                      ~~     ^~~~
                                                      %c
rwl_v3.c:1276:62: warning: format specifies type 'char *' but the argument has type 'char' [-Wformat]
          printf("Error reading grid_type from static.%s\n", *ldf);
                                                      ~~     ^~~~
                                                      %c
rwl_v3.c:1282:65: warning: format specifies type 'char *' but the argument has type 'char' [-Wformat]
            printf("Error reading grid_type from  static.%s\n", *ldf);
                                                         ~~     ^~~~
                                                         %c
rwl_v3.c:1299:65: warning: format specifies type 'char *' but the argument has type 'char' [-Wformat]
          printf("Error reading origin_name from  static.%s\n", *ldf);
                                                         ~~     ^~~~
                                                         %c
rwl_v3.c:1305:67: warning: format specifies type 'char *' but the argument has type 'char' [-Wformat]
            printf("Error reading origin_name from  static.%s\n", *ldf);
                                                           ~~     ^~~~
                                                           %c
rwl_v3.c:2246:61: warning: format specifies type 'char *' but the argument has type 'char' [-Wformat]
              printf("Error reading info from static.%s\n", *ldf);
                                                     ~~     ^~~~
                                                     %c
30 warnings generated.
ar rv liblaps.a rwl_v3.o
a - rwl_v3.o
gcc -DMAC   -Wno-error=int-to-pointer-cast -Wno-error=pointer-to-int-cast -Wno-error=implicit-function-declaration -I../../src/include -I/opt/homebrew/include -I../../src/lib -I../../src/lib/modules -I../../src/lib/cloud -I../../src/lib/radar/synp -I../../src/lib/degrib -I/opt/homebrew/include -Dunknown -DFORTRANUNDERSCORE -DDYNAMIC -DMULTI_EXEC  -c -o fort2c_str.o fort2c_str.c
ar rv liblaps.a fort2c_str.o
a - fort2c_str.o
gcc -DMAC   -Wno-error=int-to-pointer-cast -Wno-error=pointer-to-int-cast -Wno-error=implicit-function-declaration -I../../src/include -I/opt/homebrew/include -I../../src/lib -I../../src/lib/modules -I../../src/lib/cloud -I../../src/lib/radar/synp -I../../src/lib/degrib -I/opt/homebrew/include -Dunknown -DFORTRANUNDERSCORE -DDYNAMIC -DMULTI_EXEC  -c -o static_routines.o static_routines.c
static_routines.c:362:52: warning: format specifies type 'int' but the argument has type 'long' [-Wformat]
    if(DEBUG==1) printf("cdf_wrt_hdr_stat: 1 %d\n",edges[0]);
                                             ~~    ^~~~~~~~
                                             %ld
static_routines.c:372:56: warning: format specifies type 'int' but the argument has type 'long' [-Wformat]
    if(DEBUG==1) printf("cdf_wrt_hdr_stat: 1a %d %s\n",edges[0],model);
                                              ~~       ^~~~~~~~
                                              %ld
static_routines.c:382:52: warning: format specifies type 'int' but the argument has type 'long' [-Wformat]
    if(DEBUG==1) printf("cdf_wrt_hdr_stat: 2 %d\n",edges[0]);
                                             ~~    ^~~~~~~~
                                             %ld
static_routines.c:391:52: warning: format specifies type 'int' but the argument has type 'long' [-Wformat]
    if(DEBUG==1) printf("cdf_wrt_hdr_stat: 3 %d\n",edges[0]);
                                             ~~    ^~~~~~~~
                                             %ld
static_routines.c:399:52: warning: format specifies type 'int' but the argument has type 'long' [-Wformat]
    if(DEBUG==1) printf("cdf_wrt_hdr_stat: 4 %d\n",edges[0]);
                                             ~~    ^~~~~~~~
                                             %ld
static_routines.c:407:52: warning: format specifies type 'int' but the argument has type 'long' [-Wformat]
    if(DEBUG==1) printf("cdf_wrt_hdr_stat: 5 %d\n",edges[0]);
                                             ~~    ^~~~~~~~
                                             %ld
static_routines.c:415:52: warning: format specifies type 'int' but the argument has type 'long' [-Wformat]
    if(DEBUG==1) printf("cdf_wrt_hdr_stat: 8 %d\n",edges[0]);
                                             ~~    ^~~~~~~~
                                             %ld
static_routines.c:423:52: warning: format specifies type 'int' but the argument has type 'long' [-Wformat]
    if(DEBUG==1) printf("cdf_wrt_hdr_stat: 9 %d\n",edges[0]);
                                             ~~    ^~~~~~~~
                                             %ld
static_routines.c:431:53: warning: format specifies type 'int' but the argument has type 'long' [-Wformat]
    if(DEBUG==1) printf("cdf_wrt_hdr_stat: 10 %d\n",edges[0]);
                                              ~~    ^~~~~~~~
                                              %ld
static_routines.c:439:52: warning: format specifies type 'int' but the argument has type 'long' [-Wformat]
    if(DEBUG==1) printf("cdf_wrt_hdr_stat: 6 %d\n",edges[0]);
                                             ~~    ^~~~~~~~
                                             %ld
static_routines.c:447:52: warning: format specifies type 'int' but the argument has type 'long' [-Wformat]
    if(DEBUG==1) printf("cdf_wrt_hdr_stat: 7 %d\n",edges[0]);
                                             ~~    ^~~~~~~~
                                             %ld
static_routines.c:455:52: warning: format specifies type 'int' but the argument has type 'long' [-Wformat]
    if(DEBUG==1) printf("cdf_wrt_hdr_stat: 6 %d\n",edges[0]);
                                             ~~    ^~~~~~~~
                                             %ld
static_routines.c:463:52: warning: format specifies type 'int' but the argument has type 'long' [-Wformat]
    if(DEBUG==1) printf("cdf_wrt_hdr_stat: 7 %d\n",edges[0]);
                                             ~~    ^~~~~~~~
                                             %ld
static_routines.c:471:53: warning: format specifies type 'int' but the argument has type 'long' [-Wformat]
    if(DEBUG==1) printf("cdf_wrt_hdr_stat: 10 %d\n",edges[0]);
                                              ~~    ^~~~~~~~
                                              %ld
static_routines.c:479:53: warning: format specifies type 'int' but the argument has type 'long' [-Wformat]
    if(DEBUG==1) printf("cdf_wrt_hdr_stat: 10 %d\n",edges[0]);
                                              ~~    ^~~~~~~~
                                              %ld
static_routines.c:541:53: warning: format specifies type 'int' but the argument has type 'long' [-Wformat]
    if(DEBUG==1) printf("cdf_wrt_hdr_stat: 11 %d\n",edges[0]);
                                              ~~    ^~~~~~~~
                                              %ld
static_routines.c:549:53: warning: format specifies type 'int' but the argument has type 'long' [-Wformat]
    if(DEBUG==1) printf("cdf_wrt_hdr_stat: 12 %d\n",edges[0]);
                                              ~~    ^~~~~~~~
                                              %ld
static_routines.c:559:53: warning: format specifies type 'int' but the argument has type 'long' [-Wformat]
    if(DEBUG==1) printf("cdf_wrt_hdr_stat: 13 %d\n",edges[0]);
                                              ~~    ^~~~~~~~
                                              %ld
static_routines.c:572:56: warning: format specifies type 'int' but the argument has type 'long' [-Wformat]
    if(DEBUG==1) printf("cdf_wrt_hdr_stat: 14 %d %d\n",edges_map[0],edges_map[1]);
                                              ~~       ^~~~~~~~~~~~
                                              %ld
static_routines.c:572:69: warning: format specifies type 'int' but the argument has type 'long' [-Wformat]
    if(DEBUG==1) printf("cdf_wrt_hdr_stat: 14 %d %d\n",edges_map[0],edges_map[1]);
                                                 ~~                 ^~~~~~~~~~~~
                                                 %ld
static_routines.c:725:32: warning: incompatible pointer to integer conversion passing 'int *' to parameter of type 'long' [-Wint-conversion]
        nstrncpy(fname,filname,s_length);
                               ^~~~~~~~
static_routines.c:60:48: note: passing argument to parameter 'maxlen' here
void nstrncpy(char *target, char *source, long maxlen);
                                               ^
static_routines.c:1179:32: warning: incompatible pointer to integer conversion passing 'int *' to parameter of type 'long' [-Wint-conversion]
        nstrncpy(fname,filname,s_length);
                               ^~~~~~~~
static_routines.c:60:48: note: passing argument to parameter 'maxlen' here
void nstrncpy(char *target, char *source, long maxlen);
                                               ^
static_routines.c:1182:36: warning: incompatible pointer to integer conversion passing 'int *' to parameter of type 'int'; dereference with * [-Wint-conversion]
        cdfid = open_cdf(NC_NOWRITE,fname,no_laps_diag);
                                          ^~~~~~~~~~~~
                                          *
static_routines.c:63:41: note: passing argument to parameter 'no_laps_diag' here
int open_cdf(int mode, char *fname, int no_laps_diag);
                                        ^
23 warnings generated.
ar rv liblaps.a static_routines.o
a - static_routines.o
gcc -DMAC   -Wno-error=int-to-pointer-cast -Wno-error=pointer-to-int-cast -Wno-error=implicit-function-declaration -I../../src/include -I/opt/homebrew/include -I../../src/lib -I../../src/lib/modules -I../../src/lib/cloud -I../../src/lib/radar/synp -I../../src/lib/degrib -I/opt/homebrew/include -Dunknown -DFORTRANUNDERSCORE -DDYNAMIC -DMULTI_EXEC  -c -o waiting_c.o waiting_c.c
ar rv liblaps.a waiting_c.o
a - waiting_c.o
gfortran -ffree-line-length-none -fallow-argument-mismatch -I../../src/include -I/opt/homebrew/include -I../../src/lib -I../../src/lib/modules -I../../src/lib/cloud -I../../src/lib/radar/synp -I../../src/lib/degrib   -c -o fsystem_dum.o fsystem_dum.f
ar rv liblaps.a fsystem_dum.o
a - fsystem_dum.o
gfortran -ffree-line-length-none -fallow-argument-mismatch -I../../src/include -I/opt/homebrew/include -I../../src/lib -I../../src/lib/modules -I../../src/lib/cloud -I../../src/lib/radar/synp -I../../src/lib/degrib   -c -o add.o add.f
ar rv liblaps.a add.o
a - add.o
gfortran -ffree-line-length-none -fallow-argument-mismatch -I../../src/include -I/opt/homebrew/include -I../../src/lib -I../../src/lib/modules -I../../src/lib/cloud -I../../src/lib/radar/synp -I../../src/lib/degrib   -c -o addcon.o addcon.f
ar rv liblaps.a addcon.o
a - addcon.o
gfortran -ffree-line-length-none -fallow-argument-mismatch -I../../src/include -I/opt/homebrew/include -I../../src/lib -I../../src/lib/modules -I../../src/lib/cloud -I../../src/lib/radar/synp -I../../src/lib/degrib   -c -o advect.o advect.f
ar rv liblaps.a advect.o
a - advect.o
gfortran -ffree-line-length-none -fallow-argument-mismatch -I../../src/include -I/opt/homebrew/include -I../../src/lib -I../../src/lib/modules -I../../src/lib/cloud -I../../src/lib/radar/synp -I../../src/lib/degrib   -c -o apply_qc_info.o apply_qc_info.f
ar rv liblaps.a apply_qc_info.o
a - apply_qc_info.o
gfortran -ffree-line-length-none -fallow-argument-mismatch -I../../src/include -I/opt/homebrew/include -I../../src/lib -I../../src/lib/modules -I../../src/lib/cloud -I../../src/lib/radar/synp -I../../src/lib/degrib   -c -o array_diagnosis.o array_diagnosis.f
ar rv liblaps.a array_diagnosis.o
a - array_diagnosis.o
gfortran -ffree-line-length-none -fallow-argument-mismatch -I../../src/include -I/opt/homebrew/include -I../../src/lib -I../../src/lib/modules -I../../src/lib/cloud -I../../src/lib/radar/synp -I../../src/lib/degrib   -c -o aski4tim_gg.o aski4tim_gg.f
ar rv liblaps.a aski4tim_gg.o
a - aski4tim_gg.o
gfortran -ffree-line-length-none -fallow-argument-mismatch -I../../src/include -I/opt/homebrew/include -I../../src/lib -I../../src/lib/modules -I../../src/lib/cloud -I../../src/lib/radar/synp -I../../src/lib/degrib   -c -o atan3.o atan3.f
ar rv liblaps.a atan3.o
a - atan3.o
gfortran -ffree-line-length-none -fallow-argument-mismatch -I../../src/include -I/opt/homebrew/include -I../../src/lib -I../../src/lib/modules -I../../src/lib/cloud -I../../src/lib/radar/synp -I../../src/lib/degrib   -c -o atan3d.o atan3d.f
ar rv liblaps.a atan3d.o
a - atan3d.o
gfortran -ffree-line-length-none -fallow-argument-mismatch -I../../src/include -I/opt/homebrew/include -I../../src/lib -I../../src/lib/modules -I../../src/lib/cloud -I../../src/lib/radar/synp -I../../src/lib/degrib   -c -o bilinear_interp.o bilinear_interp.f
ar rv liblaps.a bilinear_interp.o
a - bilinear_interp.o
gfortran -ffree-line-length-none -fallow-argument-mismatch -I../../src/include -I/opt/homebrew/include -I../../src/lib -I../../src/lib/modules -I../../src/lib/cloud -I../../src/lib/radar/synp -I../../src/lib/degrib   -c -o block_data.o block_data.f
ar rv liblaps.a block_data.o
a - block_data.o
gfortran -ffree-line-length-none -fallow-argument-mismatch -I../../src/include -I/opt/homebrew/include -I../../src/lib -I../../src/lib/modules -I../../src/lib/cloud -I../../src/lib/radar/synp -I../../src/lib/degrib   -c -o calc_contable.o calc_contable.f
ar rv liblaps.a calc_contable.o
a - calc_contable.o
gfortran -ffree-line-length-none -fallow-argument-mismatch -I../../src/include -I/opt/homebrew/include -I../../src/lib -I../../src/lib/modules -I../../src/lib/cloud -I../../src/lib/radar/synp -I../../src/lib/degrib   -c -o climate_sm.o climate_sm.f
climate_sm.f:482:46:

  482 |      1  4hjul ,4haug ,4hsep ,4hoct ,4hnov ,4hdec /
      |                                              1
Warning: Legacy Extension: Hollerith constant at (1)
climate_sm.f:481:22:

  481 |         data months/4hjan ,4hfeb ,4hmar ,4hapr ,4hmay ,4hjun ,
      |                      1
Warning: Extension: Conversion from HOLLERITH to INTEGER(4) at (1)
climate_sm.f:481:29:

  481 |         data months/4hjan ,4hfeb ,4hmar ,4hapr ,4hmay ,4hjun ,
      |                             1
Warning: Extension: Conversion from HOLLERITH to INTEGER(4) at (1)
climate_sm.f:481:36:

  481 |         data months/4hjan ,4hfeb ,4hmar ,4hapr ,4hmay ,4hjun ,
      |                                    1
Warning: Extension: Conversion from HOLLERITH to INTEGER(4) at (1)
climate_sm.f:481:43:

  481 |         data months/4hjan ,4hfeb ,4hmar ,4hapr ,4hmay ,4hjun ,
      |                                           1
Warning: Extension: Conversion from HOLLERITH to INTEGER(4) at (1)
climate_sm.f:481:50:

  481 |         data months/4hjan ,4hfeb ,4hmar ,4hapr ,4hmay ,4hjun ,
      |                                                  1
Warning: Extension: Conversion from HOLLERITH to INTEGER(4) at (1)
climate_sm.f:481:57:

  481 |         data months/4hjan ,4hfeb ,4hmar ,4hapr ,4hmay ,4hjun ,
      |                                                         1
Warning: Extension: Conversion from HOLLERITH to INTEGER(4) at (1)
climate_sm.f:482:10:

  482 |      1  4hjul ,4haug ,4hsep ,4hoct ,4hnov ,4hdec /
      |          1
Warning: Extension: Conversion from HOLLERITH to INTEGER(4) at (1)
climate_sm.f:482:17:

  482 |      1  4hjul ,4haug ,4hsep ,4hoct ,4hnov ,4hdec /
      |                 1
Warning: Extension: Conversion from HOLLERITH to INTEGER(4) at (1)
climate_sm.f:482:24:

  482 |      1  4hjul ,4haug ,4hsep ,4hoct ,4hnov ,4hdec /
      |                        1
Warning: Extension: Conversion from HOLLERITH to INTEGER(4) at (1)
climate_sm.f:482:31:

  482 |      1  4hjul ,4haug ,4hsep ,4hoct ,4hnov ,4hdec /
      |                               1
Warning: Extension: Conversion from HOLLERITH to INTEGER(4) at (1)
climate_sm.f:482:38:

  482 |      1  4hjul ,4haug ,4hsep ,4hoct ,4hnov ,4hdec /
      |                                      1
Warning: Extension: Conversion from HOLLERITH to INTEGER(4) at (1)
climate_sm.f:482:45:

  482 |      1  4hjul ,4haug ,4hsep ,4hoct ,4hnov ,4hdec /
      |                                             1
Warning: Extension: Conversion from HOLLERITH to INTEGER(4) at (1)
ar rv liblaps.a climate_sm.o
a - climate_sm.o
gfortran -ffree-line-length-none -fallow-argument-mismatch -I../../src/include -I/opt/homebrew/include -I../../src/lib -I../../src/lib/modules -I../../src/lib/cloud -I../../src/lib/radar/synp -I../../src/lib/degrib   -c -o constant.o constant.f
ar rv liblaps.a constant.o
a - constant.o
gfortran -ffree-line-length-none -fallow-argument-mismatch -I../../src/include -I/opt/homebrew/include -I../../src/lib -I../../src/lib/modules -I../../src/lib/cloud -I../../src/lib/radar/synp -I../../src/lib/degrib   -c -o contingency_table.o contingency_table.f
ar rv liblaps.a contingency_table.o
a - contingency_table.o
gfortran -ffree-line-length-none -fallow-argument-mismatch -I../../src/include -I/opt/homebrew/include -I../../src/lib -I../../src/lib/modules -I../../src/lib/cloud -I../../src/lib/radar/synp -I../../src/lib/degrib   -c -o convc2f.o convc2f.f
ar rv liblaps.a convc2f.o
a - convc2f.o
gfortran -ffree-line-length-none -fallow-argument-mismatch -I../../src/include -I/opt/homebrew/include -I../../src/lib -I../../src/lib/modules -I../../src/lib/cloud -I../../src/lib/radar/synp -I../../src/lib/degrib   -c -o conversions.o conversions.f
ar rv liblaps.a conversions.o
a - conversions.o
gfortran -ffree-line-length-none -fallow-argument-mismatch -I../../src/include -I/opt/homebrew/include -I../../src/lib -I../../src/lib/modules -I../../src/lib/cloud -I../../src/lib/radar/synp -I../../src/lib/degrib   -c -o convf2c.o convf2c.f
ar rv liblaps.a convf2c.o
a - convf2c.o
gfortran -ffree-line-length-none -fallow-argument-mismatch -I../../src/include -I/opt/homebrew/include -I../../src/lib -I../../src/lib/modules -I../../src/lib/cloud -I../../src/lib/radar/synp -I../../src/lib/degrib   -c -o convf2k.o convf2k.f
ar rv liblaps.a convf2k.o
a - convf2k.o
gfortran -ffree-line-length-none -fallow-argument-mismatch -I../../src/include -I/opt/homebrew/include -I../../src/lib -I../../src/lib/modules -I../../src/lib/cloud -I../../src/lib/radar/synp -I../../src/lib/degrib   -c -o convk2f.o convk2f.f
ar rv liblaps.a convk2f.o
a - convk2f.o
gfortran -ffree-line-length-none -fallow-argument-mismatch -I../../src/include -I/opt/homebrew/include -I../../src/lib -I../../src/lib/modules -I../../src/lib/cloud -I../../src/lib/radar/synp -I../../src/lib/degrib   -c -o convkt2ms.o convkt2ms.f
ar rv liblaps.a convkt2ms.o
a - convkt2ms.o
gfortran -ffree-line-length-none -fallow-argument-mismatch -I../../src/include -I/opt/homebrew/include -I../../src/lib -I../../src/lib/modules -I../../src/lib/cloud -I../../src/lib/radar/synp -I../../src/lib/degrib   -c -o convm2miles.o convm2miles.f
ar rv liblaps.a convm2miles.o
a - convm2miles.o
gfortran -ffree-line-length-none -fallow-argument-mismatch -I../../src/include -I/opt/homebrew/include -I../../src/lib -I../../src/lib/modules -I../../src/lib/cloud -I../../src/lib/radar/synp -I../../src/lib/degrib   -c -o convmiles2m.o convmiles2m.f
ar rv liblaps.a convmiles2m.o
a - convmiles2m.o
gfortran -ffree-line-length-none -fallow-argument-mismatch -I../../src/include -I/opt/homebrew/include -I../../src/lib -I../../src/lib/modules -I../../src/lib/cloud -I../../src/lib/radar/synp -I../../src/lib/degrib   -c -o convms2kt.o convms2kt.f
ar rv liblaps.a convms2kt.o
a - convms2kt.o
gfortran -ffree-line-length-none -fallow-argument-mismatch -I../../src/include -I/opt/homebrew/include -I../../src/lib -I../../src/lib/modules -I../../src/lib/cloud -I../../src/lib/radar/synp -I../../src/lib/degrib   -c -o csplit.o csplit.f
ar rv liblaps.a csplit.o
a - csplit.o
gfortran -ffree-line-length-none -fallow-argument-mismatch -I../../src/include -I/opt/homebrew/include -I../../src/lib -I../../src/lib/modules -I../../src/lib/cloud -I../../src/lib/radar/synp -I../../src/lib/degrib   -c -o diff.o diff.f
ar rv liblaps.a diff.o
a - diff.o
gfortran -ffree-line-length-none -fallow-argument-mismatch -I../../src/include -I/opt/homebrew/include -I../../src/lib -I../../src/lib/modules -I../../src/lib/cloud -I../../src/lib/radar/synp -I../../src/lib/degrib   -c -o downcase.o downcase.f
ar rv liblaps.a downcase.o
a - downcase.o
gfortran -ffree-line-length-none -fallow-argument-mismatch -I../../src/include -I/opt/homebrew/include -I../../src/lib -I../../src/lib/modules -I../../src/lib/cloud -I../../src/lib/radar/synp -I../../src/lib/degrib   -c -o equtoaltazd.o equtoaltazd.f
ar rv liblaps.a equtoaltazd.o
a - equtoaltazd.o
gfortran -ffree-line-length-none -fallow-argument-mismatch -I../../src/include -I/opt/homebrew/include -I../../src/lib -I../../src/lib/modules -I../../src/lib/cloud -I../../src/lib/radar/synp -I../../src/lib/degrib   -c -o esat1.o esat1.f
ar rv liblaps.a esat1.o
a - esat1.o
gfortran -ffree-line-length-none -fallow-argument-mismatch -I../../src/include -I/opt/homebrew/include -I../../src/lib -I../../src/lib/modules -I../../src/lib/cloud -I../../src/lib/radar/synp -I../../src/lib/degrib   -c -o fflxc.o fflxc.f
fflxc.f:70:72:

   70 |         DO 100 J=1,NJ
      |                                                                        1
Warning: Fortran 2018 deleted feature: Shared DO termination label 100 at (1)
fflxc.f:92:72:

   92 |  2000   FLXCNV(1,J)=(DFLUDX+DFLVDY)*SIGMA(1,J)**2
      |                                                                        1
Warning: Fortran 2018 deleted feature: DO termination statement which is not END DO or CONTINUE with label 2000 at (1)
fflxc.f:101:72:

  101 |  4000   FLXCNV(I,1)=(DFLUDX+DFLVDY)*SIGMA(I,1)**2
      |                                                                        1
Warning: Fortran 2018 deleted feature: DO termination statement which is not END DO or CONTINUE with label 4000 at (1)
fflxc.f:107:72:

  107 |         DO 5000 J=2,NJM1
      |                                                                        1
Warning: Fortran 2018 deleted feature: Shared DO termination label 5000 at (1)
fflxc.f:118:72:

  118 |  6000   FLXCNV(I,NJ)=(DFLUDX+DFLVDY)*SIGMA(I,NJ)**2
      |                                                                        1
Warning: Fortran 2018 deleted feature: DO termination statement which is not END DO or CONTINUE with label 6000 at (1)
fflxc.f:127:72:

  127 |  8000   FLXCNV(NI,J)=(DFLUDX+DFLVDY)*SIGMA(NI,J)**2
      |                                                                        1
Warning: Fortran 2018 deleted feature: DO termination statement which is not END DO or CONTINUE with label 8000 at (1)
ar rv liblaps.a fflxc.o
a - fflxc.o
gfortran -ffree-line-length-none -fallow-argument-mismatch -I../../src/include -I/opt/homebrew/include -I../../src/lib -I../../src/lib/modules -I../../src/lib/cloud -I../../src/lib/radar/synp -I../../src/lib/degrib   -c -o filename13.o filename13.f
ar rv liblaps.a filename13.o
a - filename13.o
gfortran -ffree-line-length-none -fallow-argument-mismatch -I../../src/include -I/opt/homebrew/include -I../../src/lib -I../../src/lib/modules -I../../src/lib/cloud -I../../src/lib/radar/synp -I../../src/lib/degrib   -c -o filter_filenames.o filter_filenames.f
ar rv liblaps.a filter_filenames.o
a - filter_filenames.o
gfortran -ffree-line-length-none -fallow-argument-mismatch -I../../src/include -I/opt/homebrew/include -I../../src/lib -I../../src/lib/modules -I../../src/lib/cloud -I../../src/lib/radar/synp -I../../src/lib/degrib   -c -o fname_conversions.o fname_conversions.f
ar rv liblaps.a fname_conversions.o
a - fname_conversions.o
gfortran -ffree-line-length-none -fallow-argument-mismatch -I../../src/include -I/opt/homebrew/include -I../../src/lib -I../../src/lib/modules -I../../src/lib/cloud -I../../src/lib/radar/synp -I../../src/lib/degrib   -c -o gaussj.o gaussj.f
ar rv liblaps.a gaussj.o
a - gaussj.o
gfortran -ffree-line-length-none -fallow-argument-mismatch -I../../src/include -I/opt/homebrew/include -I../../src/lib -I../../src/lib/modules -I../../src/lib/cloud -I../../src/lib/radar/synp -I../../src/lib/degrib   -c -o gen_bl_file.o gen_bl_file.f
ar rv liblaps.a gen_bl_file.o
a - gen_bl_file.o
gfortran -ffree-line-length-none -fallow-argument-mismatch -I../../src/include -I/opt/homebrew/include -I../../src/lib -I../../src/lib/modules -I../../src/lib/cloud -I../../src/lib/radar/synp -I../../src/lib/degrib   -c -o gen_btemps.o gen_btemps.f
ar rv liblaps.a gen_btemps.o
a - gen_btemps.o
gfortran -ffree-line-length-none -fallow-argument-mismatch -I../../src/include -I/opt/homebrew/include -I../../src/lib -I../../src/lib/modules -I../../src/lib/cloud -I../../src/lib/radar/synp -I../../src/lib/degrib   -c -o get_barnes_superobs.o get_barnes_superobs.f
ar rv liblaps.a get_barnes_superobs.o
a - get_barnes_superobs.o
gfortran -ffree-line-length-none -fallow-argument-mismatch -I../../src/include -I/opt/homebrew/include -I../../src/lib -I../../src/lib/modules -I../../src/lib/cloud -I../../src/lib/radar/synp -I../../src/lib/degrib   -c -o get_cloud_deriv.o get_cloud_deriv.f
ar rv liblaps.a get_cloud_deriv.o
a - get_cloud_deriv.o
gfortran -ffree-line-length-none -fallow-argument-mismatch -I../../src/include -I/opt/homebrew/include -I../../src/lib -I../../src/lib/modules -I../../src/lib/cloud -I../../src/lib/radar/synp -I../../src/lib/degrib   -c -o get_dir_length.o get_dir_length.f
ar rv liblaps.a get_dir_length.o
a - get_dir_length.o
gfortran -ffree-line-length-none -fallow-argument-mismatch -I../../src/include -I/opt/homebrew/include -I../../src/lib -I../../src/lib/modules -I../../src/lib/cloud -I../../src/lib/radar/synp -I../../src/lib/degrib   -c -o get_directory.o get_directory.f
ar rv liblaps.a get_directory.o
a - get_directory.o
gfortran -ffree-line-length-none -fallow-argument-mismatch -I../../src/include -I/opt/homebrew/include -I../../src/lib -I../../src/lib/modules -I../../src/lib/cloud -I../../src/lib/radar/synp -I../../src/lib/degrib   -c -o get_domain_perimeter.o get_domain_perimeter.f
ar rv liblaps.a get_domain_perimeter.o
a - get_domain_perimeter.o
gfortran -ffree-line-length-none -fallow-argument-mismatch -I../../src/include -I/opt/homebrew/include -I../../src/lib -I../../src/lib/modules -I../../src/lib/cloud -I../../src/lib/radar/synp -I../../src/lib/degrib   -c -o get_file_names.o get_file_names.f
ar rv liblaps.a get_file_names.o
a - get_file_names.o
gfortran -ffree-line-length-none -fallow-argument-mismatch -I../../src/include -I/opt/homebrew/include -I../../src/lib -I../../src/lib/modules -I../../src/lib/cloud -I../../src/lib/radar/synp -I../../src/lib/degrib   -c -o get_file_time.o get_file_time.f
ar rv liblaps.a get_file_time.o
a - get_file_time.o
gfortran -ffree-line-length-none -fallow-argument-mismatch -I../../src/include -I/opt/homebrew/include -I../../src/lib -I../../src/lib/modules -I../../src/lib/cloud -I../../src/lib/radar/synp -I../../src/lib/degrib   -c -o get_heights_hydrostatic.o get_heights_hydrostatic.f
ar rv liblaps.a get_heights_hydrostatic.o
a - get_heights_hydrostatic.o
gfortran -ffree-line-length-none -fallow-argument-mismatch -I../../src/include -I/opt/homebrew/include -I../../src/lib -I../../src/lib/modules -I../../src/lib/cloud -I../../src/lib/radar/synp -I../../src/lib/degrib   -c -o get_ht_3d.o get_ht_3d.f
ar rv liblaps.a get_ht_3d.o
a - get_ht_3d.o
gfortran -ffree-line-length-none -fallow-argument-mismatch -I../../src/include -I/opt/homebrew/include -I../../src/lib -I../../src/lib/modules -I../../src/lib/cloud -I../../src/lib/radar/synp -I../../src/lib/degrib   -c -o get_interval_precip.o get_interval_precip.f
ar rv liblaps.a get_interval_precip.o
a - get_interval_precip.o
gfortran -ffree-line-length-none -fallow-argument-mismatch -I../../src/include -I/opt/homebrew/include -I../../src/lib -I../../src/lib/modules -I../../src/lib/cloud -I../../src/lib/radar/synp -I../../src/lib/degrib   -c -o get_local_towerobs.o get_local_towerobs.f
ar rv liblaps.a get_local_towerobs.o
a - get_local_towerobs.o
gfortran -ffree-line-length-none -fallow-argument-mismatch -I../../src/include -I/opt/homebrew/include -I../../src/lib -I../../src/lib/modules -I../../src/lib/cloud -I../../src/lib/radar/synp -I../../src/lib/degrib   -c -o get_lowref.o get_lowref.f
ar rv liblaps.a get_lowref.o
a - get_lowref.o
gfortran -ffree-line-length-none -fallow-argument-mismatch -I../../src/include -I/opt/homebrew/include -I../../src/lib -I../../src/lib/modules -I../../src/lib/cloud -I../../src/lib/radar/synp -I../../src/lib/degrib   -c -o get_maps_lapsgrid.o get_maps_lapsgrid.f
ar rv liblaps.a get_maps_lapsgrid.o
a - get_maps_lapsgrid.o
gfortran -ffree-line-length-none -fallow-argument-mismatch -I../../src/include -I/opt/homebrew/include -I../../src/lib -I../../src/lib/modules -I../../src/lib/cloud -I../../src/lib/radar/synp -I../../src/lib/degrib   -c -o get_maxref.o get_maxref.f
ar rv liblaps.a get_maxref.o
a - get_maxref.o
gfortran -ffree-line-length-none -fallow-argument-mismatch -I../../src/include -I/opt/homebrew/include -I../../src/lib -I../../src/lib/modules -I../../src/lib/cloud -I../../src/lib/radar/synp -I../../src/lib/degrib   -c -o get_maxtops.o get_maxtops.f
ar rv liblaps.a get_maxtops.o
a - get_maxtops.o
gfortran -ffree-line-length-none -fallow-argument-mismatch -I../../src/include -I/opt/homebrew/include -I../../src/lib -I../../src/lib/modules -I../../src/lib/cloud -I../../src/lib/radar/synp -I../../src/lib/degrib   -c -o get_pres_3d.o get_pres_3d.f
ar rv liblaps.a get_pres_3d.o
a - get_pres_3d.o
gfortran -ffree-line-length-none -fallow-argument-mismatch -I../../src/include -I/opt/homebrew/include -I../../src/lib -I../../src/lib/modules -I../../src/lib/cloud -I../../src/lib/radar/synp -I../../src/lib/degrib   -c -o get_radar_deriv.o get_radar_deriv.f
get_radar_deriv.f:746:72:

  746 |           do 100 i = njump+1, nx-njump, 1
      |                                                                        1
Warning: Fortran 2018 deleted feature: Shared DO termination label 100 at (1)
ar rv liblaps.a get_radar_deriv.o
a - get_radar_deriv.o
gfortran -ffree-line-length-none -fallow-argument-mismatch -I../../src/include -I/opt/homebrew/include -I../../src/lib -I../../src/lib/modules -I../../src/lib/cloud -I../../src/lib/radar/synp -I../../src/lib/degrib   -c -o get_radar_max_pd.o get_radar_max_pd.f
ar rv liblaps.a get_radar_max_pd.o
a - get_radar_max_pd.o
gfortran -ffree-line-length-none -fallow-argument-mismatch -I../../src/include -I/opt/homebrew/include -I../../src/lib -I../../src/lib/modules -I../../src/lib/cloud -I../../src/lib/radar/synp -I../../src/lib/degrib   -c -o get_static_info.o get_static_info.f
ar rv liblaps.a get_static_info.o
a - get_static_info.o
gfortran -ffree-line-length-none -fallow-argument-mismatch -I../../src/include -I/opt/homebrew/include -I../../src/lib -I../../src/lib/modules -I../../src/lib/cloud -I../../src/lib/radar/synp -I../../src/lib/degrib   -c -o get_systime.o get_systime.f
ar rv liblaps.a get_systime.o
a - get_systime.o
gfortran -ffree-line-length-none -fallow-argument-mismatch -I../../src/include -I/opt/homebrew/include -I../../src/lib -I../../src/lib/modules -I../../src/lib/cloud -I../../src/lib/radar/synp -I../../src/lib/degrib   -c -o getcld3d.o getcld3d.f
ar rv liblaps.a getcld3d.o
a - getcld3d.o
gfortran -ffree-line-length-none -fallow-argument-mismatch -I../../src/include -I/opt/homebrew/include -I../../src/lib -I../../src/lib/modules -I../../src/lib/cloud -I../../src/lib/radar/synp -I../../src/lib/degrib   -c -o getradar.o getradar.f
getradar.f:1216:12:

 1216 |         do ds = 0.,dist,delta_dist
      |            1~~
Warning: Deleted feature: Loop variable at (1) must be integer
getradar.f:1216:15:

 1216 |         do ds = 0.,dist,delta_dist
      |               1
Warning: Deleted feature: Start expression in DO loop at (1) must be integer
getradar.f:1216:19:

 1216 |         do ds = 0.,dist,delta_dist
      |                   1
Warning: Deleted feature: End expression in DO loop at (1) must be integer
getradar.f:1216:24:

 1216 |         do ds = 0.,dist,delta_dist
      |                        1
Warning: Deleted feature: Step expression in DO loop at (1) must be integer
ar rv liblaps.a getradar.o
a - getradar.o
gfortran -ffree-line-length-none -fallow-argument-mismatch -I../../src/include -I/opt/homebrew/include -I../../src/lib -I../../src/lib/modules -I../../src/lib/cloud -I../../src/lib/radar/synp -I../../src/lib/degrib   -c -o get_time_window.o get_time_window.f
ar rv liblaps.a get_time_window.o
a - get_time_window.o
gfortran -ffree-line-length-none -fallow-argument-mismatch -I../../src/include -I/opt/homebrew/include -I../../src/lib -I../../src/lib/modules -I../../src/lib/cloud -I../../src/lib/radar/synp -I../../src/lib/degrib   -c -o gettmp2d.o gettmp2d.f
ar rv liblaps.a gettmp2d.o
a - gettmp2d.o
gfortran -ffree-line-length-none -fallow-argument-mismatch -I../../src/include -I/opt/homebrew/include -I../../src/lib -I../../src/lib/modules -I../../src/lib/cloud -I../../src/lib/radar/synp -I../../src/lib/degrib   -c -o gettmp3d.o gettmp3d.f
ar rv liblaps.a gettmp3d.o
a - gettmp3d.o
gfortran -ffree-line-length-none -fallow-argument-mismatch -I../../src/include -I/opt/homebrew/include -I../../src/lib -I../../src/lib/modules -I../../src/lib/cloud -I../../src/lib/radar/synp -I../../src/lib/degrib   -c -o getuv3d.o getuv3d.f
ar rv liblaps.a getuv3d.o
a - getuv3d.o
gfortran -ffree-line-length-none -fallow-argument-mismatch -I../../src/include -I/opt/homebrew/include -I../../src/lib -I../../src/lib/modules -I../../src/lib/cloud -I../../src/lib/radar/synp -I../../src/lib/degrib   -c -o getw3d.o getw3d.f
ar rv liblaps.a getw3d.o
a - getw3d.o
gfortran -ffree-line-length-none -fallow-argument-mismatch -I../../src/include -I/opt/homebrew/include -I../../src/lib -I../../src/lib/modules -I../../src/lib/cloud -I../../src/lib/radar/synp -I../../src/lib/degrib   -c -o ghbry.o ghbry.f
ar rv liblaps.a ghbry.o
a - ghbry.o
gfortran -ffree-line-length-none -fallow-argument-mismatch -I../../src/include -I/opt/homebrew/include -I../../src/lib -I../../src/lib/modules -I../../src/lib/cloud -I../../src/lib/radar/synp -I../../src/lib/degrib   -c -o gridconv.o gridconv.f
ar rv liblaps.a gridconv.o
a - gridconv.o
gfortran -ffree-line-length-none -fallow-argument-mismatch -I../../src/include -I/opt/homebrew/include -I../../src/lib -I../../src/lib/modules -I../../src/lib/cloud -I../../src/lib/radar/synp -I../../src/lib/degrib   -c -o ground_temp.o ground_temp.f
ar rv liblaps.a ground_temp.o
a - ground_temp.o
gfortran -ffree-line-length-none -fallow-argument-mismatch -I../../src/include -I/opt/homebrew/include -I../../src/lib -I../../src/lib/modules -I../../src/lib/cloud -I../../src/lib/radar/synp -I../../src/lib/degrib   -c -o hum.o hum.f
ar rv liblaps.a hum.o
a - hum.o
gfortran -ffree-line-length-none -fallow-argument-mismatch -I../../src/include -I/opt/homebrew/include -I../../src/lib -I../../src/lib/modules -I../../src/lib/cloud -I../../src/lib/radar/synp -I../../src/lib/degrib   -c -o i4time_asc_gg.o i4time_asc_gg.f
ar rv liblaps.a i4time_asc_gg.o
a - i4time_asc_gg.o
gfortran -ffree-line-length-none -fallow-argument-mismatch -I../../src/include -I/opt/homebrew/include -I../../src/lib -I../../src/lib/modules -I../../src/lib/cloud -I../../src/lib/radar/synp -I../../src/lib/degrib   -c -o i4time_fname_lp.o i4time_fname_lp.f
ar rv liblaps.a i4time_fname_lp.o
a - i4time_fname_lp.o
gfortran -ffree-line-length-none -fallow-argument-mismatch -I../../src/include -I/opt/homebrew/include -I../../src/lib -I../../src/lib/modules -I../../src/lib/cloud -I../../src/lib/radar/synp -I../../src/lib/degrib   -c -o ingest_madis_map.o ingest_madis_map.f
ar rv liblaps.a ingest_madis_map.o
a - ingest_madis_map.o
gfortran -ffree-line-length-none -fallow-argument-mismatch -I../../src/include -I/opt/homebrew/include -I../../src/lib -I../../src/lib/modules -I../../src/lib/cloud -I../../src/lib/radar/synp -I../../src/lib/degrib   -c -o ingest_routines.o ingest_routines.f
ar rv liblaps.a ingest_routines.o
a - ingest_routines.o
gfortran -ffree-line-length-none -fallow-argument-mismatch -I../../src/include -I/opt/homebrew/include -I../../src/lib -I../../src/lib/modules -I../../src/lib/cloud -I../../src/lib/radar/synp -I../../src/lib/degrib   -c -o insertpireps.o insertpireps.f
ar rv liblaps.a insertpireps.o
a - insertpireps.o
gfortran -ffree-line-length-none -fallow-argument-mismatch -I../../src/include -I/opt/homebrew/include -I../../src/lib -I../../src/lib/modules -I../../src/lib/cloud -I../../src/lib/radar/synp -I../../src/lib/degrib   -c -o insertsao.o insertsao.f
ar rv liblaps.a insertsao.o
a - insertsao.o
gfortran -ffree-line-length-none -fallow-argument-mismatch -I../../src/include -I/opt/homebrew/include -I../../src/lib -I../../src/lib/modules -I../../src/lib/cloud -I../../src/lib/radar/synp -I../../src/lib/degrib   -c -o interp.o interp.f
ar rv liblaps.a interp.o
a - interp.o
gfortran -ffree-line-length-none -fallow-argument-mismatch -I../../src/include -I/opt/homebrew/include -I../../src/lib -I../../src/lib/modules -I../../src/lib/cloud -I../../src/lib/radar/synp -I../../src/lib/degrib   -c -o interpolate_3dfield.o interpolate_3dfield.f
ar rv liblaps.a interpolate_3dfield.o
a - interpolate_3dfield.o
gfortran -ffree-line-length-none -fallow-argument-mismatch -I../../src/include -I/opt/homebrew/include -I../../src/lib -I../../src/lib/modules -I../../src/lib/cloud -I../../src/lib/radar/synp -I../../src/lib/degrib   -c -o land_albedo.o land_albedo.f
ar rv liblaps.a land_albedo.o
a - land_albedo.o
gfortran -ffree-line-length-none -fallow-argument-mismatch -I../../src/include -I/opt/homebrew/include -I../../src/lib -I../../src/lib/modules -I../../src/lib/cloud -I../../src/lib/radar/synp -I../../src/lib/degrib   -c -o land_topo.o land_topo.f
ar rv liblaps.a land_topo.o
a - land_topo.o
gfortran -ffree-line-length-none -fallow-argument-mismatch -I../../src/include -I/opt/homebrew/include -I../../src/lib -I../../src/lib/modules -I../../src/lib/cloud -I../../src/lib/radar/synp -I../../src/lib/degrib   -c -o laps_io.o laps_io.f
laps_io.f:878:25:

  221 |      1,imax,jmax,1,1,VAR_2D,LVL_2D,LVL_COORD_2D,tmp_units_2d
      |                            2
......
  878 |      1  kmax,kmax,VAR_3D,LVL_3D,LVL_COORD_3D,UNITS_3D,
      |                         1
Warning: Rank mismatch between actual argument at (1) and actual argument at (2) (scalar and rank-1)
laps_io.f:878:45:

  221 |      1,imax,jmax,1,1,VAR_2D,LVL_2D,LVL_COORD_2D,tmp_units_2d
      |                                                2
......
  878 |      1  kmax,kmax,VAR_3D,LVL_3D,LVL_COORD_3D,UNITS_3D,
      |                                             1
Warning: Type mismatch between actual argument at (1) and actual argument at (2) (CHARACTER(10)/REAL(4)).
laps_io.f:888:28:

  221 |      1,imax,jmax,1,1,VAR_2D,LVL_2D,LVL_COORD_2D,tmp_units_2d
      |                            2
......
  888 |      1,imax,jmax,1,1,VAR_3D,LVL_3D,LVL_COORD_3D,tmp_units_2d
      |                            1
Warning: Rank mismatch between actual argument at (1) and actual argument at (2) (scalar and rank-1)
laps_io.f:1040:21:

  979 |      1  1,1,VAR_2D,LVL_2D,LVL_COORD_2D,UNITS_2D,
      |                   2  
......
 1040 |      1  nk,nk,VAR_3D,LVL_3D,LVL_COORD_3D,UNITS_3D,
      |                     1
Warning: Rank mismatch between actual argument at (1) and actual argument at (2) (scalar and rank-1)
laps_io.f:1111:27:

  979 |      1  1,1,VAR_2D,LVL_2D,LVL_COORD_2D,UNITS_2D,
      |                   2        
......
 1111 |      1  nk*nf,nk*nf,VAR_3D,LVL_3D,LVL_COORD_3D,UNITS_3D,
      |                           1
Warning: Rank mismatch between actual argument at (1) and actual argument at (2) (scalar and rank-1)
laps_io.f:1242:20:

  979 |      1  1,1,VAR_2D,LVL_2D,LVL_COORD_2D,UNITS_2D,
      |                   2 
......
 1242 |      1  nf,nf,VAR_A,LVL_2D,LVL_COORD_2D,UNITS_A,
      |                    1
Warning: Rank mismatch between actual argument at (1) and actual argument at (2) (scalar and rank-1)
ar rv liblaps.a laps_io.o
a - laps_io.o
gfortran -ffree-line-length-none -fallow-argument-mismatch -I../../src/include -I/opt/homebrew/include -I../../src/lib -I../../src/lib/modules -I../../src/lib/cloud -I../../src/lib/radar/synp -I../../src/lib/degrib   -c -o laps_routines.o laps_routines.f
laps_routines.f:1919:72:

 1919 |         do 40 i=2,ni-1
      |                                                                               1
Warning: Fortran 2018 deleted feature: Shared DO termination label 40 at (1)
laps_routines.f:1934:72:

 1934 |         do 45 i=2,ni-1
      |                                                                               1
Warning: Fortran 2018 deleted feature: Shared DO termination label 45 at (1)
laps_routines.f:2225:72:

 2225 |       if (h.eq.0.) pause 'bad xa input.'
      |                                                                        1
Warning: Deleted feature: PAUSE statement at (1)
ar rv liblaps.a laps_routines.o
a - laps_routines.o
gfortran -ffree-line-length-none -fallow-argument-mismatch -I../../src/include -I/opt/homebrew/include -I../../src/lib -I../../src/lib/modules -I../../src/lib/cloud -I../../src/lib/radar/synp -I../../src/lib/degrib   -c -o laps_thermo.o laps_thermo.f
laps_thermo.f:430:72:

  430 |  600            WRITE(6,64)PBECR(II,1),PBECR(II,2),VEL(II),PBECR(II,4)
      |                                                                        1
Warning: Fortran 2018 deleted feature: DO termination statement which is not END DO or CONTINUE with label 600 at (1)
laps_thermo.f:437:72:

  437 |  700            WRITE(6,5)TDFCR(II,1),TDFCR(II,2)
      |                                                                        1
Warning: Fortran 2018 deleted feature: DO termination statement which is not END DO or CONTINUE with label 700 at (1)
laps_thermo.f:982:72:

  982 |         IF((P(LOWEST)-P(I))-THKNES)50,150,200
      |                                                                        1
Warning: Fortran 2018 deleted feature: Arithmetic IF statement at (1)
laps_thermo.f:1069:72:

 1069 |         IF(ABS(RES)-.05)150,150,130
      |                                                                        1
Warning: Fortran 2018 deleted feature: Arithmetic IF statement at (1)
laps_thermo.f:1123:72:

 1123 |         IF(P(N)-PINT)300,200,100
      |                                                                        1
Warning: Fortran 2018 deleted feature: Arithmetic IF statement at (1)
laps_thermo.f:2163:72:

 2163 |  4         PI= PI*(2.**(X))
      |                                                                        1
Warning: Fortran 2018 deleted feature: DO termination statement which is not END DO or CONTINUE with label 4 at (1)
laps_thermo.f:2257:72:

 2257 |             if( (wb(n) - twet_c) * (wb(n-1) - twet_c) )250,250,200
      |                                                                        1
Warning: Fortran 2018 deleted feature: Arithmetic IF statement at (1)
laps_thermo.f:1430:24:

 1430 |                     do pres2 = pres2_low,pres2_high,pres2_interval
      |                        1~~~~~
Warning: Deleted feature: Loop variable at (1) must be integer
laps_thermo.f:1427:20:

 1427 |                 do tdprs = tdprs_low,tdprs_high,tdprs_interval
      |                    1~~~~~
Warning: Deleted feature: Loop variable at (1) must be integer
laps_thermo.f:1424:16:

 1424 |             do t = t_low,t_high,t_interval
      |                1~
Warning: Deleted feature: Loop variable at (1) must be integer
laps_thermo.f:1570:20:

 1570 |                 do pres = pres_low,pres_high,pres_interval
      |                    1~~~~
Warning: Deleted feature: Loop variable at (1) must be integer
laps_thermo.f:1567:16:

 1567 |             do thetae = thetae_low,thetae_high,thetae_interval
      |                1~~~~~~
Warning: Deleted feature: Loop variable at (1) must be integer
ar rv liblaps.a laps_thermo.o
a - laps_thermo.o
gfortran -ffree-line-length-none -fallow-argument-mismatch -I../../src/include -I/opt/homebrew/include -I../../src/lib -I../../src/lib/modules -I../../src/lib/cloud -I../../src/lib/radar/synp -I../../src/lib/degrib   -c -o lapsgrid.o lapsgrid.f
ar rv liblaps.a lapsgrid.o
a - lapsgrid.o
gfortran -ffree-line-length-none -fallow-argument-mismatch -I../../src/include -I/opt/homebrew/include -I../../src/lib -I../../src/lib/modules -I../../src/lib/cloud -I../../src/lib/radar/synp -I../../src/lib/degrib   -c -o latlon_to_rlaps.o latlon_to_rlaps.f
ar rv liblaps.a latlon_to_rlaps.o
a - latlon_to_rlaps.o
gfortran -ffree-line-length-none -fallow-argument-mismatch -I../../src/include -I/opt/homebrew/include -I../../src/lib -I../../src/lib/modules -I../../src/lib/cloud -I../../src/lib/radar/synp -I../../src/lib/degrib   -c -o libdummies.o libdummies.f
libdummies.f:90:22:

   90 |         common /timer/ i4time_start
      |                      1
Warning: Named COMMON block 'timer' at (1) shall be of the same size as elsewhere (4 vs 12 bytes)
libdummies.f:132:22:

  132 |         common /timer/ i4time_start
      |                      1
Warning: Named COMMON block 'timer' at (1) shall be of the same size as elsewhere (4 vs 12 bytes)
ar rv liblaps.a libdummies.o
a - libdummies.o
gfortran -ffree-line-length-none -fallow-argument-mismatch -I../../src/include -I/opt/homebrew/include -I../../src/lib -I../../src/lib/modules -I../../src/lib/cloud -I../../src/lib/radar/synp -I../../src/lib/degrib   -c -o make_rh.o make_rh.f
ar rv liblaps.a make_rh.o
a - make_rh.o
gfortran -ffree-line-length-none -fallow-argument-mismatch -I../../src/include -I/opt/homebrew/include -I../../src/lib -I../../src/lib/modules -I../../src/lib/cloud -I../../src/lib/radar/synp -I../../src/lib/degrib   -c -o make_ssh.o make_ssh.f
ar rv liblaps.a make_ssh.o
a - make_ssh.o
gfortran -ffree-line-length-none -fallow-argument-mismatch -I../../src/include -I/opt/homebrew/include -I../../src/lib -I../../src/lib/modules -I../../src/lib/cloud -I../../src/lib/radar/synp -I../../src/lib/degrib   -c -o make_td.o make_td.f
ar rv liblaps.a make_td.o
a - make_td.o
gfortran -ffree-line-length-none -fallow-argument-mismatch -I../../src/include -I/opt/homebrew/include -I../../src/lib -I../../src/lib/modules -I../../src/lib/cloud -I../../src/lib/radar/synp -I../../src/lib/degrib   -c -o make_optran_layers.o make_optran_layers.f
ar rv liblaps.a make_optran_layers.o
a - make_optran_layers.o
gfortran -ffree-line-length-none -fallow-argument-mismatch -I../../src/include -I/opt/homebrew/include -I../../src/lib -I../../src/lib/modules -I../../src/lib/cloud -I../../src/lib/radar/synp -I../../src/lib/degrib   -c -o map_proj.o map_proj.f
ar rv liblaps.a map_proj.o
a - map_proj.o
gfortran -ffree-line-length-none -fallow-argument-mismatch -I../../src/include -I/opt/homebrew/include -I../../src/lib -I../../src/lib/modules -I../../src/lib/cloud -I../../src/lib/radar/synp -I../../src/lib/degrib   -c -o meanpres.o meanpres.f
ar rv liblaps.a meanpres.o
a - meanpres.o
gfortran -ffree-line-length-none -fallow-argument-mismatch -I../../src/include -I/opt/homebrew/include -I../../src/lib -I../../src/lib/modules -I../../src/lib/cloud -I../../src/lib/radar/synp -I../../src/lib/degrib   -c -o move.o move.f
ar rv liblaps.a move.o
a - move.o
gfortran -ffree-line-length-none -fallow-argument-mismatch -I../../src/include -I/opt/homebrew/include -I../../src/lib -I../../src/lib/modules -I../../src/lib/cloud -I../../src/lib/radar/synp -I../../src/lib/degrib   -c -o multar.o multar.f
ar rv liblaps.a multar.o
a - multar.o
gfortran -ffree-line-length-none -fallow-argument-mismatch -I../../src/include -I/opt/homebrew/include -I../../src/lib -I../../src/lib/modules -I../../src/lib/cloud -I../../src/lib/radar/synp -I../../src/lib/degrib   -c -o multcon.o multcon.f
ar rv liblaps.a multcon.o
a - multcon.o
gfortran -ffree-line-length-none -fallow-argument-mismatch -I../../src/include -I/opt/homebrew/include -I../../src/lib -I../../src/lib/modules -I../../src/lib/cloud -I../../src/lib/radar/synp -I../../src/lib/degrib   -c -o my_show_timer.o my_show_timer.f
ar rv liblaps.a my_show_timer.o
a - my_show_timer.o
gfortran -ffree-line-length-none -fallow-argument-mismatch -I../../src/include -I/opt/homebrew/include -I../../src/lib -I../../src/lib/modules -I../../src/lib/cloud -I../../src/lib/radar/synp -I../../src/lib/degrib   -c -o nan_routines.o nan_routines.f
ar rv liblaps.a nan_routines.o
a - nan_routines.o
gfortran -ffree-line-length-none -fallow-argument-mismatch -I../../src/include -I/opt/homebrew/include -I../../src/lib -I../../src/lib/modules -I../../src/lib/cloud -I../../src/lib/radar/synp -I../../src/lib/degrib   -c -o newreadobs.o newreadobs.f
ar rv liblaps.a newreadobs.o
a - newreadobs.o
gfortran -ffree-line-length-none -fallow-argument-mismatch -I../../src/include -I/opt/homebrew/include -I../../src/lib -I../../src/lib/modules -I../../src/lib/cloud -I../../src/lib/radar/synp -I../../src/lib/degrib   -c -o normalize.o normalize.f
ar rv liblaps.a normalize.o
a - normalize.o
gfortran -ffree-line-length-none -fallow-argument-mismatch -I../../src/include -I/opt/homebrew/include -I../../src/lib -I../../src/lib/modules -I../../src/lib/cloud -I../../src/lib/radar/synp -I../../src/lib/degrib   -c -o ofm.o ofm.f
ar rv liblaps.a ofm.o
a - ofm.o
gfortran -ffree-line-length-none -fallow-argument-mismatch -I../../src/include -I/opt/homebrew/include -I../../src/lib -I../../src/lib/modules -I../../src/lib/cloud -I../../src/lib/radar/synp -I../../src/lib/degrib   -c -o oh_zone.o oh_zone.f
ar rv liblaps.a oh_zone.o
a - oh_zone.o
gfortran -ffree-line-length-none -fallow-argument-mismatch -I../../src/include -I/opt/homebrew/include -I../../src/lib -I../../src/lib/modules -I../../src/lib/cloud -I../../src/lib/radar/synp -I../../src/lib/degrib   -c -o pcpcnc.o pcpcnc.f
ar rv liblaps.a pcpcnc.o
a - pcpcnc.o
gfortran -ffree-line-length-none -fallow-argument-mismatch -I../../src/include -I/opt/homebrew/include -I../../src/lib -I../../src/lib/modules -I../../src/lib/cloud -I../../src/lib/radar/synp -I../../src/lib/degrib   -c -o prof_cdf.o prof_cdf.f
prof_cdf.f:530:48:

  281 |      $                                           staname_list(j,i))
      |                                                 2
......
  530 |      $                                          array)
      |                                                1
Warning: Type mismatch between actual argument at (1) and actual argument at (2) (INTEGER(4)/CHARACTER(*)).
ar rv liblaps.a prof_cdf.o
a - prof_cdf.o
gfortran -ffree-line-length-none -fallow-argument-mismatch -I../../src/include -I/opt/homebrew/include -I../../src/lib -I../../src/lib/modules -I../../src/lib/cloud -I../../src/lib/radar/synp -I../../src/lib/degrib   -c -o psatoz.o psatoz.f
ar rv liblaps.a psatoz.o
a - psatoz.o
gfortran -ffree-line-length-none -fallow-argument-mismatch -I../../src/include -I/opt/homebrew/include -I../../src/lib -I../../src/lib/modules -I../../src/lib/cloud -I../../src/lib/radar/synp -I../../src/lib/degrib   -c -o put_sfc_bal.o put_sfc_bal.f
ar rv liblaps.a put_sfc_bal.o
a - put_sfc_bal.o
gfortran -ffree-line-length-none -fallow-argument-mismatch -I../../src/include -I/opt/homebrew/include -I../../src/lib -I../../src/lib/modules -I../../src/lib/cloud -I../../src/lib/radar/synp -I../../src/lib/degrib   -c -o qc.o qc.f
ar rv liblaps.a qc.o
a - qc.o
gfortran -ffree-line-length-none -fallow-argument-mismatch -I../../src/include -I/opt/homebrew/include -I../../src/lib -I../../src/lib/modules -I../../src/lib/cloud -I../../src/lib/radar/synp -I../../src/lib/degrib   -c -o qc_field_3d.o qc_field_3d.f
ar rv liblaps.a qc_field_3d.o
a - qc_field_3d.o
gfortran -ffree-line-length-none -fallow-argument-mismatch -I../../src/include -I/opt/homebrew/include -I../../src/lib -I../../src/lib/modules -I../../src/lib/cloud -I../../src/lib/radar/synp -I../../src/lib/degrib   -c -o radar_qc.o radar_qc.f
ar rv liblaps.a radar_qc.o
a - radar_qc.o
gfortran -ffree-line-length-none -fallow-argument-mismatch -I../../src/include -I/opt/homebrew/include -I../../src/lib -I../../src/lib/modules -I../../src/lib/cloud -I../../src/lib/radar/synp -I../../src/lib/degrib   -c -o radar_to_latlon.o radar_to_latlon.f
ar rv liblaps.a radar_to_latlon.o
a - radar_to_latlon.o
gfortran -ffree-line-length-none -fallow-argument-mismatch -I../../src/include -I/opt/homebrew/include -I../../src/lib -I../../src/lib/modules -I../../src/lib/cloud -I../../src/lib/radar/synp -I../../src/lib/degrib   -c -o razm_lat_lon_gm.o razm_lat_lon_gm.f
ar rv liblaps.a razm_lat_lon_gm.o
a - razm_lat_lon_gm.o
gfortran -ffree-line-length-none -fallow-argument-mismatch -I../../src/include -I/opt/homebrew/include -I../../src/lib -I../../src/lib/modules -I../../src/lib/cloud -I../../src/lib/radar/synp -I../../src/lib/degrib   -c -o readlaps.o readlaps.f
ar rv liblaps.a readlaps.o
a - readlaps.o
gfortran -ffree-line-length-none -fallow-argument-mismatch -I../../src/include -I/opt/homebrew/include -I../../src/lib -I../../src/lib/modules -I../../src/lib/cloud -I../../src/lib/radar/synp -I../../src/lib/degrib   -c -o rd_laps_static.o rd_laps_static.f
ar rv liblaps.a rd_laps_static.o
a - rd_laps_static.o
gfortran -ffree-line-length-none -fallow-argument-mismatch -I../../src/include -I/opt/homebrew/include -I../../src/lib -I../../src/lib/modules -I../../src/lib/cloud -I../../src/lib/radar/synp -I../../src/lib/degrib   -c -o read-laps-static.o read-laps-static.f
ar rv liblaps.a read-laps-static.o
a - read-laps-static.o
gfortran -ffree-line-length-none -fallow-argument-mismatch -I../../src/include -I/opt/homebrew/include -I../../src/lib -I../../src/lib/modules -I../../src/lib/cloud -I../../src/lib/radar/synp -I../../src/lib/degrib   -c -o read_acars_ob.o read_acars_ob.f
read_acars_ob.f:28:72:

   28 | 5       read(lun,101,end=900,err=5)string
      |                                                                        1
Warning: Branch at (1) may result in an infinite loop
ar rv liblaps.a read_acars_ob.o
a - read_acars_ob.o
gfortran -ffree-line-length-none -fallow-argument-mismatch -I../../src/include -I/opt/homebrew/include -I../../src/lib -I../../src/lib/modules -I../../src/lib/cloud -I../../src/lib/radar/synp -I../../src/lib/degrib   -c -o read_gps_obs.o read_gps_obs.f
ar rv liblaps.a read_gps_obs.o
a - read_gps_obs.o
gfortran -ffree-line-length-none -fallow-argument-mismatch -I../../src/include -I/opt/homebrew/include -I../../src/lib -I../../src/lib/modules -I../../src/lib/cloud -I../../src/lib/radar/synp -I../../src/lib/degrib   -c -o read_ldad_prof.o read_ldad_prof.f
read_ldad_prof.f:647:49:

  617 |         nf_status = NF_GET_VAR_INT(nf_fid,nf_vid,firstInBin)
      |                                                 2
......
  647 |         nf_status = NF_GET_VAR_INT(nf_fid,nf_vid,firstOverflow)
      |                                                 1
Warning: Rank mismatch between actual argument at (1) and actual argument at (2) (rank-1 and scalar)
read_ldad_prof.f:662:49:

  617 |         nf_status = NF_GET_VAR_INT(nf_fid,nf_vid,firstInBin)
      |                                                 2
......
  662 |         nf_status = NF_GET_VAR_INT(nf_fid,nf_vid,globalInventory)
      |                                                 1
Warning: Rank mismatch between actual argument at (1) and actual argument at (2) (rank-1 and scalar)
read_ldad_prof.f:752:49:

  617 |         nf_status = NF_GET_VAR_INT(nf_fid,nf_vid,firstInBin)
      |                                                 2
......
  752 |         nf_status = NF_GET_VAR_INT(nf_fid,nf_vid,nStaticIds)
      |                                                 1
Warning: Rank mismatch between actual argument at (1) and actual argument at (2) (rank-1 and scalar)
ar rv liblaps.a read_ldad_prof.o
a - read_ldad_prof.o
gfortran -ffree-line-length-none -fallow-argument-mismatch -I../../src/include -I/opt/homebrew/include -I../../src/lib -I../../src/lib/modules -I../../src/lib/cloud -I../../src/lib/radar/synp -I../../src/lib/degrib   -c -o read_namelist.o read_namelist.f
ar rv liblaps.a read_namelist.o
a - read_namelist.o
gfortran -ffree-line-length-none -fallow-argument-mismatch -I../../src/include -I/opt/homebrew/include -I../../src/lib -I../../src/lib/modules -I../../src/lib/cloud -I../../src/lib/radar/synp -I../../src/lib/degrib   -c -o read_pro_data.o read_pro_data.f
ar rv liblaps.a read_pro_data.o
a - read_pro_data.o
gfortran -ffree-line-length-none -fallow-argument-mismatch -I../../src/include -I/opt/homebrew/include -I../../src/lib -I../../src/lib/modules -I../../src/lib/cloud -I../../src/lib/radar/synp -I../../src/lib/degrib   -c -o read_snd_data.o read_snd_data.f
ar rv liblaps.a read_snd_data.o
a - read_snd_data.o
gfortran -ffree-line-length-none -fallow-argument-mismatch -I../../src/include -I/opt/homebrew/include -I../../src/lib -I../../src/lib/modules -I../../src/lib/cloud -I../../src/lib/radar/synp -I../../src/lib/degrib   -c -o read_surface_obs.o read_surface_obs.f
ar rv liblaps.a read_surface_obs.o
a - read_surface_obs.o
gfortran -ffree-line-length-none -fallow-argument-mismatch -I../../src/include -I/opt/homebrew/include -I../../src/lib -I../../src/lib/modules -I../../src/lib/cloud -I../../src/lib/radar/synp -I../../src/lib/degrib   -c -o read_surface_old.o read_surface_old.f
ar rv liblaps.a read_surface_old.o
a - read_surface_old.o
gfortran -ffree-line-length-none -fallow-argument-mismatch -I../../src/include -I/opt/homebrew/include -I../../src/lib -I../../src/lib/modules -I../../src/lib/cloud -I../../src/lib/radar/synp -I../../src/lib/degrib   -c -o read_surface_sa.o read_surface_sa.f
ar rv liblaps.a read_surface_sa.o
a - read_surface_sa.o
gfortran -ffree-line-length-none -fallow-argument-mismatch -I../../src/include -I/opt/homebrew/include -I../../src/lib -I../../src/lib/modules -I../../src/lib/cloud -I../../src/lib/radar/synp -I../../src/lib/degrib   -c -o read_wrfsi_nl.o read_wrfsi_nl.f
ar rv liblaps.a read_wrfsi_nl.o
a - read_wrfsi_nl.o
gfortran -ffree-line-length-none -fallow-argument-mismatch -I../../src/include -I/opt/homebrew/include -I../../src/lib -I../../src/lib/modules -I../../src/lib/cloud -I../../src/lib/radar/synp -I../../src/lib/degrib   -c -o readlapscompressed.o readlapscompressed.f
ar rv liblaps.a readlapscompressed.o
a - readlapscompressed.o
gfortran -ffree-line-length-none -fallow-argument-mismatch -I../../src/include -I/opt/homebrew/include -I../../src/lib -I../../src/lib/modules -I../../src/lib/cloud -I../../src/lib/radar/synp -I../../src/lib/degrib   -c -o readlapsdata.o readlapsdata.f
ar rv liblaps.a readlapsdata.o
a - readlapsdata.o
gfortran -ffree-line-length-none -fallow-argument-mismatch -I../../src/include -I/opt/homebrew/include -I../../src/lib -I../../src/lib/modules -I../../src/lib/cloud -I../../src/lib/radar/synp -I../../src/lib/degrib   -c -o readlapsheader.o readlapsheader.f
ar rv liblaps.a readlapsheader.o
a - readlapsheader.o
gfortran -ffree-line-length-none -fallow-argument-mismatch -I../../src/include -I/opt/homebrew/include -I../../src/lib -I../../src/lib/modules -I../../src/lib/cloud -I../../src/lib/radar/synp -I../../src/lib/degrib   -c -o rfill.o rfill.f
ar rv liblaps.a rfill.o
a - rfill.o
gfortran -ffree-line-length-none -fallow-argument-mismatch -I../../src/include -I/opt/homebrew/include -I../../src/lib -I../../src/lib/modules -I../../src/lib/cloud -I../../src/lib/radar/synp -I../../src/lib/degrib   -c -o rh2cld.o rh2cld.f
ar rv liblaps.a rh2cld.o
a - rh2cld.o
gfortran -ffree-line-length-none -fallow-argument-mismatch -I../../src/include -I/opt/homebrew/include -I../../src/lib -I../../src/lib/modules -I../../src/lib/cloud -I../../src/lib/radar/synp -I../../src/lib/degrib   -c -o rootfind.o rootfind.f
ar rv liblaps.a rootfind.o
a - rootfind.o
gfortran -ffree-line-length-none -fallow-argument-mismatch -I../../src/include -I/opt/homebrew/include -I../../src/lib -I../../src/lib/modules -I../../src/lib/cloud -I../../src/lib/radar/synp -I../../src/lib/degrib   -c -o rotate.o rotate.f
ar rv liblaps.a rotate.o
a - rotate.o
gfortran -ffree-line-length-none -fallow-argument-mismatch -I../../src/include -I/opt/homebrew/include -I../../src/lib -I../../src/lib/modules -I../../src/lib/cloud -I../../src/lib/radar/synp -I../../src/lib/degrib   -c -o satgeom.o satgeom.f
ar rv liblaps.a satgeom.o
a - satgeom.o
gfortran -ffree-line-length-none -fallow-argument-mismatch -I../../src/include -I/opt/homebrew/include -I../../src/lib -I../../src/lib/modules -I../../src/lib/cloud -I../../src/lib/radar/synp -I../../src/lib/degrib   -c -o sfc_routines.o sfc_routines.f
ar rv liblaps.a sfc_routines.o
a - sfc_routines.o
gfortran -ffree-line-length-none -fallow-argument-mismatch -I../../src/include -I/opt/homebrew/include -I../../src/lib -I../../src/lib/modules -I../../src/lib/cloud -I../../src/lib/radar/synp -I../../src/lib/degrib   -c -o skill_scores.o skill_scores.f
ar rv liblaps.a skill_scores.o
a - skill_scores.o
gfortran -ffree-line-length-none -fallow-argument-mismatch -I../../src/include -I/opt/homebrew/include -I../../src/lib -I../../src/lib/modules -I../../src/lib/cloud -I../../src/lib/radar/synp -I../../src/lib/degrib   -c -o smf_wisp91.o smf_wisp91.f
smf_wisp91.f:232:72:

  232 |    21     READ(K7,*) HEIGHT(J),TEMPRO(J),PRESSP(J)
      |                                                                        1
Warning: Fortran 2018 deleted feature: DO termination statement which is not END DO or CONTINUE with label 21 at (1)
smf_wisp91.f:342:72:

  342 |     5 IF(XMAXHT.LT.TOP(J)) XMAXHT=TOP(J)
      |                                                                        1
Warning: Fortran 2018 deleted feature: DO termination statement which is not END DO or CONTINUE with label 5 at (1)
smf_wisp91.f:2348:72:

 2348 |   100      RNDRPS(IA,LAY,1)= 20.*EXP((-.004555*R)/LWCRL**.25)
      |                                                                        1
Warning: Fortran 2018 deleted feature: DO termination statement which is not END DO or CONTINUE with label 100 at (1)
smf_wisp91.f:2359:72:

 2359 |   110      RNDRPS(IA,LAY,2)= 20. * EXP((-.004555*R)/LWCRI**.25)
      |                                                                        1
Warning: Fortran 2018 deleted feature: DO termination statement which is not END DO or CONTINUE with label 110 at (1)
smf_wisp91.f:2402:17:

 2402 |       DO 100 I=1,GAMMA
      |                 1
Warning: Deleted feature: End expression in DO loop at (1) must be integer
ar rv liblaps.a smf_wisp91.o
a - smf_wisp91.o
gfortran -ffree-line-length-none -fallow-argument-mismatch -I../../src/include -I/opt/homebrew/include -I../../src/lib -I../../src/lib/modules -I../../src/lib/cloud -I../../src/lib/radar/synp -I../../src/lib/degrib   -c -o smf_wisp92.o smf_wisp92.f
ar rv liblaps.a smf_wisp92.o
a - smf_wisp92.o
gfortran -ffree-line-length-none -fallow-argument-mismatch -I../../src/include -I/opt/homebrew/include -I../../src/lib -I../../src/lib/modules -I../../src/lib/cloud -I../../src/lib/radar/synp -I../../src/lib/degrib   -c -o smooth_box.o smooth_box.f
ar rv liblaps.a smooth_box.o
a - smooth_box.o
gfortran -ffree-line-length-none -fallow-argument-mismatch -I../../src/include -I/opt/homebrew/include -I../../src/lib -I../../src/lib/modules -I../../src/lib/cloud -I../../src/lib/radar/synp -I../../src/lib/degrib   -c -o smooth_cross_laps.o smooth_cross_laps.f
ar rv liblaps.a smooth_cross_laps.o
a - smooth_cross_laps.o
gfortran -ffree-line-length-none -fallow-argument-mismatch -I../../src/include -I/opt/homebrew/include -I../../src/lib -I../../src/lib/modules -I../../src/lib/cloud -I../../src/lib/radar/synp -I../../src/lib/degrib   -c -o snooze_gg.o snooze_gg.f
ar rv liblaps.a snooze_gg.o
a - snooze_gg.o
gfortran -ffree-line-length-none -fallow-argument-mismatch -I../../src/include -I/opt/homebrew/include -I../../src/lib -I../../src/lib/modules -I../../src/lib/cloud -I../../src/lib/radar/synp -I../../src/lib/degrib   -c -o solar_normal.o solar_normal.f
ar rv liblaps.a solar_normal.o
a - solar_normal.o
gfortran -ffree-line-length-none -fallow-argument-mismatch -I../../src/include -I/opt/homebrew/include -I../../src/lib -I../../src/lib/modules -I../../src/lib/cloud -I../../src/lib/radar/synp -I../../src/lib/degrib   -c -o spread.o spread.f
ar rv liblaps.a spread.o
a - spread.o
gfortran -ffree-line-length-none -fallow-argument-mismatch -I../../src/include -I/opt/homebrew/include -I../../src/lib -I../../src/lib/modules -I../../src/lib/cloud -I../../src/lib/radar/synp -I../../src/lib/degrib   -c -o xlbfgsb.o xlbfgsb.f
ar rv liblaps.a xlbfgsb.o
a - xlbfgsb.o
gfortran -ffree-line-length-none -fallow-argument-mismatch -I../../src/include -I/opt/homebrew/include -I../../src/lib -I../../src/lib/modules -I../../src/lib/cloud -I../../src/lib/radar/synp -I../../src/lib/degrib   -c -o xlinpack.o xlinpack.f
ar rv liblaps.a xlinpack.o
a - xlinpack.o
gfortran -ffree-line-length-none -fallow-argument-mismatch -I../../src/include -I/opt/homebrew/include -I../../src/lib -I../../src/lib/modules -I../../src/lib/cloud -I../../src/lib/radar/synp -I../../src/lib/degrib   -c -o xblas.o xblas.f
ar rv liblaps.a xblas.o
a - xblas.o
gfortran -ffree-line-length-none -fallow-argument-mismatch -I../../src/include -I/opt/homebrew/include -I../../src/lib -I../../src/lib/modules -I../../src/lib/cloud -I../../src/lib/radar/synp -I../../src/lib/degrib   -c -o xtimer_lbfgs.o xtimer_lbfgs.f
ar rv liblaps.a xtimer_lbfgs.o
a - xtimer_lbfgs.o
gfortran -ffree-line-length-none -fallow-argument-mismatch -I../../src/include -I/opt/homebrew/include -I../../src/lib -I../../src/lib/modules -I../../src/lib/cloud -I../../src/lib/radar/synp -I../../src/lib/degrib   -c -o ssh2.o ssh2.f
ar rv liblaps.a ssh2.o
a - ssh2.o
gfortran -ffree-line-length-none -fallow-argument-mismatch -I../../src/include -I/opt/homebrew/include -I../../src/lib -I../../src/lib/modules -I../../src/lib/cloud -I../../src/lib/radar/synp -I../../src/lib/degrib   -c -o stats_1d.o stats_1d.f
ar rv liblaps.a stats_1d.o
a - stats_1d.o
gfortran -ffree-line-length-none -fallow-argument-mismatch -I../../src/include -I/opt/homebrew/include -I../../src/lib -I../../src/lib/modules -I../../src/lib/cloud -I../../src/lib/radar/synp -I../../src/lib/degrib   -c -o subcon.o subcon.f
ar rv liblaps.a subcon.o
a - subcon.o
gfortran -ffree-line-length-none -fallow-argument-mismatch -I../../src/include -I/opt/homebrew/include -I../../src/lib -I../../src/lib/modules -I../../src/lib/cloud -I../../src/lib/radar/synp -I../../src/lib/degrib   -c -o sunfuncs.o sunfuncs.f
ar rv liblaps.a sunfuncs.o
a - sunfuncs.o
gfortran -ffree-line-length-none -fallow-argument-mismatch -I../../src/include -I/opt/homebrew/include -I../../src/lib -I../../src/lib/modules -I../../src/lib/cloud -I../../src/lib/radar/synp -I../../src/lib/degrib   -c -o time_conversions.o time_conversions.f
ar rv liblaps.a time_conversions.o
a - time_conversions.o
gcc -DMAC   -Wno-error=int-to-pointer-cast -Wno-error=pointer-to-int-cast -Wno-error=implicit-function-declaration -I../../src/include -I/opt/homebrew/include -I../../src/lib -I../../src/lib/modules -I../../src/lib/cloud -I../../src/lib/radar/synp -I../../src/lib/degrib -I/opt/homebrew/include -Dunknown -DFORTRANUNDERSCORE -DDYNAMIC -DMULTI_EXEC  -c -o time_now.o time_now.c
ar rv liblaps.a time_now.o
a - time_now.o
gfortran -ffree-line-length-none -fallow-argument-mismatch -I../../src/include -I/opt/homebrew/include -I../../src/lib -I../../src/lib/modules -I../../src/lib/cloud -I../../src/lib/radar/synp -I../../src/lib/degrib   -c -o trig_dum.o trig_dum.f
ar rv liblaps.a trig_dum.o
a - trig_dum.o
gfortran -ffree-line-length-none -fallow-argument-mismatch -I../../src/include -I/opt/homebrew/include -I../../src/lib -I../../src/lib/modules -I../../src/lib/cloud -I../../src/lib/radar/synp -I../../src/lib/degrib   -c -o upcase.o upcase.f
ar rv liblaps.a upcase.o
a - upcase.o
gfortran -ffree-line-length-none -fallow-argument-mismatch -I../../src/include -I/opt/homebrew/include -I../../src/lib -I../../src/lib/modules -I../../src/lib/cloud -I../../src/lib/radar/synp -I../../src/lib/degrib   -c -o up_mflux.o up_mflux.f
ar rv liblaps.a up_mflux.o
a - up_mflux.o
gfortran -ffree-line-length-none -fallow-argument-mismatch -I../../src/include -I/opt/homebrew/include -I../../src/lib -I../../src/lib/modules -I../../src/lib/cloud -I../../src/lib/radar/synp -I../../src/lib/degrib   -c -o vectors.o vectors.f
ar rv liblaps.a vectors.o
a - vectors.o
gfortran -ffree-line-length-none -fallow-argument-mismatch -I../../src/include -I/opt/homebrew/include -I../../src/lib -I../../src/lib/modules -I../../src/lib/cloud -I../../src/lib/radar/synp -I../../src/lib/degrib   -c -o vis2albedo.o vis2albedo.f
ar rv liblaps.a vis2albedo.o
a - vis2albedo.o
gfortran -ffree-line-length-none -fallow-argument-mismatch -I../../src/include -I/opt/homebrew/include -I../../src/lib -I../../src/lib/modules -I../../src/lib/cloud -I../../src/lib/radar/synp -I../../src/lib/degrib   -c -o vv.o vv.f
ar rv liblaps.a vv.o
a - vv.o
gfortran -ffree-line-length-none -fallow-argument-mismatch -I../../src/include -I/opt/homebrew/include -I../../src/lib -I../../src/lib/modules -I../../src/lib/cloud -I../../src/lib/radar/synp -I../../src/lib/degrib   -c -o wait_for_data.o wait_for_data.f
ar rv liblaps.a wait_for_data.o
a - wait_for_data.o
gfortran -ffree-line-length-none -fallow-argument-mismatch -I../../src/include -I/opt/homebrew/include -I../../src/lib -I../../src/lib/modules -I../../src/lib/cloud -I../../src/lib/radar/synp -I../../src/lib/degrib   -c -o wfo_fname_conversions.o wfo_fname_conversions.f
ar rv liblaps.a wfo_fname_conversions.o
a - wfo_fname_conversions.o
gfortran -ffree-line-length-none -fallow-argument-mismatch -I../../src/include -I/opt/homebrew/include -I../../src/lib -I../../src/lib/modules -I../../src/lib/cloud -I../../src/lib/radar/synp -I../../src/lib/degrib   -c -o windspeed.o windspeed.f
ar rv liblaps.a windspeed.o
a - windspeed.o
gfortran -ffree-line-length-none -fallow-argument-mismatch -I../../src/include -I/opt/homebrew/include -I../../src/lib -I../../src/lib/modules -I../../src/lib/cloud -I../../src/lib/radar/synp -I../../src/lib/degrib   -c -o writelaps.o writelaps.f
ar rv liblaps.a writelaps.o
a - writelaps.o
gfortran -ffree-line-length-none -fallow-argument-mismatch -I../../src/include -I/opt/homebrew/include -I../../src/lib -I../../src/lib/modules -I../../src/lib/cloud -I../../src/lib/radar/synp -I../../src/lib/degrib   -c -o writelapscompressed.o writelapscompressed.f
ar rv liblaps.a writelapscompressed.o
a - writelapscompressed.o
gfortran -ffree-line-length-none -fallow-argument-mismatch -I../../src/include -I/opt/homebrew/include -I../../src/lib -I../../src/lib/modules -I../../src/lib/cloud -I../../src/lib/radar/synp -I../../src/lib/degrib   -c -o writelapsdata.o writelapsdata.f
ar rv liblaps.a writelapsdata.o
a - writelapsdata.o
gfortran -ffree-line-length-none -fallow-argument-mismatch -I../../src/include -I/opt/homebrew/include -I../../src/lib -I../../src/lib/modules -I../../src/lib/cloud -I../../src/lib/radar/synp -I../../src/lib/degrib   -c -o writelapslvls.o writelapslvls.f
ar rv liblaps.a writelapslvls.o
a - writelapslvls.o
gfortran -ffree-line-length-none -fallow-argument-mismatch -I../../src/include -I/opt/homebrew/include -I../../src/lib -I../../src/lib/modules -I../../src/lib/cloud -I../../src/lib/radar/synp -I../../src/lib/degrib   -c -o writelapslfm.o writelapslfm.f
ar rv liblaps.a writelapslfm.o
a - writelapslfm.o
gfortran -ffree-line-length-none -fallow-argument-mismatch -I../../src/include -I/opt/homebrew/include -I../../src/lib -I../../src/lib/modules -I../../src/lib/cloud -I../../src/lib/radar/synp -I../../src/lib/degrib   -c -o wrt_laps_static.o wrt_laps_static.f
ar rv liblaps.a wrt_laps_static.o
a - wrt_laps_static.o
gfortran -ffree-line-length-none -fallow-argument-mismatch -I../../src/include -I/opt/homebrew/include -I../../src/lib -I../../src/lib/modules -I../../src/lib/cloud -I../../src/lib/radar/synp -I../../src/lib/degrib   -c -o write_snd.o write_snd.f
write_snd.f:82:59:

   69 |             call i4time_fname_lp(a9_time,i4time_sys,istatus)
      |                                                    2       
......
   82 |         call i4time_fname_lp(a9time_ob(isnd,1),i4time_raob,status)
      |                                                           1
Warning: Type mismatch between actual argument at (1) and actual argument at (2) (REAL(4)/INTEGER(4)).
ar rv liblaps.a write_snd.o
a - write_snd.o
gfortran -ffree-line-length-none -fallow-argument-mismatch -I../../src/include -I/opt/homebrew/include -I../../src/lib -I../../src/lib/modules -I../../src/lib/cloud -I../../src/lib/radar/synp -I../../src/lib/degrib   -c -o xyztopolard.o xyztopolard.f
ar rv liblaps.a xyztopolard.o
a - xyztopolard.o
gfortran -ffree-line-length-none -fallow-argument-mismatch -I../../src/include -I/opt/homebrew/include -I../../src/lib -I../../src/lib/modules -I../../src/lib/cloud -I../../src/lib/radar/synp -I../../src/lib/degrib   -c -o zero.o zero.f
ar rv liblaps.a zero.o
a - zero.o
gfortran -ffree-line-length-none -fallow-argument-mismatch -I../../src/include -I/opt/homebrew/include -I../../src/lib -I../../src/lib/modules -I../../src/lib/cloud -I../../src/lib/radar/synp -I../../src/lib/degrib   -c -o zr.o zr.f
ar rv liblaps.a zr.o
a - zr.o
gfortran -ffree-line-length-none -fallow-argument-mismatch -I../../src/include -I/opt/homebrew/include -I../../src/lib -I../../src/lib/modules -I../../src/lib/cloud -I../../src/lib/radar/synp -I../../src/lib/degrib   -c -o zs.o zs.f
ar rv liblaps.a zs.o
a - zs.o
gfortran -ffree-line-length-none -fallow-argument-mismatch -I../../src/include -I/opt/homebrew/include -I../../src/lib -I../../src/lib/modules -I../../src/lib/cloud -I../../src/lib/radar/synp -I../../src/lib/degrib   -c -o ztopsa.o ztopsa.f
ar rv liblaps.a ztopsa.o
a - ztopsa.o
gfortran -ffree-line-length-none -fallow-argument-mismatch -I../../src/include -I/opt/homebrew/include -I../../src/lib -I../../src/lib/modules -I../../src/lib/cloud -I../../src/lib/radar/synp -I../../src/lib/degrib   -c -o ztotsa.o ztotsa.f
ar rv liblaps.a ztotsa.o
a - ztotsa.o
gcc -DMAC   -Wno-error=int-to-pointer-cast -Wno-error=pointer-to-int-cast -Wno-error=implicit-function-declaration -I../../src/include -I/opt/homebrew/include -I../../src/lib -I../../src/lib/modules -I../../src/lib/cloud -I../../src/lib/radar/synp -I../../src/lib/degrib -I/opt/homebrew/include -Dunknown -DFORTRANUNDERSCORE -DDYNAMIC -DMULTI_EXEC  -c -o getfilenames_c.o getfilenames_c.c
ar rv liblaps.a getfilenames_c.o
a - getfilenames_c.o
gcc -DMAC   -Wno-error=int-to-pointer-cast -Wno-error=pointer-to-int-cast -Wno-error=implicit-function-declaration -I../../src/include -I/opt/homebrew/include -I../../src/lib -I../../src/lib/modules -I../../src/lib/cloud -I../../src/lib/radar/synp -I../../src/lib/degrib -I/opt/homebrew/include -Dunknown -DFORTRANUNDERSCORE -DDYNAMIC -DMULTI_EXEC  -c -o i4time_now_gg.o i4time_now_gg.c
i4time_now_gg.c:70:15: warning: expression which evaluates to zero treated as a null pointer constant of type 'time_t *' (aka 'long *') [-Wnon-literal-null-conversion]
        utime = time((time_t)0);
                     ^~~~~~~~~
1 warning generated.
ar rv liblaps.a i4time_now_gg.o
a - i4time_now_gg.o
gcc -DMAC   -Wno-error=int-to-pointer-cast -Wno-error=pointer-to-int-cast -Wno-error=implicit-function-declaration -I../../src/include -I/opt/homebrew/include -I../../src/lib -I../../src/lib/modules -I../../src/lib/cloud -I../../src/lib/radar/synp -I../../src/lib/degrib -I/opt/homebrew/include -Dunknown -DFORTRANUNDERSCORE -DDYNAMIC -DMULTI_EXEC  -c -o regex.o regex.c
regex.c:1638:17: warning: add explicit braces to avoid dangling else [-Wdangling-else]
                else
                ^
regex.c:1658:17: warning: add explicit braces to avoid dangling else [-Wdangling-else]
                else
                ^
regex.c:2843:33: warning: expression which evaluates to zero treated as a null pointer constant of type 'regoff_t *' (aka 'int *') [-Wnon-literal-null-conversion]
      regs->start = regs->end = (regoff_t) 0;
                                ^~~~~~~~~~~~
regex.c:3774:31: warning: cast to smaller integer type 'int' from 'const char *' [-Wpointer-to-int-cast]
                          if ((int) old_regend[r] >= (int) regstart[r])
                              ^~~~~~~~~~~~~~~~~~~
regex.c:3774:54: warning: cast to smaller integer type 'int' from 'const char *' [-Wpointer-to-int-cast]
                          if ((int) old_regend[r] >= (int) regstart[r])
                                                     ^~~~~~~~~~~~~~~~~
regex.c:3780:19: warning: cast to 'fail_stack_elt_t' (aka 'const unsigned char *') from smaller integer type 'unsigned int' [-Wint-to-pointer-cast]
                  PUSH_FAILURE_POINT (p1 + mcnt, d, -2);
                  ^~~~~~~~~~~~~~~~~~~~~~~~~~~~~~~~~~~~~
regex.c:2416:5: note: expanded from macro 'PUSH_FAILURE_POINT'
    PUSH_FAILURE_ITEM (lowest_active_reg);                              \
    ^~~~~~~~~~~~~~~~~~~~~~~~~~~~~~~~~~~~~
regex.c:2337:42: note: expanded from macro 'PUSH_FAILURE_ITEM'
  fail_stack.stack[fail_stack.avail++] = (fail_stack_elt_t) item
                                         ^~~~~~~~~~~~~~~~~~~~~~~
regex.c:3780:19: warning: cast to 'fail_stack_elt_t' (aka 'const unsigned char *') from smaller integer type 'unsigned int' [-Wint-to-pointer-cast]
                  PUSH_FAILURE_POINT (p1 + mcnt, d, -2);
                  ^~~~~~~~~~~~~~~~~~~~~~~~~~~~~~~~~~~~~
regex.c:2419:5: note: expanded from macro 'PUSH_FAILURE_POINT'
    PUSH_FAILURE_ITEM (highest_active_reg);                             \
    ^~~~~~~~~~~~~~~~~~~~~~~~~~~~~~~~~~~~~~
regex.c:2337:42: note: expanded from macro 'PUSH_FAILURE_ITEM'
  fail_stack.stack[fail_stack.avail++] = (fail_stack_elt_t) item
                                         ^~~~~~~~~~~~~~~~~~~~~~~
regex.c:3927:11: warning: cast to 'fail_stack_elt_t' (aka 'const unsigned char *') from smaller integer type 'unsigned int' [-Wint-to-pointer-cast]
          PUSH_FAILURE_POINT (p + mcnt, NULL, -2);
          ^~~~~~~~~~~~~~~~~~~~~~~~~~~~~~~~~~~~~~~
regex.c:2416:5: note: expanded from macro 'PUSH_FAILURE_POINT'
    PUSH_FAILURE_ITEM (lowest_active_reg);                              \
    ^~~~~~~~~~~~~~~~~~~~~~~~~~~~~~~~~~~~~
regex.c:2337:42: note: expanded from macro 'PUSH_FAILURE_ITEM'
  fail_stack.stack[fail_stack.avail++] = (fail_stack_elt_t) item
                                         ^~~~~~~~~~~~~~~~~~~~~~~
regex.c:3927:11: warning: cast to 'fail_stack_elt_t' (aka 'const unsigned char *') from smaller integer type 'unsigned int' [-Wint-to-pointer-cast]
          PUSH_FAILURE_POINT (p + mcnt, NULL, -2);
          ^~~~~~~~~~~~~~~~~~~~~~~~~~~~~~~~~~~~~~~
regex.c:2419:5: note: expanded from macro 'PUSH_FAILURE_POINT'
    PUSH_FAILURE_ITEM (highest_active_reg);                             \
    ^~~~~~~~~~~~~~~~~~~~~~~~~~~~~~~~~~~~~~
regex.c:2337:42: note: expanded from macro 'PUSH_FAILURE_ITEM'
  fail_stack.stack[fail_stack.avail++] = (fail_stack_elt_t) item
                                         ^~~~~~~~~~~~~~~~~~~~~~~
regex.c:3980:11: warning: cast to 'fail_stack_elt_t' (aka 'const unsigned char *') from smaller integer type 'unsigned int' [-Wint-to-pointer-cast]
          PUSH_FAILURE_POINT (p + mcnt, d, -2);
          ^~~~~~~~~~~~~~~~~~~~~~~~~~~~~~~~~~~~
regex.c:2416:5: note: expanded from macro 'PUSH_FAILURE_POINT'
    PUSH_FAILURE_ITEM (lowest_active_reg);                              \
    ^~~~~~~~~~~~~~~~~~~~~~~~~~~~~~~~~~~~~
regex.c:2337:42: note: expanded from macro 'PUSH_FAILURE_ITEM'
  fail_stack.stack[fail_stack.avail++] = (fail_stack_elt_t) item
                                         ^~~~~~~~~~~~~~~~~~~~~~~
regex.c:3980:11: warning: cast to 'fail_stack_elt_t' (aka 'const unsigned char *') from smaller integer type 'unsigned int' [-Wint-to-pointer-cast]
          PUSH_FAILURE_POINT (p + mcnt, d, -2);
          ^~~~~~~~~~~~~~~~~~~~~~~~~~~~~~~~~~~~
regex.c:2419:5: note: expanded from macro 'PUSH_FAILURE_POINT'
    PUSH_FAILURE_ITEM (highest_active_reg);                             \
    ^~~~~~~~~~~~~~~~~~~~~~~~~~~~~~~~~~~~~~
regex.c:2337:42: note: expanded from macro 'PUSH_FAILURE_ITEM'
  fail_stack.stack[fail_stack.avail++] = (fail_stack_elt_t) item
                                         ^~~~~~~~~~~~~~~~~~~~~~~
regex.c:4086:13: warning: cast to smaller integer type 'unsigned int' from 'fail_stack_elt_t' (aka 'const unsigned char *') [-Wpointer-to-int-cast]
            POP_FAILURE_POINT (sdummy, pdummy,
            ^~~~~~~~~~~~~~~~~~~~~~~~~~~~~~~~~~
regex.c:2504:14: note: expanded from macro 'POP_FAILURE_POINT'
  high_reg = (unsigned) POP_FAILURE_ITEM ();                            \
             ^~~~~~~~~~~~~~~~~~~~~~~~~~~~~~
regex.c:4086:13: warning: cast to smaller integer type 'unsigned int' from 'fail_stack_elt_t' (aka 'const unsigned char *') [-Wpointer-to-int-cast]
            POP_FAILURE_POINT (sdummy, pdummy,
            ^~~~~~~~~~~~~~~~~~~~~~~~~~~~~~~~~~
regex.c:2507:13: note: expanded from macro 'POP_FAILURE_POINT'
  low_reg = (unsigned) POP_FAILURE_ITEM ();                             \
            ^~~~~~~~~~~~~~~~~~~~~~~~~~~~~~
regex.c:4119:11: warning: cast to 'fail_stack_elt_t' (aka 'const unsigned char *') from smaller integer type 'unsigned int' [-Wint-to-pointer-cast]
          PUSH_FAILURE_POINT (0, 0, -2);
          ^~~~~~~~~~~~~~~~~~~~~~~~~~~~~
regex.c:2416:5: note: expanded from macro 'PUSH_FAILURE_POINT'
    PUSH_FAILURE_ITEM (lowest_active_reg);                              \
    ^~~~~~~~~~~~~~~~~~~~~~~~~~~~~~~~~~~~~
regex.c:2337:42: note: expanded from macro 'PUSH_FAILURE_ITEM'
  fail_stack.stack[fail_stack.avail++] = (fail_stack_elt_t) item
                                         ^~~~~~~~~~~~~~~~~~~~~~~
regex.c:4119:11: warning: cast to 'fail_stack_elt_t' (aka 'const unsigned char *') from smaller integer type 'unsigned int' [-Wint-to-pointer-cast]
          PUSH_FAILURE_POINT (0, 0, -2);
          ^~~~~~~~~~~~~~~~~~~~~~~~~~~~~
regex.c:2419:5: note: expanded from macro 'PUSH_FAILURE_POINT'
    PUSH_FAILURE_ITEM (highest_active_reg);                             \
    ^~~~~~~~~~~~~~~~~~~~~~~~~~~~~~~~~~~~~~
regex.c:2337:42: note: expanded from macro 'PUSH_FAILURE_ITEM'
  fail_stack.stack[fail_stack.avail++] = (fail_stack_elt_t) item
                                         ^~~~~~~~~~~~~~~~~~~~~~~
regex.c:4132:11: warning: cast to 'fail_stack_elt_t' (aka 'const unsigned char *') from smaller integer type 'unsigned int' [-Wint-to-pointer-cast]
          PUSH_FAILURE_POINT (0, 0, -2);
          ^~~~~~~~~~~~~~~~~~~~~~~~~~~~~
regex.c:2416:5: note: expanded from macro 'PUSH_FAILURE_POINT'
    PUSH_FAILURE_ITEM (lowest_active_reg);                              \
    ^~~~~~~~~~~~~~~~~~~~~~~~~~~~~~~~~~~~~
regex.c:2337:42: note: expanded from macro 'PUSH_FAILURE_ITEM'
  fail_stack.stack[fail_stack.avail++] = (fail_stack_elt_t) item
                                         ^~~~~~~~~~~~~~~~~~~~~~~
regex.c:4132:11: warning: cast to 'fail_stack_elt_t' (aka 'const unsigned char *') from smaller integer type 'unsigned int' [-Wint-to-pointer-cast]
          PUSH_FAILURE_POINT (0, 0, -2);
          ^~~~~~~~~~~~~~~~~~~~~~~~~~~~~
regex.c:2419:5: note: expanded from macro 'PUSH_FAILURE_POINT'
    PUSH_FAILURE_ITEM (highest_active_reg);                             \
    ^~~~~~~~~~~~~~~~~~~~~~~~~~~~~~~~~~~~~~
regex.c:2337:42: note: expanded from macro 'PUSH_FAILURE_ITEM'
  fail_stack.stack[fail_stack.avail++] = (fail_stack_elt_t) item
                                         ^~~~~~~~~~~~~~~~~~~~~~~
regex.c:4300:11: warning: cast to smaller integer type 'unsigned int' from 'fail_stack_elt_t' (aka 'const unsigned char *') [-Wpointer-to-int-cast]
          POP_FAILURE_POINT (d, p,
          ^~~~~~~~~~~~~~~~~~~~~~~~
regex.c:2504:14: note: expanded from macro 'POP_FAILURE_POINT'
  high_reg = (unsigned) POP_FAILURE_ITEM ();                            \
             ^~~~~~~~~~~~~~~~~~~~~~~~~~~~~~
regex.c:4300:11: warning: cast to smaller integer type 'unsigned int' from 'fail_stack_elt_t' (aka 'const unsigned char *') [-Wpointer-to-int-cast]
          POP_FAILURE_POINT (d, p,
          ^~~~~~~~~~~~~~~~~~~~~~~~
regex.c:2507:13: note: expanded from macro 'POP_FAILURE_POINT'
  low_reg = (unsigned) POP_FAILURE_ITEM ();                             \
            ^~~~~~~~~~~~~~~~~~~~~~~~~~~~~~
19 warnings generated.
ar rv liblaps.a regex.o
a - regex.o
gcc -DMAC   -Wno-error=int-to-pointer-cast -Wno-error=pointer-to-int-cast -Wno-error=implicit-function-declaration -I../../src/include -I/opt/homebrew/include -I../../src/lib -I../../src/lib/modules -I../../src/lib/cloud -I../../src/lib/radar/synp -I../../src/lib/degrib -I/opt/homebrew/include -Dunknown -DFORTRANUNDERSCORE -DDYNAMIC -DMULTI_EXEC  -c -o alloca.o alloca.c
alloca.c:142:1: warning: incompatible redeclaration of library function 'alloca' [-Wincompatible-library-redeclaration]
alloca (size)                   /* returns pointer to storage */
^
alloca.c:142:1: note: 'alloca' is a builtin with type 'void *(unsigned long)'
1 warning generated.
ar rv liblaps.a alloca.o
a - alloca.o
gcc -DMAC   -Wno-error=int-to-pointer-cast -Wno-error=pointer-to-int-cast -Wno-error=implicit-function-declaration -I../../src/include -I/opt/homebrew/include -I../../src/lib -I../../src/lib/modules -I../../src/lib/cloud -I../../src/lib/radar/synp -I../../src/lib/degrib -I/opt/homebrew/include -Dunknown -DFORTRANUNDERSCORE -DDYNAMIC -DMULTI_EXEC  -c -o xmalloc.o xmalloc.c
xmalloc.c:3:14: warning: incompatible redeclaration of library function 'malloc' [-Wincompatible-library-redeclaration]
extern char *malloc ();
             ^
xmalloc.c:3:14: note: 'malloc' is a builtin with type 'void *(unsigned long)'
xmalloc.c:18:7: warning: implicitly declaring library function 'abort' with type 'void (void) __attribute__((noreturn))' [-Wimplicit-function-declaration]
      abort ();
      ^
xmalloc.c:18:7: note: include the header <stdlib.h> or explicitly provide a declaration for 'abort'
2 warnings generated.
ar rv liblaps.a xmalloc.o
a - xmalloc.o
ranlib liblaps.a
rm gen_bl_file.o land_topo.o rfill.o ofm.o skill_scores.o read_surface_old.o meanpres.o gettmp2d.o diff.o wfo_fname_conversions.o writelaps.o make_ssh.o zs.o aski4tim_gg.o interpolate_3dfield.o i4time_now_gg.o convm2miles.o getcld3d.o get_domain_perimeter.o convmiles2m.o newreadobs.o get_lowref.o snooze_gg.o gaussj.o make_optran_layers.o read_wrfsi_nl.o convf2c.o ssh2.o alloca.o rd_laps_static.o convk2f.o add.o xmalloc.o laps_thermo.o climate_sm.o rwl_v3.o ztopsa.o read_acars_ob.o get_maxtops.o nan_routines.o static_routines.o read_ldad_prof.o ztotsa.o read_snd_data.o convc2f.o wait_for_data.o read-laps-static.o wrt_laps_static.o land_albedo.o get_systime.o readlapsdata.o insertpireps.o make_rh.o read_surface_sa.o get_pres_3d.o laps_routines.o smf_wisp91.o rh2cld.o solar_normal.o xlinpack.o sunfuncs.o hum.o get_interval_precip.o get_heights_hydrostatic.o xyztopolard.o downcase.o time_now.o get_file_time.o atan3.o fflxc.o readlapscompressed.o machine_dependent.o windspeed.o satgeom.o fort2c_str.o radar_to_latlon.o radar_qc.o filename13.o gettmp3d.o read_namelist.o stats_1d.o get_cloud_deriv.o contingency_table.o ingest_madis_map.o trig_dum.o getw3d.o read_surface_obs.o filter_filenames.o read_gps_obs.o ingest_routines.o xblas.o getuv3d.o normalize.o readlapsheader.o oh_zone.o calc_contable.o vectors.o prof_cdf.o writelapslvls.o qc_field_3d.o get_barnes_superobs.o csplit.o get_file_names.o regex.o readlaps.o time_conversions.o get_local_towerobs.o upcase.o atan3d.o convms2kt.o convkt2ms.o array_diagnosis.o xlbfgsb.o up_mflux.o get_radar_deriv.o conversions.o getradar.o fname_conversions.o getfilenames_c.o get_maps_lapsgrid.o i4time_fname_lp.o smf_wisp92.o vv.o fsystem_dum.o lapsgrid.o get_maxref.o ghbry.o get_directory.o get_static_info.o cio.o psatoz.o put_sfc_bal.o move.o libdummies.o writelapsdata.o pcpcnc.o apply_qc_info.o convf2k.o get_time_window.o rotate.o block_data.o laps_io.o advect.o bilinear_interp.o spread.o gridconv.o rootfind.o get_dir_length.o i4time_asc_gg.o get_ht_3d.o zero.o multar.o gen_btemps.o barnes_multivariate.o esat1.o insertsao.o latlon_to_rlaps.o constant.o writelapscompressed.o read_pro_data.o writelapslfm.o get_radar_max_pd.o equtoaltazd.o ground_temp.o smooth_cross_laps.o subcon.o razm_lat_lon_gm.o map_proj.o xtimer_lbfgs.o vis2albedo.o interp.o make_td.o smooth_box.o zr.o addcon.o write_snd.o waiting_c.o my_show_timer.o multcon.o sfc_routines.o qc.o
 
Making Laps in directory src/lib/bgdata
gfortran -ffree-line-length-none -fallow-argument-mismatch -I../../../src/include -I/opt/homebrew/include -I../../../src/lib -I../../../src/lib/modules -I../../../src/lib/cloud -I../../../src/lib/radar/synp -I../../../src/lib/degrib   -c -o bkgd_util.o bkgd_util.f
ar rv libbgdata.a bkgd_util.o
ar: creating archive libbgdata.a
a - bkgd_util.o
gfortran -ffree-line-length-none -fallow-argument-mismatch -I../../../src/include -I/opt/homebrew/include -I../../../src/lib -I../../../src/lib/modules -I../../../src/lib/cloud -I../../../src/lib/radar/synp -I../../../src/lib/degrib   -c -o es_table.o es_table.f
ar rv libbgdata.a es_table.o
a - es_table.o
gfortran -ffree-line-length-none -fallow-argument-mismatch -I../../../src/include -I/opt/homebrew/include -I../../../src/lib -I../../../src/lib/modules -I../../../src/lib/cloud -I../../../src/lib/radar/synp -I../../../src/lib/degrib   -c -o bkgd_stn_interp.o bkgd_stn_interp.f
ar rv libbgdata.a bkgd_stn_interp.o
a - bkgd_stn_interp.o
gfortran -ffree-line-length-none -fallow-argument-mismatch -I../../../src/include -I/opt/homebrew/include -I../../../src/lib -I../../../src/lib/modules -I../../../src/lib/cloud -I../../../src/lib/radar/synp -I../../../src/lib/degrib   -c -o get_acceptable_files.o get_acceptable_files.f
ar rv libbgdata.a get_acceptable_files.o
a - get_acceptable_files.o
gfortran -ffree-line-length-none -fallow-argument-mismatch -I../../../src/include -I/opt/homebrew/include -I../../../src/lib -I../../../src/lib/modules -I../../../src/lib/cloud -I../../../src/lib/radar/synp -I../../../src/lib/degrib   -c -o get_bkgd_mdl_info.o get_bkgd_mdl_info.f
ar rv libbgdata.a get_bkgd_mdl_info.o
a - get_bkgd_mdl_info.o
gfortran -ffree-line-length-none -fallow-argument-mismatch -I../../../src/include -I/opt/homebrew/include -I../../../src/lib -I../../../src/lib/modules -I../../../src/lib/cloud -I../../../src/lib/radar/synp -I../../../src/lib/degrib   -c -o get_attr_sbn.o get_attr_sbn.f
ar rv libbgdata.a get_attr_sbn.o
a - get_attr_sbn.o
gfortran -ffree-line-length-none -fallow-argument-mismatch -I../../../src/include -I/opt/homebrew/include -I../../../src/lib -I../../../src/lib/modules -I../../../src/lib/cloud -I../../../src/lib/radar/synp -I../../../src/lib/degrib   -c -o getdims_lapsprd.o getdims_lapsprd.f
ar rv libbgdata.a getdims_lapsprd.o
a - getdims_lapsprd.o
gfortran -ffree-line-length-none -fallow-argument-mismatch -I../../../src/include -I/opt/homebrew/include -I../../../src/lib -I../../../src/lib/modules -I../../../src/lib/cloud -I../../../src/lib/radar/synp -I../../../src/lib/degrib   -c -o lapsio.o lapsio.f
ar rv libbgdata.a lapsio.o
a - lapsio.o
gfortran -ffree-line-length-none -fallow-argument-mismatch -I../../../src/include -I/opt/homebrew/include -I../../../src/lib -I../../../src/lib/modules -I../../../src/lib/cloud -I../../../src/lib/radar/synp -I../../../src/lib/degrib   -c -o lga_driver.o lga_driver.f
ar rv libbgdata.a lga_driver.o
a - lga_driver.o
gfortran -ffree-line-length-none -fallow-argument-mismatch -I../../../src/include -I/opt/homebrew/include -I../../../src/lib -I../../../src/lib/modules -I../../../src/lib/cloud -I../../../src/lib/radar/synp -I../../../src/lib/degrib   -c -o lga_interp_subs.o lga_interp_subs.f
ar rv libbgdata.a lga_interp_subs.o
a - lga_interp_subs.o
gfortran -ffree-line-length-none -fallow-argument-mismatch -I../../../src/include -I/opt/homebrew/include -I../../../src/lib -I../../../src/lib/modules -I../../../src/lib/cloud -I../../../src/lib/radar/synp -I../../../src/lib/degrib   -c -o lprep_eta_conusc.o lprep_eta_conusc.f
ar rv libbgdata.a lprep_eta_conusc.o
a - lprep_eta_conusc.o
gfortran -ffree-line-length-none -fallow-argument-mismatch -I../../../src/include -I/opt/homebrew/include -I../../../src/lib -I../../../src/lib/modules -I../../../src/lib/cloud -I../../../src/lib/radar/synp -I../../../src/lib/degrib   -c -o lprep_ruc2_pub.o lprep_ruc2_pub.f
ar rv libbgdata.a lprep_ruc2_pub.o
a - lprep_ruc2_pub.o
gfortran -ffree-line-length-none -fallow-argument-mismatch -I../../../src/include -I/opt/homebrew/include -I../../../src/lib -I../../../src/lib/modules -I../../../src/lib/cloud -I../../../src/lib/radar/synp -I../../../src/lib/degrib   -c -o readavnpublic.o readavnpublic.f
ar rv libbgdata.a readavnpublic.o
a - readavnpublic.o
gfortran -ffree-line-length-none -fallow-argument-mismatch -I../../../src/include -I/opt/homebrew/include -I../../../src/lib -I../../../src/lib/modules -I../../../src/lib/cloud -I../../../src/lib/radar/synp -I../../../src/lib/degrib   -c -o readbgdata.o readbgdata.f
ar rv libbgdata.a readbgdata.o
a - readbgdata.o
gfortran -ffree-line-length-none -fallow-argument-mismatch -I../../../src/include -I/opt/homebrew/include -I../../../src/lib -I../../../src/lib/modules -I../../../src/lib/cloud -I../../../src/lib/radar/synp -I../../../src/lib/degrib   -c -o readeta48_pub.o readeta48_pub.f
ar rv libbgdata.a readeta48_pub.o
a - readeta48_pub.o
gfortran -ffree-line-length-none -fallow-argument-mismatch -I../../../src/include -I/opt/homebrew/include -I../../../src/lib -I../../../src/lib/modules -I../../../src/lib/cloud -I../../../src/lib/radar/synp -I../../../src/lib/degrib   -c -o readFMIcdf.o readFMIcdf.f
ar rv libbgdata.a readFMIcdf.o
a - readFMIcdf.o
gfortran -ffree-line-length-none -fallow-argument-mismatch -I../../../src/include -I/opt/homebrew/include -I../../../src/lib -I../../../src/lib/modules -I../../../src/lib/cloud -I../../../src/lib/radar/synp -I../../../src/lib/degrib   -c -o readconusnws.o readconusnws.f
ar rv libbgdata.a readconusnws.o
a - readconusnws.o
gfortran -ffree-line-length-none -fallow-argument-mismatch -I../../../src/include -I/opt/homebrew/include -I../../../src/lib -I../../../src/lib/modules -I../../../src/lib/cloud -I../../../src/lib/radar/synp -I../../../src/lib/degrib   -c -o readruc2_pub.o readruc2_pub.f
ar rv libbgdata.a readruc2_pub.o
a - readruc2_pub.o
gfortran -ffree-line-length-none -fallow-argument-mismatch -I../../../src/include -I/opt/homebrew/include -I../../../src/lib -I../../../src/lib/modules -I../../../src/lib/cloud -I../../../src/lib/radar/synp -I../../../src/lib/degrib   -c -o read_fuafsf.o read_fuafsf.f
ar rv libbgdata.a read_fuafsf.o
a - read_fuafsf.o
gfortran -ffree-line-length-none -fallow-argument-mismatch -I../../../src/include -I/opt/homebrew/include -I../../../src/lib -I../../../src/lib/modules -I../../../src/lib/cloud -I../../../src/lib/radar/synp -I../../../src/lib/degrib   -c -o read_netcdf_field.o read_netcdf_field.f
ar rv libbgdata.a read_netcdf_field.o
a - read_netcdf_field.o
gfortran -ffree-line-length-none -fallow-argument-mismatch -I../../../src/include -I/opt/homebrew/include -I../../../src/lib -I../../../src/lib/modules -I../../../src/lib/cloud -I../../../src/lib/radar/synp -I../../../src/lib/degrib   -c -o read_sbn_grids.o read_sbn_grids.f
ar rv libbgdata.a read_sbn_grids.o
a - read_sbn_grids.o
gfortran -ffree-line-length-none -fallow-argument-mismatch -I../../../src/include -I/opt/homebrew/include -I../../../src/lib -I../../../src/lib/modules -I../../../src/lib/cloud -I../../../src/lib/radar/synp -I../../../src/lib/degrib   -c -o readdgprep.o readdgprep.f
ar rv libbgdata.a readdgprep.o
a - readdgprep.o
gfortran -ffree-line-length-none -fallow-argument-mismatch -I../../../src/include -I/opt/homebrew/include -I../../../src/lib -I../../../src/lib/modules -I../../../src/lib/cloud -I../../../src/lib/radar/synp -I../../../src/lib/degrib   -c -o readnogaps.o readnogaps.f
ar rv libbgdata.a readnogaps.o
a - readnogaps.o
gfortran -ffree-line-length-none -fallow-argument-mismatch -I../../../src/include -I/opt/homebrew/include -I../../../src/lib -I../../../src/lib/modules -I../../../src/lib/cloud -I../../../src/lib/radar/synp -I../../../src/lib/degrib   -c -o readruc60native.o readruc60native.f
ar rv libbgdata.a readruc60native.o
a - readruc60native.o
gfortran -ffree-line-length-none -fallow-argument-mismatch -I../../../src/include -I/opt/homebrew/include -I../../../src/lib -I../../../src/lib/modules -I../../../src/lib/cloud -I../../../src/lib/radar/synp -I../../../src/lib/degrib   -c -o rdmodelindex.o rdmodelindex.f
ar rv libbgdata.a rdmodelindex.o
a - rdmodelindex.o
gfortran -ffree-line-length-none -fallow-argument-mismatch -I../../../src/include -I/opt/homebrew/include -I../../../src/lib -I../../../src/lib/modules -I../../../src/lib/cloud -I../../../src/lib/radar/synp -I../../../src/lib/degrib   -c -o sfcbkgd.o sfcbkgd.f
ar rv libbgdata.a sfcbkgd.o
a - sfcbkgd.o
gfortran -ffree-line-length-none -fallow-argument-mismatch -I../../../src/include -I/opt/homebrew/include -I../../../src/lib -I../../../src/lib/modules -I../../../src/lib/cloud -I../../../src/lib/radar/synp -I../../../src/lib/degrib   -c -o sfcbkgd_sfc.o sfcbkgd_sfc.f
ar rv libbgdata.a sfcbkgd_sfc.o
a - sfcbkgd_sfc.o
gfortran -ffree-line-length-none -fallow-argument-mismatch -I../../../src/include -I/opt/homebrew/include -I../../../src/lib -I../../../src/lib/modules -I../../../src/lib/cloud -I../../../src/lib/radar/synp -I../../../src/lib/degrib   -c -o tcbogus.o tcbogus.f
tcbogus.f:1003:72:

 1003 | 20     yrmark(i)=i+begin_year-1
      |                                                                        1
Warning: Fortran 2018 deleted feature: DO termination statement which is not END DO or CONTINUE with label 20 at (1)
ar rv libbgdata.a tcbogus.o
a - tcbogus.o
gfortran -ffree-line-length-none -fallow-argument-mismatch -I../../../src/include -I/opt/homebrew/include -I../../../src/lib -I../../../src/lib/modules -I../../../src/lib/cloud -I../../../src/lib/radar/synp -I../../../src/lib/degrib   -c -o vinterp.o vinterp.f
vinterp.f:64:10:

   64 |          subroutine vinterp_sub(msngflag
      |          1~~~~~~~~~~~~~~~~~~~~~
Warning: Interface mismatch in global procedure 'vinterp_sub' at (1): Rank mismatch in argument 'pr' (1/3)
vinterp.f:64:10:

   64 |          subroutine vinterp_sub(msngflag
      |          1~~~~~~~~~~~~~~~~~~~~~
Warning: Interface mismatch in global procedure 'vinterp_sub' at (1): Rank mismatch in argument 'pr' (1/3)
vinterp.f:64:10:

   64 |          subroutine vinterp_sub(msngflag
      |          1~~~~~~~~~~~~~~~~~~~~~
Warning: Interface mismatch in global procedure 'vinterp_sub' at (1): Rank mismatch in argument 'pr' (1/3)
vinterp.f:64:10:

   64 |          subroutine vinterp_sub(msngflag
      |          1~~~~~~~~~~~~~~~~~~~~~
Warning: Interface mismatch in global procedure 'vinterp_sub' at (1): Rank mismatch in argument 'pr' (1/3)
ar rv libbgdata.a vinterp.o
a - vinterp.o
gfortran -ffree-line-length-none -fallow-argument-mismatch -I../../../src/include -I/opt/homebrew/include -I../../../src/lib -I../../../src/lib/modules -I../../../src/lib/cloud -I../../../src/lib/radar/synp -I../../../src/lib/degrib   -c -o vinterp_ht.o vinterp_ht.f
vinterp_ht.f:56:10:

   56 |          subroutine vinterp_ht_sub(msngflag
      |          1~~~~~~~~~~~~~~~~~~~~~~~~
Warning: Interface mismatch in global procedure 'vinterp_ht_sub' at (1): INTENT mismatch in argument 'ht'
vinterp_ht.f:56:10:

   56 |          subroutine vinterp_ht_sub(msngflag
      |          1~~~~~~~~~~~~~~~~~~~~~~~~
Warning: Interface mismatch in global procedure 'vinterp_ht_sub' at (1): INTENT mismatch in argument 'ht'
vinterp_ht.f:56:10:

   56 |          subroutine vinterp_ht_sub(msngflag
      |          1~~~~~~~~~~~~~~~~~~~~~~~~
Warning: Interface mismatch in global procedure 'vinterp_ht_sub' at (1): INTENT mismatch in argument 'ht'
vinterp_ht.f:56:10:

   56 |          subroutine vinterp_ht_sub(msngflag
      |          1~~~~~~~~~~~~~~~~~~~~~~~~
Warning: Interface mismatch in global procedure 'vinterp_ht_sub' at (1): INTENT mismatch in argument 'ht'
vinterp_ht.f:56:10:

   56 |          subroutine vinterp_ht_sub(msngflag
      |          1~~~~~~~~~~~~~~~~~~~~~~~~
Warning: Interface mismatch in global procedure 'vinterp_ht_sub' at (1): INTENT mismatch in argument 'ht'
ar rv libbgdata.a vinterp_ht.o
a - vinterp_ht.o
gfortran -ffree-line-length-none -fallow-argument-mismatch -I../../../src/include -I/opt/homebrew/include -I../../../src/lib -I../../../src/lib/modules -I../../../src/lib/cloud -I../../../src/lib/radar/synp -I../../../src/lib/degrib   -c -o writelgalgb.o writelgalgb.f
ar rv libbgdata.a writelgalgb.o
a - writelgalgb.o
gfortran -ffree-line-length-none -fallow-argument-mismatch -I../../../src/include -I/opt/homebrew/include -I../../../src/lib -I../../../src/lib/modules -I../../../src/lib/cloud -I../../../src/lib/radar/synp -I../../../src/lib/degrib   -c -o read_unidata_grids.o read_unidata_grids.f
ar rv libbgdata.a read_unidata_grids.o
a - read_unidata_grids.o
ranlib libbgdata.a
( cd wrf; /Library/Developer/CommandLineTools/usr/bin/make; /Library/Developer/CommandLineTools/usr/bin/make cleanup )
rm -f module_constants.o
gfortran -c -ffree-line-length-none -fallow-argument-mismatch -I../../../../src/include -I/opt/homebrew/include -I../../../../src/lib -I../../../../src/lib/modules -I../../../../src/lib/cloud -I../../../../src/lib/radar/synp -I../../../../src/lib/degrib   -I../../../../src/include -I/opt/homebrew/include -I../../../../src/lib -I../../../../src/lib/modules -I../../../../src/lib/cloud -I../../../../src/lib/radar/synp -I../../../../src/lib/degrib module_constants.f90
rm -f module_wrf_lga.o
gfortran -c -ffree-line-length-none -fallow-argument-mismatch -I../../../../src/include -I/opt/homebrew/include -I../../../../src/lib -I../../../../src/lib/modules -I../../../../src/lib/cloud -I../../../../src/lib/radar/synp -I../../../../src/lib/degrib   -I../../../../src/include -I/opt/homebrew/include -I../../../../src/lib -I../../../../src/lib/modules -I../../../../src/lib/cloud -I../../../../src/lib/radar/synp -I../../../../src/lib/degrib module_wrf_lga.f90
rm -f lga_driver_wrfarw.o
gfortran -c -ffree-line-length-none -fallow-argument-mismatch -I../../../../src/include -I/opt/homebrew/include -I../../../../src/lib -I../../../../src/lib/modules -I../../../../src/lib/cloud -I../../../../src/lib/radar/synp -I../../../../src/lib/degrib   -I../../../../src/include -I/opt/homebrew/include -I../../../../src/lib -I../../../../src/lib/modules -I../../../../src/lib/cloud -I../../../../src/lib/radar/synp -I../../../../src/lib/degrib lga_driver_wrfarw.f90
ar rv ../libbgdata.a lga_driver_wrfarw.o
a - lga_driver_wrfarw.o
rm -f get_acceptable_wrf.o
gfortran -c -ffree-line-length-none -fallow-argument-mismatch -I../../../../src/include -I/opt/homebrew/include -I../../../../src/lib -I../../../../src/lib/modules -I../../../../src/lib/cloud -I../../../../src/lib/radar/synp -I../../../../src/lib/degrib   -I../../../../src/include -I/opt/homebrew/include -I../../../../src/lib -I../../../../src/lib/modules -I../../../../src/lib/cloud -I../../../../src/lib/radar/synp -I../../../../src/lib/degrib get_acceptable_wrf.f90
ar rv ../libbgdata.a get_acceptable_wrf.o
a - get_acceptable_wrf.o
ar rv ../libbgdata.a module_wrf_lga.o
a - module_wrf_lga.o
ar rv ../libbgdata.a module_constants.o
a - module_constants.o
rm -f met_functions.o
gfortran -c -ffree-line-length-none -fallow-argument-mismatch -I../../../../src/include -I/opt/homebrew/include -I../../../../src/lib -I../../../../src/lib/modules -I../../../../src/lib/cloud -I../../../../src/lib/radar/synp -I../../../../src/lib/degrib   -I../../../../src/include -I/opt/homebrew/include -I../../../../src/lib -I../../../../src/lib/modules -I../../../../src/lib/cloud -I../../../../src/lib/radar/synp -I../../../../src/lib/degrib met_functions.f90
ar rv ../libbgdata.a met_functions.o
a - met_functions.o
rm -f smooth2.o
gfortran -c -ffree-line-length-none -fallow-argument-mismatch -I../../../../src/include -I/opt/homebrew/include -I../../../../src/lib -I../../../../src/lib/modules -I../../../../src/lib/cloud -I../../../../src/lib/radar/synp -I../../../../src/lib/degrib   -I../../../../src/include -I/opt/homebrew/include -I../../../../src/lib -I../../../../src/lib/modules -I../../../../src/lib/cloud -I../../../../src/lib/radar/synp -I../../../../src/lib/degrib smooth2.f90
ar rv ../libbgdata.a smooth2.o
a - smooth2.o
ranlib ../libbgdata.a
rm get_acceptable_wrf.o smooth2.o met_functions.o
rm -f *.o *.mod
rm read_netcdf_field.o get_attr_sbn.o writelgalgb.o lprep_eta_conusc.o getdims_lapsprd.o sfcbkgd_sfc.o read_fuafsf.o readconusnws.o readruc60native.o read_sbn_grids.o lga_driver.o vinterp_ht.o get_bkgd_mdl_info.o es_table.o tcbogus.o readnogaps.o vinterp.o sfcbkgd.o readFMIcdf.o readbgdata.o lprep_ruc2_pub.o read_unidata_grids.o readdgprep.o get_acceptable_files.o readruc2_pub.o readavnpublic.o lga_interp_subs.o lapsio.o readeta48_pub.o rdmodelindex.o bkgd_util.o bkgd_stn_interp.o
 
Making Laps in directory src/lib/blas
gfortran -ffree-line-length-none -fallow-argument-mismatch -I../../../src/include -I/opt/homebrew/include -I../../../src/lib -I../../../src/lib/modules -I../../../src/lib/cloud -I../../../src/lib/radar/synp -I../../../src/lib/degrib   -c -o dasum.o dasum.f
ar rv libblas.a dasum.o
ar: creating archive libblas.a
a - dasum.o
gfortran -ffree-line-length-none -fallow-argument-mismatch -I../../../src/include -I/opt/homebrew/include -I../../../src/lib -I../../../src/lib/modules -I../../../src/lib/cloud -I../../../src/lib/radar/synp -I../../../src/lib/degrib   -c -o daxpy.o daxpy.f
ar rv libblas.a daxpy.o
a - daxpy.o
gfortran -ffree-line-length-none -fallow-argument-mismatch -I../../../src/include -I/opt/homebrew/include -I../../../src/lib -I../../../src/lib/modules -I../../../src/lib/cloud -I../../../src/lib/radar/synp -I../../../src/lib/degrib   -c -o dcopy.o dcopy.f
ar rv libblas.a dcopy.o
a - dcopy.o
gfortran -ffree-line-length-none -fallow-argument-mismatch -I../../../src/include -I/opt/homebrew/include -I../../../src/lib -I../../../src/lib/modules -I../../../src/lib/cloud -I../../../src/lib/radar/synp -I../../../src/lib/degrib   -c -o ddot.o ddot.f
ar rv libblas.a ddot.o
a - ddot.o
gfortran -ffree-line-length-none -fallow-argument-mismatch -I../../../src/include -I/opt/homebrew/include -I../../../src/lib -I../../../src/lib/modules -I../../../src/lib/cloud -I../../../src/lib/radar/synp -I../../../src/lib/degrib   -c -o dgemm.o dgemm.f
ar rv libblas.a dgemm.o
a - dgemm.o
gfortran -ffree-line-length-none -fallow-argument-mismatch -I../../../src/include -I/opt/homebrew/include -I../../../src/lib -I../../../src/lib/modules -I../../../src/lib/cloud -I../../../src/lib/radar/synp -I../../../src/lib/degrib   -c -o dgemv.o dgemv.f
ar rv libblas.a dgemv.o
a - dgemv.o
gfortran -ffree-line-length-none -fallow-argument-mismatch -I../../../src/include -I/opt/homebrew/include -I../../../src/lib -I../../../src/lib/modules -I../../../src/lib/cloud -I../../../src/lib/radar/synp -I../../../src/lib/degrib   -c -o dger.o dger.f
ar rv libblas.a dger.o
a - dger.o
gfortran -ffree-line-length-none -fallow-argument-mismatch -I../../../src/include -I/opt/homebrew/include -I../../../src/lib -I../../../src/lib/modules -I../../../src/lib/cloud -I../../../src/lib/radar/synp -I../../../src/lib/degrib   -c -o dscal.o dscal.f
ar rv libblas.a dscal.o
a - dscal.o
gfortran -ffree-line-length-none -fallow-argument-mismatch -I../../../src/include -I/opt/homebrew/include -I../../../src/lib -I../../../src/lib/modules -I../../../src/lib/cloud -I../../../src/lib/radar/synp -I../../../src/lib/degrib   -c -o dswap.o dswap.f
ar rv libblas.a dswap.o
a - dswap.o
gfortran -ffree-line-length-none -fallow-argument-mismatch -I../../../src/include -I/opt/homebrew/include -I../../../src/lib -I../../../src/lib/modules -I../../../src/lib/cloud -I../../../src/lib/radar/synp -I../../../src/lib/degrib   -c -o dtrmm.o dtrmm.f
ar rv libblas.a dtrmm.o
a - dtrmm.o
gfortran -ffree-line-length-none -fallow-argument-mismatch -I../../../src/include -I/opt/homebrew/include -I../../../src/lib -I../../../src/lib/modules -I../../../src/lib/cloud -I../../../src/lib/radar/synp -I../../../src/lib/degrib   -c -o dtrmv.o dtrmv.f
ar rv libblas.a dtrmv.o
a - dtrmv.o
gfortran -ffree-line-length-none -fallow-argument-mismatch -I../../../src/include -I/opt/homebrew/include -I../../../src/lib -I../../../src/lib/modules -I../../../src/lib/cloud -I../../../src/lib/radar/synp -I../../../src/lib/degrib   -c -o dtrsm.o dtrsm.f
ar rv libblas.a dtrsm.o
a - dtrsm.o
gfortran -ffree-line-length-none -fallow-argument-mismatch -I../../../src/include -I/opt/homebrew/include -I../../../src/lib -I../../../src/lib/modules -I../../../src/lib/cloud -I../../../src/lib/radar/synp -I../../../src/lib/degrib   -c -o dtrsv.o dtrsv.f
ar rv libblas.a dtrsv.o
a - dtrsv.o
gfortran -ffree-line-length-none -fallow-argument-mismatch -I../../../src/include -I/opt/homebrew/include -I../../../src/lib -I../../../src/lib/modules -I../../../src/lib/cloud -I../../../src/lib/radar/synp -I../../../src/lib/degrib   -c -o idamax.o idamax.f
ar rv libblas.a idamax.o
a - idamax.o
ranlib libblas.a
rm dtrsm.o dtrmm.o dtrsv.o dger.o ddot.o idamax.o dswap.o dgemv.o dasum.o daxpy.o dgemm.o dtrmv.o dscal.o dcopy.o
 
Making Laps in directory src/lib/cloud
gfortran -ffree-line-length-none -I../../../src/include -I/opt/homebrew/include -I../../../src/lib -I../../../src/lib/modules -I../../../src/lib/cloud -I../../../src/lib/radar/synp -I../../../src/lib/degrib -g  -c accel.f
ar rv libcloud.a accel.o
ar: creating archive libcloud.a
a - accel.o
gfortran -ffree-line-length-none -I../../../src/include -I/opt/homebrew/include -I../../../src/lib -I../../../src/lib/modules -I../../../src/lib/cloud -I../../../src/lib/radar/synp -I../../../src/lib/degrib -g    -c antialias_ellipse.f90
ar rv libcloud.a antialias_ellipse.o
a - antialias_ellipse.o
gfortran -ffree-line-length-none -I../../../src/include -I/opt/homebrew/include -I../../../src/lib -I../../../src/lib/modules -I../../../src/lib/cloud -I../../../src/lib/radar/synp -I../../../src/lib/degrib -g    -c bilinear_fill.f90
ar rv libcloud.a bilinear_fill.o
a - bilinear_fill.o
gfortran -ffree-line-length-none -I../../../src/include -I/opt/homebrew/include -I../../../src/lib -I../../../src/lib/modules -I../../../src/lib/cloud -I../../../src/lib/radar/synp -I../../../src/lib/degrib -g  -c calc_allsky.f
ar rv libcloud.a calc_allsky.o
a - calc_allsky.o
gfortran -ffree-line-length-none -I../../../src/include -I/opt/homebrew/include -I../../../src/lib -I../../../src/lib/modules -I../../../src/lib/cloud -I../../../src/lib/radar/synp -I../../../src/lib/degrib -g  -c clock.f
ar rv libcloud.a clock.o
a - clock.o
gfortran -ffree-line-length-none -I../../../src/include -I/opt/homebrew/include -I../../../src/lib -I../../../src/lib/modules -I../../../src/lib/cloud -I../../../src/lib/radar/synp -I../../../src/lib/degrib -g    -c cloud_var.F90
ar rv libcloud.a cloud_var.o
a - cloud_var.o
gfortran -ffree-line-length-none -I../../../src/include -I/opt/homebrew/include -I../../../src/lib -I../../../src/lib/modules -I../../../src/lib/cloud -I../../../src/lib/radar/synp -I../../../src/lib/degrib -g    -c color_routines.f90
ar rv libcloud.a color_routines.o
a - color_routines.o
gfortran -ffree-line-length-none -I../../../src/include -I/opt/homebrew/include -I../../../src/lib -I../../../src/lib/modules -I../../../src/lib/cloud -I../../../src/lib/radar/synp -I../../../src/lib/degrib -g  -c compare_analysis_to_radiometer.f
ar rv libcloud.a compare_analysis_to_radiometer.o
a - compare_analysis_to_radiometer.o
gfortran -ffree-line-length-none -I../../../src/include -I/opt/homebrew/include -I../../../src/lib -I../../../src/lib/modules -I../../../src/lib/cloud -I../../../src/lib/radar/synp -I../../../src/lib/degrib -g  -c cvr_to_tb8_effective.f
ar rv libcloud.a cvr_to_tb8_effective.o
a - cvr_to_tb8_effective.o
gfortran -ffree-line-length-none -I../../../src/include -I/opt/homebrew/include -I../../../src/lib -I../../../src/lib/modules -I../../../src/lib/cloud -I../../../src/lib/radar/synp -I../../../src/lib/degrib -g    -c get_airglow.f90
ar rv libcloud.a get_airglow.o
a - get_airglow.o
gfortran -ffree-line-length-none -I../../../src/include -I/opt/homebrew/include -I../../../src/lib -I../../../src/lib/modules -I../../../src/lib/cloud -I../../../src/lib/radar/synp -I../../../src/lib/degrib -g    -c get_airmass.f90
ar rv libcloud.a get_airmass.o
a - get_airmass.o
gfortran -ffree-line-length-none -I../../../src/include -I/opt/homebrew/include -I../../../src/lib -I../../../src/lib/modules -I../../../src/lib/cloud -I../../../src/lib/radar/synp -I../../../src/lib/degrib -g    -c get_aod_3d.f90
ar rv libcloud.a get_aod_3d.o
a - get_aod_3d.o
gfortran -ffree-line-length-none -I../../../src/include -I/opt/homebrew/include -I../../../src/lib -I../../../src/lib/modules -I../../../src/lib/cloud -I../../../src/lib/radar/synp -I../../../src/lib/degrib -g    -c get_cloud_pf.f90
ar rv libcloud.a get_cloud_pf.o
a - get_cloud_pf.o
gfortran -ffree-line-length-none -I../../../src/include -I/opt/homebrew/include -I../../../src/lib -I../../../src/lib/modules -I../../../src/lib/cloud -I../../../src/lib/radar/synp -I../../../src/lib/degrib -g    -c get_cloud_rad.f90
ar rv libcloud.a get_cloud_rad.o
a - get_cloud_rad.o
gfortran -ffree-line-length-none -I../../../src/include -I/opt/homebrew/include -I../../../src/lib -I../../../src/lib/modules -I../../../src/lib/cloud -I../../../src/lib/radar/synp -I../../../src/lib/degrib -g    -c get_land_pf.f90
ar rv libcloud.a get_land_pf.o
a - get_land_pf.o
gfortran -ffree-line-length-none -I../../../src/include -I/opt/homebrew/include -I../../../src/lib -I../../../src/lib/modules -I../../../src/lib/cloud -I../../../src/lib/radar/synp -I../../../src/lib/degrib -g  -c get_cloud_rays.f
ar rv libcloud.a get_cloud_rays.o
a - get_cloud_rays.o
gfortran -ffree-line-length-none -I../../../src/include -I/opt/homebrew/include -I../../../src/lib -I../../../src/lib/modules -I../../../src/lib/cloud -I../../../src/lib/radar/synp -I../../../src/lib/degrib -g    -c get_cloud_rad_faces.f90
get_cloud_rad_faces.f90:188:11:

  188 |        do htt = heights_1d(ks),heights_1d(ke),facesteph
      |           1~~~
Warning: Deleted feature: Loop variable at (1) must be integer
get_cloud_rad_faces.f90:188:15:

  188 |        do htt = heights_1d(ks),heights_1d(ke),facesteph
      |               1
Warning: Deleted feature: Start expression in DO loop at (1) must be integer
get_cloud_rad_faces.f90:188:31:

  188 |        do htt = heights_1d(ks),heights_1d(ke),facesteph
      |                               1
Warning: Deleted feature: End expression in DO loop at (1) must be integer
get_cloud_rad_faces.f90:188:46:

  188 |        do htt = heights_1d(ks),heights_1d(ke),facesteph
      |                                              1
Warning: Deleted feature: Step expression in DO loop at (1) must be integer
get_cloud_rad_faces.f90:185:11:

  185 |        do rjt = rjs,rje,facestepij
      |           1~~~
Warning: Deleted feature: Loop variable at (1) must be integer
get_cloud_rad_faces.f90:185:15:

  185 |        do rjt = rjs,rje,facestepij
      |               1
Warning: Deleted feature: Start expression in DO loop at (1) must be integer
get_cloud_rad_faces.f90:185:20:

  185 |        do rjt = rjs,rje,facestepij
      |                    1
Warning: Deleted feature: End expression in DO loop at (1) must be integer
get_cloud_rad_faces.f90:185:24:

  185 |        do rjt = rjs,rje,facestepij
      |                        1
Warning: Deleted feature: Step expression in DO loop at (1) must be integer
get_cloud_rad_faces.f90:184:11:

  184 |        do rit = ris,rie,facestepij
      |           1~~~
Warning: Deleted feature: Loop variable at (1) must be integer
get_cloud_rad_faces.f90:184:15:

  184 |        do rit = ris,rie,facestepij
      |               1
Warning: Deleted feature: Start expression in DO loop at (1) must be integer
get_cloud_rad_faces.f90:184:20:

  184 |        do rit = ris,rie,facestepij
      |                    1
Warning: Deleted feature: End expression in DO loop at (1) must be integer
get_cloud_rad_faces.f90:184:24:

  184 |        do rit = ris,rie,facestepij
      |                        1
Warning: Deleted feature: Step expression in DO loop at (1) must be integer
ar rv libcloud.a get_cloud_rad_faces.o
a - get_cloud_rad_faces.o
gfortran -ffree-line-length-none -I../../../src/include -I/opt/homebrew/include -I../../../src/lib -I../../../src/lib/modules -I../../../src/lib/cloud -I../../../src/lib/radar/synp -I../../../src/lib/degrib -g    -c get_cloud_rad_faces2.f90
get_cloud_rad_faces2.f90:210:12:

  210 |         do htt = heights_1d(ks),heights_1d(ke),facesteph
      |            1~~~
Warning: Deleted feature: Loop variable at (1) must be integer
get_cloud_rad_faces2.f90:210:16:

  210 |         do htt = heights_1d(ks),heights_1d(ke),facesteph
      |                1
Warning: Deleted feature: Start expression in DO loop at (1) must be integer
get_cloud_rad_faces2.f90:210:32:

  210 |         do htt = heights_1d(ks),heights_1d(ke),facesteph
      |                                1
Warning: Deleted feature: End expression in DO loop at (1) must be integer
get_cloud_rad_faces2.f90:210:47:

  210 |         do htt = heights_1d(ks),heights_1d(ke),facesteph
      |                                               1
Warning: Deleted feature: Step expression in DO loop at (1) must be integer
get_cloud_rad_faces2.f90:205:11:

  205 |        do rjt = rjs,rje,facestepij
      |           1~~~
Warning: Deleted feature: Loop variable at (1) must be integer
get_cloud_rad_faces2.f90:205:15:

  205 |        do rjt = rjs,rje,facestepij
      |               1
Warning: Deleted feature: Start expression in DO loop at (1) must be integer
get_cloud_rad_faces2.f90:205:20:

  205 |        do rjt = rjs,rje,facestepij
      |                    1
Warning: Deleted feature: End expression in DO loop at (1) must be integer
get_cloud_rad_faces2.f90:205:24:

  205 |        do rjt = rjs,rje,facestepij
      |                        1
Warning: Deleted feature: Step expression in DO loop at (1) must be integer
get_cloud_rad_faces2.f90:204:11:

  204 |        do rit = ris,rie,facestepij
      |           1~~~
Warning: Deleted feature: Loop variable at (1) must be integer
get_cloud_rad_faces2.f90:204:15:

  204 |        do rit = ris,rie,facestepij
      |               1
Warning: Deleted feature: Start expression in DO loop at (1) must be integer
get_cloud_rad_faces2.f90:204:20:

  204 |        do rit = ris,rie,facestepij
      |                    1
Warning: Deleted feature: End expression in DO loop at (1) must be integer
get_cloud_rad_faces2.f90:204:24:

  204 |        do rit = ris,rie,facestepij
      |                        1
Warning: Deleted feature: Step expression in DO loop at (1) must be integer
ar rv libcloud.a get_cloud_rad_faces2.o
a - get_cloud_rad_faces2.o
gfortran -ffree-line-length-none -I../../../src/include -I/opt/homebrew/include -I../../../src/lib -I../../../src/lib/modules -I../../../src/lib/cloud -I../../../src/lib/radar/synp -I../../../src/lib/degrib -g    -c get_clr_src_dir.f90
ar rv libcloud.a get_clr_src_dir.o
a - get_clr_src_dir.o
gfortran -ffree-line-length-none -I../../../src/include -I/opt/homebrew/include -I../../../src/lib -I../../../src/lib/modules -I../../../src/lib/cloud -I../../../src/lib/radar/synp -I../../../src/lib/degrib -g    -c get_uprad_lyr.f90
ar rv libcloud.a get_uprad_lyr.o
a - get_uprad_lyr.o
gfortran -ffree-line-length-none -I../../../src/include -I/opt/homebrew/include -I../../../src/lib -I../../../src/lib/modules -I../../../src/lib/cloud -I../../../src/lib/radar/synp -I../../../src/lib/degrib -g    -c get_sky_rgb.f90
ar rv libcloud.a get_sky_rgb.o
a - get_sky_rgb.o
gfortran -ffree-line-length-none -I../../../src/include -I/opt/homebrew/include -I../../../src/lib -I../../../src/lib/modules -I../../../src/lib/cloud -I../../../src/lib/radar/synp -I../../../src/lib/degrib -g    -c get_sky_rgb_routines.f90
ar rv libcloud.a get_sky_rgb_routines.o
a - get_sky_rgb_routines.o
gfortran -ffree-line-length-none -I../../../src/include -I/opt/homebrew/include -I../../../src/lib -I../../../src/lib/modules -I../../../src/lib/cloud -I../../../src/lib/radar/synp -I../../../src/lib/degrib -g    -c greatcircle.f90
ar rv libcloud.a greatcircle.o
a - greatcircle.o
gfortran -ffree-line-length-none -I../../../src/include -I/opt/homebrew/include -I../../../src/lib -I../../../src/lib/modules -I../../../src/lib/cloud -I../../../src/lib/radar/synp -I../../../src/lib/degrib -g  -c hotstart_perturbation.f
ar rv libcloud.a hotstart_perturbation.o
a - hotstart_perturbation.o
gfortran -ffree-line-length-none -I../../../src/include -I/opt/homebrew/include -I../../../src/lib -I../../../src/lib/modules -I../../../src/lib/cloud -I../../../src/lib/radar/synp -I../../../src/lib/degrib -g  -c moon_brwn.f
ar rv libcloud.a moon_brwn.o
a - moon_brwn.o
gfortran -ffree-line-length-none -I../../../src/include -I/opt/homebrew/include -I../../../src/lib -I../../../src/lib/modules -I../../../src/lib/cloud -I../../../src/lib/radar/synp -I../../../src/lib/degrib -g    -c mscat_phase.f90
ar rv libcloud.a mscat_phase.o
a - mscat_phase.o
gfortran -ffree-line-length-none -I../../../src/include -I/opt/homebrew/include -I../../../src/lib -I../../../src/lib/modules -I../../../src/lib/cloud -I../../../src/lib/radar/synp -I../../../src/lib/degrib -g  -c obliquity.f
ar rv libcloud.a obliquity.o
a - obliquity.o
gfortran -ffree-line-length-none -I../../../src/include -I/opt/homebrew/include -I../../../src/lib -I../../../src/lib/modules -I../../../src/lib/cloud -I../../../src/lib/radar/synp -I../../../src/lib/degrib -g  -c phase.f
ar rv libcloud.a phase.o
a - phase.o
gfortran -ffree-line-length-none -I../../../src/include -I/opt/homebrew/include -I../../../src/lib -I../../../src/lib/modules -I../../../src/lib/cloud -I../../../src/lib/radar/synp -I../../../src/lib/degrib -g    -c phase_func_moon.f90
ar rv libcloud.a phase_func_moon.o
a - phase_func_moon.o
gfortran -ffree-line-length-none -I../../../src/include -I/opt/homebrew/include -I../../../src/lib -I../../../src/lib/modules -I../../../src/lib/cloud -I../../../src/lib/radar/synp -I../../../src/lib/degrib -g  -c places_routines.f
ar rv libcloud.a places_routines.o
a - places_routines.o
gfortran -ffree-line-length-none -I../../../src/include -I/opt/homebrew/include -I../../../src/lib -I../../../src/lib/modules -I../../../src/lib/cloud -I../../../src/lib/radar/synp -I../../../src/lib/degrib -g  -c posin.f
posin.f:40:72:

   40 |       IF(DABS(ARG-EE)-1.0D-9)11,11,9
      |                                                                        1
Warning: Fortran 2018 deleted feature: Arithmetic IF statement at (1)
ar rv libcloud.a posin.o
a - posin.o
gfortran -ffree-line-length-none -I../../../src/include -I/opt/homebrew/include -I../../../src/lib -I../../../src/lib/modules -I../../../src/lib/cloud -I../../../src/lib/radar/synp -I../../../src/lib/degrib -g  -c posint.f
ar rv libcloud.a posint.o
a - posint.o
gfortran -ffree-line-length-none -I../../../src/include -I/opt/homebrew/include -I../../../src/lib -I../../../src/lib/modules -I../../../src/lib/cloud -I../../../src/lib/radar/synp -I../../../src/lib/degrib -g  -c preces.f
ar rv libcloud.a preces.o
a - preces.o
gfortran -ffree-line-length-none -I../../../src/include -I/opt/homebrew/include -I../../../src/lib -I../../../src/lib/modules -I../../../src/lib/cloud -I../../../src/lib/radar/synp -I../../../src/lib/degrib -g  -c delta_t.f
ar rv libcloud.a delta_t.o
a - delta_t.o
gfortran -ffree-line-length-none -I../../../src/include -I/opt/homebrew/include -I../../../src/lib -I../../../src/lib/modules -I../../../src/lib/cloud -I../../../src/lib/radar/synp -I../../../src/lib/degrib -g  -c topo_ff1.f
ar rv libcloud.a topo_ff1.o
a - topo_ff1.o
gfortran -ffree-line-length-none -I../../../src/include -I/opt/homebrew/include -I../../../src/lib -I../../../src/lib/modules -I../../../src/lib/cloud -I../../../src/lib/radar/synp -I../../../src/lib/degrib -g  -c xyztopolarr.f
ar rv libcloud.a xyztopolarr.o
a - xyztopolarr.o
gfortran -ffree-line-length-none -I../../../src/include -I/opt/homebrew/include -I../../../src/lib -I../../../src/lib/modules -I../../../src/lib/cloud -I../../../src/lib/radar/synp -I../../../src/lib/degrib -g  -c equtoaltazr.f
ar rv libcloud.a equtoaltazr.o
a - equtoaltazr.o
gfortran -ffree-line-length-none -I../../../src/include -I/opt/homebrew/include -I../../../src/lib -I../../../src/lib/modules -I../../../src/lib/cloud -I../../../src/lib/radar/synp -I../../../src/lib/degrib -g  -c refract.f
ar rv libcloud.a refract.o
a - refract.o
gfortran -ffree-line-length-none -I../../../src/include -I/opt/homebrew/include -I../../../src/lib -I../../../src/lib/modules -I../../../src/lib/cloud -I../../../src/lib/radar/synp -I../../../src/lib/degrib -g  -c cjymd.f
ar rv libcloud.a cjymd.o
a - cjymd.o
gfortran -ffree-line-length-none -I../../../src/include -I/opt/homebrew/include -I../../../src/lib -I../../../src/lib/modules -I../../../src/lib/cloud -I../../../src/lib/radar/synp -I../../../src/lib/degrib -g  -c magnitude.f
ar rv libcloud.a magnitude.o
a - magnitude.o
gfortran -ffree-line-length-none -I../../../src/include -I/opt/homebrew/include -I../../../src/lib -I../../../src/lib/modules -I../../../src/lib/cloud -I../../../src/lib/radar/synp -I../../../src/lib/degrib -g    -c read_camera_clouds.f90
ar rv libcloud.a read_camera_clouds.o
a - read_camera_clouds.o
gfortran -ffree-line-length-none -I../../../src/include -I/opt/homebrew/include -I../../../src/lib -I../../../src/lib/modules -I../../../src/lib/cloud -I../../../src/lib/radar/synp -I../../../src/lib/degrib -g  -c solar_routines.f
ar rv libcloud.a solar_routines.o
a - solar_routines.o
gfortran -ffree-line-length-none -I../../../src/include -I/opt/homebrew/include -I../../../src/lib -I../../../src/lib/modules -I../../../src/lib/cloud -I../../../src/lib/radar/synp -I../../../src/lib/degrib -g    -c allsky.f90
ar rv libcloud.a allsky.o
a - allsky.o
gfortran -ffree-line-length-none -I../../../src/include -I/opt/homebrew/include -I../../../src/lib -I../../../src/lib/modules -I../../../src/lib/cloud -I../../../src/lib/radar/synp -I../../../src/lib/degrib -g    -c get_elong_a.f90
ar rv libcloud.a get_elong_a.o
a - get_elong_a.o
gfortran -ffree-line-length-none -I../../../src/include -I/opt/homebrew/include -I../../../src/lib -I../../../src/lib/modules -I../../../src/lib/cloud -I../../../src/lib/radar/synp -I../../../src/lib/degrib -g    -c interp_1d.f90
ar rv libcloud.a interp_1d.o
a - interp_1d.o
gfortran -ffree-line-length-none -I../../../src/include -I/opt/homebrew/include -I../../../src/lib -I../../../src/lib/modules -I../../../src/lib/cloud -I../../../src/lib/radar/synp -I../../../src/lib/degrib -g  -c sidereal_time.f
ar rv libcloud.a sidereal_time.o
a - sidereal_time.o
gfortran -ffree-line-length-none -I../../../src/include -I/opt/homebrew/include -I../../../src/lib -I../../../src/lib/modules -I../../../src/lib/cloud -I../../../src/lib/radar/synp -I../../../src/lib/degrib -g    -c skyglow_cyl.f90
skyglow_cyl.f90:68:19:

   68 |                do altobj = altmax,altmin,-degint_alt
      |                   1~~~~~~
Warning: Deleted feature: Loop variable at (1) must be integer
skyglow_cyl.f90:68:26:

   68 |                do altobj = altmax,altmin,-degint_alt
      |                          1
Warning: Deleted feature: Start expression in DO loop at (1) must be integer
skyglow_cyl.f90:68:34:

   68 |                do altobj = altmax,altmin,-degint_alt
      |                                  1
Warning: Deleted feature: End expression in DO loop at (1) must be integer
skyglow_cyl.f90:68:41:

   68 |                do altobj = altmax,altmin,-degint_alt
      |                                         1
Warning: Deleted feature: Step expression in DO loop at (1) must be integer
skyglow_cyl.f90:64:15:

   64 |            do aziobj = 0.,180.,azi_scale
      |               1~~~~~~
Warning: Deleted feature: Loop variable at (1) must be integer
skyglow_cyl.f90:64:22:

   64 |            do aziobj = 0.,180.,azi_scale
      |                      1
Warning: Deleted feature: Start expression in DO loop at (1) must be integer
skyglow_cyl.f90:64:26:

   64 |            do aziobj = 0.,180.,azi_scale
      |                          1
Warning: Deleted feature: End expression in DO loop at (1) must be integer
skyglow_cyl.f90:64:31:

   64 |            do aziobj = 0.,180.,azi_scale
      |                               1
Warning: Deleted feature: Step expression in DO loop at (1) must be integer
skyglow_cyl.f90:157:15:

  157 |            do altobj = altmax,altmin,-10.
      |               1~~~~~~
Warning: Deleted feature: Loop variable at (1) must be integer
skyglow_cyl.f90:157:22:

  157 |            do altobj = altmax,altmin,-10.
      |                      1
Warning: Deleted feature: Start expression in DO loop at (1) must be integer
skyglow_cyl.f90:157:30:

  157 |            do altobj = altmax,altmin,-10.
      |                              1
Warning: Deleted feature: End expression in DO loop at (1) must be integer
skyglow_cyl.f90:157:37:

  157 |            do altobj = altmax,altmin,-10.
      |                                     1
Warning: Deleted feature: Step expression in DO loop at (1) must be integer
skyglow_cyl.f90:169:15:

  169 |            do altobj = altmax,altmin,-alt_scale
      |               1~~~~~~
Warning: Deleted feature: Loop variable at (1) must be integer
skyglow_cyl.f90:169:22:

  169 |            do altobj = altmax,altmin,-alt_scale
      |                      1
Warning: Deleted feature: Start expression in DO loop at (1) must be integer
skyglow_cyl.f90:169:30:

  169 |            do altobj = altmax,altmin,-alt_scale
      |                              1
Warning: Deleted feature: End expression in DO loop at (1) must be integer
skyglow_cyl.f90:169:37:

  169 |            do altobj = altmax,altmin,-alt_scale
      |                                     1
Warning: Deleted feature: Step expression in DO loop at (1) must be integer
skyglow_cyl.f90:241:11:

  241 |        do altobj = altmax,altmin,-10.
      |           1~~~~~~
Warning: Deleted feature: Loop variable at (1) must be integer
skyglow_cyl.f90:241:18:

  241 |        do altobj = altmax,altmin,-10.
      |                  1
Warning: Deleted feature: Start expression in DO loop at (1) must be integer
skyglow_cyl.f90:241:26:

  241 |        do altobj = altmax,altmin,-10.
      |                          1
Warning: Deleted feature: End expression in DO loop at (1) must be integer
skyglow_cyl.f90:241:33:

  241 |        do altobj = altmax,altmin,-10.
      |                                 1
Warning: Deleted feature: Step expression in DO loop at (1) must be integer
ar rv libcloud.a skyglow_cyl.o
a - skyglow_cyl.o
gfortran -ffree-line-length-none -I../../../src/include -I/opt/homebrew/include -I../../../src/lib -I../../../src/lib/modules -I../../../src/lib/cloud -I../../../src/lib/radar/synp -I../../../src/lib/degrib -g    -c skyglow_phys.f90
ar rv libcloud.a skyglow_phys.o
a - skyglow_phys.o
gfortran -ffree-line-length-none -I../../../src/include -I/opt/homebrew/include -I../../../src/lib -I../../../src/lib/modules -I../../../src/lib/cloud -I../../../src/lib/radar/synp -I../../../src/lib/degrib -g    -c skyglow_phys_twi.f90
ar rv libcloud.a skyglow_phys_twi.o
a - skyglow_phys_twi.o
gfortran -ffree-line-length-none -I../../../src/include -I/opt/homebrew/include -I../../../src/lib -I../../../src/lib/modules -I../../../src/lib/cloud -I../../../src/lib/radar/synp -I../../../src/lib/degrib -g  -c sun_moon.f
sun_moon.f:433:14:

  433 |       do 1000 i = 1,iter
      |              1~~
Warning: Deleted feature: Loop variable at (1) must be integer
ar rv libcloud.a sun_moon.o
a - sun_moon.o
gfortran -ffree-line-length-none -I../../../src/include -I/opt/homebrew/include -I../../../src/lib -I../../../src/lib/modules -I../../../src/lib/cloud -I../../../src/lib/radar/synp -I../../../src/lib/degrib -g  -c sun_planet.f
ar rv libcloud.a sun_planet.o
a - sun_planet.o
gfortran -ffree-line-length-none -I../../../src/include -I/opt/homebrew/include -I../../../src/lib -I../../../src/lib/modules -I../../../src/lib/cloud -I../../../src/lib/radar/synp -I../../../src/lib/degrib -g  -c topo.f
ar rv libcloud.a topo.o
a - topo.o
gfortran -ffree-line-length-none -I../../../src/include -I/opt/homebrew/include -I../../../src/lib -I../../../src/lib/modules -I../../../src/lib/cloud -I../../../src/lib/radar/synp -I../../../src/lib/degrib -g    -c vi.f90
ar rv libcloud.a vi.o
a - vi.o
gfortran -ffree-line-length-none -I../../../src/include -I/opt/homebrew/include -I../../../src/lib -I../../../src/lib/modules -I../../../src/lib/cloud -I../../../src/lib/radar/synp -I../../../src/lib/degrib -g    -c vi2.f90
ar rv libcloud.a vi2.o
a - vi2.o
ranlib libcloud.a
rm sun_planet.o allsky.o get_cloud_pf.o magnitude.o get_clr_src_dir.o bilinear_fill.o get_sky_rgb_routines.o get_airglow.o skyglow_phys_twi.o xyztopolarr.o skyglow_phys.o get_cloud_rad_faces.o sidereal_time.o read_camera_clouds.o get_sky_rgb.o posint.o clock.o mscat_phase.o get_cloud_rad.o equtoaltazr.o interp_1d.o phase.o calc_allsky.o get_aod_3d.o obliquity.o color_routines.o moon_brwn.o posin.o vi2.o antialias_ellipse.o solar_routines.o topo.o delta_t.o get_uprad_lyr.o compare_analysis_to_radiometer.o get_cloud_rays.o phase_func_moon.o sun_moon.o cvr_to_tb8_effective.o topo_ff1.o accel.o vi.o preces.o get_elong_a.o cjymd.o refract.o skyglow_cyl.o places_routines.o greatcircle.o get_airmass.o get_land_pf.o hotstart_perturbation.o cloud_var.o get_cloud_rad_faces2.o
 
Making Laps in directory src/lib/fm
gfortran -ffree-line-length-none -fallow-argument-mismatch -I../../../src/include -I/opt/homebrew/include -I../../../src/lib -I../../../src/lib/modules -I../../../src/lib/cloud -I../../../src/lib/radar/synp -I../../../src/lib/degrib   -c -o britgo.o britgo.f
ar rv libfm.a britgo.o
ar: creating archive libfm.a
a - britgo.o
gfortran -ffree-line-length-none -fallow-argument-mismatch -I../../../src/include -I/opt/homebrew/include -I../../../src/lib -I../../../src/lib/modules -I../../../src/lib/cloud -I../../../src/lib/radar/synp -I../../../src/lib/degrib   -c -o gimrad.o gimrad.f
gimrad.f:81:72:

   81 |   110 TAU1 = TAU2
      |                                                                        1
Warning: Fortran 2018 deleted feature: DO termination statement which is not END DO or CONTINUE with label 110 at (1)
ar rv libfm.a gimrad.o
a - gimrad.o
gfortran -ffree-line-length-none -fallow-argument-mismatch -I../../../src/include -I/opt/homebrew/include -I../../../src/lib -I../../../src/lib/modules -I../../../src/lib/cloud -I../../../src/lib/radar/synp -I../../../src/lib/degrib   -c -o plango.o plango.f
ar rv libfm.a plango.o
a - plango.o
gfortran -ffree-line-length-none -fallow-argument-mismatch -I../../../src/include -I/opt/homebrew/include -I../../../src/lib -I../../../src/lib/modules -I../../../src/lib/cloud -I../../../src/lib/radar/synp -I../../../src/lib/degrib   -c -o taugim.o taugim.f
taugim.f:253:72:

  253 |   130    tauc(j,k)=taul
      |                                                                        1
Warning: Fortran 2018 deleted feature: DO termination statement which is not END DO or CONTINUE with label 130 at (1)
ar rv libfm.a taugim.o
a - taugim.o
gfortran -ffree-line-length-none -fallow-argument-mismatch -I../../../src/include -I/opt/homebrew/include -I../../../src/lib -I../../../src/lib/modules -I../../../src/lib/cloud -I../../../src/lib/radar/synp -I../../../src/lib/degrib   -c -o zenith.o zenith.f
ar rv libfm.a zenith.o
a - zenith.o
ranlib libfm.a
rm plango.o taugim.o zenith.o britgo.o gimrad.o
 
Making Laps in directory src/lib/grib
gfortran -ffree-line-length-none -fallow-argument-mismatch -I../../../src/include -I/opt/homebrew/include -I../../../src/lib -I../../../src/lib/modules -I../../../src/lib/cloud -I../../../src/lib/radar/synp -I../../../src/lib/degrib   -c -o fi7501.o fi7501.f
fi7501.f:287:18:

  164 |           CALL SBYTE (IFOVAL,NMIN,IFOPTR,KBDS(11))
      |                      2
......
  287 |       CALL SBYTE (BDS11,LENBDS,0,24)
      |                  1
Warning: Type mismatch between actual argument at (1) and actual argument at (2) (CHARACTER(1)/INTEGER(4)).
ar rv libgrib.a fi7501.o
ar: creating archive libgrib.a
a - fi7501.o
gfortran -ffree-line-length-none -fallow-argument-mismatch -I../../../src/include -I/opt/homebrew/include -I../../../src/lib -I../../../src/lib/modules -I../../../src/lib/cloud -I../../../src/lib/radar/synp -I../../../src/lib/degrib   -c -o fi7502.o fi7502.f
ar rv libgrib.a fi7502.o
a - fi7502.o
gfortran -ffree-line-length-none -fallow-argument-mismatch -I../../../src/include -I/opt/homebrew/include -I../../../src/lib -I../../../src/lib/modules -I../../../src/lib/cloud -I../../../src/lib/radar/synp -I../../../src/lib/degrib   -c -o fi7503.o fi7503.f
fi7503.f:270:18:

  125 |                   CALL SBYTE (ISOBMP,1,IBMP2P,1)
      |                              2
......
  270 |       CALL SBYTE (BDS11,LENBDS,0,24)
      |                  1
Warning: Type mismatch between actual argument at (1) and actual argument at (2) (CHARACTER(1)/INTEGER(4)).
ar rv libgrib.a fi7503.o
a - fi7503.o
gfortran -ffree-line-length-none -fallow-argument-mismatch -I../../../src/include -I/opt/homebrew/include -I../../../src/lib -I../../../src/lib/modules -I../../../src/lib/cloud -I../../../src/lib/radar/synp -I../../../src/lib/degrib   -c -o fi7505.o fi7505.f
ar rv libgrib.a fi7505.o
a - fi7505.o
gfortran -ffree-line-length-none -fallow-argument-mismatch -I../../../src/include -I/opt/homebrew/include -I../../../src/lib -I../../../src/lib/modules -I../../../src/lib/cloud -I../../../src/lib/radar/synp -I../../../src/lib/degrib   -c -o fi7513.o fi7513.f
ar rv libgrib.a fi7513.o
a - fi7513.o
gfortran -ffree-line-length-none -fallow-argument-mismatch -I../../../src/include -I/opt/homebrew/include -I../../../src/lib -I../../../src/lib/modules -I../../../src/lib/cloud -I../../../src/lib/radar/synp -I../../../src/lib/degrib   -c -o fi7516.o fi7516.f
ar rv libgrib.a fi7516.o
a - fi7516.o
gfortran -ffree-line-length-none -fallow-argument-mismatch -I../../../src/include -I/opt/homebrew/include -I../../../src/lib -I../../../src/lib/modules -I../../../src/lib/cloud -I../../../src/lib/radar/synp -I../../../src/lib/degrib   -c -o fi7517.o fi7517.f
ar rv libgrib.a fi7517.o
a - fi7517.o
gfortran -ffree-line-length-none -fallow-argument-mismatch -I../../../src/include -I/opt/homebrew/include -I../../../src/lib -I../../../src/lib/modules -I../../../src/lib/cloud -I../../../src/lib/radar/synp -I../../../src/lib/degrib   -c -o fi7518.o fi7518.f
ar rv libgrib.a fi7518.o
a - fi7518.o
gfortran -ffree-line-length-none -fallow-argument-mismatch -I../../../src/include -I/opt/homebrew/include -I../../../src/lib -I../../../src/lib/modules -I../../../src/lib/cloud -I../../../src/lib/radar/synp -I../../../src/lib/degrib   -c -o w3fi01.o w3fi01.f
ar rv libgrib.a w3fi01.o
a - w3fi01.o
gfortran -ffree-line-length-none -fallow-argument-mismatch -I../../../src/include -I/opt/homebrew/include -I../../../src/lib -I../../../src/lib/modules -I../../../src/lib/cloud -I../../../src/lib/radar/synp -I../../../src/lib/degrib  -I../../../src/include -I/opt/homebrew/include -I../../../src/lib -I../../../src/lib/modules -I../../../src/lib/cloud -I../../../src/lib/radar/synp -I../../../src/lib/degrib -I/opt/homebrew/include -Dunknown -DFORTRANUNDERSCORE -DDYNAMIC -DMULTI_EXEC  -c -o w3fi58.o w3fi58.F
ar rv libgrib.a w3fi58.o
a - w3fi58.o
gfortran -ffree-line-length-none -fallow-argument-mismatch -I../../../src/include -I/opt/homebrew/include -I../../../src/lib -I../../../src/lib/modules -I../../../src/lib/cloud -I../../../src/lib/radar/synp -I../../../src/lib/degrib  -I../../../src/include -I/opt/homebrew/include -I../../../src/lib -I../../../src/lib/modules -I../../../src/lib/cloud -I../../../src/lib/radar/synp -I../../../src/lib/degrib -I/opt/homebrew/include -Dunknown -DFORTRANUNDERSCORE -DDYNAMIC -DMULTI_EXEC  -c -o w3fi59.o w3fi59.F
ar rv libgrib.a w3fi59.o
a - w3fi59.o
gfortran -ffree-line-length-none -fallow-argument-mismatch -I../../../src/include -I/opt/homebrew/include -I../../../src/lib -I../../../src/lib/modules -I../../../src/lib/cloud -I../../../src/lib/radar/synp -I../../../src/lib/degrib   -c -o w3fi68.o w3fi68.f
ar rv libgrib.a w3fi68.o
a - w3fi68.o
gfortran -ffree-line-length-none -fallow-argument-mismatch -I../../../src/include -I/opt/homebrew/include -I../../../src/lib -I../../../src/lib/modules -I../../../src/lib/cloud -I../../../src/lib/radar/synp -I../../../src/lib/degrib   -c -o w3fi71.o w3fi71.f
ar rv libgrib.a w3fi71.o
a - w3fi71.o
gfortran -ffree-line-length-none -fallow-argument-mismatch -I../../../src/include -I/opt/homebrew/include -I../../../src/lib -I../../../src/lib/modules -I../../../src/lib/cloud -I../../../src/lib/radar/synp -I../../../src/lib/degrib  -I../../../src/include -I/opt/homebrew/include -I../../../src/lib -I../../../src/lib/modules -I../../../src/lib/cloud -I../../../src/lib/radar/synp -I../../../src/lib/degrib -I/opt/homebrew/include -Dunknown -DFORTRANUNDERSCORE -DDYNAMIC -DMULTI_EXEC  -c -o w3fi72.o w3fi72.F
ar rv libgrib.a w3fi72.o
a - w3fi72.o
gfortran -ffree-line-length-none -fallow-argument-mismatch -I../../../src/include -I/opt/homebrew/include -I../../../src/lib -I../../../src/lib/modules -I../../../src/lib/cloud -I../../../src/lib/radar/synp -I../../../src/lib/degrib   -c -o w3fi73.o w3fi73.f
ar rv libgrib.a w3fi73.o
a - w3fi73.o
gfortran -ffree-line-length-none -fallow-argument-mismatch -I../../../src/include -I/opt/homebrew/include -I../../../src/lib -I../../../src/lib/modules -I../../../src/lib/cloud -I../../../src/lib/radar/synp -I../../../src/lib/degrib   -c -o w3fi74.o w3fi74.f
ar rv libgrib.a w3fi74.o
a - w3fi74.o
gfortran -ffree-line-length-none -fallow-argument-mismatch -I../../../src/include -I/opt/homebrew/include -I../../../src/lib -I../../../src/lib/modules -I../../../src/lib/cloud -I../../../src/lib/radar/synp -I../../../src/lib/degrib   -c -o w3fi75.o w3fi75.f
ar rv libgrib.a w3fi75.o
a - w3fi75.o
gfortran -ffree-line-length-none -fallow-argument-mismatch -I../../../src/include -I/opt/homebrew/include -I../../../src/lib -I../../../src/lib/modules -I../../../src/lib/cloud -I../../../src/lib/radar/synp -I../../../src/lib/degrib   -c -o w3fi76.o w3fi76.f
ar rv libgrib.a w3fi76.o
a - w3fi76.o
gfortran -ffree-line-length-none -fallow-argument-mismatch -I../../../src/include -I/opt/homebrew/include -I../../../src/lib -I../../../src/lib/modules -I../../../src/lib/cloud -I../../../src/lib/radar/synp -I../../../src/lib/degrib   -c -o w3fi82.o w3fi82.f
ar rv libgrib.a w3fi82.o
a - w3fi82.o
gfortran -ffree-line-length-none -fallow-argument-mismatch -I../../../src/include -I/opt/homebrew/include -I../../../src/lib -I../../../src/lib/modules -I../../../src/lib/cloud -I../../../src/lib/radar/synp -I../../../src/lib/degrib   -c -o gbyte.o gbyte.f
ar rv libgrib.a gbyte.o
a - gbyte.o
gfortran -ffree-line-length-none -fallow-argument-mismatch -I../../../src/include -I/opt/homebrew/include -I../../../src/lib -I../../../src/lib/modules -I../../../src/lib/cloud -I../../../src/lib/radar/synp -I../../../src/lib/degrib   -c -o sbyte.o sbyte.f
ar rv libgrib.a sbyte.o
a - sbyte.o
gfortran -ffree-line-length-none -fallow-argument-mismatch -I../../../src/include -I/opt/homebrew/include -I../../../src/lib -I../../../src/lib/modules -I../../../src/lib/cloud -I../../../src/lib/radar/synp -I../../../src/lib/degrib   -c -o sbytes.o sbytes.f
ar rv libgrib.a sbytes.o
a - sbytes.o
gfortran -ffree-line-length-none -fallow-argument-mismatch -I../../../src/include -I/opt/homebrew/include -I../../../src/lib -I../../../src/lib/modules -I../../../src/lib/cloud -I../../../src/lib/radar/synp -I../../../src/lib/degrib   -c -o xmovex.o xmovex.f
ar rv libgrib.a xmovex.o
a - xmovex.o
gfortran -ffree-line-length-none -fallow-argument-mismatch -I../../../src/include -I/opt/homebrew/include -I../../../src/lib -I../../../src/lib/modules -I../../../src/lib/cloud -I../../../src/lib/radar/synp -I../../../src/lib/degrib   -c -o xstore.o xstore.f
ar rv libgrib.a xstore.o
a - xstore.o
gcc -DMAC   -Wno-error=int-to-pointer-cast -Wno-error=pointer-to-int-cast -Wno-error=implicit-function-declaration -I../../../src/include -I/opt/homebrew/include -I../../../src/lib -I../../../src/lib/modules -I../../../src/lib/cloud -I../../../src/lib/radar/synp -I../../../src/lib/degrib -I/opt/homebrew/include -Dunknown -DFORTRANUNDERSCORE -DDYNAMIC -DMULTI_EXEC  -c -o io_utils.o io_utils.c
io_utils.c:193:45: warning: format specifies type 'char *' but the argument has type 'FILE **' (aka 'struct __sFILE **') [-Wformat]
     printf("C_read error - filename %s \n",file);
                                     ~~     ^~~~
io_utils.c:375:28: warning: format specifies type 'int' but the argument has type 'void *' [-Wformat]
  printf("a's addr : %d\n",a);
                     ~~    ^
io_utils.c:391:43: warning: format specifies type 'int' but the argument has type 'char *' [-Wformat]
    printf("b[%i] = %o\t@ %d\n", i, C[1] ,b);
                          ~~              ^
                          %s
io_utils.c:407:52: warning: format specifies type 'int' but the argument has type 'float *' [-Wformat]
    printf("c[%i] = %f\t@ %d\n", i, (float ) *(c), c);
                          ~~                       ^
io_utils.c:430:48: warning: format specifies type 'int' but the argument has type 'int *' [-Wformat]
    printf("d[%i] = %i\t@ %d\n", i, (int ) *d, d);
                          ~~                   ^
io_utils.c:521:10: warning: implicit declaration of function 'julian_date_' is invalid in C99 [-Wimplicit-function-declaration]
        u_day = julian_date(1,1,1970);
                ^
io_utils.c:24:21: note: expanded from macro 'julian_date'
#define julian_date julian_date_
                    ^
io_utils.c:542:10: warning: implicit declaration of function 'julian_date_' is invalid in C99 [-Wimplicit-function-declaration]
        u_day = julian_date(1,1,1970);
                ^
io_utils.c:24:21: note: expanded from macro 'julian_date'
#define julian_date julian_date_
                    ^
io_utils.c:546:2: warning: implicit declaration of function 'calander_date_' is invalid in C99 [-Wimplicit-function-declaration]
        calandar_date((u_day + j_day),day,month,year);
        ^
io_utils.c:25:23: note: expanded from macro 'calandar_date'
#define calandar_date calander_date_
                      ^
io_utils.c:592:1: warning: type specifier missing, defaults to 'int' [-Wimplicit-int]
calandar_date(jdate,day,month,year)
^
io_utils.c:25:23: note: expanded from macro 'calandar_date'
#define calandar_date calander_date_
                      ^
io_utils.c:622:1: warning: non-void function does not return a value [-Wreturn-type]
}
^
10 warnings generated.
ar rv libgrib.a io_utils.o
a - io_utils.o
ranlib libgrib.a
rm w3fi59.o gbyte.o w3fi75.o sbyte.o fi7501.o fi7517.o fi7502.o w3fi74.o fi7518.o fi7503.o w3fi01.o fi7513.o xmovex.o w3fi71.o fi7505.o fi7516.o w3fi72.o w3fi68.o w3fi82.o io_utils.o w3fi58.o w3fi73.o w3fi76.o xstore.o sbytes.o
 
Making Laps in directory src/lib/grib2
gfortran -ffree-line-length-none -fallow-argument-mismatch -I../../../src/include -I/opt/homebrew/include -I../../../src/lib -I../../../src/lib/modules -I../../../src/lib/cloud -I../../../src/lib/radar/synp -I../../../src/lib/degrib   -c -o boustro_flt.o boustro_flt.f
ar rv libgrib2.a boustro_flt.o
ar: creating archive libgrib2.a
a - boustro_flt.o
gfortran -ffree-line-length-none -fallow-argument-mismatch -I../../../src/include -I/opt/homebrew/include -I../../../src/lib -I../../../src/lib/modules -I../../../src/lib/cloud -I../../../src/lib/radar/synp -I../../../src/lib/degrib   -c -o boustro_int.o boustro_int.f
ar rv libgrib2.a boustro_int.o
a - boustro_int.o
gfortran -ffree-line-length-none -fallow-argument-mismatch -I../../../src/include -I/opt/homebrew/include -I../../../src/lib -I../../../src/lib/modules -I../../../src/lib/cloud -I../../../src/lib/radar/synp -I../../../src/lib/degrib   -c -o check_flt.o check_flt.f
ar rv libgrib2.a check_flt.o
a - check_flt.o
gfortran -ffree-line-length-none -fallow-argument-mismatch -I../../../src/include -I/opt/homebrew/include -I../../../src/lib -I../../../src/lib/modules -I../../../src/lib/cloud -I../../../src/lib/radar/synp -I../../../src/lib/degrib   -c -o check_int.o check_int.f
ar rv libgrib2.a check_int.o
a - check_int.o
gfortran -ffree-line-length-none -fallow-argument-mismatch -I../../../src/include -I/opt/homebrew/include -I../../../src/lib -I../../../src/lib/modules -I../../../src/lib/cloud -I../../../src/lib/radar/synp -I../../../src/lib/degrib   -c -o earth.o earth.f
ar rv libgrib2.a earth.o
a - earth.o
gfortran -ffree-line-length-none -fallow-argument-mismatch -I../../../src/include -I/opt/homebrew/include -I../../../src/lib -I../../../src/lib/modules -I../../../src/lib/cloud -I../../../src/lib/radar/synp -I../../../src/lib/degrib   -c -o flr.o flr.f
ar rv libgrib2.a flr.o
a - flr.o
gfortran -ffree-line-length-none -fallow-argument-mismatch -I../../../src/include -I/opt/homebrew/include -I../../../src/lib -I../../../src/lib/modules -I../../../src/lib/cloud -I../../../src/lib/radar/synp -I../../../src/lib/degrib   -c -o flt_map.o flt_map.f
ar rv libgrib2.a flt_map.o
a - flt_map.o
gfortran -ffree-line-length-none -fallow-argument-mismatch -I../../../src/include -I/opt/homebrew/include -I../../../src/lib -I../../../src/lib/modules -I../../../src/lib/cloud -I../../../src/lib/radar/synp -I../../../src/lib/degrib   -c -o fmkieee.o fmkieee.f
ar rv libgrib2.a fmkieee.o
a - fmkieee.o
gfortran -ffree-line-length-none -fallow-argument-mismatch -I../../../src/include -I/opt/homebrew/include -I../../../src/lib -I../../../src/lib/modules -I../../../src/lib/cloud -I../../../src/lib/radar/synp -I../../../src/lib/degrib   -c -o int_map.o int_map.f
ar rv libgrib2.a int_map.o
a - int_map.o
gfortran -ffree-line-length-none -fallow-argument-mismatch -I../../../src/include -I/opt/homebrew/include -I../../../src/lib -I../../../src/lib/modules -I../../../src/lib/cloud -I../../../src/lib/radar/synp -I../../../src/lib/degrib   -c -o length.o length.f
ar rv libgrib2.a length.o
a - length.o
gfortran -ffree-line-length-none -fallow-argument-mismatch -I../../../src/include -I/opt/homebrew/include -I../../../src/lib -I../../../src/lib/modules -I../../../src/lib/cloud -I../../../src/lib/radar/synp -I../../../src/lib/degrib   -c -o pack_gp.o pack_gp.f
ar rv libgrib2.a pack_gp.o
a - pack_gp.o
gfortran -ffree-line-length-none -fallow-argument-mismatch -I../../../src/include -I/opt/homebrew/include -I../../../src/lib -I../../../src/lib/modules -I../../../src/lib/cloud -I../../../src/lib/radar/synp -I../../../src/lib/degrib   -c -o pack_opt.o pack_opt.f
ar rv libgrib2.a pack_opt.o
a - pack_opt.o
gfortran -ffree-line-length-none -fallow-argument-mismatch -I../../../src/include -I/opt/homebrew/include -I../../../src/lib -I../../../src/lib/modules -I../../../src/lib/cloud -I../../../src/lib/radar/synp -I../../../src/lib/degrib   -c -o pk_azimuth.o pk_azimuth.f
ar rv libgrib2.a pk_azimuth.o
a - pk_azimuth.o
gfortran -ffree-line-length-none -fallow-argument-mismatch -I../../../src/include -I/opt/homebrew/include -I../../../src/lib -I../../../src/lib/modules -I../../../src/lib/cloud -I../../../src/lib/radar/synp -I../../../src/lib/degrib   -c -o pkbg.o pkbg.f
ar rv libgrib2.a pkbg.o
a - pkbg.o
gfortran -ffree-line-length-none -fallow-argument-mismatch -I../../../src/include -I/opt/homebrew/include -I../../../src/lib -I../../../src/lib/modules -I../../../src/lib/cloud -I../../../src/lib/radar/synp -I../../../src/lib/degrib   -c -o pk_bmap.o pk_bmap.f
ar rv libgrib2.a pk_bmap.o
a - pk_bmap.o
gfortran -ffree-line-length-none -fallow-argument-mismatch -I../../../src/include -I/opt/homebrew/include -I../../../src/lib -I../../../src/lib/modules -I../../../src/lib/cloud -I../../../src/lib/radar/synp -I../../../src/lib/degrib   -c -o pk_c7.o pk_c7.f
ar rv libgrib2.a pk_c7.o
a - pk_c7.o
gfortran -ffree-line-length-none -fallow-argument-mismatch -I../../../src/include -I/opt/homebrew/include -I../../../src/lib -I../../../src/lib/modules -I../../../src/lib/cloud -I../../../src/lib/radar/synp -I../../../src/lib/degrib   -c -o pk_cmplx.o pk_cmplx.f
ar rv libgrib2.a pk_cmplx.o
a - pk_cmplx.o
gfortran -ffree-line-length-none -fallow-argument-mismatch -I../../../src/include -I/opt/homebrew/include -I../../../src/lib -I../../../src/lib/modules -I../../../src/lib/cloud -I../../../src/lib/radar/synp -I../../../src/lib/degrib   -c -o pk_cylinder.o pk_cylinder.f
ar rv libgrib2.a pk_cylinder.o
a - pk_cylinder.o
gfortran -ffree-line-length-none -fallow-argument-mismatch -I../../../src/include -I/opt/homebrew/include -I../../../src/lib -I../../../src/lib/modules -I../../../src/lib/cloud -I../../../src/lib/radar/synp -I../../../src/lib/degrib   -c -o pk_endian.o pk_endian.f
ar rv libgrib2.a pk_endian.o
a - pk_endian.o
gfortran -ffree-line-length-none -fallow-argument-mismatch -I../../../src/include -I/opt/homebrew/include -I../../../src/lib -I../../../src/lib/modules -I../../../src/lib/cloud -I../../../src/lib/radar/synp -I../../../src/lib/degrib   -c -o pk_equator.o pk_equator.f
ar rv libgrib2.a pk_equator.o
a - pk_equator.o
gfortran -ffree-line-length-none -fallow-argument-mismatch -I../../../src/include -I/opt/homebrew/include -I../../../src/lib -I../../../src/lib/modules -I../../../src/lib/cloud -I../../../src/lib/radar/synp -I../../../src/lib/degrib   -c -o pk_grib2.o pk_grib2.f
ar rv libgrib2.a pk_grib2.o
a - pk_grib2.o
gfortran -ffree-line-length-none -fallow-argument-mismatch -I../../../src/include -I/opt/homebrew/include -I../../../src/lib -I../../../src/lib/modules -I../../../src/lib/cloud -I../../../src/lib/radar/synp -I../../../src/lib/degrib   -c -o pk_lambert.o pk_lambert.f
ar rv libgrib2.a pk_lambert.o
a - pk_lambert.o
gfortran -ffree-line-length-none -fallow-argument-mismatch -I../../../src/include -I/opt/homebrew/include -I../../../src/lib -I../../../src/lib/modules -I../../../src/lib/cloud -I../../../src/lib/radar/synp -I../../../src/lib/degrib   -c -o pk_mercator.o pk_mercator.f
ar rv libgrib2.a pk_mercator.o
a - pk_mercator.o
gfortran -ffree-line-length-none -fallow-argument-mismatch -I../../../src/include -I/opt/homebrew/include -I../../../src/lib -I../../../src/lib/modules -I../../../src/lib/cloud -I../../../src/lib/radar/synp -I../../../src/lib/degrib   -c -o pk_missp.o pk_missp.f
ar rv libgrib2.a pk_missp.o
a - pk_missp.o
gfortran -ffree-line-length-none -fallow-argument-mismatch -I../../../src/include -I/opt/homebrew/include -I../../../src/lib -I../../../src/lib/modules -I../../../src/lib/cloud -I../../../src/lib/radar/synp -I../../../src/lib/degrib   -c -o pk_nomiss.o pk_nomiss.f
ar rv libgrib2.a pk_nomiss.o
a - pk_nomiss.o
gfortran -ffree-line-length-none -fallow-argument-mismatch -I../../../src/include -I/opt/homebrew/include -I../../../src/lib -I../../../src/lib/modules -I../../../src/lib/cloud -I../../../src/lib/radar/synp -I../../../src/lib/degrib   -c -o pk_orthographic.o pk_orthographic.f
ar rv libgrib2.a pk_orthographic.o
a - pk_orthographic.o
gfortran -ffree-line-length-none -fallow-argument-mismatch -I../../../src/include -I/opt/homebrew/include -I../../../src/lib -I../../../src/lib/modules -I../../../src/lib/cloud -I../../../src/lib/radar/synp -I../../../src/lib/degrib   -c -o pk_polster.o pk_polster.f
ar rv libgrib2.a pk_polster.o
a - pk_polster.o
gfortran -ffree-line-length-none -fallow-argument-mismatch -I../../../src/include -I/opt/homebrew/include -I../../../src/lib -I../../../src/lib/modules -I../../../src/lib/cloud -I../../../src/lib/radar/synp -I../../../src/lib/degrib   -c -o pk_s7.o pk_s7.f
ar rv libgrib2.a pk_s7.o
a - pk_s7.o
gfortran -ffree-line-length-none -fallow-argument-mismatch -I../../../src/include -I/opt/homebrew/include -I../../../src/lib -I../../../src/lib/modules -I../../../src/lib/cloud -I../../../src/lib/radar/synp -I../../../src/lib/degrib   -c -o pk_sect0.o pk_sect0.f
ar rv libgrib2.a pk_sect0.o
a - pk_sect0.o
gfortran -ffree-line-length-none -fallow-argument-mismatch -I../../../src/include -I/opt/homebrew/include -I../../../src/lib -I../../../src/lib/modules -I../../../src/lib/cloud -I../../../src/lib/radar/synp -I../../../src/lib/degrib   -c -o pk_sect1.o pk_sect1.f
ar rv libgrib2.a pk_sect1.o
a - pk_sect1.o
gfortran -ffree-line-length-none -fallow-argument-mismatch -I../../../src/include -I/opt/homebrew/include -I../../../src/lib -I../../../src/lib/modules -I../../../src/lib/cloud -I../../../src/lib/radar/synp -I../../../src/lib/degrib   -c -o pk_sect2.o pk_sect2.f
ar rv libgrib2.a pk_sect2.o
a - pk_sect2.o
gfortran -ffree-line-length-none -fallow-argument-mismatch -I../../../src/include -I/opt/homebrew/include -I../../../src/lib -I../../../src/lib/modules -I../../../src/lib/cloud -I../../../src/lib/radar/synp -I../../../src/lib/degrib   -c -o pk_sect3.o pk_sect3.f
ar rv libgrib2.a pk_sect3.o
a - pk_sect3.o
gfortran -ffree-line-length-none -fallow-argument-mismatch -I../../../src/include -I/opt/homebrew/include -I../../../src/lib -I../../../src/lib/modules -I../../../src/lib/cloud -I../../../src/lib/radar/synp -I../../../src/lib/degrib   -c -o pk_sect4.o pk_sect4.f
ar rv libgrib2.a pk_sect4.o
a - pk_sect4.o
gfortran -ffree-line-length-none -fallow-argument-mismatch -I../../../src/include -I/opt/homebrew/include -I../../../src/lib -I../../../src/lib/modules -I../../../src/lib/cloud -I../../../src/lib/radar/synp -I../../../src/lib/degrib   -c -o pk_sect5.o pk_sect5.f
ar rv libgrib2.a pk_sect5.o
a - pk_sect5.o
gfortran -ffree-line-length-none -fallow-argument-mismatch -I../../../src/include -I/opt/homebrew/include -I../../../src/lib -I../../../src/lib/modules -I../../../src/lib/cloud -I../../../src/lib/radar/synp -I../../../src/lib/degrib   -c -o pk_sect6.o pk_sect6.f
ar rv libgrib2.a pk_sect6.o
a - pk_sect6.o
gfortran -ffree-line-length-none -fallow-argument-mismatch -I../../../src/include -I/opt/homebrew/include -I../../../src/lib -I../../../src/lib/modules -I../../../src/lib/cloud -I../../../src/lib/radar/synp -I../../../src/lib/degrib   -c -o pk_sect7.o pk_sect7.f
ar rv libgrib2.a pk_sect7.o
a - pk_sect7.o
gfortran -ffree-line-length-none -fallow-argument-mismatch -I../../../src/include -I/opt/homebrew/include -I../../../src/lib -I../../../src/lib/modules -I../../../src/lib/cloud -I../../../src/lib/radar/synp -I../../../src/lib/degrib   -c -o pk_sect8.o pk_sect8.f
ar rv libgrib2.a pk_sect8.o
a - pk_sect8.o
gfortran -ffree-line-length-none -fallow-argument-mismatch -I../../../src/include -I/opt/homebrew/include -I../../../src/lib -I../../../src/lib/modules -I../../../src/lib/cloud -I../../../src/lib/radar/synp -I../../../src/lib/degrib   -c -o pk_smple.o pk_smple.f
ar rv libgrib2.a pk_smple.o
a - pk_smple.o
gfortran -ffree-line-length-none -fallow-argument-mismatch -I../../../src/include -I/opt/homebrew/include -I../../../src/lib -I../../../src/lib/modules -I../../../src/lib/cloud -I../../../src/lib/radar/synp -I../../../src/lib/degrib   -c -o pk_temp40.o pk_temp40.f
ar rv libgrib2.a pk_temp40.o
a - pk_temp40.o
gfortran -ffree-line-length-none -fallow-argument-mismatch -I../../../src/include -I/opt/homebrew/include -I../../../src/lib -I../../../src/lib/modules -I../../../src/lib/cloud -I../../../src/lib/radar/synp -I../../../src/lib/degrib   -c -o pk_temp41.o pk_temp41.f
ar rv libgrib2.a pk_temp41.o
a - pk_temp41.o
gfortran -ffree-line-length-none -fallow-argument-mismatch -I../../../src/include -I/opt/homebrew/include -I../../../src/lib -I../../../src/lib/modules -I../../../src/lib/cloud -I../../../src/lib/radar/synp -I../../../src/lib/degrib   -c -o pk_temp420.o pk_temp420.f
ar rv libgrib2.a pk_temp420.o
a - pk_temp420.o
gfortran -ffree-line-length-none -fallow-argument-mismatch -I../../../src/include -I/opt/homebrew/include -I../../../src/lib -I../../../src/lib/modules -I../../../src/lib/cloud -I../../../src/lib/radar/synp -I../../../src/lib/degrib   -c -o pk_temp42.o pk_temp42.f
ar rv libgrib2.a pk_temp42.o
a - pk_temp42.o
gfortran -ffree-line-length-none -fallow-argument-mismatch -I../../../src/include -I/opt/homebrew/include -I../../../src/lib -I../../../src/lib/modules -I../../../src/lib/cloud -I../../../src/lib/radar/synp -I../../../src/lib/degrib   -c -o pk_temp430.o pk_temp430.f
ar rv libgrib2.a pk_temp430.o
a - pk_temp430.o
gfortran -ffree-line-length-none -fallow-argument-mismatch -I../../../src/include -I/opt/homebrew/include -I../../../src/lib -I../../../src/lib/modules -I../../../src/lib/cloud -I../../../src/lib/radar/synp -I../../../src/lib/degrib   -c -o pk_temp48.o pk_temp48.f
ar rv libgrib2.a pk_temp48.o
a - pk_temp48.o
gfortran -ffree-line-length-none -fallow-argument-mismatch -I../../../src/include -I/opt/homebrew/include -I../../../src/lib -I../../../src/lib/modules -I../../../src/lib/cloud -I../../../src/lib/radar/synp -I../../../src/lib/degrib   -c -o pk_temp49.o pk_temp49.f
ar rv libgrib2.a pk_temp49.o
a - pk_temp49.o
gfortran -ffree-line-length-none -fallow-argument-mismatch -I../../../src/include -I/opt/homebrew/include -I../../../src/lib -I../../../src/lib/modules -I../../../src/lib/cloud -I../../../src/lib/radar/synp -I../../../src/lib/degrib   -c -o pk_trace.o pk_trace.f
ar rv libgrib2.a pk_trace.o
a - pk_trace.o
gfortran -ffree-line-length-none -fallow-argument-mismatch -I../../../src/include -I/opt/homebrew/include -I../../../src/lib -I../../../src/lib/modules -I../../../src/lib/cloud -I../../../src/lib/radar/synp -I../../../src/lib/degrib   -c -o prep_flt.o prep_flt.f
ar rv libgrib2.a prep_flt.o
a - prep_flt.o
gfortran -ffree-line-length-none -fallow-argument-mismatch -I../../../src/include -I/opt/homebrew/include -I../../../src/lib -I../../../src/lib/modules -I../../../src/lib/cloud -I../../../src/lib/radar/synp -I../../../src/lib/degrib   -c -o prep_int.o prep_int.f
ar rv libgrib2.a prep_int.o
a - prep_int.o
gfortran -ffree-line-length-none -fallow-argument-mismatch -I../../../src/include -I/opt/homebrew/include -I../../../src/lib -I../../../src/lib/modules -I../../../src/lib/cloud -I../../../src/lib/radar/synp -I../../../src/lib/degrib   -c -o prep_noval.o prep_noval.f
ar rv libgrib2.a prep_noval.o
a - prep_noval.o
gfortran -ffree-line-length-none -fallow-argument-mismatch -I../../../src/include -I/opt/homebrew/include -I../../../src/lib -I../../../src/lib/modules -I../../../src/lib/cloud -I../../../src/lib/radar/synp -I../../../src/lib/degrib   -c -o prepr.o prepr.f
ar rv libgrib2.a prepr.o
a - prepr.o
gfortran -ffree-line-length-none -fallow-argument-mismatch -I../../../src/include -I/opt/homebrew/include -I../../../src/lib -I../../../src/lib/modules -I../../../src/lib/cloud -I../../../src/lib/radar/synp -I../../../src/lib/degrib   -c -o prep_sect2_int.o prep_sect2_int.f
ar rv libgrib2.a prep_sect2_int.o
a - prep_sect2_int.o
gfortran -ffree-line-length-none -fallow-argument-mismatch -I../../../src/include -I/opt/homebrew/include -I../../../src/lib -I../../../src/lib/modules -I../../../src/lib/cloud -I../../../src/lib/radar/synp -I../../../src/lib/degrib   -c -o prep_sect2_real.o prep_sect2_real.f
ar rv libgrib2.a prep_sect2_real.o
a - prep_sect2_real.o
gfortran -ffree-line-length-none -fallow-argument-mismatch -I../../../src/include -I/opt/homebrew/include -I../../../src/lib -I../../../src/lib/modules -I../../../src/lib/cloud -I../../../src/lib/radar/synp -I../../../src/lib/degrib   -c -o reduce.o reduce.f
ar rv libgrib2.a reduce.o
a - reduce.o
gfortran -ffree-line-length-none -fallow-argument-mismatch -I../../../src/include -I/opt/homebrew/include -I../../../src/lib -I../../../src/lib/modules -I../../../src/lib/cloud -I../../../src/lib/radar/synp -I../../../src/lib/degrib   -c -o timpr.o timpr.f
ar rv libgrib2.a timpr.o
a - timpr.o
gcc -DMAC   -Wno-error=int-to-pointer-cast -Wno-error=pointer-to-int-cast -Wno-error=implicit-function-declaration -I../../../src/include -I/opt/homebrew/include -I../../../src/lib -I../../../src/lib/modules -I../../../src/lib/cloud -I../../../src/lib/radar/synp -I../../../src/lib/degrib -I/opt/homebrew/include -Dunknown -DFORTRANUNDERSCORE -DDYNAMIC -DMULTI_EXEC  -c -o io_utils.o io_utils.c
io_utils.c:184:45: warning: format specifies type 'char *' but the argument has type 'FILE **' (aka 'struct __sFILE **') [-Wformat]
     printf("C_read error - filename %s \n",file);
                                     ~~     ^~~~
io_utils.c:337:28: warning: format specifies type 'int' but the argument has type 'void *' [-Wformat]
  printf("a's addr : %d\n",a);
                     ~~    ^
io_utils.c:353:43: warning: format specifies type 'int' but the argument has type 'char *' [-Wformat]
    printf("b[%i] = %o\t@ %d\n", i, C[1] ,b);
                          ~~              ^
                          %s
io_utils.c:369:52: warning: format specifies type 'int' but the argument has type 'float *' [-Wformat]
    printf("c[%i] = %f\t@ %d\n", i, (float ) *(c), c);
                          ~~                       ^
io_utils.c:392:48: warning: format specifies type 'int' but the argument has type 'int *' [-Wformat]
    printf("d[%i] = %i\t@ %d\n", i, (int ) *d, d);
                          ~~                   ^
io_utils.c:483:10: warning: implicit declaration of function 'julian_date_' is invalid in C99 [-Wimplicit-function-declaration]
        u_day = julian_date(1,1,1970);
                ^
io_utils.c:24:21: note: expanded from macro 'julian_date'
#define julian_date julian_date_
                    ^
io_utils.c:504:10: warning: implicit declaration of function 'julian_date_' is invalid in C99 [-Wimplicit-function-declaration]
        u_day = julian_date(1,1,1970);
                ^
io_utils.c:24:21: note: expanded from macro 'julian_date'
#define julian_date julian_date_
                    ^
io_utils.c:508:2: warning: implicit declaration of function 'calander_date_' is invalid in C99 [-Wimplicit-function-declaration]
        calandar_date((u_day + j_day),day,month,year);
        ^
io_utils.c:25:23: note: expanded from macro 'calandar_date'
#define calandar_date calander_date_
                      ^
io_utils.c:554:1: warning: type specifier missing, defaults to 'int' [-Wimplicit-int]
calandar_date(jdate,day,month,year)
^
io_utils.c:25:23: note: expanded from macro 'calandar_date'
#define calandar_date calander_date_
                      ^
io_utils.c:584:1: warning: non-void function does not return a value [-Wreturn-type]
}
^
10 warnings generated.
ar rv libgrib2.a io_utils.o
a - io_utils.o
gcc -DMAC   -Wno-error=int-to-pointer-cast -Wno-error=pointer-to-int-cast -Wno-error=implicit-function-declaration -I../../../src/include -I/opt/homebrew/include -I../../../src/lib -I../../../src/lib/modules -I../../../src/lib/cloud -I../../../src/lib/radar/synp -I../../../src/lib/degrib -I/opt/homebrew/include -Dunknown -DFORTRANUNDERSCORE -DDYNAMIC -DMULTI_EXEC  -c -o pk_swap.o pk_swap.c
ar rv libgrib2.a pk_swap.o
a - pk_swap.o
ranlib libgrib2.a
rm pk_sect1.o pk_sect6.o pack_gp.o pk_temp48.o flt_map.o check_int.o pk_trace.o pk_temp40.o int_map.o pk_temp41.o pk_grib2.o fmkieee.o pk_s7.o pk_c7.o pk_sect2.o pk_temp42.o pk_smple.o pk_temp420.o pk_nomiss.o length.o boustro_flt.o prep_noval.o reduce.o pk_sect5.o prep_int.o pk_sect7.o pk_missp.o pk_endian.o prep_sect2_real.o earth.o check_flt.o pk_azimuth.o flr.o pk_cylinder.o pk_equator.o pk_sect4.o prep_sect2_int.o prepr.o pk_swap.o prep_flt.o pk_sect3.o timpr.o pk_lambert.o pk_orthographic.o io_utils.o pkbg.o pk_sect8.o pk_bmap.o pk_polster.o pk_temp49.o pk_sect0.o pk_temp430.o pack_opt.o pk_mercator.o pk_cmplx.o boustro_int.o
 
Making Laps in directory src/lib/goesinav
gfortran -ffree-line-length-none -fallow-argument-mismatch -I../../../src/include -I/opt/homebrew/include -I../../../src/lib -I../../../src/lib/modules -I../../../src/lib/cloud -I../../../src/lib/radar/synp -I../../../src/lib/degrib   -c -o gimloc.o gimloc.f
ar rv libgoesinav.a gimloc.o
ar: creating archive libgoesinav.a
a - gimloc.o
ranlib libgoesinav.a
rm gimloc.o
 
Making Laps in directory src/lib/goeslib
gfortran -ffree-line-length-none -fallow-argument-mismatch -I../../../src/include -I/opt/homebrew/include -I../../../src/lib -I../../../src/lib/modules -I../../../src/lib/cloud -I../../../src/lib/radar/synp -I../../../src/lib/degrib   -c -o invers.o invers.f
invers.f:66:72:

   66 |       do 100 i=1,nbxs
      |                                                                        1
Warning: Fortran 2018 deleted feature: Shared DO termination label 100 at (1)
invers.f:352:72:

  352 |   100 delp(i)=pre(i)-pre(i-1)
      |                                                                        1
Warning: Fortran 2018 deleted feature: DO termination statement which is not END DO or CONTINUE with label 100 at (1)
invers.f:490:72:

  490 |       do 470 j=1,9
      |                                                                        1
Warning: Fortran 2018 deleted feature: Shared DO termination label 470 at (1)
invers.f:783:72:

  783 |       do 140 i=1,nf
      |                                                                        1
Warning: Fortran 2018 deleted feature: Shared DO termination label 140 at (1)
invers.f:787:72:

  787 |   130 sum=sum+x(i,k)*x(j,k)
      |                                                                        1
Warning: Fortran 2018 deleted feature: DO termination statement which is not END DO or CONTINUE with label 130 at (1)
invers.f:794:72:

  794 |       do 160 i=1,nf
      |                                                                        1
Warning: Fortran 2018 deleted feature: Shared DO termination label 160 at (1)
invers.f:797:72:

  797 |   150 sum=sum+xiv(i,j)*x(j,k)
      |                                                                        1
Warning: Fortran 2018 deleted feature: DO termination statement which is not END DO or CONTINUE with label 150 at (1)
invers.f:808:72:

  808 |       if(n-1)110,110,120
      |                                                                        1
Warning: Fortran 2018 deleted feature: Arithmetic IF statement at (1)
invers.f:826:72:

  826 |       do 170 j=1,im
      |                                                                        1
Warning: Fortran 2018 deleted feature: Shared DO termination label 170 at (1)
invers.f:827:72:

  827 |   170 s(i,j)=0.0
      |                                                                        1
Warning: Fortran 2018 deleted feature: DO termination statement which is not END DO or CONTINUE with label 170 at (1)
invers.f:832:72:

  832 |       do 180 j=1,im
      |                                                                        1
Warning: Fortran 2018 deleted feature: Shared DO termination label 180 at (1)
invers.f:834:72:

  834 |       do 180 k=i,n
      |                                                                        1
Warning: Fortran 2018 deleted feature: Shared DO termination label 180 at (1)
invers.f:840:72:

  840 |       do 210 i=1,jm
      |                                                                        1
Warning: Fortran 2018 deleted feature: Shared DO termination label 210 at (1)
invers.f:842:72:

  842 |       if(jp-n)190,190,210
      |                                                                        1
Warning: Fortran 2018 deleted feature: Arithmetic IF statement at (1)
invers.f:850:72:

  850 |       if(ip-n)220,220,240
      |                                                                        1
Warning: Fortran 2018 deleted feature: Arithmetic IF statement at (1)
invers.f:857:72:

  857 |       do 260 j=i,n
      |                                                                        1
Warning: Fortran 2018 deleted feature: Shared DO termination label 260 at (1)
invers.f:887:72:

  887 |   110 tauo3 (i)=1.
      |                                                                        1
Warning: Fortran 2018 deleted feature: DO termination statement which is not END DO or CONTINUE with label 110 at (1)
invers.f:911:72:

  911 |   170 tau(i)=tauco2(i)*taucon(i)*tauh2o(i)*tauo3(i)
      |                                                                        1
Warning: Fortran 2018 deleted feature: DO termination statement which is not END DO or CONTINUE with label 170 at (1)
invers.f:974:72:

  974 |   110 tref(i)=tx(i)
      |                                                                        1
Warning: Fortran 2018 deleted feature: DO termination statement which is not END DO or CONTINUE with label 110 at (1)
invers.f:977:72:

  977 |   120 delp(i+1)=pref(i+1)-pref(i)
      |                                                                        1
Warning: Fortran 2018 deleted feature: DO termination statement which is not END DO or CONTINUE with label 120 at (1)
invers.f:980:72:

  980 |   140 pps(i+1)=alog((pref(i+1)+pref(i))/2000.)
      |                                                                        1
Warning: Fortran 2018 deleted feature: DO termination statement which is not END DO or CONTINUE with label 140 at (1)
invers.f:992:72:

  992 |   210 buf(i)=cbuf(i,kchan)
      |                                                                        1
Warning: Fortran 2018 deleted feature: DO termination statement which is not END DO or CONTINUE with label 210 at (1)
invers.f:1009:72:

 1009 |   110 tempf(i)=1./temp(i)
      |                                                                        1
Warning: Fortran 2018 deleted feature: DO termination statement which is not END DO or CONTINUE with label 110 at (1)
invers.f:1012:72:

 1012 |   120 tts(i+1)=alog((temp(i)+temp(i+1))/546.)
      |                                                                        1
Warning: Fortran 2018 deleted feature: DO termination statement which is not END DO or CONTINUE with label 120 at (1)
invers.f:1015:72:

 1015 |   130 wvap(i)=0.
      |                                                                        1
Warning: Fortran 2018 deleted feature: DO termination statement which is not END DO or CONTINUE with label 130 at (1)
invers.f:1018:72:

 1018 |   140 wvap(i+1)=wvap(i)+cgrav*delp(i+1)*(wmix(i)+wmix(i+1))
      |                                                                        1
Warning: Fortran 2018 deleted feature: DO termination statement which is not END DO or CONTINUE with label 140 at (1)
invers.f:1057:72:

 1057 |   110 tauco2(j)=tauz
      |                                                                        1
Warning: Fortran 2018 deleted feature: DO termination statement which is not END DO or CONTINUE with label 110 at (1)
invers.f:1070:72:

 1070 |   110 pvap(k)=wvap(k)*path
      |                                                                        1
Warning: Fortran 2018 deleted feature: DO termination statement which is not END DO or CONTINUE with label 110 at (1)
invers.f:1139:72:

 1139 |   110 trn(i)=0.
      |                                                                        1
Warning: Fortran 2018 deleted feature: DO termination statement which is not END DO or CONTINUE with label 110 at (1)
invers.f:1147:72:

 1147 |   120 trn(i)=tau*concof(1)
      |                                                                        1
Warning: Fortran 2018 deleted feature: DO termination statement which is not END DO or CONTINUE with label 120 at (1)
invers.f:1155:72:

 1155 |   140 trn(i)=trn(i)+tau*concof(3)
      |                                                                        1
Warning: Fortran 2018 deleted feature: DO termination statement which is not END DO or CONTINUE with label 140 at (1)
invers.f:1164:72:

 1164 |   160 trn(i)=trn(i)+tau*concof(5)
      |                                                                        1
Warning: Fortran 2018 deleted feature: DO termination statement which is not END DO or CONTINUE with label 160 at (1)
invers.f:1187:72:

 1187 |   110 tauo3(j)=frac1*arg1+frac2*arg2
      |                                                                        1
Warning: Fortran 2018 deleted feature: DO termination statement which is not END DO or CONTINUE with label 110 at (1)
invers.f:1246:72:

 1246 |   110 fk2(j)=buf(j+mc)
      |                                                                        1
Warning: Fortran 2018 deleted feature: DO termination statement which is not END DO or CONTINUE with label 110 at (1)
invers.f:1258:72:

 1258 |   120 tc(i,j)=buf(n)
      |                                                                        1
Warning: Fortran 2018 deleted feature: DO termination statement which is not END DO or CONTINUE with label 120 at (1)
invers.f:1268:72:

 1268 |   140 gv(i)=buf(n)
      |                                                                        1
Warning: Fortran 2018 deleted feature: DO termination statement which is not END DO or CONTINUE with label 140 at (1)
invers.f:1277:72:

 1277 |   150 dv(i)=buf(n)
      |                                                                        1
Warning: Fortran 2018 deleted feature: DO termination statement which is not END DO or CONTINUE with label 150 at (1)
invers.f:1286:72:

 1286 |   160 ev(i)=buf(n)
      |                                                                        1
Warning: Fortran 2018 deleted feature: DO termination statement which is not END DO or CONTINUE with label 160 at (1)
invers.f:1297:72:

 1297 |   170 tsc(i,j)=buf(n)
      |                                                                        1
Warning: Fortran 2018 deleted feature: DO termination statement which is not END DO or CONTINUE with label 170 at (1)
invers.f:1310:72:

 1310 |   190 iuch(i,j)=buf(n)
      |                                                                        1
Warning: Fortran 2018 deleted feature: DO termination statement which is not END DO or CONTINUE with label 190 at (1)
invers.f:1321:72:

 1321 |   210 chkc(i)=buf(n)
      |                                                                        1
Warning: Fortran 2018 deleted feature: DO termination statement which is not END DO or CONTINUE with label 210 at (1)
invers.f:1331:72:

 1331 |   220 tse(i,j)=buf(n)
      |                                                                        1
Warning: Fortran 2018 deleted feature: DO termination statement which is not END DO or CONTINUE with label 220 at (1)
invers.f:1575:72:

 1575 |   100 p1=p2
      |                                                                        1
Warning: Fortran 2018 deleted feature: DO termination statement which is not END DO or CONTINUE with label 100 at (1)
invers.f:1599:72:

 1599 |    90 tx(i)=tbb(j)
      |                                                                        1
Warning: Fortran 2018 deleted feature: DO termination statement which is not END DO or CONTINUE with label 90 at (1)
invers.f:1606:72:

 1606 |       do 100 i=1,4
      |                                                                        1
Warning: Fortran 2018 deleted feature: Shared DO termination label 100 at (1)
invers.f:1607:72:

 1607 |   100 tsc(i,j)=tsce(i,j)
      |                                                                        1
Warning: Fortran 2018 deleted feature: DO termination statement which is not END DO or CONTINUE with label 100 at (1)
invers.f:1610:72:

 1610 |       do 120 i=1,4
      |                                                                        1
Warning: Fortran 2018 deleted feature: Shared DO termination label 120 at (1)
invers.f:1611:72:

 1611 |   120 tsc(i,j)=tscc(i,j)
      |                                                                        1
Warning: Fortran 2018 deleted feature: DO termination statement which is not END DO or CONTINUE with label 120 at (1)
invers.f:1622:72:

 1622 |   170 ts=ts+tx(i)*tsc(i,j)
      |                                                                        1
Warning: Fortran 2018 deleted feature: DO termination statement which is not END DO or CONTINUE with label 170 at (1)
invers.f:1505:16:

 1505 |       call wmix(p,t,dd,w,1)
      |                1
Warning: Rank mismatch in argument 'p' at (1) (rank-1 and scalar)
invers.f:1505:18:

 1505 |       call wmix(p,t,dd,w,1)
      |                  1
Warning: Rank mismatch in argument 't' at (1) (rank-1 and scalar)
invers.f:1505:23:

 1505 |       call wmix(p,t,dd,w,1)
      |                       1
Warning: Rank mismatch in argument 'w' at (1) (rank-1 and scalar)
ar rv libgoeslib.a invers.o
ar: creating archive libgoeslib.a
a - invers.o
gfortran -ffree-line-length-none -fallow-argument-mismatch -I../../../src/include -I/opt/homebrew/include -I../../../src/lib -I../../../src/lib/modules -I../../../src/lib/cloud -I../../../src/lib/radar/synp -I../../../src/lib/degrib   -c -o vasrad.o vasrad.f
vasrad.f:67:72:

   67 |   110 tau1=tau2
      |                                                                        1
Warning: Fortran 2018 deleted feature: DO termination statement which is not END DO or CONTINUE with label 110 at (1)
ar rv libgoeslib.a vasrad.o
a - vasrad.o
ranlib libgoeslib.a
rm vasrad.o invers.o
 
Making Laps in directory src/lib/lapack
gfortran -ffree-line-length-none -fallow-argument-mismatch -I../../../src/include -I/opt/homebrew/include -I../../../src/lib -I../../../src/lib/modules -I../../../src/lib/cloud -I../../../src/lib/radar/synp -I../../../src/lib/degrib   -c -o dgecon.o dgecon.f
ar rv liblapack.a dgecon.o
ar: creating archive liblapack.a
a - dgecon.o
gfortran -ffree-line-length-none -fallow-argument-mismatch -I../../../src/include -I/opt/homebrew/include -I../../../src/lib -I../../../src/lib/modules -I../../../src/lib/cloud -I../../../src/lib/radar/synp -I../../../src/lib/degrib   -c -o dgetri.o dgetri.f
ar rv liblapack.a dgetri.o
a - dgetri.o
gfortran -ffree-line-length-none -fallow-argument-mismatch -I../../../src/include -I/opt/homebrew/include -I../../../src/lib -I../../../src/lib/modules -I../../../src/lib/cloud -I../../../src/lib/radar/synp -I../../../src/lib/degrib   -c -o dlamch.o dlamch.f
ar rv liblapack.a dlamch.o
a - dlamch.o
gfortran -ffree-line-length-none -fallow-argument-mismatch -I../../../src/include -I/opt/homebrew/include -I../../../src/lib -I../../../src/lib/modules -I../../../src/lib/cloud -I../../../src/lib/radar/synp -I../../../src/lib/degrib   -c -o dlaswp.o dlaswp.f
ar rv liblapack.a dlaswp.o
a - dlaswp.o
gfortran -ffree-line-length-none -fallow-argument-mismatch -I../../../src/include -I/opt/homebrew/include -I../../../src/lib -I../../../src/lib/modules -I../../../src/lib/cloud -I../../../src/lib/radar/synp -I../../../src/lib/degrib   -c -o dtrti2.o dtrti2.f
ar rv liblapack.a dtrti2.o
a - dtrti2.o
gfortran -ffree-line-length-none -fallow-argument-mismatch -I../../../src/include -I/opt/homebrew/include -I../../../src/lib -I../../../src/lib/modules -I../../../src/lib/cloud -I../../../src/lib/radar/synp -I../../../src/lib/degrib   -c -o lsame.o lsame.f
ar rv liblapack.a lsame.o
a - lsame.o
gfortran -ffree-line-length-none -fallow-argument-mismatch -I../../../src/include -I/opt/homebrew/include -I../../../src/lib -I../../../src/lib/modules -I../../../src/lib/cloud -I../../../src/lib/radar/synp -I../../../src/lib/degrib   -c -o dgetf2.o dgetf2.f
ar rv liblapack.a dgetf2.o
a - dgetf2.o
gfortran -ffree-line-length-none -fallow-argument-mismatch -I../../../src/include -I/opt/homebrew/include -I../../../src/lib -I../../../src/lib/modules -I../../../src/lib/cloud -I../../../src/lib/radar/synp -I../../../src/lib/degrib   -c -o dlabad.o dlabad.f
ar rv liblapack.a dlabad.o
a - dlabad.o
gfortran -ffree-line-length-none -fallow-argument-mismatch -I../../../src/include -I/opt/homebrew/include -I../../../src/lib -I../../../src/lib/modules -I../../../src/lib/cloud -I../../../src/lib/radar/synp -I../../../src/lib/degrib   -c -o dlange.o dlange.f
ar rv liblapack.a dlange.o
a - dlange.o
gfortran -ffree-line-length-none -fallow-argument-mismatch -I../../../src/include -I/opt/homebrew/include -I../../../src/lib -I../../../src/lib/modules -I../../../src/lib/cloud -I../../../src/lib/radar/synp -I../../../src/lib/degrib   -c -o dlatrs.o dlatrs.f
ar rv liblapack.a dlatrs.o
a - dlatrs.o
gfortran -ffree-line-length-none -fallow-argument-mismatch -I../../../src/include -I/opt/homebrew/include -I../../../src/lib -I../../../src/lib/modules -I../../../src/lib/cloud -I../../../src/lib/radar/synp -I../../../src/lib/degrib   -c -o dtrtri.o dtrtri.f
ar rv liblapack.a dtrtri.o
a - dtrtri.o
gfortran -ffree-line-length-none -fallow-argument-mismatch -I../../../src/include -I/opt/homebrew/include -I../../../src/lib -I../../../src/lib/modules -I../../../src/lib/cloud -I../../../src/lib/radar/synp -I../../../src/lib/degrib   -c -o xerbla.o xerbla.f
ar rv liblapack.a xerbla.o
a - xerbla.o
gfortran -ffree-line-length-none -fallow-argument-mismatch -I../../../src/include -I/opt/homebrew/include -I../../../src/lib -I../../../src/lib/modules -I../../../src/lib/cloud -I../../../src/lib/radar/synp -I../../../src/lib/degrib   -c -o dgetrf.o dgetrf.f
ar rv liblapack.a dgetrf.o
a - dgetrf.o
gfortran -ffree-line-length-none -fallow-argument-mismatch -I../../../src/include -I/opt/homebrew/include -I../../../src/lib -I../../../src/lib/modules -I../../../src/lib/cloud -I../../../src/lib/radar/synp -I../../../src/lib/degrib   -c -o dlacon.o dlacon.f
ar rv liblapack.a dlacon.o
a - dlacon.o
gfortran -ffree-line-length-none -fallow-argument-mismatch -I../../../src/include -I/opt/homebrew/include -I../../../src/lib -I../../../src/lib/modules -I../../../src/lib/cloud -I../../../src/lib/radar/synp -I../../../src/lib/degrib   -c -o dlassq.o dlassq.f
ar rv liblapack.a dlassq.o
a - dlassq.o
gfortran -ffree-line-length-none -fallow-argument-mismatch -I../../../src/include -I/opt/homebrew/include -I../../../src/lib -I../../../src/lib/modules -I../../../src/lib/cloud -I../../../src/lib/radar/synp -I../../../src/lib/degrib   -c -o drscl.o drscl.f
ar rv liblapack.a drscl.o
a - drscl.o
gfortran -ffree-line-length-none -fallow-argument-mismatch -I../../../src/include -I/opt/homebrew/include -I../../../src/lib -I../../../src/lib/modules -I../../../src/lib/cloud -I../../../src/lib/radar/synp -I../../../src/lib/degrib   -c -o ilaenv.o ilaenv.f
ar rv liblapack.a ilaenv.o
a - ilaenv.o
ranlib liblapack.a
rm dgetf2.o dlacon.o dlatrs.o dgetrf.o ilaenv.o dlange.o dtrti2.o dlassq.o dtrtri.o dlabad.o dlaswp.o lsame.o dgecon.o drscl.o dgetri.o xerbla.o dlamch.o
 
Making Laps in directory src/lib/mthermo
gfortran -ffree-line-length-none -fallow-argument-mismatch -I../../../src/include -I/opt/homebrew/include -I../../../src/lib -I../../../src/lib/modules -I../../../src/lib/cloud -I../../../src/lib/radar/synp -I../../../src/lib/degrib   -c -o alcl.o alcl.f
alcl.f:71:72:

   71 |  4            pi= pi*(2.**(x))
      |                                                                             1
Warning: Fortran 2018 deleted feature: DO termination statement which is not END DO or CONTINUE with label 4 at (1)
ar rv libmthermo.a alcl.o
ar: creating archive libmthermo.a
a - alcl.o
gfortran -ffree-line-length-none -fallow-argument-mismatch -I../../../src/include -I/opt/homebrew/include -I../../../src/lib -I../../../src/lib/modules -I../../../src/lib/cloud -I../../../src/lib/radar/synp -I../../../src/lib/degrib   -c -o es.o es.f
ar rv libmthermo.a es.o
a - es.o
gfortran -ffree-line-length-none -fallow-argument-mismatch -I../../../src/include -I/opt/homebrew/include -I../../../src/lib -I../../../src/lib/modules -I../../../src/lib/cloud -I../../../src/lib/radar/synp -I../../../src/lib/degrib   -c -o esrw.o esrw.f
ar rv libmthermo.a esrw.o
a - esrw.o
gfortran -ffree-line-length-none -fallow-argument-mismatch -I../../../src/include -I/opt/homebrew/include -I../../../src/lib -I../../../src/lib/modules -I../../../src/lib/cloud -I../../../src/lib/radar/synp -I../../../src/lib/degrib   -c -o os.o os.f
ar rv libmthermo.a os.o
a - os.o
gfortran -ffree-line-length-none -fallow-argument-mismatch -I../../../src/include -I/opt/homebrew/include -I../../../src/lib -I../../../src/lib/modules -I../../../src/lib/cloud -I../../../src/lib/radar/synp -I../../../src/lib/degrib   -c -o ptlcl.o ptlcl.f
ar rv libmthermo.a ptlcl.o
a - ptlcl.o
gfortran -ffree-line-length-none -fallow-argument-mismatch -I../../../src/include -I/opt/homebrew/include -I../../../src/lib -I../../../src/lib/modules -I../../../src/lib/cloud -I../../../src/lib/radar/synp -I../../../src/lib/degrib   -c -o thm.o thm.f
ar rv libmthermo.a thm.o
a - thm.o
gfortran -ffree-line-length-none -fallow-argument-mismatch -I../../../src/include -I/opt/homebrew/include -I../../../src/lib -I../../../src/lib/modules -I../../../src/lib/cloud -I../../../src/lib/radar/synp -I../../../src/lib/degrib   -c -o tv.o tv.f
ar rv libmthermo.a tv.o
a - tv.o
gfortran -ffree-line-length-none -fallow-argument-mismatch -I../../../src/include -I/opt/homebrew/include -I../../../src/lib -I../../../src/lib/modules -I../../../src/lib/cloud -I../../../src/lib/radar/synp -I../../../src/lib/degrib   -c -o ct.o ct.f
ar rv libmthermo.a ct.o
a - ct.o
gfortran -ffree-line-length-none -fallow-argument-mismatch -I../../../src/include -I/opt/homebrew/include -I../../../src/lib -I../../../src/lib/modules -I../../../src/lib/cloud -I../../../src/lib/radar/synp -I../../../src/lib/degrib   -c -o esat.o esat.f
ar rv libmthermo.a esat.o
a - esat.o
gfortran -ffree-line-length-none -fallow-argument-mismatch -I../../../src/include -I/opt/homebrew/include -I../../../src/lib -I../../../src/lib/modules -I../../../src/lib/cloud -I../../../src/lib/radar/synp -I../../../src/lib/degrib   -c -o esw.o esw.f
ar rv libmthermo.a esw.o
a - esw.o
gfortran -ffree-line-length-none -fallow-argument-mismatch -I../../../src/include -I/opt/homebrew/include -I../../../src/lib -I../../../src/lib/modules -I../../../src/lib/cloud -I../../../src/lib/radar/synp -I../../../src/lib/degrib   -c -o ow.o ow.f
ar rv libmthermo.a ow.o
a - ow.o
gfortran -ffree-line-length-none -fallow-argument-mismatch -I../../../src/include -I/opt/homebrew/include -I../../../src/lib -I../../../src/lib/modules -I../../../src/lib/cloud -I../../../src/lib/radar/synp -I../../../src/lib/degrib   -c -o satlft.o satlft.f
ar rv libmthermo.a satlft.o
a - satlft.o
gfortran -ffree-line-length-none -fallow-argument-mismatch -I../../../src/include -I/opt/homebrew/include -I../../../src/lib -I../../../src/lib/modules -I../../../src/lib/cloud -I../../../src/lib/radar/synp -I../../../src/lib/degrib   -c -o tlcl.o tlcl.f
ar rv libmthermo.a tlcl.o
a - tlcl.o
gfortran -ffree-line-length-none -fallow-argument-mismatch -I../../../src/include -I/opt/homebrew/include -I../../../src/lib -I../../../src/lib/modules -I../../../src/lib/cloud -I../../../src/lib/radar/synp -I../../../src/lib/degrib   -c -o tw.o tw.f
tw.f:58:72:

   58 |  4         pi= pi*(2.**(x))
      |                                                                             1
Warning: Fortran 2018 deleted feature: DO termination statement which is not END DO or CONTINUE with label 4 at (1)
ar rv libmthermo.a tw.o
a - tw.o
gfortran -ffree-line-length-none -fallow-argument-mismatch -I../../../src/include -I/opt/homebrew/include -I../../../src/lib -I../../../src/lib/modules -I../../../src/lib/cloud -I../../../src/lib/radar/synp -I../../../src/lib/degrib   -c -o dewpt.o dewpt.f
ar rv libmthermo.a dewpt.o
a - dewpt.o
gfortran -ffree-line-length-none -fallow-argument-mismatch -I../../../src/include -I/opt/homebrew/include -I../../../src/lib -I../../../src/lib/modules -I../../../src/lib/cloud -I../../../src/lib/radar/synp -I../../../src/lib/degrib   -c -o esgg.o esgg.f
ar rv libmthermo.a esgg.o
a - esgg.o
gfortran -ffree-line-length-none -fallow-argument-mismatch -I../../../src/include -I/opt/homebrew/include -I../../../src/lib -I../../../src/lib/modules -I../../../src/lib/cloud -I../../../src/lib/radar/synp -I../../../src/lib/degrib   -c -o heatl.o heatl.f
ar rv libmthermo.a heatl.o
a - heatl.o
gfortran -ffree-line-length-none -fallow-argument-mismatch -I../../../src/include -I/opt/homebrew/include -I../../../src/lib -I../../../src/lib/modules -I../../../src/lib/cloud -I../../../src/lib/radar/synp -I../../../src/lib/degrib   -c -o pccl.o pccl.f
pccl.f:81:72:

   81 |      *          +wbar
      |                                                                        1
Warning: Fortran 2018 deleted feature: DO termination statement which is not END DO or CONTINUE with label 15 at (1)
pccl.f:112:72:

  112 |    40   pc= pc+sign(del,x)
      |                                                                          1
Warning: Fortran 2018 deleted feature: DO termination statement which is not END DO or CONTINUE with label 40 at (1)
ar rv libmthermo.a pccl.o
a - pccl.o
gfortran -ffree-line-length-none -fallow-argument-mismatch -I../../../src/include -I/opt/homebrew/include -I../../../src/lib -I../../../src/lib/modules -I../../../src/lib/cloud -I../../../src/lib/radar/synp -I../../../src/lib/degrib   -c -o ssh.o ssh.f
ar rv libmthermo.a ssh.o
a - ssh.o
gfortran -ffree-line-length-none -fallow-argument-mismatch -I../../../src/include -I/opt/homebrew/include -I../../../src/lib -I../../../src/lib/modules -I../../../src/lib/cloud -I../../../src/lib/radar/synp -I../../../src/lib/degrib   -c -o tlcl1.o tlcl1.f
ar rv libmthermo.a tlcl1.o
a - tlcl1.o
gfortran -ffree-line-length-none -fallow-argument-mismatch -I../../../src/include -I/opt/homebrew/include -I../../../src/lib -I../../../src/lib/modules -I../../../src/lib/cloud -I../../../src/lib/radar/synp -I../../../src/lib/degrib   -c -o w.o w.f
ar rv libmthermo.a w.o
a - w.o
gfortran -ffree-line-length-none -fallow-argument-mismatch -I../../../src/include -I/opt/homebrew/include -I../../../src/lib -I../../../src/lib/modules -I../../../src/lib/cloud -I../../../src/lib/radar/synp -I../../../src/lib/degrib   -c -o dpt.o dpt.f
ar rv libmthermo.a dpt.o
a - dpt.o
gfortran -ffree-line-length-none -fallow-argument-mismatch -I../../../src/include -I/opt/homebrew/include -I../../../src/lib -I../../../src/lib/modules -I../../../src/lib/cloud -I../../../src/lib/radar/synp -I../../../src/lib/degrib   -c -o esice.o esice.f
ar rv libmthermo.a esice.o
a - esice.o
gfortran -ffree-line-length-none -fallow-argument-mismatch -I../../../src/include -I/opt/homebrew/include -I../../../src/lib -I../../../src/lib/modules -I../../../src/lib/cloud -I../../../src/lib/radar/synp -I../../../src/lib/degrib   -c -o humidity.o humidity.f
ar rv libmthermo.a humidity.o
a - humidity.o
gfortran -ffree-line-length-none -fallow-argument-mismatch -I../../../src/include -I/opt/homebrew/include -I../../../src/lib -I../../../src/lib/modules -I../../../src/lib/cloud -I../../../src/lib/radar/synp -I../../../src/lib/degrib   -c -o pcon.o pcon.f
ar rv libmthermo.a pcon.o
a - pcon.o
gfortran -ffree-line-length-none -fallow-argument-mismatch -I../../../src/include -I/opt/homebrew/include -I../../../src/lib -I../../../src/lib/modules -I../../../src/lib/cloud -I../../../src/lib/radar/synp -I../../../src/lib/degrib   -c -o tcon.o tcon.f
ar rv libmthermo.a tcon.o
a - tcon.o
gfortran -ffree-line-length-none -fallow-argument-mismatch -I../../../src/include -I/opt/homebrew/include -I../../../src/lib -I../../../src/lib/modules -I../../../src/lib/cloud -I../../../src/lib/radar/synp -I../../../src/lib/degrib   -c -o tmlaps.o tmlaps.f
ar rv libmthermo.a tmlaps.o
a - tmlaps.o
gfortran -ffree-line-length-none -fallow-argument-mismatch -I../../../src/include -I/opt/homebrew/include -I../../../src/lib -I../../../src/lib/modules -I../../../src/lib/cloud -I../../../src/lib/radar/synp -I../../../src/lib/degrib   -c -o wmr.o wmr.f
ar rv libmthermo.a wmr.o
a - wmr.o
gfortran -ffree-line-length-none -fallow-argument-mismatch -I../../../src/include -I/opt/homebrew/include -I../../../src/lib -I../../../src/lib/modules -I../../../src/lib/cloud -I../../../src/lib/radar/synp -I../../../src/lib/degrib   -c -o dwpt.o dwpt.f
ar rv libmthermo.a dwpt.o
a - dwpt.o
gfortran -ffree-line-length-none -fallow-argument-mismatch -I../../../src/include -I/opt/homebrew/include -I../../../src/lib -I../../../src/lib/modules -I../../../src/lib/cloud -I../../../src/lib/radar/synp -I../../../src/lib/degrib   -c -o esilo.o esilo.f
ar rv libmthermo.a esilo.o
a - esilo.o
gfortran -ffree-line-length-none -fallow-argument-mismatch -I../../../src/include -I/opt/homebrew/include -I../../../src/lib -I../../../src/lib/modules -I../../../src/lib/cloud -I../../../src/lib/radar/synp -I../../../src/lib/degrib   -c -o o.o o.f
ar rv libmthermo.a o.o
a - o.o
gfortran -ffree-line-length-none -fallow-argument-mismatch -I../../../src/include -I/opt/homebrew/include -I../../../src/lib -I../../../src/lib/modules -I../../../src/lib/cloud -I../../../src/lib/radar/synp -I../../../src/lib/degrib   -c -o powt.o powt.f
ar rv libmthermo.a powt.o
a - powt.o
gfortran -ffree-line-length-none -fallow-argument-mismatch -I../../../src/include -I/opt/homebrew/include -I../../../src/lib -I../../../src/lib/modules -I../../../src/lib/cloud -I../../../src/lib/radar/synp -I../../../src/lib/degrib   -c -o tda.o tda.f
ar rv libmthermo.a tda.o
a - tda.o
gfortran -ffree-line-length-none -fallow-argument-mismatch -I../../../src/include -I/opt/homebrew/include -I../../../src/lib -I../../../src/lib/modules -I../../../src/lib/cloud -I../../../src/lib/radar/synp -I../../../src/lib/degrib   -c -o tmr.o tmr.f
ar rv libmthermo.a tmr.o
a - tmr.o
gfortran -ffree-line-length-none -fallow-argument-mismatch -I../../../src/include -I/opt/homebrew/include -I../../../src/lib -I../../../src/lib/modules -I../../../src/lib/cloud -I../../../src/lib/radar/synp -I../../../src/lib/degrib   -c -o wobf.o wobf.f
ar rv libmthermo.a wobf.o
a - wobf.o
gfortran -ffree-line-length-none -fallow-argument-mismatch -I../../../src/include -I/opt/homebrew/include -I../../../src/lib -I../../../src/lib/modules -I../../../src/lib/cloud -I../../../src/lib/radar/synp -I../../../src/lib/degrib   -c -o ept.o ept.f
ar rv libmthermo.a ept.o
a - ept.o
gfortran -ffree-line-length-none -fallow-argument-mismatch -I../../../src/include -I/opt/homebrew/include -I../../../src/lib -I../../../src/lib/modules -I../../../src/lib/cloud -I../../../src/lib/radar/synp -I../../../src/lib/degrib   -c -o eslo.o eslo.f
ar rv libmthermo.a eslo.o
a - eslo.o
gfortran -ffree-line-length-none -fallow-argument-mismatch -I../../../src/include -I/opt/homebrew/include -I../../../src/lib -I../../../src/lib/modules -I../../../src/lib/cloud -I../../../src/lib/radar/synp -I../../../src/lib/degrib   -c -o oe.o oe.f
ar rv libmthermo.a oe.o
a - oe.o
gfortran -ffree-line-length-none -fallow-argument-mismatch -I../../../src/include -I/opt/homebrew/include -I../../../src/lib -I../../../src/lib/modules -I../../../src/lib/cloud -I../../../src/lib/radar/synp -I../../../src/lib/degrib   -c -o precpw.o precpw.f
ar rv libmthermo.a precpw.o
a - precpw.o
gfortran -ffree-line-length-none -fallow-argument-mismatch -I../../../src/include -I/opt/homebrew/include -I../../../src/lib -I../../../src/lib/modules -I../../../src/lib/cloud -I../../../src/lib/radar/synp -I../../../src/lib/degrib   -c -o te.o te.f
ar rv libmthermo.a te.o
a - te.o
gfortran -ffree-line-length-none -fallow-argument-mismatch -I../../../src/include -I/opt/homebrew/include -I../../../src/lib -I../../../src/lib/modules -I../../../src/lib/cloud -I../../../src/lib/radar/synp -I../../../src/lib/degrib   -c -o tsa.o tsa.f
ar rv libmthermo.a tsa.o
a - tsa.o
gfortran -ffree-line-length-none -fallow-argument-mismatch -I../../../src/include -I/opt/homebrew/include -I../../../src/lib -I../../../src/lib/modules -I../../../src/lib/cloud -I../../../src/lib/radar/synp -I../../../src/lib/degrib   -c -o z.o z.f
ar rv libmthermo.a z.o
a - z.o
gfortran -ffree-line-length-none -fallow-argument-mismatch -I../../../src/include -I/opt/homebrew/include -I../../../src/lib -I../../../src/lib/modules -I../../../src/lib/cloud -I../../../src/lib/radar/synp -I../../../src/lib/degrib   -c -o tdew.o tdew.f
ar rv libmthermo.a tdew.o
a - tdew.o
ranlib libmthermo.a
rm tcon.o heatl.o tda.o ssh.o humidity.o thm.o esgg.o tlcl1.o satlft.o tsa.o esw.o esat.o tmlaps.o esice.o tv.o tlcl.o esilo.o w.o ow.o wmr.o z.o esrw.o tmr.o tw.o ct.o wobf.o tdew.o powt.o o.o ptlcl.o dewpt.o te.o pccl.o eslo.o oe.o es.o pcon.o dwpt.o alcl.o dpt.o ept.o os.o precpw.o
 
Making Laps in directory src/lib/nav
gfortran -ffree-line-length-none -fallow-argument-mismatch -I../../../src/include -I/opt/homebrew/include -I../../../src/lib -I../../../src/lib/modules -I../../../src/lib/cloud -I../../../src/lib/radar/synp -I../../../src/lib/degrib   -c -o getdudv_lam.o getdudv_lam.f
ar rv libnav.a getdudv_lam.o
ar: creating archive libnav.a
a - getdudv_lam.o
gfortran -ffree-line-length-none -fallow-argument-mismatch -I../../../src/include -I/opt/homebrew/include -I../../../src/lib -I../../../src/lib/modules -I../../../src/lib/cloud -I../../../src/lib/radar/synp -I../../../src/lib/degrib   -c -o getdudv_pol.o getdudv_pol.f
ar rv libnav.a getdudv_pol.o
a - getdudv_pol.o
gfortran -ffree-line-length-none -fallow-argument-mismatch -I../../../src/include -I/opt/homebrew/include -I../../../src/lib -I../../../src/lib/modules -I../../../src/lib/cloud -I../../../src/lib/radar/synp -I../../../src/lib/degrib   -c -o getuv_lam.o getuv_lam.f
ar rv libnav.a getuv_lam.o
a - getuv_lam.o
gfortran -ffree-line-length-none -fallow-argument-mismatch -I../../../src/include -I/opt/homebrew/include -I../../../src/lib -I../../../src/lib/modules -I../../../src/lib/cloud -I../../../src/lib/radar/synp -I../../../src/lib/degrib   -c -o uv_ij.o uv_ij.f
ar rv libnav.a uv_ij.o
a - uv_ij.o
gfortran -ffree-line-length-none -fallow-argument-mismatch -I../../../src/include -I/opt/homebrew/include -I../../../src/lib -I../../../src/lib/modules -I../../../src/lib/cloud -I../../../src/lib/radar/synp -I../../../src/lib/degrib   -c -o write_table.o write_table.f
ar rv libnav.a write_table.o
a - write_table.o
ranlib libnav.a
rm getdudv_pol.o getuv_lam.o getdudv_lam.o write_table.o uv_ij.o
 
Making Laps in directory src/lib/opt90
gfortran -ffree-line-length-none -fallow-argument-mismatch -I../../../src/include -I/opt/homebrew/include -I../../../src/lib -I../../../src/lib/modules -I../../../src/lib/cloud -I../../../src/lib/radar/synp -I../../../src/lib/degrib  -c  type_kinds.f90
gfortran -ffree-line-length-none -fallow-argument-mismatch -I../../../src/include -I/opt/homebrew/include -I../../../src/lib -I../../../src/lib/modules -I../../../src/lib/cloud -I../../../src/lib/radar/synp -I../../../src/lib/degrib  -c  parameters.f90
gfortran -ffree-line-length-none -fallow-argument-mismatch -I../../../src/include -I/opt/homebrew/include -I../../../src/lib -I../../../src/lib/modules -I../../../src/lib/cloud -I../../../src/lib/radar/synp -I../../../src/lib/degrib  -c  file_utility.f90
gfortran -ffree-line-length-none -fallow-argument-mismatch -I../../../src/include -I/opt/homebrew/include -I../../../src/lib -I../../../src/lib/modules -I../../../src/lib/cloud -I../../../src/lib/radar/synp -I../../../src/lib/degrib  -c  error_handler.f90
gfortran -ffree-line-length-none -fallow-argument-mismatch -I../../../src/include -I/opt/homebrew/include -I../../../src/lib -I../../../src/lib/modules -I../../../src/lib/cloud -I../../../src/lib/radar/synp -I../../../src/lib/degrib  -c  coefficient_utility.f90
gfortran -ffree-line-length-none -fallow-argument-mismatch -I../../../src/include -I/opt/homebrew/include -I../../../src/lib -I../../../src/lib/modules -I../../../src/lib/cloud -I../../../src/lib/radar/synp -I../../../src/lib/degrib  -c  transmittance_coefficients.f90
gfortran -ffree-line-length-none -fallow-argument-mismatch -I../../../src/include -I/opt/homebrew/include -I../../../src/lib -I../../../src/lib/modules -I../../../src/lib/cloud -I../../../src/lib/radar/synp -I../../../src/lib/degrib  -c  absorber_profile.f90
ar rv libopt90.a absorber_profile.o
ar: creating archive libopt90.a
a - absorber_profile.o
ar rv libopt90.a coefficient_utility.o
a - coefficient_utility.o
ar rv libopt90.a error_handler.o
a - error_handler.o
ar rv libopt90.a file_utility.o
a - file_utility.o
gfortran -ffree-line-length-none -fallow-argument-mismatch -I../../../src/include -I/opt/homebrew/include -I../../../src/lib -I../../../src/lib/modules -I../../../src/lib/cloud -I../../../src/lib/radar/synp -I../../../src/lib/degrib  -c  spectral_coefficients.f90
gfortran -ffree-line-length-none -fallow-argument-mismatch -I../../../src/include -I/opt/homebrew/include -I../../../src/lib -I../../../src/lib/modules -I../../../src/lib/cloud -I../../../src/lib/radar/synp -I../../../src/lib/degrib  -c  predictors.f90
gfortran -ffree-line-length-none -fallow-argument-mismatch -I../../../src/include -I/opt/homebrew/include -I../../../src/lib -I../../../src/lib/modules -I../../../src/lib/cloud -I../../../src/lib/radar/synp -I../../../src/lib/degrib  -c  transmittance.f90
gfortran -ffree-line-length-none -fallow-argument-mismatch -I../../../src/include -I/opt/homebrew/include -I../../../src/lib -I../../../src/lib/modules -I../../../src/lib/cloud -I../../../src/lib/radar/synp -I../../../src/lib/degrib  -c  sensor_planck_routines.f90
gfortran -ffree-line-length-none -fallow-argument-mismatch -I../../../src/include -I/opt/homebrew/include -I../../../src/lib -I../../../src/lib/modules -I../../../src/lib/cloud -I../../../src/lib/radar/synp -I../../../src/lib/degrib  -c  radiance.f90
gfortran -ffree-line-length-none -fallow-argument-mismatch -I../../../src/include -I/opt/homebrew/include -I../../../src/lib -I../../../src/lib/modules -I../../../src/lib/cloud -I../../../src/lib/radar/synp -I../../../src/lib/degrib  -c  forward_model.f90
ar rv libopt90.a forward_model.o
a - forward_model.o
gfortran -ffree-line-length-none -fallow-argument-mismatch -I../../../src/include -I/opt/homebrew/include -I../../../src/lib -I../../../src/lib/modules -I../../../src/lib/cloud -I../../../src/lib/radar/synp -I../../../src/lib/degrib  -c  initialize.f90
ar rv libopt90.a initialize.o
a - initialize.o
ar rv libopt90.a parameters.o
a - parameters.o
ar rv libopt90.a predictors.o
a - predictors.o
ar rv libopt90.a radiance.o
a - radiance.o
ar rv libopt90.a sensor_planck_routines.o
a - sensor_planck_routines.o
ar rv libopt90.a spectral_coefficients.o
a - spectral_coefficients.o
ar rv libopt90.a transmittance.o
a - transmittance.o
ar rv libopt90.a transmittance_coefficients.o
a - transmittance_coefficients.o
ar rv libopt90.a type_kinds.o
a - type_kinds.o
gfortran -ffree-line-length-none -fallow-argument-mismatch -I../../../src/include -I/opt/homebrew/include -I../../../src/lib -I../../../src/lib/modules -I../../../src/lib/cloud -I../../../src/lib/radar/synp -I../../../src/lib/degrib  -c  optran90_fm.f90
ar rv libopt90.a optran90_fm.o
a - optran90_fm.o
ranlib libopt90.a
 
Making Laps in directory src/lib/powell
gfortran -ffree-line-length-none -fallow-argument-mismatch -I../../../src/include -I/opt/homebrew/include -I../../../src/lib -I../../../src/lib/modules -I../../../src/lib/cloud -I../../../src/lib/radar/synp -I../../../src/lib/degrib   -c -o brent.o brent.f
ar rv libpowell.a brent.o
ar: creating archive libpowell.a
a - brent.o
gfortran -ffree-line-length-none -fallow-argument-mismatch -I../../../src/include -I/opt/homebrew/include -I../../../src/lib -I../../../src/lib/modules -I../../../src/lib/cloud -I../../../src/lib/radar/synp -I../../../src/lib/degrib   -c -o f1dim.o f1dim.f
ar rv libpowell.a f1dim.o
a - f1dim.o
gfortran -ffree-line-length-none -fallow-argument-mismatch -I../../../src/include -I/opt/homebrew/include -I../../../src/lib -I../../../src/lib/modules -I../../../src/lib/cloud -I../../../src/lib/radar/synp -I../../../src/lib/degrib   -c -o linmin.o linmin.f
ar rv libpowell.a linmin.o
a - linmin.o
gfortran -ffree-line-length-none -fallow-argument-mismatch -I../../../src/include -I/opt/homebrew/include -I../../../src/lib -I../../../src/lib/modules -I../../../src/lib/cloud -I../../../src/lib/radar/synp -I../../../src/lib/degrib   -c -o mnbrak.o mnbrak.f
ar rv libpowell.a mnbrak.o
a - mnbrak.o
gfortran -ffree-line-length-none -fallow-argument-mismatch -I../../../src/include -I/opt/homebrew/include -I../../../src/lib -I../../../src/lib/modules -I../../../src/lib/cloud -I../../../src/lib/radar/synp -I../../../src/lib/degrib   -c -o powell.o powell.f
ar rv libpowell.a powell.o
a - powell.o
ranlib libpowell.a
rm f1dim.o mnbrak.o linmin.o powell.o brent.o
 
Making Laps in directory src/lib/radar/moving
make[1]: Nothing to be done for `all'.
 
Making Laps in directory src/lib/radar/remap_ftn
gfortran -ffree-line-length-none -fallow-argument-mismatch -I../../../../src/include -I/opt/homebrew/include -I../../../../src/lib -I../../../../src/lib/modules -I../../../../src/lib/cloud -I../../../../src/lib/radar/synp -I../../../../src/lib/degrib   -c -o fill_common.o fill_common.f
ar rv libremap_ftn.a fill_common.o
ar: creating archive libremap_ftn.a
a - fill_common.o
gfortran -ffree-line-length-none -fallow-argument-mismatch -I../../../../src/include -I/opt/homebrew/include -I../../../../src/lib -I../../../../src/lib/modules -I../../../../src/lib/cloud -I../../../../src/lib/radar/synp -I../../../../src/lib/degrib   -c -o get_azimuths_deg.o get_azimuths_deg.f
ar rv libremap_ftn.a get_azimuths_deg.o
a - get_azimuths_deg.o
gfortran -ffree-line-length-none -fallow-argument-mismatch -I../../../../src/include -I/opt/homebrew/include -I../../../../src/lib -I../../../../src/lib/modules -I../../../../src/lib/cloud -I../../../../src/lib/radar/synp -I../../../../src/lib/degrib   -c -o get_scandata.o get_scandata.f
ar rv libremap_ftn.a get_scandata.o
a - get_scandata.o
gfortran -ffree-line-length-none -fallow-argument-mismatch -I../../../../src/include -I/opt/homebrew/include -I../../../../src/lib -I../../../../src/lib/modules -I../../../../src/lib/cloud -I../../../../src/lib/radar/synp -I../../../../src/lib/degrib   -c -o ld_ray.o ld_ray.f
ar rv libremap_ftn.a ld_ray.o
a - ld_ray.o
gfortran -ffree-line-length-none -fallow-argument-mismatch -I../../../../src/include -I/opt/homebrew/include -I../../../../src/lib -I../../../../src/lib/modules -I../../../../src/lib/cloud -I../../../../src/lib/radar/synp -I../../../../src/lib/degrib   -c -o lut_gen.o lut_gen.f
ar rv libremap_ftn.a lut_gen.o
a - lut_gen.o
gfortran -ffree-line-length-none -fallow-argument-mismatch -I../../../../src/include -I/opt/homebrew/include -I../../../../src/lib -I../../../../src/lib/modules -I../../../../src/lib/cloud -I../../../../src/lib/radar/synp -I../../../../src/lib/degrib   -c -o rcptoremote.o rcptoremote.f
ar rv libremap_ftn.a rcptoremote.o
a - rcptoremote.o
gfortran -ffree-line-length-none -fallow-argument-mismatch -I../../../../src/include -I/opt/homebrew/include -I../../../../src/lib -I../../../../src/lib/modules -I../../../../src/lib/cloud -I../../../../src/lib/radar/synp -I../../../../src/lib/degrib   -c -o readdata.o readdata.f
ar rv libremap_ftn.a readdata.o
a - readdata.o
gfortran -ffree-line-length-none -fallow-argument-mismatch -I../../../../src/include -I/opt/homebrew/include -I../../../../src/lib -I../../../../src/lib/modules -I../../../../src/lib/cloud -I../../../../src/lib/radar/synp -I../../../../src/lib/degrib   -c -o ref_fill_horz.o ref_fill_horz.f
ar rv libremap_ftn.a ref_fill_horz.o
a - ref_fill_horz.o
gfortran -ffree-line-length-none -fallow-argument-mismatch -I../../../../src/include -I/opt/homebrew/include -I../../../../src/lib -I../../../../src/lib/modules -I../../../../src/lib/cloud -I../../../../src/lib/radar/synp -I../../../../src/lib/degrib   -c -o timconv.o timconv.f
ar rv libremap_ftn.a timconv.o
a - timconv.o
ranlib libremap_ftn.a
rm ref_fill_horz.o rcptoremote.o get_azimuths_deg.o get_scandata.o lut_gen.o timconv.o fill_common.o readdata.o ld_ray.o
 
Making Laps in directory src/lib/radar/rutil
gfortran -ffree-line-length-none -I../../../../src/include -I/opt/homebrew/include -I../../../../src/lib -I../../../../src/lib/modules -I../../../../src/lib/cloud -I../../../../src/lib/radar/synp -I../../../../src/lib/degrib -g    -c kessler.f90
ar rv librutil.a kessler.o
ar: creating archive librutil.a
a - kessler.o
gfortran -ffree-line-length-none -I../../../../src/include -I/opt/homebrew/include -I../../../../src/lib -I../../../../src/lib/modules -I../../../../src/lib/cloud -I../../../../src/lib/radar/synp -I../../../../src/lib/degrib -g    -c st4_driver.f90
ar rv librutil.a st4_driver.o
a - st4_driver.o
gfortran -ffree-line-length-none -I../../../../src/include -I/opt/homebrew/include -I../../../../src/lib -I../../../../src/lib/modules -I../../../../src/lib/cloud -I../../../../src/lib/radar/synp -I../../../../src/lib/degrib -g  -c dbzcalc.f
ar rv librutil.a dbzcalc.o
a - dbzcalc.o
ranlib librutil.a
rm st4_driver.o dbzcalc.o kessler.o
 
Making Laps in directory src/lib/radar/synp
rm -f  src_global.o
gfortran -c -ffree-line-length-none -fallow-argument-mismatch -I../../../../src/include -I/opt/homebrew/include -I../../../../src/lib -I../../../../src/lib/modules -I../../../../src/lib/cloud -I../../../../src/lib/radar/synp -I../../../../src/lib/degrib   -I../../../../src/include -I/opt/homebrew/include -I../../../../src/lib -I../../../../src/lib/modules -I../../../../src/lib/cloud -I../../../../src/lib/radar/synp -I../../../../src/lib/degrib src_global.f90
ar rv libsynp.a src_global.o
ar: creating archive libsynp.a
a - src_global.o
rm -f  src_hilfe.o
gfortran -c -ffree-line-length-none -fallow-argument-mismatch -I../../../../src/include -I/opt/homebrew/include -I../../../../src/lib -I../../../../src/lib/modules -I../../../../src/lib/cloud -I../../../../src/lib/radar/synp -I../../../../src/lib/degrib   -I../../../../src/include -I/opt/homebrew/include -I../../../../src/lib -I../../../../src/lib/modules -I../../../../src/lib/cloud -I../../../../src/lib/radar/synp -I../../../../src/lib/degrib src_hilfe.f90
src_hilfe.f90:392:16:

  392 |       do 30 i=1,m
      |                1
Warning: Deleted feature: End expression in DO loop at (1) must be integer
ar rv libsynp.a src_hilfe.o
a - src_hilfe.o
rm -f  src_hyd.o
gfortran -c -ffree-line-length-none -fallow-argument-mismatch -I../../../../src/include -I/opt/homebrew/include -I../../../../src/lib -I../../../../src/lib/modules -I../../../../src/lib/cloud -I../../../../src/lib/radar/synp -I../../../../src/lib/degrib   -I../../../../src/include -I/opt/homebrew/include -I../../../../src/lib -I../../../../src/lib/modules -I../../../../src/lib/cloud -I../../../../src/lib/radar/synp -I../../../../src/lib/degrib src_hyd.f90
ar rv libsynp.a src_hyd.o
a - src_hyd.o
rm -f  src_scatter.o
gfortran -c -ffree-line-length-none -fallow-argument-mismatch -I../../../../src/include -I/opt/homebrew/include -I../../../../src/lib -I../../../../src/lib/modules -I../../../../src/lib/cloud -I../../../../src/lib/radar/synp -I../../../../src/lib/degrib   -I../../../../src/include -I/opt/homebrew/include -I../../../../src/lib -I../../../../src/lib/modules -I../../../../src/lib/cloud -I../../../../src/lib/radar/synp -I../../../../src/lib/degrib src_scatter.f90
src_scatter.f90:158:14:

  158 |       do 10 i=nst-1,n,-1
      |              1
Warning: Deleted feature: Start expression in DO loop at (1) must be integer
ar rv libsynp.a src_scatter.o
a - src_scatter.o
rm -f  src_tmatrix.o
gfortran -c -ffree-line-length-none -fallow-argument-mismatch -I../../../../src/include -I/opt/homebrew/include -I../../../../src/lib -I../../../../src/lib/modules -I../../../../src/lib/cloud -I../../../../src/lib/radar/synp -I../../../../src/lib/degrib   -I../../../../src/include -I/opt/homebrew/include -I../../../../src/lib -I../../../../src/lib/modules -I../../../../src/lib/cloud -I../../../../src/lib/radar/synp -I../../../../src/lib/degrib src_tmatrix.f90
src_tmatrix.f90:378:23:

  378 |       do 65 i=1,n2snsft
      |                       1
Warning: Fortran 2018 deleted feature: Shared DO termination label 65 at (1)
src_tmatrix.f90:816:23:

  816 |         do 10 i=1,nrank
      |                       1
Warning: Fortran 2018 deleted feature: Shared DO termination label 10 at (1)
src_tmatrix.f90:819:23:

  819 |         do 10 j=1,nrank
      |                       1
Warning: Fortran 2018 deleted feature: Shared DO termination label 10 at (1)
src_tmatrix.f90:841:21:

  841 |       do 20 j=1,nrank
      |                     1
Warning: Fortran 2018 deleted feature: Shared DO termination label 20 at (1)
ar rv libsynp.a src_tmatrix.o
a - src_tmatrix.o
rm -f  src_versuch.o
gfortran -c -ffree-line-length-none -fallow-argument-mismatch -I../../../../src/include -I/opt/homebrew/include -I../../../../src/lib -I../../../../src/lib/modules -I../../../../src/lib/cloud -I../../../../src/lib/radar/synp -I../../../../src/lib/degrib   -I../../../../src/include -I/opt/homebrew/include -I../../../../src/lib -I../../../../src/lib/modules -I../../../../src/lib/cloud -I../../../../src/lib/radar/synp -I../../../../src/lib/degrib src_versuch.f90
src_versuch.f90:992:28:

  992 |       do 40 ica1=1,ccanum(1)
      |                            1
Warning: Fortran 2018 deleted feature: Shared DO termination label 40 at (1)
src_versuch.f90:976:18:

  976 |       do 20 ica=1,ccanum(icd)
      |                  1
Warning: Deleted feature: End expression in DO loop at (1) must be integer
src_versuch.f90:992:19:

  992 |       do 40 ica1=1,ccanum(1)
      |                   1
Warning: Deleted feature: End expression in DO loop at (1) must be integer
src_versuch.f90:991:19:

  991 |       do 40 ica2=1,ccanum(2)
      |                   1
Warning: Deleted feature: End expression in DO loop at (1) must be integer
src_versuch.f90:1006:19:

 1006 |       do 60 ica1=1,ccanum(1)
      |                   1
Warning: Deleted feature: End expression in DO loop at (1) must be integer
src_versuch.f90:1002:19:

 1002 |       do 70 ica2=1,ccanum(2)
      |                   1
Warning: Deleted feature: End expression in DO loop at (1) must be integer
ar rv libsynp.a src_versuch.o
a - src_versuch.o
ranlib libsynp.a
rm -f  *.o
 
Making Laps in directory src/lib/radar/wsi_ingest
gfortran -ffree-line-length-none -fallow-argument-mismatch -I../../../../src/include -I/opt/homebrew/include -I../../../../src/lib -I../../../../src/lib/modules -I../../../../src/lib/cloud -I../../../../src/lib/radar/synp -I../../../../src/lib/degrib   -c -o rd_wsi_nowrad_cdf.o rd_wsi_nowrad_cdf.f
rd_wsi_nowrad_cdf.f:292:49:

  292 |         nf_status = NF_GET_VAR_INT(nf_fid,nf_vid,Nx)
      |                                                 1
......
  445 |         nf_status = NF_GET_VAR_INT(nf_fid,nf_vid,image)
      |                                                 2
Warning: Rank mismatch between actual argument at (1) and actual argument at (2) (rank-1 and scalar)
rd_wsi_nowrad_cdf.f:306:49:

  306 |         nf_status = NF_GET_VAR_INT(nf_fid,nf_vid,Ny)
      |                                                 1
......
  445 |         nf_status = NF_GET_VAR_INT(nf_fid,nf_vid,image)
      |                                                 2
Warning: Rank mismatch between actual argument at (1) and actual argument at (2) (rank-1 and scalar)
rd_wsi_nowrad_cdf.f:322:51:

  322 |           nf_status = NF_GET_VAR_INT(nf_fid,nf_vid,validTime)
      |                                                   1
......
  445 |         nf_status = NF_GET_VAR_INT(nf_fid,nf_vid,image)
      |                                                 2  
Warning: Rank mismatch between actual argument at (1) and actual argument at (2) (rank-1 and scalar)
ar rv libwsi.a rd_wsi_nowrad_cdf.o
ar: creating archive libwsi.a
a - rd_wsi_nowrad_cdf.o
gfortran -ffree-line-length-none -fallow-argument-mismatch -I../../../../src/include -I/opt/homebrew/include -I../../../../src/lib -I../../../../src/lib/modules -I../../../../src/lib/cloud -I../../../../src/lib/radar/synp -I../../../../src/lib/degrib   -c -o rd_wsi_nexrad_cdf.o rd_wsi_nexrad_cdf.f
rd_wsi_nexrad_cdf.f:208:47:

  208 |       nf_status = NF_GET_VAR_INT(nf_fid,nf_vid,Nx)
      |                                               1
......
  579 |       nf_status = NF_GET_VAR_INT(nf_fid,nf_vid,image)
      |                                               2
Warning: Rank mismatch between actual argument at (1) and actual argument at (2) (rank-1 and scalar)
rd_wsi_nexrad_cdf.f:224:47:

  224 |       nf_status = NF_GET_VAR_INT(nf_fid,nf_vid,Ny)
      |                                               1
......
  579 |       nf_status = NF_GET_VAR_INT(nf_fid,nf_vid,image)
      |                                               2
Warning: Rank mismatch between actual argument at (1) and actual argument at (2) (rank-1 and scalar)
rd_wsi_nexrad_cdf.f:256:47:

  256 |       nf_status = NF_GET_VAR_INT(nf_fid,nf_vid,num_levels)
      |                                               1
......
  579 |       nf_status = NF_GET_VAR_INT(nf_fid,nf_vid,image)
      |                                               2
Warning: Rank mismatch between actual argument at (1) and actual argument at (2) (rank-1 and scalar)
rd_wsi_nexrad_cdf.f:272:47:

  272 |       nf_status = NF_GET_VAR_INT(nf_fid,nf_vid,validTime)
      |                                               1
......
  579 |       nf_status = NF_GET_VAR_INT(nf_fid,nf_vid,image)
      |                                               2
Warning: Rank mismatch between actual argument at (1) and actual argument at (2) (rank-1 and scalar)
rd_wsi_nexrad_cdf.f:25:72:

   25 |      .   level_prefix,image,validTime,istatus)
      |                                                                        1
Warning: Type mismatch in argument 'la2' at (1); passed INTEGER(4) to REAL(4)
rd_wsi_nexrad_cdf.f:25:72:

   25 |      .   level_prefix,image,validTime,istatus)
      |                                                                        1
Warning: Type mismatch in argument 'lo2' at (1); passed INTEGER(4) to REAL(4)
rd_wsi_nexrad_cdf.f:25:72:

   25 |      .   level_prefix,image,validTime,istatus)
      |                                                                        1
Warning: Type mismatch in argument 'data_levels' at (1); passed REAL(4) to INTEGER(4)
ar rv libwsi.a rd_wsi_nexrad_cdf.o
a - rd_wsi_nexrad_cdf.o
gfortran -ffree-line-length-none -fallow-argument-mismatch -I../../../../src/include -I/opt/homebrew/include -I../../../../src/lib -I../../../../src/lib/modules -I../../../../src/lib/cloud -I../../../../src/lib/radar/synp -I../../../../src/lib/degrib   -c -o get_nl_parms.o get_nl_parms.f
ar rv libwsi.a get_nl_parms.o
a - get_nl_parms.o
gfortran -ffree-line-length-none -fallow-argument-mismatch -I../../../../src/include -I/opt/homebrew/include -I../../../../src/lib -I../../../../src/lib/modules -I../../../../src/lib/cloud -I../../../../src/lib/radar/synp -I../../../../src/lib/degrib   -c -o genllijlut.o genllijlut.f
ar rv libwsi.a genllijlut.o
a - genllijlut.o
ranlib libwsi.a
rm get_nl_parms.o genllijlut.o rd_wsi_nexrad_cdf.o rd_wsi_nowrad_cdf.o
 
Making Laps in directory src/lib/satellite
gfortran -ffree-line-length-none -fallow-argument-mismatch -I../../../src/include -I/opt/homebrew/include -I../../../src/lib -I../../../src/lib/modules -I../../../src/lib/cloud -I../../../src/lib/radar/synp -I../../../src/lib/degrib  -I../../../src/include -I/opt/homebrew/include -I../../../src/lib -I../../../src/lib/modules -I../../../src/lib/cloud -I../../../src/lib/radar/synp -I../../../src/lib/degrib -I/opt/homebrew/include -Dunknown -DFORTRANUNDERSCORE -DDYNAMIC -DMULTI_EXEC  -c -o bcdtoint.o bcdtoint.F
ar rv libsatellite.a bcdtoint.o
ar: creating archive libsatellite.a
a - bcdtoint.o
gfortran -ffree-line-length-none -fallow-argument-mismatch -I../../../src/include -I/opt/homebrew/include -I../../../src/lib -I../../../src/lib/modules -I../../../src/lib/cloud -I../../../src/lib/radar/synp -I../../../src/lib/degrib   -c -o bcd_to_int.o bcd_to_int.f
ar rv libsatellite.a bcd_to_int.o
a - bcd_to_int.o
gfortran -ffree-line-length-none -fallow-argument-mismatch -I../../../src/include -I/opt/homebrew/include -I../../../src/lib -I../../../src/lib/modules -I../../../src/lib/cloud -I../../../src/lib/radar/synp -I../../../src/lib/degrib   -c -o byteswp2.o byteswp2.f
ar rv libsatellite.a byteswp2.o
a - byteswp2.o
gfortran -ffree-line-length-none -fallow-argument-mismatch -I../../../src/include -I/opt/homebrew/include -I../../../src/lib -I../../../src/lib/modules -I../../../src/lib/cloud -I../../../src/lib/radar/synp -I../../../src/lib/degrib   -c -o byteswp4.o byteswp4.f
ar rv libsatellite.a byteswp4.o
a - byteswp4.o
gfortran -ffree-line-length-none -fallow-argument-mismatch -I../../../src/include -I/opt/homebrew/include -I../../../src/lib -I../../../src/lib/modules -I../../../src/lib/cloud -I../../../src/lib/radar/synp -I../../../src/lib/degrib   -c -o c_time_fnc.o c_time_fnc.f
ar rv libsatellite.a c_time_fnc.o
a - c_time_fnc.o
gfortran -ffree-line-length-none -fallow-argument-mismatch -I../../../src/include -I/opt/homebrew/include -I../../../src/lib -I../../../src/lib/modules -I../../../src/lib/cloud -I../../../src/lib/radar/synp -I../../../src/lib/degrib   -c -o cnvtglfl.o cnvtglfl.f
ar rv libsatellite.a cnvtglfl.o
a - cnvtglfl.o
gfortran -ffree-line-length-none -fallow-argument-mismatch -I../../../src/include -I/opt/homebrew/include -I../../../src/lib -I../../../src/lib/modules -I../../../src/lib/cloud -I../../../src/lib/radar/synp -I../../../src/lib/degrib   -c -o cnvtint.o cnvtint.f
ar rv libsatellite.a cnvtint.o
a - cnvtint.o
gfortran -ffree-line-length-none -fallow-argument-mismatch -I../../../src/include -I/opt/homebrew/include -I../../../src/lib -I../../../src/lib/modules -I../../../src/lib/cloud -I../../../src/lib/radar/synp -I../../../src/lib/degrib   -c -o cnvtvxfl.o cnvtvxfl.f
ar rv libsatellite.a cnvtvxfl.o
a - cnvtvxfl.o
gfortran -ffree-line-length-none -fallow-argument-mismatch -I../../../src/include -I/opt/homebrew/include -I../../../src/lib -I../../../src/lib/modules -I../../../src/lib/cloud -I../../../src/lib/radar/synp -I../../../src/lib/degrib   -c -o cnvvxdb.o cnvvxdb.f
ar rv libsatellite.a cnvvxdb.o
a - cnvvxdb.o
gfortran -ffree-line-length-none -fallow-argument-mismatch -I../../../src/include -I/opt/homebrew/include -I../../../src/lib -I../../../src/lib/modules -I../../../src/lib/cloud -I../../../src/lib/radar/synp -I../../../src/lib/degrib   -c -o cmpsatres.o cmpsatres.f
ar rv libsatellite.a cmpsatres.o
a - cmpsatres.o
gfortran -ffree-line-length-none -fallow-argument-mismatch -I../../../src/include -I/opt/homebrew/include -I../../../src/lib -I../../../src/lib/modules -I../../../src/lib/cloud -I../../../src/lib/radar/synp -I../../../src/lib/degrib   -c -o convert_to_real.o convert_to_real.f
ar rv libsatellite.a convert_to_real.o
a - convert_to_real.o
gfortran -ffree-line-length-none -fallow-argument-mismatch -I../../../src/include -I/opt/homebrew/include -I../../../src/lib -I../../../src/lib/modules -I../../../src/lib/cloud -I../../../src/lib/radar/synp -I../../../src/lib/degrib   -c -o convert_to_double.o convert_to_double.f
ar rv libsatellite.a convert_to_double.o
a - convert_to_double.o
gfortran -ffree-line-length-none -fallow-argument-mismatch -I../../../src/include -I/opt/homebrew/include -I../../../src/lib -I../../../src/lib/modules -I../../../src/lib/cloud -I../../../src/lib/radar/synp -I../../../src/lib/degrib   -c -o expand_domain.o expand_domain.f
ar rv libsatellite.a expand_domain.o
a - expand_domain.o
gfortran -ffree-line-length-none -fallow-argument-mismatch -I../../../src/include -I/opt/homebrew/include -I../../../src/lib -I../../../src/lib/modules -I../../../src/lib/cloud -I../../../src/lib/radar/synp -I../../../src/lib/degrib   -c -o fc01_conv_pts_el_to_met_1.o fc01_conv_pts_el_to_met_1.f
ar rv libsatellite.a fc01_conv_pts_el_to_met_1.o
a - fc01_conv_pts_el_to_met_1.o
gfortran -ffree-line-length-none -fallow-argument-mismatch -I../../../src/include -I/opt/homebrew/include -I../../../src/lib -I../../../src/lib/modules -I../../../src/lib/cloud -I../../../src/lib/radar/synp -I../../../src/lib/degrib   -c -o gen_lut_gvar.o gen_lut_gvar.f
ar rv libsatellite.a gen_lut_gvar.o
a - gen_lut_gvar.o
gfortran -ffree-line-length-none -fallow-argument-mismatch -I../../../src/include -I/opt/homebrew/include -I../../../src/lib -I../../../src/lib/modules -I../../../src/lib/cloud -I../../../src/lib/radar/synp -I../../../src/lib/degrib   -c -o gen_lut_lambert.o gen_lut_lambert.f
ar rv libsatellite.a gen_lut_lambert.o
a - gen_lut_lambert.o
gfortran -ffree-line-length-none -fallow-argument-mismatch -I../../../src/include -I/opt/homebrew/include -I../../../src/lib -I../../../src/lib/modules -I../../../src/lib/cloud -I../../../src/lib/radar/synp -I../../../src/lib/degrib   -c -o gen_lut_mercator.o gen_lut_mercator.f
ar rv libsatellite.a gen_lut_mercator.o
a - gen_lut_mercator.o
gfortran -ffree-line-length-none -fallow-argument-mismatch -I../../../src/include -I/opt/homebrew/include -I../../../src/lib -I../../../src/lib/modules -I../../../src/lib/cloud -I../../../src/lib/radar/synp -I../../../src/lib/degrib   -c -o genlutps.o genlutps.f
ar rv libsatellite.a genlutps.o
a - genlutps.o
gfortran -ffree-line-length-none -fallow-argument-mismatch -I../../../src/include -I/opt/homebrew/include -I../../../src/lib -I../../../src/lib/modules -I../../../src/lib/cloud -I../../../src/lib/radar/synp -I../../../src/lib/degrib   -c -o genlvdlut_sub.o genlvdlut_sub.f
ar rv libsatellite.a genlvdlut_sub.o
a - genlvdlut_sub.o
gfortran -ffree-line-length-none -fallow-argument-mismatch -I../../../src/include -I/opt/homebrew/include -I../../../src/lib -I../../../src/lib/modules -I../../../src/lib/cloud -I../../../src/lib/radar/synp -I../../../src/lib/degrib   -c -o genlvdlut_lvd.o genlvdlut_lvd.f
ar rv libsatellite.a genlvdlut_lvd.o
a - genlvdlut_lvd.o
gfortran -ffree-line-length-none -fallow-argument-mismatch -I../../../src/include -I/opt/homebrew/include -I../../../src/lib -I../../../src/lib/modules -I../../../src/lib/cloud -I../../../src/lib/radar/synp -I../../../src/lib/degrib   -c -o get_attr_satellite.o get_attr_satellite.f
ar rv libsatellite.a get_attr_satellite.o
a - get_attr_satellite.o
gfortran -ffree-line-length-none -fallow-argument-mismatch -I../../../src/include -I/opt/homebrew/include -I../../../src/lib -I../../../src/lib/modules -I../../../src/lib/cloud -I../../../src/lib/radar/synp -I../../../src/lib/degrib   -c -o getsat_boundary.o getsat_boundary.f
ar rv libsatellite.a getsat_boundary.o
a - getsat_boundary.o
gfortran -ffree-line-length-none -fallow-argument-mismatch -I../../../src/include -I/opt/homebrew/include -I../../../src/lib -I../../../src/lib/modules -I../../../src/lib/cloud -I../../../src/lib/radar/synp -I../../../src/lib/degrib   -c -o lvd_file_specifier.o lvd_file_specifier.f
ar rv libsatellite.a lvd_file_specifier.o
a - lvd_file_specifier.o
gfortran -ffree-line-length-none -fallow-argument-mismatch -I../../../src/include -I/opt/homebrew/include -I../../../src/lib -I../../../src/lib/modules -I../../../src/lib/cloud -I../../../src/lib/radar/synp -I../../../src/lib/degrib   -c -o rdcdfhead.o rdcdfhead.f
ar rv libsatellite.a rdcdfhead.o
a - rdcdfhead.o
gfortran -ffree-line-length-none -fallow-argument-mismatch -I../../../src/include -I/opt/homebrew/include -I../../../src/lib -I../../../src/lib/modules -I../../../src/lib/cloud -I../../../src/lib/radar/synp -I../../../src/lib/degrib   -c -o rdgvarimg_cdf_header.o rdgvarimg_cdf_header.f
rdgvarimg_cdf_header.f:211:51:

   93 |       RCODE=NF_GET_VARA_INT(NCID,varid,START,COUNT,northwest_vis_pixel)
      |                                                   2
......
  211 |       RCODE=NF_GET_VARA_INT(NCID,varid,START,COUNT,eastWestCycles)
      |                                                   1
Warning: Rank mismatch between actual argument at (1) and actual argument at (2) (rank-1 and scalar)
rdgvarimg_cdf_header.f:226:51:

   93 |       RCODE=NF_GET_VARA_INT(NCID,varid,START,COUNT,northwest_vis_pixel)
      |                                                   2
......
  226 |       RCODE=NF_GET_VARA_INT(NCID,varid,START,COUNT,eastWestIncs)
      |                                                   1
Warning: Rank mismatch between actual argument at (1) and actual argument at (2) (rank-1 and scalar)
rdgvarimg_cdf_header.f:241:51:

   93 |       RCODE=NF_GET_VARA_INT(NCID,varid,START,COUNT,northwest_vis_pixel)
      |                                                   2
......
  241 |       RCODE=NF_GET_VARA_INT(NCID,varid,START,COUNT,northSouthCycles)
      |                                                   1
Warning: Rank mismatch between actual argument at (1) and actual argument at (2) (rank-1 and scalar)
rdgvarimg_cdf_header.f:256:51:

   93 |       RCODE=NF_GET_VARA_INT(NCID,varid,START,COUNT,northwest_vis_pixel)
      |                                                   2
......
  256 |       RCODE=NF_GET_VARA_INT(NCID,varid,START,COUNT,northSouthIncs)
      |                                                   1
Warning: Rank mismatch between actual argument at (1) and actual argument at (2) (rank-1 and scalar)
rdgvarimg_cdf_header.f:271:54:

  151 |       RCODE=NF_GET_VARA_DOUBLE(NCID,varid,START,COUNT,frameStartTime)
      |                                                      2
......
  271 |       RCODE=NF_GET_VARA_DOUBLE(NCID,varid,START,COUNT,orbitAttitude)
      |                                                      1
Warning: Rank mismatch between actual argument at (1) and actual argument at (2) (scalar and rank-2)
rdgvarimg_cdf_header.f:348:51:

   93 |       RCODE=NF_GET_VARA_INT(NCID,varid,START,COUNT,northwest_vis_pixel)
      |                                                   2
......
  348 |       RCODE=NF_GET_VARA_INT(NCID,varid,START,COUNT,x_resolution)
      |                                                   1
Warning: Rank mismatch between actual argument at (1) and actual argument at (2) (rank-1 and scalar)
rdgvarimg_cdf_header.f:363:51:

   93 |       RCODE=NF_GET_VARA_INT(NCID,varid,START,COUNT,northwest_vis_pixel)
      |                                                   2
......
  363 |       RCODE=NF_GET_VARA_INT(NCID,varid,START,COUNT,y_resolution)
      |                                                   1
Warning: Rank mismatch between actual argument at (1) and actual argument at (2) (rank-1 and scalar)
rdgvarimg_cdf_header.f:408:51:

   93 |       RCODE=NF_GET_VARA_INT(NCID,varid,START,COUNT,northwest_vis_pixel)
      |                                                   2
......
  408 |       RCODE=NF_GET_VARA_INT(NCID,varid,START,COUNT,x_step)
      |                                                   1
Warning: Rank mismatch between actual argument at (1) and actual argument at (2) (rank-1 and scalar)
rdgvarimg_cdf_header.f:423:51:

   93 |       RCODE=NF_GET_VARA_INT(NCID,varid,START,COUNT,northwest_vis_pixel)
      |                                                   2
......
  423 |       RCODE=NF_GET_VARA_INT(NCID,varid,START,COUNT,y_step)
      |                                                   1
Warning: Rank mismatch between actual argument at (1) and actual argument at (2) (rank-1 and scalar)
ar rv libsatellite.a rdgvarimg_cdf_header.o
a - rdgvarimg_cdf_header.o
gfortran -ffree-line-length-none -fallow-argument-mismatch -I../../../src/include -I/opt/homebrew/include -I../../../src/lib -I../../../src/lib/modules -I../../../src/lib/cloud -I../../../src/lib/radar/synp -I../../../src/lib/degrib   -c -o read_gwc_header_sub.o read_gwc_header_sub.f
ar rv libsatellite.a read_gwc_header_sub.o
a - read_gwc_header_sub.o
gfortran -ffree-line-length-none -fallow-argument-mismatch -I../../../src/include -I/opt/homebrew/include -I../../../src/lib -I../../../src/lib/modules -I../../../src/lib/cloud -I../../../src/lib/radar/synp -I../../../src/lib/degrib   -c -o read_orb_att.o read_orb_att.f
ar rv libsatellite.a read_orb_att.o
a - read_orb_att.o
gfortran -ffree-line-length-none -fallow-argument-mismatch -I../../../src/include -I/opt/homebrew/include -I../../../src/lib -I../../../src/lib/modules -I../../../src/lib/cloud -I../../../src/lib/radar/synp -I../../../src/lib/degrib   -c -o readnet.o readnet.f
readnet.f:216:47:

   79 |       nf_status = NF_GET_VAR_INT(nf_fid,nf_vid,image)
      |                                               2
......
  216 |       nf_status = NF_GET_VAR_INT(nf_fid,nf_vid,Nx)
      |                                               1
Warning: Rank mismatch between actual argument at (1) and actual argument at (2) (rank-1 and scalar)
readnet.f:230:47:

   79 |       nf_status = NF_GET_VAR_INT(nf_fid,nf_vid,image)
      |                                               2
......
  230 |       nf_status = NF_GET_VAR_INT(nf_fid,nf_vid,Ny)
      |                                               1
Warning: Rank mismatch between actual argument at (1) and actual argument at (2) (rank-1 and scalar)
readnet.f:244:47:

   79 |       nf_status = NF_GET_VAR_INT(nf_fid,nf_vid,image)
      |                                               2
......
  244 |       nf_status = NF_GET_VAR_INT(nf_fid,nf_vid,center_id)
      |                                               1
Warning: Rank mismatch between actual argument at (1) and actual argument at (2) (rank-1 and scalar)
readnet.f:275:47:

   79 |       nf_status = NF_GET_VAR_INT(nf_fid,nf_vid,image)
      |                                               2
......
  275 |       nf_status = NF_GET_VAR_INT(nf_fid,nf_vid,process_id)
      |                                               1
Warning: Rank mismatch between actual argument at (1) and actual argument at (2) (rank-1 and scalar)
ar rv libsatellite.a readnet.o
a - readnet.o
gfortran -ffree-line-length-none -fallow-argument-mismatch -I../../../src/include -I/opt/homebrew/include -I../../../src/lib -I../../../src/lib/modules -I../../../src/lib/cloud -I../../../src/lib/radar/synp -I../../../src/lib/degrib   -c -o satsublatlon.o satsublatlon.f
ar rv libsatellite.a satsublatlon.o
a - satsublatlon.o
gfortran -ffree-line-length-none -fallow-argument-mismatch -I../../../src/include -I/opt/homebrew/include -I../../../src/lib -I../../../src/lib/modules -I../../../src/lib/cloud -I../../../src/lib/radar/synp -I../../../src/lib/degrib   -c -o update_gvarimg_parms.o update_gvarimg_parms.f
ar rv libsatellite.a update_gvarimg_parms.o
a - update_gvarimg_parms.o
gfortran -ffree-line-length-none -fallow-argument-mismatch -I../../../src/include -I/opt/homebrew/include -I../../../src/lib -I../../../src/lib/modules -I../../../src/lib/cloud -I../../../src/lib/radar/synp -I../../../src/lib/degrib   -c -o write_orb_att.o write_orb_att.f
ar rv libsatellite.a write_orb_att.o
a - write_orb_att.o
gcc -DMAC   -Wno-error=int-to-pointer-cast -Wno-error=pointer-to-int-cast -Wno-error=implicit-function-declaration -I../../../src/include -I/opt/homebrew/include -I../../../src/lib -I../../../src/lib/modules -I../../../src/lib/cloud -I../../../src/lib/radar/synp -I../../../src/lib/degrib -I/opt/homebrew/include -Dunknown -DFORTRANUNDERSCORE -DDYNAMIC -DMULTI_EXEC  -c -o write_att_c.o write_att_c.c
write_att_c.c:48:9: warning: implicit declaration of function 'nstrncpy_' is invalid in C99 [-Wimplicit-function-declaration]
        nstrncpy(filename,f_filename,*fn_len);
        ^
write_att_c.c:19:18: note: expanded from macro 'nstrncpy'
#define nstrncpy nstrncpy_
                 ^
write_att_c.c:63:26: warning: implicitly declaring library function 'strlen' with type 'unsigned long (const char *)' [-Wimplicit-function-declaration]
        syscmd = malloc((strlen(SYSCMD)+*cdl_len+*fn_len+10) * sizeof(char));
                         ^
write_att_c.c:63:26: note: include the header <string.h> or explicitly provide a declaration for 'strlen'
write_att_c.c:101:57: warning: format specifies type 'char *' but the argument has type 'char' [-Wformat]
          printf("Truncating  satellite name to %s \n", *sat_name); 
                                                ~~      ^~~~~~~~~
                                                %c
3 warnings generated.
ar rv libsatellite.a write_att_c.o
a - write_att_c.o
ranlib libsatellite.a
rm cnvtvxfl.o cnvtglfl.o fc01_conv_pts_el_to_met_1.o read_gwc_header_sub.o write_att_c.o convert_to_double.o bcd_to_int.o bcdtoint.o write_orb_att.o get_attr_satellite.o byteswp2.o gen_lut_mercator.o update_gvarimg_parms.o readnet.o gen_lut_lambert.o convert_to_real.o genlutps.o rdcdfhead.o satsublatlon.o cnvtint.o expand_domain.o cmpsatres.o byteswp4.o genlvdlut_lvd.o read_orb_att.o c_time_fnc.o gen_lut_gvar.o rdgvarimg_cdf_header.o lvd_file_specifier.o genlvdlut_sub.o cnvvxdb.o getsat_boundary.o
 
Making Laps in directory src/lib/temp
gfortran -ffree-line-length-none -fallow-argument-mismatch -I../../../src/include -I/opt/homebrew/include -I../../../src/lib -I../../../src/lib/modules -I../../../src/lib/cloud -I../../../src/lib/radar/synp -I../../../src/lib/degrib   -c -o insert_tobs.o insert_tobs.f
ar rv libtemp.a insert_tobs.o
ar: creating archive libtemp.a
a - insert_tobs.o
gfortran -ffree-line-length-none -fallow-argument-mismatch -I../../../src/include -I/opt/homebrew/include -I../../../src/lib -I../../../src/lib/modules -I../../../src/lib/cloud -I../../../src/lib/radar/synp -I../../../src/lib/degrib   -c -o puttmpanal.o puttmpanal.f
ar rv libtemp.a puttmpanal.o
a - puttmpanal.o
gfortran -ffree-line-length-none -fallow-argument-mismatch -I../../../src/include -I/opt/homebrew/include -I../../../src/lib -I../../../src/lib/modules -I../../../src/lib/cloud -I../../../src/lib/radar/synp -I../../../src/lib/degrib   -c -o read_tsnd.o read_tsnd.f
ar rv libtemp.a read_tsnd.o
a - read_tsnd.o
gfortran -ffree-line-length-none -fallow-argument-mismatch -I../../../src/include -I/opt/homebrew/include -I../../../src/lib -I../../../src/lib/modules -I../../../src/lib/cloud -I../../../src/lib/radar/synp -I../../../src/lib/degrib   -c -o read_acars_t.o read_acars_t.f
ar rv libtemp.a read_acars_t.o
a - read_acars_t.o
gfortran -ffree-line-length-none -fallow-argument-mismatch -I../../../src/include -I/opt/homebrew/include -I../../../src/lib -I../../../src/lib/modules -I../../../src/lib/cloud -I../../../src/lib/radar/synp -I../../../src/lib/degrib   -c -o read_sfc_t.o read_sfc_t.f
ar rv libtemp.a read_sfc_t.o
a - read_sfc_t.o
gfortran -ffree-line-length-none -fallow-argument-mismatch -I../../../src/include -I/opt/homebrew/include -I../../../src/lib -I../../../src/lib/modules -I../../../src/lib/cloud -I../../../src/lib/radar/synp -I../../../src/lib/degrib   -c -o interp_tobs.o interp_tobs.f
ar rv libtemp.a interp_tobs.o
a - interp_tobs.o
gfortran -ffree-line-length-none -fallow-argument-mismatch -I../../../src/include -I/opt/homebrew/include -I../../../src/lib -I../../../src/lib/modules -I../../../src/lib/cloud -I../../../src/lib/radar/synp -I../../../src/lib/degrib   -c -o interp_rass.o interp_rass.f
ar rv libtemp.a interp_rass.o
a - interp_rass.o
gfortran -ffree-line-length-none -fallow-argument-mismatch -I../../../src/include -I/opt/homebrew/include -I../../../src/lib -I../../../src/lib/modules -I../../../src/lib/cloud -I../../../src/lib/radar/synp -I../../../src/lib/degrib   -c -o adjust_heights.o adjust_heights.f
ar rv libtemp.a adjust_heights.o
a - adjust_heights.o
gfortran -ffree-line-length-none -fallow-argument-mismatch -I../../../src/include -I/opt/homebrew/include -I../../../src/lib -I../../../src/lib/modules -I../../../src/lib/cloud -I../../../src/lib/radar/synp -I../../../src/lib/degrib   -c -o compare_temp.o compare_temp.f
ar rv libtemp.a compare_temp.o
a - compare_temp.o
ranlib libtemp.a
rm read_sfc_t.o interp_rass.o read_acars_t.o insert_tobs.o read_tsnd.o adjust_heights.o compare_temp.o interp_tobs.o puttmpanal.o
 
Making Laps in directory src/lib/util
gfortran -ffree-line-length-none -fallow-argument-mismatch -I../../../src/include -I/opt/homebrew/include -I../../../src/lib -I../../../src/lib/modules -I../../../src/lib/cloud -I../../../src/lib/radar/synp -I../../../src/lib/degrib   -c -o bilinear_laps.o bilinear_laps.f
ar rv libutil.a bilinear_laps.o
ar: creating archive libutil.a
a - bilinear_laps.o
gfortran -ffree-line-length-none -fallow-argument-mismatch -I../../../src/include -I/opt/homebrew/include -I../../../src/lib -I../../../src/lib/modules -I../../../src/lib/cloud -I../../../src/lib/radar/synp -I../../../src/lib/degrib   -c -o filter_2dx.o filter_2dx.f
ar rv libutil.a filter_2dx.o
a - filter_2dx.o
gfortran -ffree-line-length-none -fallow-argument-mismatch -I../../../src/include -I/opt/homebrew/include -I../../../src/lib -I../../../src/lib/modules -I../../../src/lib/cloud -I../../../src/lib/radar/synp -I../../../src/lib/degrib   -c -o get_static_field_interp.o get_static_field_interp.f
ar rv libutil.a get_static_field_interp.o
a - get_static_field_interp.o
gfortran -ffree-line-length-none -fallow-argument-mismatch -I../../../src/include -I/opt/homebrew/include -I../../../src/lib -I../../../src/lib/modules -I../../../src/lib/cloud -I../../../src/lib/radar/synp -I../../../src/lib/degrib   -c -o helicity.o helicity.f
ar rv libutil.a helicity.o
a - helicity.o
gfortran -ffree-line-length-none -fallow-argument-mismatch -I../../../src/include -I/opt/homebrew/include -I../../../src/lib -I../../../src/lib/modules -I../../../src/lib/cloud -I../../../src/lib/radar/synp -I../../../src/lib/degrib   -c -o interp2sfc.o interp2sfc.f
ar rv libutil.a interp2sfc.o
a - interp2sfc.o
gfortran -ffree-line-length-none -fallow-argument-mismatch -I../../../src/include -I/opt/homebrew/include -I../../../src/lib -I../../../src/lib/modules -I../../../src/lib/cloud -I../../../src/lib/radar/synp -I../../../src/lib/degrib   -c -o put_wind_2d.o put_wind_2d.f
ar rv libutil.a put_wind_2d.o
a - put_wind_2d.o
gfortran -ffree-line-length-none -fallow-argument-mismatch -I../../../src/include -I/opt/homebrew/include -I../../../src/lib -I../../../src/lib/modules -I../../../src/lib/cloud -I../../../src/lib/radar/synp -I../../../src/lib/degrib   -c -o trilinear_laps.o trilinear_laps.f
ar rv libutil.a trilinear_laps.o
a - trilinear_laps.o
gfortran -ffree-line-length-none -fallow-argument-mismatch -I../../../src/include -I/opt/homebrew/include -I../../../src/lib -I../../../src/lib/modules -I../../../src/lib/cloud -I../../../src/lib/radar/synp -I../../../src/lib/degrib   -c -o cpt_liw.o cpt_liw.f
ar rv libutil.a cpt_liw.o
a - cpt_liw.o
gfortran -ffree-line-length-none -fallow-argument-mismatch -I../../../src/include -I/opt/homebrew/include -I../../../src/lib -I../../../src/lib/modules -I../../../src/lib/cloud -I../../../src/lib/radar/synp -I../../../src/lib/degrib   -c -o laps_slwc_revb.o laps_slwc_revb.f
ar rv libutil.a laps_slwc_revb.o
a - laps_slwc_revb.o
gfortran -ffree-line-length-none -fallow-argument-mismatch -I../../../src/include -I/opt/homebrew/include -I../../../src/lib -I../../../src/lib/modules -I../../../src/lib/cloud -I../../../src/lib/radar/synp -I../../../src/lib/degrib   -c -o stats.o stats.f
ar rv libutil.a stats.o
a - stats.o
gfortran -ffree-line-length-none -fallow-argument-mismatch -I../../../src/include -I/opt/homebrew/include -I../../../src/lib -I../../../src/lib/modules -I../../../src/lib/cloud -I../../../src/lib/radar/synp -I../../../src/lib/degrib   -c -o steer_grid.o steer_grid.f
ar rv libutil.a steer_grid.o
a - steer_grid.o
gfortran -ffree-line-length-none -fallow-argument-mismatch -I../../../src/include -I/opt/homebrew/include -I../../../src/lib -I../../../src/lib/modules -I../../../src/lib/cloud -I../../../src/lib/radar/synp -I../../../src/lib/degrib   -c -o windcnvrt.o windcnvrt.f
ar rv libutil.a windcnvrt.o
a - windcnvrt.o
gfortran -ffree-line-length-none -fallow-argument-mismatch -I../../../src/include -I/opt/homebrew/include -I../../../src/lib -I../../../src/lib/modules -I../../../src/lib/cloud -I../../../src/lib/radar/synp -I../../../src/lib/degrib   -c -o degfrom.o degfrom.f
ar rv libutil.a degfrom.o
a - degfrom.o
gfortran -ffree-line-length-none -fallow-argument-mismatch -I../../../src/include -I/opt/homebrew/include -I../../../src/lib -I../../../src/lib/modules -I../../../src/lib/cloud -I../../../src/lib/radar/synp -I../../../src/lib/degrib   -c -o meanwind.o meanwind.f
ar rv libutil.a meanwind.o
a - meanwind.o
gfortran -ffree-line-length-none -fallow-argument-mismatch -I../../../src/include -I/opt/homebrew/include -I../../../src/lib -I../../../src/lib/modules -I../../../src/lib/cloud -I../../../src/lib/radar/synp -I../../../src/lib/degrib   -c -o storm_cent_rt.o storm_cent_rt.f
ar rv libutil.a storm_cent_rt.o
a - storm_cent_rt.o
gfortran -ffree-line-length-none -fallow-argument-mismatch -I../../../src/include -I/opt/homebrew/include -I../../../src/lib -I../../../src/lib/modules -I../../../src/lib/cloud -I../../../src/lib/radar/synp -I../../../src/lib/degrib   -c -o xytomet.o xytomet.f
ar rv libutil.a xytomet.o
a - xytomet.o
gfortran -ffree-line-length-none -fallow-argument-mismatch -I../../../src/include -I/opt/homebrew/include -I../../../src/lib -I../../../src/lib/modules -I../../../src/lib/cloud -I../../../src/lib/radar/synp -I../../../src/lib/degrib   -c -o windfields.o windfields.f
ar rv libutil.a windfields.o
a - windfields.o
ranlib libutil.a
rm storm_cent_rt.o cpt_liw.o laps_slwc_revb.o xytomet.o windcnvrt.o get_static_field_interp.o bilinear_laps.o helicity.o windfields.o stats.o meanwind.o put_wind_2d.o degfrom.o trilinear_laps.o interp2sfc.o filter_2dx.o steer_grid.o
 
Making Laps in directory src/lib/wind
gfortran -ffree-line-length-none -fallow-argument-mismatch -I../../../src/include -I/opt/homebrew/include -I../../../src/lib -I../../../src/lib/modules -I../../../src/lib/cloud -I../../../src/lib/radar/synp -I../../../src/lib/degrib   -c -o get_fg_wind.o get_fg_wind.f
ar rv libwind.a get_fg_wind.o
ar: creating archive libwind.a
a - get_fg_wind.o
gfortran -ffree-line-length-none -fallow-argument-mismatch -I../../../src/include -I/opt/homebrew/include -I../../../src/lib -I../../../src/lib/modules -I../../../src/lib/cloud -I../../../src/lib/radar/synp -I../../../src/lib/degrib   -c -o get_wind_obs.o get_wind_obs.f
ar rv libwind.a get_wind_obs.o
a - get_wind_obs.o
gfortran -ffree-line-length-none -fallow-argument-mismatch -I../../../src/include -I/opt/homebrew/include -I../../../src/lib -I../../../src/lib/modules -I../../../src/lib/cloud -I../../../src/lib/radar/synp -I../../../src/lib/degrib   -c -o interp_prof.o interp_prof.f
ar rv libwind.a interp_prof.o
a - interp_prof.o
gfortran -ffree-line-length-none -fallow-argument-mismatch -I../../../src/include -I/opt/homebrew/include -I../../../src/lib -I../../../src/lib/modules -I../../../src/lib/cloud -I../../../src/lib/radar/synp -I../../../src/lib/degrib   -c -o qcradar.o qcradar.f
ar rv libwind.a qcradar.o
a - qcradar.o
gfortran -ffree-line-length-none -fallow-argument-mismatch -I../../../src/include -I/opt/homebrew/include -I../../../src/lib -I../../../src/lib/modules -I../../../src/lib/cloud -I../../../src/lib/radar/synp -I../../../src/lib/degrib   -c -o rdpoint.o rdpoint.f
rdpoint.f:421:72:

  421 | 100     read(lun,895,err=100,end=900)xlat,xlon,pres,dd,ff,asc9_tim_point
      |                                                                        1
Warning: Branch at (1) may result in an infinite loop
ar rv libwind.a rdpoint.o
a - rdpoint.o
gfortran -ffree-line-length-none -fallow-argument-mismatch -I../../../src/include -I/opt/homebrew/include -I../../../src/lib -I../../../src/lib/modules -I../../../src/lib/cloud -I../../../src/lib/radar/synp -I../../../src/lib/degrib   -c -o rdsfc.o rdsfc.f
ar rv libwind.a rdsfc.o
a - rdsfc.o
gfortran -ffree-line-length-none -fallow-argument-mismatch -I../../../src/include -I/opt/homebrew/include -I../../../src/lib -I../../../src/lib/modules -I../../../src/lib/cloud -I../../../src/lib/radar/synp -I../../../src/lib/degrib   -c -o read_profiles.o read_profiles.f
ar rv libwind.a read_profiles.o
a - read_profiles.o
gfortran -ffree-line-length-none -fallow-argument-mismatch -I../../../src/include -I/opt/homebrew/include -I../../../src/lib -I../../../src/lib/modules -I../../../src/lib/cloud -I../../../src/lib/radar/synp -I../../../src/lib/degrib   -c -o vertwind.o vertwind.f
ar rv libwind.a vertwind.o
a - vertwind.o
gfortran -ffree-line-length-none -fallow-argument-mismatch -I../../../src/include -I/opt/homebrew/include -I../../../src/lib -I../../../src/lib/modules -I../../../src/lib/cloud -I../../../src/lib/radar/synp -I../../../src/lib/degrib   -c -o wind_post_process.o wind_post_process.f
ar rv libwind.a wind_post_process.o
a - wind_post_process.o
ranlib libwind.a
rm read_profiles.o get_wind_obs.o wind_post_process.o interp_prof.o rdsfc.o vertwind.o get_fg_wind.o qcradar.o rdpoint.o
 
Making Laps in directory src/var/bufr
tar xvf BUFRLIB.tar
x README_BUFRLIB
x addate.f
x adn30.f
x bfrini.f
x bort.f
x chekstab.f
x chrtrn.f
x chrtrna.f
x cktaba.f
x closbf.f
x closmg.f
x conwin.f
x copybf.f
x copymg.f
x copysb.f
x cpbfdx.f
x cpymem.f
x cpyupd.f
x datebf.f
x digit.f
x drstpl.f
x dumpbf.f
x dxinit.f
x dxmini.f
x elemdx.f
x getwin.f
x i4dy.f
x idn30.f
x ifbget.f
x ifxy.f
x inctab.f
x invcon.f
x invmrg.f
x invtag.f
x invwin.f
x ipkm.f
x irderm.f
x ireaderm.f
x ireadmg.f
x irev.f
x iupb.f
x iupbs1.f
x iupm.f
x jstify.f
x ljust.f
x lmsg.f
x lstjpb.f
x lstrpc.f
x lstrps.f
x makestab.f
x mesgbf.f
x msgini.f
x msgupd.f
x msgwrt.f
x mvb.f
x nemock.f
x nemtab.f
x nemtba.f
x nemtbax.f
x nemtbb.f
x nemtbd.f
x nenuck.f
x newwin.f
x nmbyt.f
x nmsub.f
x numbck.f
x numtab.f
x nvnwin.f
x nwords.f
x nxtwin.f
x openbf.f
x openbt.f
x openmb.f
x openmg.f
x pad.f
x parseq.f
x parusr.f
x parutg.f
x pkb.f
x pkc.f
x pktdd.f
x posapn.f
x posapx.f
x rcstpl.f
x rdbfdx.f
x rdcmps.f
x rdmemm.f
x rdmems.f
x rdtree.f
x rdusdx.f
x readdx.f
x readerm.f
x readerme.f
x readft.f
x readibm.f
x readmg.f
x readmm.f
x readns.f
x readsb.f
x readtj.f
x rjust.f
x rsvfvm.f
x seqsdx.f
x standard.f
x status.f
x strcln.f
x string.f
x strnum.f
x strsuc.f
x tabent.f
x tabsub.f
x trybump.f
x ufbcnt.f
x ufbcpy.f
x ufbcup.f
x ufbdmp.f
x ufbevn.f
x ufbget.f
x ufbint.f
x ufbmem.f
x ufbmms.f
x ufbmns.f
x ufbovr.f
x ufbqcd.f
x ufbqcp.f
x ufbrep.f
x ufbrms.f
x ufbrp.f
x ufbrw.f
x ufbseq.f
x ufbsp.f
x ufbstp.f
x ufbtab.f
x ufbtam.f
x upb.f
x upbb.f
x upc.f
x upds3.f
x uptdd.f
x usrtpl.f
x valx.f
x wrdlen.f
x writdx.f
x writsa.f
x writsb.f
x wrtree.f
x wtstat.f
/Library/Developer/CommandLineTools/usr/bin/make addate.o adn30.o bfrini.o bort.o chekstab.o chrtrn.o chrtrna.o cktaba.o closbf.o closmg.o conwin.o copybf.o copymg.o copysb.o cpbfdx.o cpymem.o cpyupd.o datebf.o digit.o drstpl.o dumpbf.o dxinit.o dxmini.o elemdx.o getwin.o i4dy.o idn30.o ifbget.o ifxy.o inctab.o invcon.o invmrg.o invtag.o invwin.o ipkm.o irderm.o ireaderm.o ireadmg.o irev.o iupb.o iupbs1.o iupm.o jstify.o ljust.o lmsg.o lstjpb.o lstrpc.o lstrps.o makestab.o mesgbf.o msgini.o msgupd.o msgwrt.o mvb.o nemock.o nemtab.o nemtba.o nemtbax.o nemtbb.o nemtbd.o nenuck.o newwin.o nmbyt.o nmsub.o numbck.o numtab.o nvnwin.o nwords.o nxtwin.o openbf.o openbt.o openmb.o openmg.o pad.o parseq.o parusr.o parutg.o pkb.o pkc.o pktdd.o posapn.o posapx.o rcstpl.o rdbfdx.o rdcmps.o rdmemm.o rdmems.o rdtree.o rdusdx.o readdx.o readerm.o readerme.o readft.o readibm.o readmg.o readmm.o readns.o readsb.o readtj.o rjust.o rsvfvm.o seqsdx.o standard.o status.o strcln.o string.o strnum.o strsuc.o tabent.o tabsub.o trybump.o ufbcnt.o ufbcpy.o ufbcup.o ufbdmp.o ufbevn.o ufbget.o ufbint.o ufbmem.o ufbmms.o ufbmns.o ufbovr.o ufbqcd.o ufbqcp.o ufbrep.o ufbrms.o ufbrp.o ufbrw.o ufbseq.o ufbsp.o ufbstp.o ufbtab.o ufbtam.o upb.o upbb.o upc.o upds3.o uptdd.o usrtpl.o valx.o wrdlen.o writdx.o writsa.o writsb.o wrtree.o wtstat.o
gfortran -I../../..//src/include -I/opt/homebrew/include -I../../..//src/lib -I../../..//src/lib/modules -I../../..//src/lib/cloud -I../../..//src/lib/radar/synp -I../../..//src/lib/degrib   -c -o addate.o addate.f
gfortran -I../../..//src/include -I/opt/homebrew/include -I../../..//src/lib -I../../..//src/lib/modules -I../../..//src/lib/cloud -I../../..//src/lib/radar/synp -I../../..//src/lib/degrib   -c -o adn30.o adn30.f
gfortran -I../../..//src/include -I/opt/homebrew/include -I../../..//src/lib -I../../..//src/lib/modules -I../../..//src/lib/cloud -I../../..//src/lib/radar/synp -I../../..//src/lib/degrib   -c -o bfrini.o bfrini.f
gfortran -I../../..//src/include -I/opt/homebrew/include -I../../..//src/lib -I../../..//src/lib/modules -I../../..//src/lib/cloud -I../../..//src/lib/radar/synp -I../../..//src/lib/degrib   -c -o bort.o bort.f
gfortran -I../../..//src/include -I/opt/homebrew/include -I../../..//src/lib -I../../..//src/lib/modules -I../../..//src/lib/cloud -I../../..//src/lib/radar/synp -I../../..//src/lib/degrib   -c -o chekstab.o chekstab.f
gfortran -I../../..//src/include -I/opt/homebrew/include -I../../..//src/lib -I../../..//src/lib/modules -I../../..//src/lib/cloud -I../../..//src/lib/radar/synp -I../../..//src/lib/degrib   -c -o chrtrn.o chrtrn.f
gfortran -I../../..//src/include -I/opt/homebrew/include -I../../..//src/lib -I../../..//src/lib/modules -I../../..//src/lib/cloud -I../../..//src/lib/radar/synp -I../../..//src/lib/degrib   -c -o chrtrna.o chrtrna.f
gfortran -I../../..//src/include -I/opt/homebrew/include -I../../..//src/lib -I../../..//src/lib/modules -I../../..//src/lib/cloud -I../../..//src/lib/radar/synp -I../../..//src/lib/degrib   -c -o cktaba.o cktaba.f
gfortran -I../../..//src/include -I/opt/homebrew/include -I../../..//src/lib -I../../..//src/lib/modules -I../../..//src/lib/cloud -I../../..//src/lib/radar/synp -I../../..//src/lib/degrib   -c -o closbf.o closbf.f
gfortran -I../../..//src/include -I/opt/homebrew/include -I../../..//src/lib -I../../..//src/lib/modules -I../../..//src/lib/cloud -I../../..//src/lib/radar/synp -I../../..//src/lib/degrib   -c -o closmg.o closmg.f
gfortran -I../../..//src/include -I/opt/homebrew/include -I../../..//src/lib -I../../..//src/lib/modules -I../../..//src/lib/cloud -I../../..//src/lib/radar/synp -I../../..//src/lib/degrib   -c -o conwin.o conwin.f
gfortran -I../../..//src/include -I/opt/homebrew/include -I../../..//src/lib -I../../..//src/lib/modules -I../../..//src/lib/cloud -I../../..//src/lib/radar/synp -I../../..//src/lib/degrib   -c -o copybf.o copybf.f
gfortran -I../../..//src/include -I/opt/homebrew/include -I../../..//src/lib -I../../..//src/lib/modules -I../../..//src/lib/cloud -I../../..//src/lib/radar/synp -I../../..//src/lib/degrib   -c -o copymg.o copymg.f
gfortran -I../../..//src/include -I/opt/homebrew/include -I../../..//src/lib -I../../..//src/lib/modules -I../../..//src/lib/cloud -I../../..//src/lib/radar/synp -I../../..//src/lib/degrib   -c -o copysb.o copysb.f
gfortran -I../../..//src/include -I/opt/homebrew/include -I../../..//src/lib -I../../..//src/lib/modules -I../../..//src/lib/cloud -I../../..//src/lib/radar/synp -I../../..//src/lib/degrib   -c -o cpbfdx.o cpbfdx.f
gfortran -I../../..//src/include -I/opt/homebrew/include -I../../..//src/lib -I../../..//src/lib/modules -I../../..//src/lib/cloud -I../../..//src/lib/radar/synp -I../../..//src/lib/degrib   -c -o cpymem.o cpymem.f
gfortran -I../../..//src/include -I/opt/homebrew/include -I../../..//src/lib -I../../..//src/lib/modules -I../../..//src/lib/cloud -I../../..//src/lib/radar/synp -I../../..//src/lib/degrib   -c -o cpyupd.o cpyupd.f
gfortran -I../../..//src/include -I/opt/homebrew/include -I../../..//src/lib -I../../..//src/lib/modules -I../../..//src/lib/cloud -I../../..//src/lib/radar/synp -I../../..//src/lib/degrib   -c -o datebf.o datebf.f
gfortran -I../../..//src/include -I/opt/homebrew/include -I../../..//src/lib -I../../..//src/lib/modules -I../../..//src/lib/cloud -I../../..//src/lib/radar/synp -I../../..//src/lib/degrib   -c -o digit.o digit.f
gfortran -I../../..//src/include -I/opt/homebrew/include -I../../..//src/lib -I../../..//src/lib/modules -I../../..//src/lib/cloud -I../../..//src/lib/radar/synp -I../../..//src/lib/degrib   -c -o drstpl.o drstpl.f
gfortran -I../../..//src/include -I/opt/homebrew/include -I../../..//src/lib -I../../..//src/lib/modules -I../../..//src/lib/cloud -I../../..//src/lib/radar/synp -I../../..//src/lib/degrib   -c -o dumpbf.o dumpbf.f
gfortran -I../../..//src/include -I/opt/homebrew/include -I../../..//src/lib -I../../..//src/lib/modules -I../../..//src/lib/cloud -I../../..//src/lib/radar/synp -I../../..//src/lib/degrib   -c -o dxinit.o dxinit.f
gfortran -I../../..//src/include -I/opt/homebrew/include -I../../..//src/lib -I../../..//src/lib/modules -I../../..//src/lib/cloud -I../../..//src/lib/radar/synp -I../../..//src/lib/degrib   -c -o dxmini.o dxmini.f
gfortran -I../../..//src/include -I/opt/homebrew/include -I../../..//src/lib -I../../..//src/lib/modules -I../../..//src/lib/cloud -I../../..//src/lib/radar/synp -I../../..//src/lib/degrib   -c -o elemdx.o elemdx.f
gfortran -I../../..//src/include -I/opt/homebrew/include -I../../..//src/lib -I../../..//src/lib/modules -I../../..//src/lib/cloud -I../../..//src/lib/radar/synp -I../../..//src/lib/degrib   -c -o getwin.o getwin.f
gfortran -I../../..//src/include -I/opt/homebrew/include -I../../..//src/lib -I../../..//src/lib/modules -I../../..//src/lib/cloud -I../../..//src/lib/radar/synp -I../../..//src/lib/degrib   -c -o i4dy.o i4dy.f
gfortran -I../../..//src/include -I/opt/homebrew/include -I../../..//src/lib -I../../..//src/lib/modules -I../../..//src/lib/cloud -I../../..//src/lib/radar/synp -I../../..//src/lib/degrib   -c -o idn30.o idn30.f
gfortran -I../../..//src/include -I/opt/homebrew/include -I../../..//src/lib -I../../..//src/lib/modules -I../../..//src/lib/cloud -I../../..//src/lib/radar/synp -I../../..//src/lib/degrib   -c -o ifbget.o ifbget.f
gfortran -I../../..//src/include -I/opt/homebrew/include -I../../..//src/lib -I../../..//src/lib/modules -I../../..//src/lib/cloud -I../../..//src/lib/radar/synp -I../../..//src/lib/degrib   -c -o ifxy.o ifxy.f
gfortran -I../../..//src/include -I/opt/homebrew/include -I../../..//src/lib -I../../..//src/lib/modules -I../../..//src/lib/cloud -I../../..//src/lib/radar/synp -I../../..//src/lib/degrib   -c -o inctab.o inctab.f
gfortran -I../../..//src/include -I/opt/homebrew/include -I../../..//src/lib -I../../..//src/lib/modules -I../../..//src/lib/cloud -I../../..//src/lib/radar/synp -I../../..//src/lib/degrib   -c -o invcon.o invcon.f
gfortran -I../../..//src/include -I/opt/homebrew/include -I../../..//src/lib -I../../..//src/lib/modules -I../../..//src/lib/cloud -I../../..//src/lib/radar/synp -I../../..//src/lib/degrib   -c -o invmrg.o invmrg.f
gfortran -I../../..//src/include -I/opt/homebrew/include -I../../..//src/lib -I../../..//src/lib/modules -I../../..//src/lib/cloud -I../../..//src/lib/radar/synp -I../../..//src/lib/degrib   -c -o invtag.o invtag.f
gfortran -I../../..//src/include -I/opt/homebrew/include -I../../..//src/lib -I../../..//src/lib/modules -I../../..//src/lib/cloud -I../../..//src/lib/radar/synp -I../../..//src/lib/degrib   -c -o invwin.o invwin.f
gfortran -I../../..//src/include -I/opt/homebrew/include -I../../..//src/lib -I../../..//src/lib/modules -I../../..//src/lib/cloud -I../../..//src/lib/radar/synp -I../../..//src/lib/degrib   -c -o ipkm.o ipkm.f
gfortran -I../../..//src/include -I/opt/homebrew/include -I../../..//src/lib -I../../..//src/lib/modules -I../../..//src/lib/cloud -I../../..//src/lib/radar/synp -I../../..//src/lib/degrib   -c -o irderm.o irderm.f
gfortran -I../../..//src/include -I/opt/homebrew/include -I../../..//src/lib -I../../..//src/lib/modules -I../../..//src/lib/cloud -I../../..//src/lib/radar/synp -I../../..//src/lib/degrib   -c -o ireaderm.o ireaderm.f
gfortran -I../../..//src/include -I/opt/homebrew/include -I../../..//src/lib -I../../..//src/lib/modules -I../../..//src/lib/cloud -I../../..//src/lib/radar/synp -I../../..//src/lib/degrib   -c -o ireadmg.o ireadmg.f
gfortran -I../../..//src/include -I/opt/homebrew/include -I../../..//src/lib -I../../..//src/lib/modules -I../../..//src/lib/cloud -I../../..//src/lib/radar/synp -I../../..//src/lib/degrib   -c -o irev.o irev.f
gfortran -I../../..//src/include -I/opt/homebrew/include -I../../..//src/lib -I../../..//src/lib/modules -I../../..//src/lib/cloud -I../../..//src/lib/radar/synp -I../../..//src/lib/degrib   -c -o iupb.o iupb.f
gfortran -I../../..//src/include -I/opt/homebrew/include -I../../..//src/lib -I../../..//src/lib/modules -I../../..//src/lib/cloud -I../../..//src/lib/radar/synp -I../../..//src/lib/degrib   -c -o iupbs1.o iupbs1.f
gfortran -I../../..//src/include -I/opt/homebrew/include -I../../..//src/lib -I../../..//src/lib/modules -I../../..//src/lib/cloud -I../../..//src/lib/radar/synp -I../../..//src/lib/degrib   -c -o iupm.o iupm.f
gfortran -I../../..//src/include -I/opt/homebrew/include -I../../..//src/lib -I../../..//src/lib/modules -I../../..//src/lib/cloud -I../../..//src/lib/radar/synp -I../../..//src/lib/degrib   -c -o jstify.o jstify.f
gfortran -I../../..//src/include -I/opt/homebrew/include -I../../..//src/lib -I../../..//src/lib/modules -I../../..//src/lib/cloud -I../../..//src/lib/radar/synp -I../../..//src/lib/degrib   -c -o ljust.o ljust.f
gfortran -I../../..//src/include -I/opt/homebrew/include -I../../..//src/lib -I../../..//src/lib/modules -I../../..//src/lib/cloud -I../../..//src/lib/radar/synp -I../../..//src/lib/degrib   -c -o lmsg.o lmsg.f
gfortran -I../../..//src/include -I/opt/homebrew/include -I../../..//src/lib -I../../..//src/lib/modules -I../../..//src/lib/cloud -I../../..//src/lib/radar/synp -I../../..//src/lib/degrib   -c -o lstjpb.o lstjpb.f
gfortran -I../../..//src/include -I/opt/homebrew/include -I../../..//src/lib -I../../..//src/lib/modules -I../../..//src/lib/cloud -I../../..//src/lib/radar/synp -I../../..//src/lib/degrib   -c -o lstrpc.o lstrpc.f
gfortran -I../../..//src/include -I/opt/homebrew/include -I../../..//src/lib -I../../..//src/lib/modules -I../../..//src/lib/cloud -I../../..//src/lib/radar/synp -I../../..//src/lib/degrib   -c -o lstrps.o lstrps.f
gfortran -I../../..//src/include -I/opt/homebrew/include -I../../..//src/lib -I../../..//src/lib/modules -I../../..//src/lib/cloud -I../../..//src/lib/radar/synp -I../../..//src/lib/degrib   -c -o makestab.o makestab.f
gfortran -I../../..//src/include -I/opt/homebrew/include -I../../..//src/lib -I../../..//src/lib/modules -I../../..//src/lib/cloud -I../../..//src/lib/radar/synp -I../../..//src/lib/degrib   -c -o mesgbf.o mesgbf.f
gfortran -I../../..//src/include -I/opt/homebrew/include -I../../..//src/lib -I../../..//src/lib/modules -I../../..//src/lib/cloud -I../../..//src/lib/radar/synp -I../../..//src/lib/degrib   -c -o msgini.o msgini.f
gfortran -I../../..//src/include -I/opt/homebrew/include -I../../..//src/lib -I../../..//src/lib/modules -I../../..//src/lib/cloud -I../../..//src/lib/radar/synp -I../../..//src/lib/degrib   -c -o msgupd.o msgupd.f
gfortran -I../../..//src/include -I/opt/homebrew/include -I../../..//src/lib -I../../..//src/lib/modules -I../../..//src/lib/cloud -I../../..//src/lib/radar/synp -I../../..//src/lib/degrib   -c -o msgwrt.o msgwrt.f
gfortran -I../../..//src/include -I/opt/homebrew/include -I../../..//src/lib -I../../..//src/lib/modules -I../../..//src/lib/cloud -I../../..//src/lib/radar/synp -I../../..//src/lib/degrib   -c -o mvb.o mvb.f
gfortran -I../../..//src/include -I/opt/homebrew/include -I../../..//src/lib -I../../..//src/lib/modules -I../../..//src/lib/cloud -I../../..//src/lib/radar/synp -I../../..//src/lib/degrib   -c -o nemock.o nemock.f
gfortran -I../../..//src/include -I/opt/homebrew/include -I../../..//src/lib -I../../..//src/lib/modules -I../../..//src/lib/cloud -I../../..//src/lib/radar/synp -I../../..//src/lib/degrib   -c -o nemtab.o nemtab.f
gfortran -I../../..//src/include -I/opt/homebrew/include -I../../..//src/lib -I../../..//src/lib/modules -I../../..//src/lib/cloud -I../../..//src/lib/radar/synp -I../../..//src/lib/degrib   -c -o nemtba.o nemtba.f
gfortran -I../../..//src/include -I/opt/homebrew/include -I../../..//src/lib -I../../..//src/lib/modules -I../../..//src/lib/cloud -I../../..//src/lib/radar/synp -I../../..//src/lib/degrib   -c -o nemtbax.o nemtbax.f
gfortran -I../../..//src/include -I/opt/homebrew/include -I../../..//src/lib -I../../..//src/lib/modules -I../../..//src/lib/cloud -I../../..//src/lib/radar/synp -I../../..//src/lib/degrib   -c -o nemtbb.o nemtbb.f
gfortran -I../../..//src/include -I/opt/homebrew/include -I../../..//src/lib -I../../..//src/lib/modules -I../../..//src/lib/cloud -I../../..//src/lib/radar/synp -I../../..//src/lib/degrib   -c -o nemtbd.o nemtbd.f
gfortran -I../../..//src/include -I/opt/homebrew/include -I../../..//src/lib -I../../..//src/lib/modules -I../../..//src/lib/cloud -I../../..//src/lib/radar/synp -I../../..//src/lib/degrib   -c -o nenuck.o nenuck.f
gfortran -I../../..//src/include -I/opt/homebrew/include -I../../..//src/lib -I../../..//src/lib/modules -I../../..//src/lib/cloud -I../../..//src/lib/radar/synp -I../../..//src/lib/degrib   -c -o newwin.o newwin.f
gfortran -I../../..//src/include -I/opt/homebrew/include -I../../..//src/lib -I../../..//src/lib/modules -I../../..//src/lib/cloud -I../../..//src/lib/radar/synp -I../../..//src/lib/degrib   -c -o nmbyt.o nmbyt.f
gfortran -I../../..//src/include -I/opt/homebrew/include -I../../..//src/lib -I../../..//src/lib/modules -I../../..//src/lib/cloud -I../../..//src/lib/radar/synp -I../../..//src/lib/degrib   -c -o nmsub.o nmsub.f
gfortran -I../../..//src/include -I/opt/homebrew/include -I../../..//src/lib -I../../..//src/lib/modules -I../../..//src/lib/cloud -I../../..//src/lib/radar/synp -I../../..//src/lib/degrib   -c -o numbck.o numbck.f
gfortran -I../../..//src/include -I/opt/homebrew/include -I../../..//src/lib -I../../..//src/lib/modules -I../../..//src/lib/cloud -I../../..//src/lib/radar/synp -I../../..//src/lib/degrib   -c -o numtab.o numtab.f
gfortran -I../../..//src/include -I/opt/homebrew/include -I../../..//src/lib -I../../..//src/lib/modules -I../../..//src/lib/cloud -I../../..//src/lib/radar/synp -I../../..//src/lib/degrib   -c -o nvnwin.o nvnwin.f
gfortran -I../../..//src/include -I/opt/homebrew/include -I../../..//src/lib -I../../..//src/lib/modules -I../../..//src/lib/cloud -I../../..//src/lib/radar/synp -I../../..//src/lib/degrib   -c -o nwords.o nwords.f
gfortran -I../../..//src/include -I/opt/homebrew/include -I../../..//src/lib -I../../..//src/lib/modules -I../../..//src/lib/cloud -I../../..//src/lib/radar/synp -I../../..//src/lib/degrib   -c -o nxtwin.o nxtwin.f
gfortran -I../../..//src/include -I/opt/homebrew/include -I../../..//src/lib -I../../..//src/lib/modules -I../../..//src/lib/cloud -I../../..//src/lib/radar/synp -I../../..//src/lib/degrib   -c -o openbf.o openbf.f
gfortran -I../../..//src/include -I/opt/homebrew/include -I../../..//src/lib -I../../..//src/lib/modules -I../../..//src/lib/cloud -I../../..//src/lib/radar/synp -I../../..//src/lib/degrib   -c -o openbt.o openbt.f
gfortran -I../../..//src/include -I/opt/homebrew/include -I../../..//src/lib -I../../..//src/lib/modules -I../../..//src/lib/cloud -I../../..//src/lib/radar/synp -I../../..//src/lib/degrib   -c -o openmb.o openmb.f
gfortran -I../../..//src/include -I/opt/homebrew/include -I../../..//src/lib -I../../..//src/lib/modules -I../../..//src/lib/cloud -I../../..//src/lib/radar/synp -I../../..//src/lib/degrib   -c -o openmg.o openmg.f
gfortran -I../../..//src/include -I/opt/homebrew/include -I../../..//src/lib -I../../..//src/lib/modules -I../../..//src/lib/cloud -I../../..//src/lib/radar/synp -I../../..//src/lib/degrib   -c -o pad.o pad.f
gfortran -I../../..//src/include -I/opt/homebrew/include -I../../..//src/lib -I../../..//src/lib/modules -I../../..//src/lib/cloud -I../../..//src/lib/radar/synp -I../../..//src/lib/degrib   -c -o parseq.o parseq.f
gfortran -I../../..//src/include -I/opt/homebrew/include -I../../..//src/lib -I../../..//src/lib/modules -I../../..//src/lib/cloud -I../../..//src/lib/radar/synp -I../../..//src/lib/degrib   -c -o parusr.o parusr.f
gfortran -I../../..//src/include -I/opt/homebrew/include -I../../..//src/lib -I../../..//src/lib/modules -I../../..//src/lib/cloud -I../../..//src/lib/radar/synp -I../../..//src/lib/degrib   -c -o parutg.o parutg.f
gfortran -I../../..//src/include -I/opt/homebrew/include -I../../..//src/lib -I../../..//src/lib/modules -I../../..//src/lib/cloud -I../../..//src/lib/radar/synp -I../../..//src/lib/degrib   -c -o pkb.o pkb.f
gfortran -I../../..//src/include -I/opt/homebrew/include -I../../..//src/lib -I../../..//src/lib/modules -I../../..//src/lib/cloud -I../../..//src/lib/radar/synp -I../../..//src/lib/degrib   -c -o pkc.o pkc.f
gfortran -I../../..//src/include -I/opt/homebrew/include -I../../..//src/lib -I../../..//src/lib/modules -I../../..//src/lib/cloud -I../../..//src/lib/radar/synp -I../../..//src/lib/degrib   -c -o pktdd.o pktdd.f
gfortran -I../../..//src/include -I/opt/homebrew/include -I../../..//src/lib -I../../..//src/lib/modules -I../../..//src/lib/cloud -I../../..//src/lib/radar/synp -I../../..//src/lib/degrib   -c -o posapn.o posapn.f
gfortran -I../../..//src/include -I/opt/homebrew/include -I../../..//src/lib -I../../..//src/lib/modules -I../../..//src/lib/cloud -I../../..//src/lib/radar/synp -I../../..//src/lib/degrib   -c -o posapx.o posapx.f
gfortran -I../../..//src/include -I/opt/homebrew/include -I../../..//src/lib -I../../..//src/lib/modules -I../../..//src/lib/cloud -I../../..//src/lib/radar/synp -I../../..//src/lib/degrib   -c -o rcstpl.o rcstpl.f
gfortran -I../../..//src/include -I/opt/homebrew/include -I../../..//src/lib -I../../..//src/lib/modules -I../../..//src/lib/cloud -I../../..//src/lib/radar/synp -I../../..//src/lib/degrib   -c -o rdbfdx.o rdbfdx.f
gfortran -I../../..//src/include -I/opt/homebrew/include -I../../..//src/lib -I../../..//src/lib/modules -I../../..//src/lib/cloud -I../../..//src/lib/radar/synp -I../../..//src/lib/degrib   -c -o rdcmps.o rdcmps.f
gfortran -I../../..//src/include -I/opt/homebrew/include -I../../..//src/lib -I../../..//src/lib/modules -I../../..//src/lib/cloud -I../../..//src/lib/radar/synp -I../../..//src/lib/degrib   -c -o rdmemm.o rdmemm.f
gfortran -I../../..//src/include -I/opt/homebrew/include -I../../..//src/lib -I../../..//src/lib/modules -I../../..//src/lib/cloud -I../../..//src/lib/radar/synp -I../../..//src/lib/degrib   -c -o rdmems.o rdmems.f
gfortran -I../../..//src/include -I/opt/homebrew/include -I../../..//src/lib -I../../..//src/lib/modules -I../../..//src/lib/cloud -I../../..//src/lib/radar/synp -I../../..//src/lib/degrib   -c -o rdtree.o rdtree.f
gfortran -I../../..//src/include -I/opt/homebrew/include -I../../..//src/lib -I../../..//src/lib/modules -I../../..//src/lib/cloud -I../../..//src/lib/radar/synp -I../../..//src/lib/degrib   -c -o rdusdx.o rdusdx.f
gfortran -I../../..//src/include -I/opt/homebrew/include -I../../..//src/lib -I../../..//src/lib/modules -I../../..//src/lib/cloud -I../../..//src/lib/radar/synp -I../../..//src/lib/degrib   -c -o readdx.o readdx.f
gfortran -I../../..//src/include -I/opt/homebrew/include -I../../..//src/lib -I../../..//src/lib/modules -I../../..//src/lib/cloud -I../../..//src/lib/radar/synp -I../../..//src/lib/degrib   -c -o readerm.o readerm.f
gfortran -I../../..//src/include -I/opt/homebrew/include -I../../..//src/lib -I../../..//src/lib/modules -I../../..//src/lib/cloud -I../../..//src/lib/radar/synp -I../../..//src/lib/degrib   -c -o readerme.o readerme.f
gfortran -I../../..//src/include -I/opt/homebrew/include -I../../..//src/lib -I../../..//src/lib/modules -I../../..//src/lib/cloud -I../../..//src/lib/radar/synp -I../../..//src/lib/degrib   -c -o readft.o readft.f
gfortran -I../../..//src/include -I/opt/homebrew/include -I../../..//src/lib -I../../..//src/lib/modules -I../../..//src/lib/cloud -I../../..//src/lib/radar/synp -I../../..//src/lib/degrib   -c -o readibm.o readibm.f
gfortran -I../../..//src/include -I/opt/homebrew/include -I../../..//src/lib -I../../..//src/lib/modules -I../../..//src/lib/cloud -I../../..//src/lib/radar/synp -I../../..//src/lib/degrib   -c -o readmg.o readmg.f
gfortran -I../../..//src/include -I/opt/homebrew/include -I../../..//src/lib -I../../..//src/lib/modules -I../../..//src/lib/cloud -I../../..//src/lib/radar/synp -I../../..//src/lib/degrib   -c -o readmm.o readmm.f
gfortran -I../../..//src/include -I/opt/homebrew/include -I../../..//src/lib -I../../..//src/lib/modules -I../../..//src/lib/cloud -I../../..//src/lib/radar/synp -I../../..//src/lib/degrib   -c -o readns.o readns.f
gfortran -I../../..//src/include -I/opt/homebrew/include -I../../..//src/lib -I../../..//src/lib/modules -I../../..//src/lib/cloud -I../../..//src/lib/radar/synp -I../../..//src/lib/degrib   -c -o readsb.o readsb.f
gfortran -I../../..//src/include -I/opt/homebrew/include -I../../..//src/lib -I../../..//src/lib/modules -I../../..//src/lib/cloud -I../../..//src/lib/radar/synp -I../../..//src/lib/degrib   -c -o readtj.o readtj.f
gfortran -I../../..//src/include -I/opt/homebrew/include -I../../..//src/lib -I../../..//src/lib/modules -I../../..//src/lib/cloud -I../../..//src/lib/radar/synp -I../../..//src/lib/degrib   -c -o rjust.o rjust.f
gfortran -I../../..//src/include -I/opt/homebrew/include -I../../..//src/lib -I../../..//src/lib/modules -I../../..//src/lib/cloud -I../../..//src/lib/radar/synp -I../../..//src/lib/degrib   -c -o rsvfvm.o rsvfvm.f
gfortran -I../../..//src/include -I/opt/homebrew/include -I../../..//src/lib -I../../..//src/lib/modules -I../../..//src/lib/cloud -I../../..//src/lib/radar/synp -I../../..//src/lib/degrib   -c -o seqsdx.o seqsdx.f
gfortran -I../../..//src/include -I/opt/homebrew/include -I../../..//src/lib -I../../..//src/lib/modules -I../../..//src/lib/cloud -I../../..//src/lib/radar/synp -I../../..//src/lib/degrib   -c -o standard.o standard.f
gfortran -I../../..//src/include -I/opt/homebrew/include -I../../..//src/lib -I../../..//src/lib/modules -I../../..//src/lib/cloud -I../../..//src/lib/radar/synp -I../../..//src/lib/degrib   -c -o status.o status.f
gfortran -I../../..//src/include -I/opt/homebrew/include -I../../..//src/lib -I../../..//src/lib/modules -I../../..//src/lib/cloud -I../../..//src/lib/radar/synp -I../../..//src/lib/degrib   -c -o strcln.o strcln.f
gfortran -I../../..//src/include -I/opt/homebrew/include -I../../..//src/lib -I../../..//src/lib/modules -I../../..//src/lib/cloud -I../../..//src/lib/radar/synp -I../../..//src/lib/degrib   -c -o string.o string.f
gfortran -I../../..//src/include -I/opt/homebrew/include -I../../..//src/lib -I../../..//src/lib/modules -I../../..//src/lib/cloud -I../../..//src/lib/radar/synp -I../../..//src/lib/degrib   -c -o strnum.o strnum.f
gfortran -I../../..//src/include -I/opt/homebrew/include -I../../..//src/lib -I../../..//src/lib/modules -I../../..//src/lib/cloud -I../../..//src/lib/radar/synp -I../../..//src/lib/degrib   -c -o strsuc.o strsuc.f
gfortran -I../../..//src/include -I/opt/homebrew/include -I../../..//src/lib -I../../..//src/lib/modules -I../../..//src/lib/cloud -I../../..//src/lib/radar/synp -I../../..//src/lib/degrib   -c -o tabent.o tabent.f
gfortran -I../../..//src/include -I/opt/homebrew/include -I../../..//src/lib -I../../..//src/lib/modules -I../../..//src/lib/cloud -I../../..//src/lib/radar/synp -I../../..//src/lib/degrib   -c -o tabsub.o tabsub.f
gfortran -I../../..//src/include -I/opt/homebrew/include -I../../..//src/lib -I../../..//src/lib/modules -I../../..//src/lib/cloud -I../../..//src/lib/radar/synp -I../../..//src/lib/degrib   -c -o trybump.o trybump.f
gfortran -I../../..//src/include -I/opt/homebrew/include -I../../..//src/lib -I../../..//src/lib/modules -I../../..//src/lib/cloud -I../../..//src/lib/radar/synp -I../../..//src/lib/degrib   -c -o ufbcnt.o ufbcnt.f
gfortran -I../../..//src/include -I/opt/homebrew/include -I../../..//src/lib -I../../..//src/lib/modules -I../../..//src/lib/cloud -I../../..//src/lib/radar/synp -I../../..//src/lib/degrib   -c -o ufbcpy.o ufbcpy.f
gfortran -I../../..//src/include -I/opt/homebrew/include -I../../..//src/lib -I../../..//src/lib/modules -I../../..//src/lib/cloud -I../../..//src/lib/radar/synp -I../../..//src/lib/degrib   -c -o ufbcup.o ufbcup.f
gfortran -I../../..//src/include -I/opt/homebrew/include -I../../..//src/lib -I../../..//src/lib/modules -I../../..//src/lib/cloud -I../../..//src/lib/radar/synp -I../../..//src/lib/degrib   -c -o ufbdmp.o ufbdmp.f
gfortran -I../../..//src/include -I/opt/homebrew/include -I../../..//src/lib -I../../..//src/lib/modules -I../../..//src/lib/cloud -I../../..//src/lib/radar/synp -I../../..//src/lib/degrib   -c -o ufbevn.o ufbevn.f
gfortran -I../../..//src/include -I/opt/homebrew/include -I../../..//src/lib -I../../..//src/lib/modules -I../../..//src/lib/cloud -I../../..//src/lib/radar/synp -I../../..//src/lib/degrib   -c -o ufbget.o ufbget.f
gfortran -I../../..//src/include -I/opt/homebrew/include -I../../..//src/lib -I../../..//src/lib/modules -I../../..//src/lib/cloud -I../../..//src/lib/radar/synp -I../../..//src/lib/degrib   -c -o ufbint.o ufbint.f
gfortran -I../../..//src/include -I/opt/homebrew/include -I../../..//src/lib -I../../..//src/lib/modules -I../../..//src/lib/cloud -I../../..//src/lib/radar/synp -I../../..//src/lib/degrib   -c -o ufbmem.o ufbmem.f
gfortran -I../../..//src/include -I/opt/homebrew/include -I../../..//src/lib -I../../..//src/lib/modules -I../../..//src/lib/cloud -I../../..//src/lib/radar/synp -I../../..//src/lib/degrib   -c -o ufbmms.o ufbmms.f
gfortran -I../../..//src/include -I/opt/homebrew/include -I../../..//src/lib -I../../..//src/lib/modules -I../../..//src/lib/cloud -I../../..//src/lib/radar/synp -I../../..//src/lib/degrib   -c -o ufbmns.o ufbmns.f
gfortran -I../../..//src/include -I/opt/homebrew/include -I../../..//src/lib -I../../..//src/lib/modules -I../../..//src/lib/cloud -I../../..//src/lib/radar/synp -I../../..//src/lib/degrib   -c -o ufbovr.o ufbovr.f
gfortran -I../../..//src/include -I/opt/homebrew/include -I../../..//src/lib -I../../..//src/lib/modules -I../../..//src/lib/cloud -I../../..//src/lib/radar/synp -I../../..//src/lib/degrib   -c -o ufbqcd.o ufbqcd.f
gfortran -I../../..//src/include -I/opt/homebrew/include -I../../..//src/lib -I../../..//src/lib/modules -I../../..//src/lib/cloud -I../../..//src/lib/radar/synp -I../../..//src/lib/degrib   -c -o ufbqcp.o ufbqcp.f
gfortran -I../../..//src/include -I/opt/homebrew/include -I../../..//src/lib -I../../..//src/lib/modules -I../../..//src/lib/cloud -I../../..//src/lib/radar/synp -I../../..//src/lib/degrib   -c -o ufbrep.o ufbrep.f
gfortran -I../../..//src/include -I/opt/homebrew/include -I../../..//src/lib -I../../..//src/lib/modules -I../../..//src/lib/cloud -I../../..//src/lib/radar/synp -I../../..//src/lib/degrib   -c -o ufbrms.o ufbrms.f
gfortran -I../../..//src/include -I/opt/homebrew/include -I../../..//src/lib -I../../..//src/lib/modules -I../../..//src/lib/cloud -I../../..//src/lib/radar/synp -I../../..//src/lib/degrib   -c -o ufbrp.o ufbrp.f
gfortran -I../../..//src/include -I/opt/homebrew/include -I../../..//src/lib -I../../..//src/lib/modules -I../../..//src/lib/cloud -I../../..//src/lib/radar/synp -I../../..//src/lib/degrib   -c -o ufbrw.o ufbrw.f
gfortran -I../../..//src/include -I/opt/homebrew/include -I../../..//src/lib -I../../..//src/lib/modules -I../../..//src/lib/cloud -I../../..//src/lib/radar/synp -I../../..//src/lib/degrib   -c -o ufbseq.o ufbseq.f
gfortran -I../../..//src/include -I/opt/homebrew/include -I../../..//src/lib -I../../..//src/lib/modules -I../../..//src/lib/cloud -I../../..//src/lib/radar/synp -I../../..//src/lib/degrib   -c -o ufbsp.o ufbsp.f
gfortran -I../../..//src/include -I/opt/homebrew/include -I../../..//src/lib -I../../..//src/lib/modules -I../../..//src/lib/cloud -I../../..//src/lib/radar/synp -I../../..//src/lib/degrib   -c -o ufbstp.o ufbstp.f
gfortran -I../../..//src/include -I/opt/homebrew/include -I../../..//src/lib -I../../..//src/lib/modules -I../../..//src/lib/cloud -I../../..//src/lib/radar/synp -I../../..//src/lib/degrib   -c -o ufbtab.o ufbtab.f
gfortran -I../../..//src/include -I/opt/homebrew/include -I../../..//src/lib -I../../..//src/lib/modules -I../../..//src/lib/cloud -I../../..//src/lib/radar/synp -I../../..//src/lib/degrib   -c -o ufbtam.o ufbtam.f
gfortran -I../../..//src/include -I/opt/homebrew/include -I../../..//src/lib -I../../..//src/lib/modules -I../../..//src/lib/cloud -I../../..//src/lib/radar/synp -I../../..//src/lib/degrib   -c -o upb.o upb.f
gfortran -I../../..//src/include -I/opt/homebrew/include -I../../..//src/lib -I../../..//src/lib/modules -I../../..//src/lib/cloud -I../../..//src/lib/radar/synp -I../../..//src/lib/degrib   -c -o upbb.o upbb.f
gfortran -I../../..//src/include -I/opt/homebrew/include -I../../..//src/lib -I../../..//src/lib/modules -I../../..//src/lib/cloud -I../../..//src/lib/radar/synp -I../../..//src/lib/degrib   -c -o upc.o upc.f
gfortran -I../../..//src/include -I/opt/homebrew/include -I../../..//src/lib -I../../..//src/lib/modules -I../../..//src/lib/cloud -I../../..//src/lib/radar/synp -I../../..//src/lib/degrib   -c -o upds3.o upds3.f
gfortran -I../../..//src/include -I/opt/homebrew/include -I../../..//src/lib -I../../..//src/lib/modules -I../../..//src/lib/cloud -I../../..//src/lib/radar/synp -I../../..//src/lib/degrib   -c -o uptdd.o uptdd.f
gfortran -I../../..//src/include -I/opt/homebrew/include -I../../..//src/lib -I../../..//src/lib/modules -I../../..//src/lib/cloud -I../../..//src/lib/radar/synp -I../../..//src/lib/degrib   -c -o usrtpl.o usrtpl.f
gfortran -I../../..//src/include -I/opt/homebrew/include -I../../..//src/lib -I../../..//src/lib/modules -I../../..//src/lib/cloud -I../../..//src/lib/radar/synp -I../../..//src/lib/degrib   -c -o valx.o valx.f
gfortran -I../../..//src/include -I/opt/homebrew/include -I../../..//src/lib -I../../..//src/lib/modules -I../../..//src/lib/cloud -I../../..//src/lib/radar/synp -I../../..//src/lib/degrib   -c -o wrdlen.o wrdlen.f
gfortran -I../../..//src/include -I/opt/homebrew/include -I../../..//src/lib -I../../..//src/lib/modules -I../../..//src/lib/cloud -I../../..//src/lib/radar/synp -I../../..//src/lib/degrib   -c -o writdx.o writdx.f
gfortran -I../../..//src/include -I/opt/homebrew/include -I../../..//src/lib -I../../..//src/lib/modules -I../../..//src/lib/cloud -I../../..//src/lib/radar/synp -I../../..//src/lib/degrib   -c -o writsa.o writsa.f
gfortran -I../../..//src/include -I/opt/homebrew/include -I../../..//src/lib -I../../..//src/lib/modules -I../../..//src/lib/cloud -I../../..//src/lib/radar/synp -I../../..//src/lib/degrib   -c -o writsb.o writsb.f
gfortran -I../../..//src/include -I/opt/homebrew/include -I../../..//src/lib -I../../..//src/lib/modules -I../../..//src/lib/cloud -I../../..//src/lib/radar/synp -I../../..//src/lib/degrib   -c -o wrtree.o wrtree.f
gfortran -I../../..//src/include -I/opt/homebrew/include -I../../..//src/lib -I../../..//src/lib/modules -I../../..//src/lib/cloud -I../../..//src/lib/radar/synp -I../../..//src/lib/degrib   -c -o wtstat.o wtstat.f
ar rv libbufr.a addate.o adn30.o bfrini.o bort.o chekstab.o chrtrn.o chrtrna.o cktaba.o closbf.o closmg.o conwin.o copybf.o copymg.o copysb.o cpbfdx.o cpymem.o cpyupd.o datebf.o digit.o drstpl.o dumpbf.o dxinit.o dxmini.o elemdx.o getwin.o i4dy.o idn30.o ifbget.o ifxy.o inctab.o invcon.o invmrg.o invtag.o invwin.o ipkm.o irderm.o ireaderm.o ireadmg.o irev.o iupb.o iupbs1.o iupm.o jstify.o ljust.o lmsg.o lstjpb.o lstrpc.o lstrps.o makestab.o mesgbf.o msgini.o msgupd.o msgwrt.o mvb.o nemock.o nemtab.o nemtba.o nemtbax.o nemtbb.o nemtbd.o nenuck.o newwin.o nmbyt.o nmsub.o numbck.o numtab.o nvnwin.o nwords.o nxtwin.o openbf.o openbt.o openmb.o openmg.o pad.o parseq.o parusr.o parutg.o pkb.o pkc.o pktdd.o posapn.o posapx.o rcstpl.o rdbfdx.o rdcmps.o rdmemm.o rdmems.o rdtree.o rdusdx.o readdx.o readerm.o readerme.o readft.o readibm.o readmg.o readmm.o readns.o readsb.o readtj.o rjust.o rsvfvm.o seqsdx.o standard.o status.o strcln.o string.o strnum.o strsuc.o tabent.o tabsub.o trybump.o ufbcnt.o ufbcpy.o ufbcup.o ufbdmp.o ufbevn.o ufbget.o ufbint.o ufbmem.o ufbmms.o ufbmns.o ufbovr.o ufbqcd.o ufbqcp.o ufbrep.o ufbrms.o ufbrp.o ufbrw.o ufbseq.o ufbsp.o ufbstp.o ufbtab.o ufbtam.o upb.o upbb.o upc.o upds3.o uptdd.o usrtpl.o valx.o wrdlen.o writdx.o writsa.o writsb.o wrtree.o wtstat.o
ar: creating archive libbufr.a
a - addate.o
a - adn30.o
a - bfrini.o
a - bort.o
a - chekstab.o
a - chrtrn.o
a - chrtrna.o
a - cktaba.o
a - closbf.o
a - closmg.o
a - conwin.o
a - copybf.o
a - copymg.o
a - copysb.o
a - cpbfdx.o
a - cpymem.o
a - cpyupd.o
a - datebf.o
a - digit.o
a - drstpl.o
a - dumpbf.o
a - dxinit.o
a - dxmini.o
a - elemdx.o
a - getwin.o
a - i4dy.o
a - idn30.o
a - ifbget.o
a - ifxy.o
a - inctab.o
a - invcon.o
a - invmrg.o
a - invtag.o
a - invwin.o
a - ipkm.o
a - irderm.o
a - ireaderm.o
a - ireadmg.o
a - irev.o
a - iupb.o
a - iupbs1.o
a - iupm.o
a - jstify.o
a - ljust.o
a - lmsg.o
a - lstjpb.o
a - lstrpc.o
a - lstrps.o
a - makestab.o
a - mesgbf.o
a - msgini.o
a - msgupd.o
a - msgwrt.o
a - mvb.o
a - nemock.o
a - nemtab.o
a - nemtba.o
a - nemtbax.o
a - nemtbb.o
a - nemtbd.o
a - nenuck.o
a - newwin.o
a - nmbyt.o
a - nmsub.o
a - numbck.o
a - numtab.o
a - nvnwin.o
a - nwords.o
a - nxtwin.o
a - openbf.o
a - openbt.o
a - openmb.o
a - openmg.o
a - pad.o
a - parseq.o
a - parusr.o
a - parutg.o
a - pkb.o
a - pkc.o
a - pktdd.o
a - posapn.o
a - posapx.o
a - rcstpl.o
a - rdbfdx.o
a - rdcmps.o
a - rdmemm.o
a - rdmems.o
a - rdtree.o
a - rdusdx.o
a - readdx.o
a - readerm.o
a - readerme.o
a - readft.o
a - readibm.o
a - readmg.o
a - readmm.o
a - readns.o
a - readsb.o
a - readtj.o
a - rjust.o
a - rsvfvm.o
a - seqsdx.o
a - standard.o
a - status.o
a - strcln.o
a - string.o
a - strnum.o
a - strsuc.o
a - tabent.o
a - tabsub.o
a - trybump.o
a - ufbcnt.o
a - ufbcpy.o
a - ufbcup.o
a - ufbdmp.o
a - ufbevn.o
a - ufbget.o
a - ufbint.o
a - ufbmem.o
a - ufbmms.o
a - ufbmns.o
a - ufbovr.o
a - ufbqcd.o
a - ufbqcp.o
a - ufbrep.o
a - ufbrms.o
a - ufbrp.o
a - ufbrw.o
a - ufbseq.o
a - ufbsp.o
a - ufbstp.o
a - ufbtab.o
a - ufbtam.o
a - upb.o
a - upbb.o
a - upc.o
a - upds3.o
a - uptdd.o
a - usrtpl.o
a - valx.o
a - wrdlen.o
a - writdx.o
a - writsa.o
a - writsb.o
a - wrtree.o
a - wtstat.o
ranlib libbufr.a
rm -f *.f *.o
 
Making Laps in directory src/accum
gfortran -ffree-line-length-none -fallow-argument-mismatch -I../../src/include -I/opt/homebrew/include -I../../src/lib -I../../src/lib/modules -I../../src/lib/cloud -I../../src/lib/radar/synp -I../../src/lib/degrib  get_precip_accum.f laps_accum.f laps_accum_sub.f precip_barnes_jacket.f blend_gauge_data.f regress_precip.f ../../src/lib/liblaps.a ../../src/lib/mthermo/libmthermo.a ../../src/lib/util/libutil.a ../../src/lib/modules/libmodules.a   -L/opt/homebrew/lib -lnetcdff -lnetcdf   -lgcc -o accum.exe
laps_accum_sub.f:204:72:

  204 |      1               ,comment_r,NX_L,NY_L,snow_2d_depth,istatus_sdp)
      |                                                                        1
Warning: Type mismatch in argument 'comment_r' at (1); passed CHARACTER(125) to REAL(4)
precip_barnes_jacket.f:107:72:

  107 |      1                   ,istatus)                               ! Output
      |                                                                        1
Warning: Type mismatch in argument 'l_boundary' at (1); passed INTEGER(4) to LOGICAL(4)
rm -f *.o
 
Making Laps in directory src/background
gfortran -ffree-line-length-none -fallow-argument-mismatch -I../../src/include -I/opt/homebrew/include -I../../src/lib -I../../src/lib/modules -I../../src/lib/cloud -I../../src/lib/radar/synp -I../../src/lib/degrib   -c -o lga.o lga.f
ar rv liblga.a lga.o
ar: creating archive liblga.a
a - lga.o
gfortran lga.f -ffree-line-length-none -fallow-argument-mismatch -I../../src/include -I/opt/homebrew/include -I../../src/lib -I../../src/lib/modules -I../../src/lib/cloud -I../../src/lib/radar/synp -I../../src/lib/degrib  liblga.a ../../src/lib/bgdata/libbgdata.a ../../src/lib/util/libutil.a ../../src/lib/liblaps.a ../../src/lib/mthermo/libmthermo.a ../../src/lib/modules/libmodules.a ../../src/lib/degrib/libdegrib.a ../../src/lib/modules/libmodules.a ../../src/lib/w3lib/libw3.a ../../src/lib/g2lib/libg2_4.a  \
	-L/opt/homebrew/lib -lnetcdff -lnetcdf   -lgcc -ljasper -lpng -lz  -o lga.exe
rm -f *.o
 
Making Laps in directory src/balance
gfortran -ffree-line-length-none -fallow-argument-mismatch -I../../src/include -I/opt/homebrew/include -I../../src/lib -I../../src/lib/modules -I../../src/lib/cloud -I../../src/lib/radar/synp -I../../src/lib/degrib   -c -o writeballaps.o writeballaps.f
ar rv libqbalpe.a writeballaps.o
ar: creating archive libqbalpe.a
a - writeballaps.o
gfortran -ffree-line-length-none -fallow-argument-mismatch -I../../src/include -I/opt/homebrew/include -I../../src/lib -I../../src/lib/modules -I../../src/lib/cloud -I../../src/lib/radar/synp -I../../src/lib/degrib   -c -o qbal_utils.o qbal_utils.f
ar rv libqbalpe.a qbal_utils.o
a - qbal_utils.o
gfortran -ffree-line-length-none -fallow-argument-mismatch -I../../src/include -I/opt/homebrew/include -I../../src/lib -I../../src/lib/modules -I../../src/lib/cloud -I../../src/lib/radar/synp -I../../src/lib/degrib   -c -o profile.o profile.f
ar rv libqbalpe.a profile.o
a - profile.o
gfortran -ffree-line-length-none -fallow-argument-mismatch -I../../src/include -I/opt/homebrew/include -I../../src/lib -I../../src/lib/modules -I../../src/lib/cloud -I../../src/lib/radar/synp -I../../src/lib/degrib   -c -o var3dsub.o var3dsub.f
ar rv libqbalpe.a var3dsub.o
a - var3dsub.o
gfortran qbalpe.f  -ffree-line-length-none -fallow-argument-mismatch -I../../src/include -I/opt/homebrew/include -I../../src/lib -I../../src/lib/modules -I../../src/lib/cloud -I../../src/lib/radar/synp -I../../src/lib/degrib  libqbalpe.a ../../src/lib/bgdata/libbgdata.a ../../src/lib/liblaps.a ../../src/lib/util/libutil.a ../../src/lib/mthermo/libmthermo.a ../../src/lib/degrib/libdegrib.a ../../src/lib/modules/libmodules.a ../../src/lib/w3lib/libw3.a ../../src/lib/g2lib/libg2_4.a \
	-L/opt/homebrew/lib -lnetcdff -lnetcdf   -lgcc -ljasper -lpng -lz  -o qbalpe.exe
qbalpe.f:1660:72:

 1660 |          do 2 j=2,nym1
      |                                                                        1
Warning: Fortran 2018 deleted feature: Shared DO termination label 2 at (1)
qbalpe.f:1661:72:

 1661 |           do 2 i=2,nxm1
      |                                                                        1
Warning: Fortran 2018 deleted feature: Shared DO termination label 2 at (1)
qbalpe.f:2979:72:

 2979 |       do 6 j=1,ny
      |                                                                        1
Warning: Fortran 2018 deleted feature: Shared DO termination label 6 at (1)
qbalpe.f:2980:72:

 2980 |       do 6 i=1,nx
      |                                                                        1
Warning: Fortran 2018 deleted feature: Shared DO termination label 6 at (1)
rm -f *.o
 
Making Laps in directory src/cloud
gfortran -ffree-line-length-none -fallow-argument-mismatch -I../../src/include -I/opt/homebrew/include -I../../src/lib -I../../src/lib/modules -I../../src/lib/cloud -I../../src/lib/radar/synp -I../../src/lib/degrib   array_plot.f barnes_r5.f compare_analysis_to_rad.f get_fg_cloud.f get_istat_39.f get_sat_data.f getvis.f insertradar.f insertsat.f insertvis.f insert_co2ctp.f laps_cloud.f laps_cloud_sub.f slice.f ../../src/lib/cloud/libcloud.a ../../src/lib/liblaps.a ../../src/lib/modules/libmodules.a ../../src/lib/mthermo/libmthermo.a ../../src/lib/util/libutil.a ../../src/lib/goeslib/libgoeslib.a   -L/opt/homebrew/lib -lnetcdff -lnetcdf   -lgcc -o cloud.exe
rm -f *.o
 
Making Laps in directory src/deriv
gfortran -ffree-line-length-none -fallow-argument-mismatch -I../../src/include -I/opt/homebrew/include -I../../src/lib -I../../src/lib/modules -I../../src/lib/cloud -I../../src/lib/radar/synp -I../../src/lib/degrib   laps_deriv.f laps_deriv_sub.f cloud_deriv_subs.f fireweatherindex.f hainesindex.f fire_fields.f put_derived_wind_prods.f rfill_evap.f schultz.f ../../src/lib/liblaps.a ../../src/lib/mthermo/libmthermo.a ../../src/lib/util/libutil.a ../../src/lib/modules/libmodules.a -L/opt/homebrew/lib -lnetcdff -lnetcdf   -lgcc -o deriv.exe
put_derived_wind_prods.f:314:37:

  306 |               do ifcst = 1,index
      |                                                                        2
......
  314 |      1                  ,ref_max(1,1,ifcst)
      |                                     1
Warning: Array reference at (1) out of bounds (1 > 0) in loop beginning at (2)
put_derived_wind_prods.f:391:37:

  384 |               do ifcst = 1,index
      |                                                                        2
......
  391 |      1                  ,ref_max(1,1,ifcst)
      |                                     1
Warning: Array reference at (1) out of bounds (1 > 0) in loop beginning at (2)
rm -f *.o
 
Making Laps in directory src/ensemble
gfortran -ffree-line-length-none -fallow-argument-mismatch -I../..//src/include -I/opt/homebrew/include -I../..//src/lib -I../..//src/lib/modules -I../..//src/lib/cloud -I../..//src/lib/radar/synp -I../..//src/lib/degrib   ensemble_mean_one.f ../..//src/lib/liblaps.a ../..//src/lib/modules/libmodules.a -L/opt/homebrew/lib -lnetcdff -lnetcdf   -lgcc -o ensemble_mean_one.exe
ensemble_mean_one.f:802:49:

  545 |      1                ,lvltype3d,units3d,com3d,NZ_L,cdl_levels
      |                                                    2
......
  802 |      1                ,lvltype2d,units2d,com2d,1,0.
      |                                                 1
Warning: Rank mismatch between actual argument at (1) and actual argument at (2) (rank-1 and scalar)
rm -f *.o
 
Making Laps in directory src/grid
gfortran -ffree-line-length-none -fallow-argument-mismatch -I../../src/include -I/opt/homebrew/include -I../../src/lib -I../../src/lib/modules -I../../src/lib/cloud -I../../src/lib/radar/synp -I../../src/lib/degrib   -c -o alt_all.o alt_all.f
alt_all.f:770:72:

  770 |      &          NCAT,CAT2D,GDS,limit,res)
      |                                                                        1
Warning: Type mismatch in argument 'datain' at (1); passed INTEGER(4) to INTEGER(2)
ar rv libgrid.a alt_all.o
ar: creating archive libgrid.a
a - alt_all.o
gfortran -ffree-line-length-none -fallow-argument-mismatch -I../../src/include -I/opt/homebrew/include -I../../src/lib -I../../src/lib/modules -I../../src/lib/cloud -I../../src/lib/radar/synp -I../../src/lib/degrib   -c -o adjust_geog.o adjust_geog.f
ar rv libgrid.a adjust_geog.o
a - adjust_geog.o
gfortran -ffree-line-length-none -fallow-argument-mismatch -I../../src/include -I/opt/homebrew/include -I../../src/lib -I../../src/lib/modules -I../../src/lib/cloud -I../../src/lib/radar/synp -I../../src/lib/degrib   -c -o gen_egrid_latlon.o gen_egrid_latlon.f
ar rv libgrid.a gen_egrid_latlon.o
a - gen_egrid_latlon.o
gfortran -ffree-line-length-none -fallow-argument-mismatch -I../../src/include -I/opt/homebrew/include -I../../src/lib -I../../src/lib/modules -I../../src/lib/cloud -I../../src/lib/radar/synp -I../../src/lib/degrib   -c -o get_tile_list.o get_tile_list.f
ar rv libgrid.a get_tile_list.o
a - get_tile_list.o
gfortran -ffree-line-length-none -fallow-argument-mismatch -I../../src/include -I/opt/homebrew/include -I../../src/lib -I../../src/lib/modules -I../../src/lib/cloud -I../../src/lib/radar/synp -I../../src/lib/degrib   -c -o gdswiz_comb.o gdswiz_comb.f
ar rv libgrid.a gdswiz_comb.o
a - gdswiz_comb.o
gfortran -ffree-line-length-none -fallow-argument-mismatch -I../../src/include -I/opt/homebrew/include -I../../src/lib -I../../src/lib/modules -I../../src/lib/cloud -I../../src/lib/radar/synp -I../../src/lib/degrib   -c -o gridgen_utils.o gridgen_utils.f
gridgen_utils.f:73:72:

   73 |      +,xtn(1,k),ytn(1,k))
      |                                                                        1
Warning: Type mismatch in argument 'stagger_ew' at (1); passed INTEGER(4) to REAL(4)
gridgen_utils.f:73:72:

   73 |      +,xtn(1,k),ytn(1,k))
      |                                                                        1
Warning: Type mismatch in argument 'stagger_ns' at (1); passed INTEGER(4) to REAL(4)
gridgen_utils.f:82:72:

   82 |      +,xtn(1,k),ytn(1,k))
      |                                                                        1
Warning: Type mismatch in argument 'stagger_ew' at (1); passed INTEGER(4) to REAL(4)
gridgen_utils.f:82:72:

   82 |      +,xtn(1,k),ytn(1,k))
      |                                                                        1
Warning: Type mismatch in argument 'stagger_ns' at (1); passed INTEGER(4) to REAL(4)
gridgen_utils.f:781:34:

  771 |               call read_binary_field(cdata,i1,i2,nn1*nn2,unit_name,len)
      |                                     2
......
  781 |            call read_binary_field(idata,i1,i2,nn1*nn2,unit_name,len)
      |                                  1
Warning: Type mismatch between actual argument at (1) and actual argument at (2) (INTEGER(4)/CHARACTER(*)).
ar rv libgrid.a gridgen_utils.o
a - gridgen_utils.o
gfortran -ffree-line-length-none -fallow-argument-mismatch -I../../src/include -I/opt/homebrew/include -I../../src/lib -I../../src/lib/modules -I../../src/lib/cloud -I../../src/lib/radar/synp -I../../src/lib/degrib   -c -o proc_geodat.o proc_geodat.f
ar rv libgrid.a proc_geodat.o
a - proc_geodat.o
gfortran -ffree-line-length-none -fallow-argument-mismatch -I../../src/include -I/opt/homebrew/include -I../../src/lib -I../../src/lib/modules -I../../src/lib/cloud -I../../src/lib/radar/synp -I../../src/lib/degrib   -c -o read_wrfstatic.o read_wrfstatic.f
ar rv libgrid.a read_wrfstatic.o
a - read_wrfstatic.o
gfortran -ffree-line-length-none -fallow-argument-mismatch -I../../src/include -I/opt/homebrew/include -I../../src/lib -I../../src/lib/modules -I../../src/lib/cloud -I../../src/lib/radar/synp -I../../src/lib/degrib   -c -o put_laps_static.o put_laps_static.f
ar rv libgrid.a put_laps_static.o
a - put_laps_static.o
gfortran -ffree-line-length-none -fallow-argument-mismatch -I../../src/include -I/opt/homebrew/include -I../../src/lib -I../../src/lib/modules -I../../src/lib/cloud -I../../src/lib/radar/synp -I../../src/lib/degrib   -c -o rd_static_attr_sub.o rd_static_attr_sub.f
ar rv libgrid.a rd_static_attr_sub.o
a - rd_static_attr_sub.o
gfortran gridgen_model.f  -ffree-line-length-none -fallow-argument-mismatch -I../../src/include -I/opt/homebrew/include -I../../src/lib -I../../src/lib/modules -I../../src/lib/cloud -I../../src/lib/radar/synp -I../../src/lib/degrib   libgrid.a ../../src/lib/liblaps.a ../../src/lib/util/libutil.a ../../src/lib/modules/libmodules.a -L/opt/homebrew/lib -lnetcdff -lnetcdf   -lgcc -o gridgen_model.exe 
rm -f *.o
 
Making Laps in directory src/humid
gfortran -ffree-line-length-none -fallow-argument-mismatch -I../../src/include -I/opt/homebrew/include -I../../src/lib -I../../src/lib/modules -I../../src/lib/cloud -I../../src/lib/radar/synp -I../../src/lib/degrib   -c -o module_sfc_structure.o module_sfc_structure.f
ar rv liblq3.a module_sfc_structure.o
ar: creating archive liblq3.a
a - module_sfc_structure.o
gfortran -ffree-line-length-none -fallow-argument-mismatch -I../../src/include -I/opt/homebrew/include -I../../src/lib -I../../src/lib/modules -I../../src/lib/cloud -I../../src/lib/radar/synp -I../../src/lib/degrib   -c -o analq.o analq.f
ar rv liblq3.a analq.o
a - analq.o
gfortran -ffree-line-length-none -fallow-argument-mismatch -I../../src/include -I/opt/homebrew/include -I../../src/lib -I../../src/lib/modules -I../../src/lib/cloud -I../../src/lib/radar/synp -I../../src/lib/degrib   -c -o lq3_driver1a.o lq3_driver1a.f
ar rv liblq3.a lq3_driver1a.o
a - lq3_driver1a.o
gfortran -ffree-line-length-none -fallow-argument-mismatch -I../../src/include -I/opt/homebrew/include -I../../src/lib -I../../src/lib/modules -I../../src/lib/cloud -I../../src/lib/radar/synp -I../../src/lib/degrib   -c -o rsr.o rsr.f
ar rv liblq3.a rsr.o
a - rsr.o
gfortran -ffree-line-length-none -fallow-argument-mismatch -I../../src/include -I/opt/homebrew/include -I../../src/lib -I../../src/lib/modules -I../../src/lib/cloud -I../../src/lib/radar/synp -I../../src/lib/degrib   -c -o glsp.o glsp.f
ar rv liblq3.a glsp.o
a - glsp.o
gfortran -ffree-line-length-none -fallow-argument-mismatch -I../../src/include -I/opt/homebrew/include -I../../src/lib -I../../src/lib/modules -I../../src/lib/cloud -I../../src/lib/radar/synp -I../../src/lib/degrib   -c -o sh2mr.o sh2mr.f
ar rv liblq3.a sh2mr.o
a - sh2mr.o
gfortran -ffree-line-length-none -fallow-argument-mismatch -I../../src/include -I/opt/homebrew/include -I../../src/lib -I../../src/lib/modules -I../../src/lib/cloud -I../../src/lib/radar/synp -I../../src/lib/degrib   -c -o tiros.o tiros.f
ar rv liblq3.a tiros.o
a - tiros.o
gfortran -ffree-line-length-none -fallow-argument-mismatch -I../../src/include -I/opt/homebrew/include -I../../src/lib -I../../src/lib/modules -I../../src/lib/cloud -I../../src/lib/radar/synp -I../../src/lib/degrib   -c -o func_o.o func_o.f
ar rv liblq3.a func_o.o
a - func_o.o
gfortran -ffree-line-length-none -fallow-argument-mismatch -I../../src/include -I/opt/homebrew/include -I../../src/lib -I../../src/lib/modules -I../../src/lib/cloud -I../../src/lib/radar/synp -I../../src/lib/degrib   -c -o glst.o glst.f
ar rv liblq3.a glst.o
a - glst.o
gfortran -ffree-line-length-none -fallow-argument-mismatch -I../../src/include -I/opt/homebrew/include -I../../src/lib -I../../src/lib/modules -I../../src/lib/cloud -I../../src/lib/radar/synp -I../../src/lib/degrib   -c -o lsin.o lsin.f
ar rv liblq3.a lsin.o
a - lsin.o
gfortran -ffree-line-length-none -fallow-argument-mismatch -I../../src/include -I/opt/homebrew/include -I../../src/lib -I../../src/lib/modules -I../../src/lib/cloud -I../../src/lib/radar/synp -I../../src/lib/degrib   -c -o slv_laplc.o slv_laplc.f
ar rv liblq3.a slv_laplc.o
a - slv_laplc.o
gfortran -ffree-line-length-none -fallow-argument-mismatch -I../../src/include -I/opt/homebrew/include -I../../src/lib -I../../src/lib/modules -I../../src/lib/cloud -I../../src/lib/radar/synp -I../../src/lib/degrib   -c -o glstd.o glstd.f
ar rv liblq3.a glstd.o
a - glstd.o
gfortran -ffree-line-length-none -fallow-argument-mismatch -I../../src/include -I/opt/homebrew/include -I../../src/lib -I../../src/lib/modules -I../../src/lib/cloud -I../../src/lib/radar/synp -I../../src/lib/degrib   -c -o mak_cld_grid.o mak_cld_grid.f
ar rv liblq3.a mak_cld_grid.o
a - mak_cld_grid.o
gfortran -ffree-line-length-none -fallow-argument-mismatch -I../../src/include -I/opt/homebrew/include -I../../src/lib -I../../src/lib/modules -I../../src/lib/cloud -I../../src/lib/radar/synp -I../../src/lib/degrib   -c -o smooth_grid2.o smooth_grid2.f
ar rv liblq3.a smooth_grid2.o
a - smooth_grid2.o
gfortran -ffree-line-length-none -fallow-argument-mismatch -I../../src/include -I/opt/homebrew/include -I../../src/lib -I../../src/lib/modules -I../../src/lib/cloud -I../../src/lib/radar/synp -I../../src/lib/degrib   -c -o get_laps_gp.o get_laps_gp.f
ar rv liblq3.a get_laps_gp.o
a - get_laps_gp.o
gfortran -ffree-line-length-none -fallow-argument-mismatch -I../../src/include -I/opt/homebrew/include -I../../src/lib -I../../src/lib/modules -I../../src/lib/cloud -I../../src/lib/radar/synp -I../../src/lib/degrib   -c -o variational.o variational.f
variational.f:415:38:

  414 |                   do k = 1,19
      |                                                                        2
  415 |                      background_covar(k,i,j) = covar_sum
      |                                      1
Warning: Array reference at (1) out of bounds (19 > 3) in loop beginning at (2)
variational.f:456:38:

  455 |                   do k = level5+1,19
      |                                                                        2
  456 |                      background_covar(k,i,j) = covar_sum
      |                                      1
Warning: Array reference at (1) out of bounds (19 > 3) in loop beginning at (2)
ar rv liblq3.a variational.o
a - variational.o
gfortran -ffree-line-length-none -fallow-argument-mismatch -I../../src/include -I/opt/homebrew/include -I../../src/lib -I../../src/lib/modules -I../../src/lib/cloud -I../../src/lib/radar/synp -I../../src/lib/degrib   -c -o plotfield.o plotfield.f
ar rv liblq3.a plotfield.o
a - plotfield.o
gfortran -ffree-line-length-none -fallow-argument-mismatch -I../../src/include -I/opt/homebrew/include -I../../src/lib -I../../src/lib/modules -I../../src/lib/cloud -I../../src/lib/radar/synp -I../../src/lib/degrib   -c -o weight_func.o weight_func.f
ar rv liblq3.a weight_func.o
a - weight_func.o
gfortran -ffree-line-length-none -fallow-argument-mismatch -I../../src/include -I/opt/homebrew/include -I../../src/lib -I../../src/lib/modules -I../../src/lib/cloud -I../../src/lib/radar/synp -I../../src/lib/degrib   -c -o get_latest_file.o get_latest_file.f
ar rv liblq3.a get_latest_file.o
a - get_latest_file.o
gfortran -ffree-line-length-none -fallow-argument-mismatch -I../../src/include -I/opt/homebrew/include -I../../src/lib -I../../src/lib/modules -I../../src/lib/cloud -I../../src/lib/radar/synp -I../../src/lib/degrib   -c -o int_tpw.o int_tpw.f
ar rv liblq3.a int_tpw.o
a - int_tpw.o
gfortran -ffree-line-length-none -fallow-argument-mismatch -I../../src/include -I/opt/homebrew/include -I../../src/lib -I../../src/lib/modules -I../../src/lib/cloud -I../../src/lib/radar/synp -I../../src/lib/degrib   -c -o prep_grid.o prep_grid.f
ar rv liblq3.a prep_grid.o
a - prep_grid.o
gfortran -ffree-line-length-none -fallow-argument-mismatch -I../../src/include -I/opt/homebrew/include -I../../src/lib -I../../src/lib/modules -I../../src/lib/cloud -I../../src/lib/radar/synp -I../../src/lib/degrib   -c -o write_lh4.o write_lh4.f
ar rv liblq3.a write_lh4.o
a - write_lh4.o
gfortran -ffree-line-length-none -fallow-argument-mismatch -I../../src/include -I/opt/homebrew/include -I../../src/lib -I../../src/lib/modules -I../../src/lib/cloud -I../../src/lib/radar/synp -I../../src/lib/degrib   -c -o get_rad.o get_rad.f
ar rv liblq3.a get_rad.o
a - get_rad.o
gfortran -ffree-line-length-none -fallow-argument-mismatch -I../../src/include -I/opt/homebrew/include -I../../src/lib -I../../src/lib/modules -I../../src/lib/cloud -I../../src/lib/radar/synp -I../../src/lib/degrib   -c -o lh3_compress.o lh3_compress.f
ar rv liblq3.a lh3_compress.o
a - lh3_compress.o
gfortran -ffree-line-length-none -fallow-argument-mismatch -I../../src/include -I/opt/homebrew/include -I../../src/lib -I../../src/lib/modules -I../../src/lib/cloud -I../../src/lib/radar/synp -I../../src/lib/degrib   -c -o writef_sp.o writef_sp.f
ar rv liblq3.a writef_sp.o
a - writef_sp.o
gfortran -ffree-line-length-none -fallow-argument-mismatch -I../../src/include -I/opt/homebrew/include -I../../src/lib -I../../src/lib/modules -I../../src/lib/cloud -I../../src/lib/radar/synp -I../../src/lib/degrib   -c -o getmapsdf.o getmapsdf.f
ar rv liblq3.a getmapsdf.o
a - getmapsdf.o
gfortran -ffree-line-length-none -fallow-argument-mismatch -I../../src/include -I/opt/homebrew/include -I../../src/lib -I../../src/lib/modules -I../../src/lib/cloud -I../../src/lib/radar/synp -I../../src/lib/degrib   -c -o locate.o locate.f
ar rv liblq3.a locate.o
a - locate.o
gfortran -ffree-line-length-none -fallow-argument-mismatch -I../../src/include -I/opt/homebrew/include -I../../src/lib -I../../src/lib/modules -I../../src/lib/cloud -I../../src/lib/radar/synp -I../../src/lib/degrib   -c -o read_lvd_3_4_5.o read_lvd_3_4_5.f
ar rv liblq3.a read_lvd_3_4_5.o
a - read_lvd_3_4_5.o
gfortran -ffree-line-length-none -fallow-argument-mismatch -I../../src/include -I/opt/homebrew/include -I../../src/lib -I../../src/lib/modules -I../../src/lib/cloud -I../../src/lib/radar/synp -I../../src/lib/degrib   -c -o writefile.o writefile.f
ar rv liblq3.a writefile.o
a - writefile.o
gfortran -ffree-line-length-none -fallow-argument-mismatch -I../../src/include -I/opt/homebrew/include -I../../src/lib -I../../src/lib/modules -I../../src/lib/cloud -I../../src/lib/radar/synp -I../../src/lib/degrib   -c -o moment_b.o moment_b.f
ar rv liblq3.a moment_b.o
a - moment_b.o
gfortran -ffree-line-length-none -fallow-argument-mismatch -I../../src/include -I/opt/homebrew/include -I../../src/lib -I../../src/lib/modules -I../../src/lib/cloud -I../../src/lib/radar/synp -I../../src/lib/degrib   -c -o two_d_stats.o two_d_stats.f
ar rv liblq3.a two_d_stats.o
a - two_d_stats.o
gfortran -ffree-line-length-none -fallow-argument-mismatch -I../../src/include -I/opt/homebrew/include -I../../src/lib -I../../src/lib/modules -I../../src/lib/cloud -I../../src/lib/radar/synp -I../../src/lib/degrib   -c -o process_gvap.o process_gvap.f
ar rv liblq3.a process_gvap.o
a - process_gvap.o
gfortran -ffree-line-length-none -fallow-argument-mismatch -I../../src/include -I/opt/homebrew/include -I../../src/lib -I../../src/lib/modules -I../../src/lib/cloud -I../../src/lib/radar/synp -I../../src/lib/degrib   -c -o read_gvap.o read_gvap.f
ar rv liblq3.a read_gvap.o
a - read_gvap.o
gfortran -ffree-line-length-none -fallow-argument-mismatch -I../../src/include -I/opt/homebrew/include -I../../src/lib -I../../src/lib/modules -I../../src/lib/cloud -I../../src/lib/radar/synp -I../../src/lib/degrib   -c -o analz_gvap.o analz_gvap.f
ar rv liblq3.a analz_gvap.o
a - analz_gvap.o
gfortran -ffree-line-length-none -fallow-argument-mismatch -I../../src/include -I/opt/homebrew/include -I../../src/lib -I../../src/lib/modules -I../../src/lib/cloud -I../../src/lib/radar/synp -I../../src/lib/degrib   -c -o hypso.o hypso.f
ar rv liblq3.a hypso.o
a - hypso.o
gfortran -ffree-line-length-none -fallow-argument-mismatch -I../../src/include -I/opt/homebrew/include -I../../src/lib -I../../src/lib/modules -I../../src/lib/cloud -I../../src/lib/radar/synp -I../../src/lib/degrib   -c -o report_change.o report_change.f
ar rv liblq3.a report_change.o
a - report_change.o
gfortran -ffree-line-length-none -fallow-argument-mismatch -I../../src/include -I/opt/homebrew/include -I../../src/lib -I../../src/lib/modules -I../../src/lib/cloud -I../../src/lib/radar/synp -I../../src/lib/degrib   -c -o process_gps.o process_gps.f
ar rv liblq3.a process_gps.o
a - process_gps.o
gfortran -ffree-line-length-none -fallow-argument-mismatch -I../../src/include -I/opt/homebrew/include -I../../src/lib -I../../src/lib/modules -I../../src/lib/cloud -I../../src/lib/radar/synp -I../../src/lib/degrib   -c -o read_gps.o read_gps.f
ar rv liblq3.a read_gps.o
a - read_gps.o
gfortran -ffree-line-length-none -fallow-argument-mismatch -I../../src/include -I/opt/homebrew/include -I../../src/lib -I../../src/lib/modules -I../../src/lib/cloud -I../../src/lib/radar/synp -I../../src/lib/degrib   -c -o int_layerpw.o int_layerpw.f
ar rv liblq3.a int_layerpw.o
a - int_layerpw.o
gfortran -ffree-line-length-none -fallow-argument-mismatch -I../../src/include -I/opt/homebrew/include -I../../src/lib -I../../src/lib/modules -I../../src/lib/cloud -I../../src/lib/radar/synp -I../../src/lib/degrib   -c -o cloud_sat.o cloud_sat.f
ar rv liblq3.a cloud_sat.o
a - cloud_sat.o
gfortran -ffree-line-length-none -fallow-argument-mismatch -I../../src/include -I/opt/homebrew/include -I../../src/lib -I../../src/lib/modules -I../../src/lib/cloud -I../../src/lib/radar/synp -I../../src/lib/degrib   -c -o get_newest_file.o get_newest_file.f
ar rv liblq3.a get_newest_file.o
a - get_newest_file.o
gfortran -ffree-line-length-none -fallow-argument-mismatch -I../../src/include -I/opt/homebrew/include -I../../src/lib -I../../src/lib/modules -I../../src/lib/cloud -I../../src/lib/radar/synp -I../../src/lib/degrib   -c -o weight_field.o weight_field.f
ar rv liblq3.a weight_field.o
a - weight_field.o
gfortran -ffree-line-length-none -fallow-argument-mismatch -I../../src/include -I/opt/homebrew/include -I../../src/lib -I../../src/lib/modules -I../../src/lib/cloud -I../../src/lib/radar/synp -I../../src/lib/degrib   -c -o analz_gps.o analz_gps.f
ar rv liblq3.a analz_gps.o
a - analz_gps.o
gfortran -ffree-line-length-none -fallow-argument-mismatch -I../../src/include -I/opt/homebrew/include -I../../src/lib -I../../src/lib/modules -I../../src/lib/cloud -I../../src/lib/radar/synp -I../../src/lib/degrib   -c -o sigma_to_laps.o sigma_to_laps.f
ar rv liblq3.a sigma_to_laps.o
a - sigma_to_laps.o
gfortran -ffree-line-length-none -fallow-argument-mismatch -I../../src/include -I/opt/homebrew/include -I../../src/lib -I../../src/lib/modules -I../../src/lib/cloud -I../../src/lib/radar/synp -I../../src/lib/degrib   -c -o int_ipw.o int_ipw.f
ar rv liblq3.a int_ipw.o
a - int_ipw.o
gfortran -ffree-line-length-none -fallow-argument-mismatch -I../../src/include -I/opt/homebrew/include -I../../src/lib -I../../src/lib/modules -I../../src/lib/cloud -I../../src/lib/radar/synp -I../../src/lib/degrib   -c -o test_cloud.o test_cloud.f
ar rv liblq3.a test_cloud.o
a - test_cloud.o
gfortran -ffree-line-length-none -fallow-argument-mismatch -I../../src/include -I/opt/homebrew/include -I../../src/lib -I../../src/lib/modules -I../../src/lib/cloud -I../../src/lib/radar/synp -I../../src/lib/degrib   -c -o read_madis_gps.o read_madis_gps.f
ar rv liblq3.a read_madis_gps.o
a - read_madis_gps.o
gfortran -ffree-line-length-none -fallow-argument-mismatch -I../../src/include -I/opt/homebrew/include -I../../src/lib -I../../src/lib/modules -I../../src/lib/cloud -I../../src/lib/radar/synp -I../../src/lib/degrib   -c -o precip_water_profile.o precip_water_profile.f
ar rv liblq3.a precip_water_profile.o
a - precip_water_profile.o
gfortran -ffree-line-length-none -fallow-argument-mismatch -I../../src/include -I/opt/homebrew/include -I../../src/lib -I../../src/lib/modules -I../../src/lib/cloud -I../../src/lib/radar/synp -I../../src/lib/degrib   -c -o bias_correction.o bias_correction.f
ar rv liblq3.a bias_correction.o
a - bias_correction.o
gfortran -ffree-line-length-none -fallow-argument-mismatch -I../../src/include -I/opt/homebrew/include -I../../src/lib -I../../src/lib/modules -I../../src/lib/cloud -I../../src/lib/radar/synp -I../../src/lib/degrib   -c -o snd_step.o snd_step.f
ar rv liblq3.a snd_step.o
a - snd_step.o
gfortran -ffree-line-length-none -fallow-argument-mismatch -I../../src/include -I/opt/homebrew/include -I../../src/lib -I../../src/lib/modules -I../../src/lib/cloud -I../../src/lib/radar/synp -I../../src/lib/degrib   -c -o analz_snd.o analz_snd.f
ar rv liblq3.a analz_snd.o
a - analz_snd.o
gfortran -ffree-line-length-none -fallow-argument-mismatch -I../../src/include -I/opt/homebrew/include -I../../src/lib -I../../src/lib/modules -I../../src/lib/cloud -I../../src/lib/radar/synp -I../../src/lib/degrib   -c -o impact_assess.o impact_assess.f
ar rv liblq3.a impact_assess.o
a - impact_assess.o
ranlib liblq3.a
gfortran lq3driver.f -ffree-line-length-none -fallow-argument-mismatch -I../../src/include -I/opt/homebrew/include -I../../src/lib -I../../src/lib/modules -I../../src/lib/cloud -I../../src/lib/radar/synp -I../../src/lib/degrib  liblq3.a ../../src/lib/liblaps.a ../../src/lib/fm/libfm.a ../../src/lib/powell/libpowell.a ../../src/lib/modules/libmodules.a ../../src/lib/opt90/libopt90.a ../../src/lib/mthermo/libmthermo.a    -L/opt/homebrew/lib -lnetcdff -lnetcdf   -lgcc -o lq3driver.x
rm -f *.o
 
Making Laps in directory src/humid/optran_setup
gfortran -ffree-line-length-none -fallow-argument-mismatch -I../../..//src/include -I/opt/homebrew/include -I../../..//src/lib -I../../..//src/lib/modules -I../../..//src/lib/cloud -I../../..//src/lib/radar/synp -I../../..//src/lib/degrib   -c -o binary_coeff.o binary_coeff.f
ar rv libbinary.a binary_coeff.o
ar: creating archive libbinary.a
a - binary_coeff.o
ranlib libbinary.a
gfortran  -ffree-line-length-none -fallow-argument-mismatch -I../../..//src/include -I/opt/homebrew/include -I../../..//src/lib -I../../..//src/lib/modules -I../../..//src/lib/cloud -I../../..//src/lib/radar/synp -I../../..//src/lib/degrib  libbinary.a  -L/opt/homebrew/lib -lnetcdff -lnetcdf   -lgcc -o binary_coeff.x
rm -f *.o
 
Making Laps in directory src/ingest/acars
gfortran -ffree-line-length-none -fallow-argument-mismatch -I../../../src/include -I/opt/homebrew/include -I../../../src/lib -I../../../src/lib/modules -I../../../src/lib/cloud -I../../../src/lib/radar/synp -I../../../src/lib/degrib  ingest_aircraft.f ingest_pireps.f ingest_pireps_sub.f ingest_pireps_WFO_sub.f skycover_to_frac.f ingest_acars.f ingest_acars_sub.f ingest_acars_sub_af.f ingest_wisdom.f get_wisdom_data.f write_aircraft_sub.f ../../../src/lib/liblaps.a ../../../src/lib/modules/libmodules.a   -L/opt/homebrew/lib -lnetcdff -lnetcdf   -lgcc -o ingest_aircraft.exe
ingest_acars.f:182:57:

  172 |      1                                      ,filename_in,istatus)
      |                                                         2
......
  182 |      1                                      ,filename_in,status)
      |                                                         1
Warning: Type mismatch between actual argument at (1) and actual argument at (2) (REAL(4)/INTEGER(4)).
ingest_acars_sub.f:601:49:

  489 |         nf_status = NF_GET_VAR_INT(nf_fid,nf_vid,airline)
      |                                                 2
......
  601 |         nf_status = NF_GET_VAR_INT(nf_fid,nf_vid,missingInputMinutes)
      |                                                 1
Warning: Rank mismatch between actual argument at (1) and actual argument at (2) (rank-1 and scalar)
ingest_acars_sub.f:730:52:

  702 |         nf_status = NF_GET_VAR_DOUBLE(nf_fid,nf_vid,maxSecs)
      |                                                    2
......
  730 |         nf_status = NF_GET_VAR_DOUBLE(nf_fid,nf_vid,timeObs)
      |                                                    1
Warning: Rank mismatch between actual argument at (1) and actual argument at (2) (scalar and rank-1)
ingest_acars_sub.f:744:52:

  702 |         nf_status = NF_GET_VAR_DOUBLE(nf_fid,nf_vid,maxSecs)
      |                                                    2
......
  744 |         nf_status = NF_GET_VAR_DOUBLE(nf_fid,nf_vid,timeReceived)
      |                                                    1
Warning: Rank mismatch between actual argument at (1) and actual argument at (2) (scalar and rank-1)
ingest_acars_sub.f:1167:52:

  702 |         nf_status = NF_GET_VAR_DOUBLE(nf_fid,nf_vid,maxSecs)
      |                                                    2
......
 1167 |         nf_status = NF_GET_VAR_DOUBLE(nf_fid,nf_vid,timeObs)
      |                                                    1
Warning: Rank mismatch between actual argument at (1) and actual argument at (2) (scalar and rank-1)
ingest_acars_sub.f:1181:52:

  702 |         nf_status = NF_GET_VAR_DOUBLE(nf_fid,nf_vid,maxSecs)
      |                                                    2
......
 1181 |         nf_status = NF_GET_VAR_DOUBLE(nf_fid,nf_vid,timeReceived)
      |                                                    1
Warning: Rank mismatch between actual argument at (1) and actual argument at (2) (scalar and rank-1)
get_wisdom_data.f:579:46:

  553 |        nf_status=NF_GET_VAR_INT(nf_fid,nf_vid,cutdownFlag)
      |                                              2
......
  579 |        nf_status=NF_GET_VAR_INT(nf_fid,nf_vid,firstOverflow)
      |                                              1
Warning: Rank mismatch between actual argument at (1) and actual argument at (2) (rank-1 and scalar)
get_wisdom_data.f:592:46:

  553 |        nf_status=NF_GET_VAR_INT(nf_fid,nf_vid,cutdownFlag)
      |                                              2
......
  592 |        nf_status=NF_GET_VAR_INT(nf_fid,nf_vid,globalInventory)
      |                                              1
Warning: Rank mismatch between actual argument at (1) and actual argument at (2) (rank-1 and scalar)
get_wisdom_data.f:722:46:

  553 |        nf_status=NF_GET_VAR_INT(nf_fid,nf_vid,cutdownFlag)
      |                                              2
......
  722 |        nf_status=NF_GET_VAR_INT(nf_fid,nf_vid,nStaticIds)
      |                                              1
Warning: Rank mismatch between actual argument at (1) and actual argument at (2) (rank-1 and scalar)
rm -f *.o
 
Making Laps in directory src/ingest/obs_convert
gfortran -ffree-line-length-none -fallow-argument-mismatch -I../../../src/include -I/opt/homebrew/include -I../../../src/lib -I../../../src/lib/modules -I../../../src/lib/cloud -I../../../src/lib/radar/synp -I../../../src/lib/degrib   LAPS_Params.f90 Main_Convrt.f90 LAPS_Dividr.f90 LAPS_Config.f90 LAPS_Ingest.f90 Read_RASS_Data.f90 LAPS_Systim.f90 BUFR_Convrt.f90 WRFD_Convrt.f90  ../../../src/lib/temp/libtemp.a ../../../src/lib/wind/libwind.a ../../../src/lib/liblaps.a ../../../src/lib/modules/libmodules.a ../../../src/lib/mthermo/libmthermo.a ../../../src/lib/util/libutil.a ../../../src/lib/goeslib/libgoeslib.a ../../../src/var/bufr/libbufr.a \
	-L/opt/homebrew/lib -lnetcdff -lnetcdf   -lgcc -o obs_convert.exe
rm -f *.o
 
Making Laps in directory src/ingest/profiler
gfortran -ffree-line-length-none -fallow-argument-mismatch -I../../../src/include -I/opt/homebrew/include -I../../../src/lib -I../../../src/lib/modules -I../../../src/lib/cloud -I../../../src/lib/radar/synp -I../../../src/lib/degrib  ingest_pro.f ingest_sub_pro.f ingest_sub_blppro.f ingest_sub_rsapro.f get_sodar_data.f ingest_vad.f ingest_vad_sub.f write_pro.f ../../../src/lib/liblaps.a ../../../src/lib/modules/libmodules.a   -L/opt/homebrew/lib -lnetcdff -lnetcdf   -lgcc -o ingest_pro.exe
ingest_sub_pro.f:658:47:

  651 |      1                         ,'windSpeedSfc',2,sp_sfc,istat_sp)
      |                                                 2
......
  658 |      1                         ,'windDirSfc',0,i4_di_sfc,istat_di)
      |                                               1
Warning: Type mismatch between actual argument at (1) and actual argument at (2) (INTEGER(4)/REAL(4)).
ingest_sub_pro.f:478:51:

  478 |      1                                             u,status)
      |                                                   1
......
  651 |      1                         ,'windSpeedSfc',2,sp_sfc,istat_sp)
      |                                                 2  
Warning: Rank mismatch between actual argument at (1) and actual argument at (2) (scalar and rank-1)
ingest_sub_pro.f:485:36:

  485 |      1                              v,status)
      |                                    1
......
  651 |      1                         ,'windSpeedSfc',2,sp_sfc,istat_sp)
      |                                                 2
Warning: Rank mismatch between actual argument at (1) and actual argument at (2) (scalar and rank-1)
ingest_sub_pro.f:504:27:

  504 |      $                     level,status)
      |                           1
......
  651 |      1                         ,'windSpeedSfc',2,sp_sfc,istat_sp)
      |                                                 2
Warning: Rank mismatch between actual argument at (1) and actual argument at (2) (scalar and rank-1)
ingest_sub_blppro.f:324:50:

  301 |      1                          ,'numModesUsed',0,nmodes_short,
      |                                                  2
......
  324 |      1                          ,'numModesUsed',0,nmodes,
      |                                                  1
Warning: Type mismatch between actual argument at (1) and actual argument at (2) (INTEGER(4)/CHARACTER(*)).
get_sodar_data.f:477:45:

  449 |       nf_status=NF_GET_VAR_INT(nf_fid,nf_vid,assetId)
      |                                             2
......
  477 |       nf_status=NF_GET_VAR_INT(nf_fid,nf_vid,firstOverflow)
      |                                             1
Warning: Rank mismatch between actual argument at (1) and actual argument at (2) (rank-1 and scalar)
get_sodar_data.f:491:45:

  449 |       nf_status=NF_GET_VAR_INT(nf_fid,nf_vid,assetId)
      |                                             2
......
  491 |       nf_status=NF_GET_VAR_INT(nf_fid,nf_vid,globalInventory)
      |                                             1
Warning: Rank mismatch between actual argument at (1) and actual argument at (2) (rank-1 and scalar)
get_sodar_data.f:575:45:

  449 |       nf_status=NF_GET_VAR_INT(nf_fid,nf_vid,assetId)
      |                                             2
......
  575 |       nf_status=NF_GET_VAR_INT(nf_fid,nf_vid,nStaticIds)
      |                                             1
Warning: Rank mismatch between actual argument at (1) and actual argument at (2) (rank-1 and scalar)
rm -f *.o
 
Making Laps in directory src/ingest/radar/mosaic
gfortran -ffree-line-length-none -fallow-argument-mismatch -I../../../../src/include -I/opt/homebrew/include -I../../../../src/lib -I../../../../src/lib/modules -I../../../../src/lib/cloud -I../../../../src/lib/radar/synp -I../../../../src/lib/degrib   -c -o clean_radar.o clean_radar.f
ar rv libmosaicradar.a clean_radar.o
ar: creating archive libmosaicradar.a
a - clean_radar.o
gfortran -ffree-line-length-none -fallow-argument-mismatch -I../../../../src/include -I/opt/homebrew/include -I../../../../src/lib -I../../../../src/lib/modules -I../../../../src/lib/cloud -I../../../../src/lib/radar/synp -I../../../../src/lib/degrib   -c -o getlapsvxx.o getlapsvxx.f
ar rv libmosaicradar.a getlapsvxx.o
a - getlapsvxx.o
gfortran -ffree-line-length-none -fallow-argument-mismatch -I../../../../src/include -I/opt/homebrew/include -I../../../../src/lib -I../../../../src/lib/modules -I../../../../src/lib/cloud -I../../../../src/lib/radar/synp -I../../../../src/lib/degrib   -c -o mosaic_ref_3d.o mosaic_ref_3d.f
ar rv libmosaicradar.a mosaic_ref_3d.o
a - mosaic_ref_3d.o
gfortran -ffree-line-length-none -fallow-argument-mismatch -I../../../../src/include -I/opt/homebrew/include -I../../../../src/lib -I../../../../src/lib/modules -I../../../../src/lib/cloud -I../../../../src/lib/radar/synp -I../../../../src/lib/degrib   -c -o process_mrms.o process_mrms.f
ar rv libmosaicradar.a process_mrms.o
a - process_mrms.o
gfortran mosaic_radar.f -ffree-line-length-none -fallow-argument-mismatch -I../../../../src/include -I/opt/homebrew/include -I../../../../src/lib -I../../../../src/lib/modules -I../../../../src/lib/cloud -I../../../../src/lib/radar/synp -I../../../../src/lib/degrib  libmosaicradar.a ../../../../src/lib/liblaps.a ../../../../src/lib/modules/libmodules.a   -L/opt/homebrew/lib -lnetcdff -lnetcdf   -lgcc -o mosaic_radar.x
rm -f *.o
 
Making Laps in directory src/ingest/radar/remap
gfortran -ffree-line-length-none -fallow-argument-mismatch -I../../../../src/include -I/opt/homebrew/include -I../../../../src/lib -I../../../../src/lib/modules -I../../../../src/lib/cloud -I../../../../src/lib/radar/synp -I../../../../src/lib/degrib  remap.f netcdfio.f get_tilt_netcdf.f get_vol_netcdf.f get_attr_vol.f rayqckz.f remap_process.f unfold.f ../../../../src/lib/radar/remap_ftn/libremap_ftn.a ../../../../src/lib/liblaps.a ../../../../src/lib/modules/libmodules.a   -L/opt/homebrew/lib -lnetcdff -lnetcdf   -lgcc -o remap_polar_netcdf.exe
get_tilt_netcdf.f:484:50:

  328 |         nf_status = NF_GET_VAR_REAL(nf_fid,nf_vid,atmosAttenFactor)
      |                                                  2
......
  484 |         nf_status = NF_GET_VAR_REAL(nf_fid,nf_vid,radialAzim)
      |                                                  1
Warning: Rank mismatch between actual argument at (1) and actual argument at (2) (scalar and rank-1)
get_tilt_netcdf.f:498:50:

  328 |         nf_status = NF_GET_VAR_REAL(nf_fid,nf_vid,atmosAttenFactor)
      |                                                  2
......
  498 |         nf_status = NF_GET_VAR_REAL(nf_fid,nf_vid,radialElev)
      |                                                  1
Warning: Rank mismatch between actual argument at (1) and actual argument at (2) (scalar and rank-1)
get_tilt_netcdf.f:629:49:

  615 |         nf_status = NF_GET_VAR_INT(nf_fid,nf_vid,V)
      |                                                 2
......
  629 |         nf_status = NF_GET_VAR_INT(nf_fid,nf_vid,VCP)
      |                                                 1
Warning: Rank mismatch between actual argument at (1) and actual argument at (2) (rank-1 and scalar)
get_tilt_netcdf.f:671:49:

  615 |         nf_status = NF_GET_VAR_INT(nf_fid,nf_vid,V)
      |                                                 2
......
  671 |         nf_status = NF_GET_VAR_INT(nf_fid,nf_vid,elevationNumber)
      |                                                 1
Warning: Rank mismatch between actual argument at (1) and actual argument at (2) (rank-1 and scalar)
get_tilt_netcdf.f:685:49:

  615 |         nf_status = NF_GET_VAR_INT(nf_fid,nf_vid,V)
      |                                                 2
......
  685 |         nf_status = NF_GET_VAR_INT(nf_fid,nf_vid,numGatesV)
      |                                                 1
Warning: Rank mismatch between actual argument at (1) and actual argument at (2) (rank-1 and scalar)
get_tilt_netcdf.f:699:49:

  615 |         nf_status = NF_GET_VAR_INT(nf_fid,nf_vid,V)
      |                                                 2
......
  699 |         nf_status = NF_GET_VAR_INT(nf_fid,nf_vid,numGatesZ)
      |                                                 1
Warning: Rank mismatch between actual argument at (1) and actual argument at (2) (rank-1 and scalar)
get_tilt_netcdf.f:713:49:

  615 |         nf_status = NF_GET_VAR_INT(nf_fid,nf_vid,V)
      |                                                 2
......
  713 |         nf_status = NF_GET_VAR_INT(nf_fid,nf_vid,numRadials)
      |                                                 1
Warning: Rank mismatch between actual argument at (1) and actual argument at (2) (rank-1 and scalar)
get_tilt_netcdf.f:758:52:

  730 |         nf_status = NF_GET_VAR_DOUBLE(nf_fid,nf_vid,esEndTime)
      |                                                    2
......
  758 |         nf_status = NF_GET_VAR_DOUBLE(nf_fid,nf_vid,radialTime)
      |                                                    1
Warning: Rank mismatch between actual argument at (1) and actual argument at (2) (scalar and rank-1)
get_tilt_netcdf.f:275:72:

  275 |      +     esEndTime, esStartTime, radialTime, radarName, siteName)
      |                                                                        1
Warning: Type mismatch in argument 'vcp' at (1); passed REAL(4) to INTEGER(4)
get_tilt_netcdf.f:275:72:

  275 |      +     esEndTime, esStartTime, radialTime, radarName, siteName)
      |                                                                        1
Warning: Type mismatch in argument 'elevationnumber' at (1); passed REAL(4) to INTEGER(4)
get_tilt_netcdf.f:275:72:

  275 |      +     esEndTime, esStartTime, radialTime, radarName, siteName)
      |                                                                        1
Warning: Type mismatch in argument 'nyquist' at (1); passed INTEGER(4) to REAL(4)
remap_process.f:588:72:

  588 |         DO 480 jo = 1, NY_R
      |                                                                        1
Warning: Fortran 2018 deleted feature: Shared DO termination label 480 at (1)
remap_process.f:589:72:

  589 |         DO 480 io = 1, NX_R
      |                                                                        1
Warning: Fortran 2018 deleted feature: Shared DO termination label 480 at (1)
remap_process.f:601:72:

  601 |           DO 400 io = 1,NX_R
      |                                                                        1
Warning: Fortran 2018 deleted feature: Shared DO termination label 400 at (1)
unfold.f:2302:72:

 2302 |        do 10 i=2,ng-1,1
      |                                                                        1
Warning: Fortran 2018 deleted feature: Shared DO termination label 10 at (1)
unfold.f:2644:72:

 2644 |        do 10 i=2,ng-1,1
      |                                                                        1
Warning: Fortran 2018 deleted feature: Shared DO termination label 10 at (1)
unfold.f:2780:72:

 2780 |        do 10 i=2,ng-1,1
      |                                                                        1
Warning: Fortran 2018 deleted feature: Shared DO termination label 10 at (1)
unfold.f:3190:72:

 3190 |        do 80 i=2,ng1,1
      |                                                                        1
Warning: Fortran 2018 deleted feature: Shared DO termination label 80 at (1)
rm -f *.o
 
Making Laps in directory src/ingest/radar/remap_old
gfortran -ffree-line-length-none -fallow-argument-mismatch -I../../../../src/include -I/opt/homebrew/include -I../../../../src/lib -I../../../../src/lib/modules -I../../../../src/lib/cloud -I../../../../src/lib/radar/synp -I../../../../src/lib/degrib  remap.f netcdfio.f get_tilt_netcdf.f get_vol_netcdf.f get_attr_vol.f rayqckz.f remap_process.f unfold.f ../../../../src/lib/radar/remap_ftn/libremap_ftn.a ../../../../src/lib/liblaps.a ../../../../src/lib/modules/libmodules.a   -L/opt/homebrew/lib -lnetcdff -lnetcdf   -lgcc -o remap_polar_netcdf.exe
get_tilt_netcdf.f:484:50:

  328 |         nf_status = NF_GET_VAR_REAL(nf_fid,nf_vid,atmosAttenFactor)
      |                                                  2
......
  484 |         nf_status = NF_GET_VAR_REAL(nf_fid,nf_vid,radialAzim)
      |                                                  1
Warning: Rank mismatch between actual argument at (1) and actual argument at (2) (scalar and rank-1)
get_tilt_netcdf.f:498:50:

  328 |         nf_status = NF_GET_VAR_REAL(nf_fid,nf_vid,atmosAttenFactor)
      |                                                  2
......
  498 |         nf_status = NF_GET_VAR_REAL(nf_fid,nf_vid,radialElev)
      |                                                  1
Warning: Rank mismatch between actual argument at (1) and actual argument at (2) (scalar and rank-1)
get_tilt_netcdf.f:629:49:

  615 |         nf_status = NF_GET_VAR_INT(nf_fid,nf_vid,V)
      |                                                 2
......
  629 |         nf_status = NF_GET_VAR_INT(nf_fid,nf_vid,VCP)
      |                                                 1
Warning: Rank mismatch between actual argument at (1) and actual argument at (2) (rank-1 and scalar)
get_tilt_netcdf.f:671:49:

  615 |         nf_status = NF_GET_VAR_INT(nf_fid,nf_vid,V)
      |                                                 2
......
  671 |         nf_status = NF_GET_VAR_INT(nf_fid,nf_vid,elevationNumber)
      |                                                 1
Warning: Rank mismatch between actual argument at (1) and actual argument at (2) (rank-1 and scalar)
get_tilt_netcdf.f:685:49:

  615 |         nf_status = NF_GET_VAR_INT(nf_fid,nf_vid,V)
      |                                                 2
......
  685 |         nf_status = NF_GET_VAR_INT(nf_fid,nf_vid,numGatesV)
      |                                                 1
Warning: Rank mismatch between actual argument at (1) and actual argument at (2) (rank-1 and scalar)
get_tilt_netcdf.f:699:49:

  615 |         nf_status = NF_GET_VAR_INT(nf_fid,nf_vid,V)
      |                                                 2
......
  699 |         nf_status = NF_GET_VAR_INT(nf_fid,nf_vid,numGatesZ)
      |                                                 1
Warning: Rank mismatch between actual argument at (1) and actual argument at (2) (rank-1 and scalar)
get_tilt_netcdf.f:713:49:

  615 |         nf_status = NF_GET_VAR_INT(nf_fid,nf_vid,V)
      |                                                 2
......
  713 |         nf_status = NF_GET_VAR_INT(nf_fid,nf_vid,numRadials)
      |                                                 1
Warning: Rank mismatch between actual argument at (1) and actual argument at (2) (rank-1 and scalar)
get_tilt_netcdf.f:758:52:

  730 |         nf_status = NF_GET_VAR_DOUBLE(nf_fid,nf_vid,esEndTime)
      |                                                    2
......
  758 |         nf_status = NF_GET_VAR_DOUBLE(nf_fid,nf_vid,radialTime)
      |                                                    1
Warning: Rank mismatch between actual argument at (1) and actual argument at (2) (scalar and rank-1)
get_tilt_netcdf.f:275:72:

  275 |      +     esEndTime, esStartTime, radialTime, radarName, siteName)
      |                                                                        1
Warning: Type mismatch in argument 'vcp' at (1); passed REAL(4) to INTEGER(4)
get_tilt_netcdf.f:275:72:

  275 |      +     esEndTime, esStartTime, radialTime, radarName, siteName)
      |                                                                        1
Warning: Type mismatch in argument 'elevationnumber' at (1); passed REAL(4) to INTEGER(4)
get_tilt_netcdf.f:275:72:

  275 |      +     esEndTime, esStartTime, radialTime, radarName, siteName)
      |                                                                        1
Warning: Type mismatch in argument 'nyquist' at (1); passed INTEGER(4) to REAL(4)
remap_process.f:584:72:

  584 |         DO 480 jo = 1, NY_R
      |                                                                        1
Warning: Fortran 2018 deleted feature: Shared DO termination label 480 at (1)
remap_process.f:585:72:

  585 |         DO 480 io = 1, NX_R
      |                                                                        1
Warning: Fortran 2018 deleted feature: Shared DO termination label 480 at (1)
remap_process.f:597:72:

  597 |           DO 400 io = 1,NX_R
      |                                                                        1
Warning: Fortran 2018 deleted feature: Shared DO termination label 400 at (1)
unfold.f:2302:72:

 2302 |        do 10 i=2,ng-1,1
      |                                                                        1
Warning: Fortran 2018 deleted feature: Shared DO termination label 10 at (1)
unfold.f:2644:72:

 2644 |        do 10 i=2,ng-1,1
      |                                                                        1
Warning: Fortran 2018 deleted feature: Shared DO termination label 10 at (1)
unfold.f:2780:72:

 2780 |        do 10 i=2,ng-1,1
      |                                                                        1
Warning: Fortran 2018 deleted feature: Shared DO termination label 10 at (1)
unfold.f:3190:72:

 3190 |        do 80 i=2,ng1,1
      |                                                                        1
Warning: Fortran 2018 deleted feature: Shared DO termination label 80 at (1)
rm -f *.o
 
Making Laps in directory src/ingest/radar/wsiremap/ln3
gfortran -ffree-line-length-none -fallow-argument-mismatch -I../../../../../src/include -I/opt/homebrew/include -I../../../../../src/lib -I../../../../../src/lib/modules -I../../../../../src/lib/cloud -I../../../../../src/lib/radar/synp -I../../../../../src/lib/degrib   -c -o nexradwsi2laps.o nexradwsi2laps.f
ar rv libln3.a nexradwsi2laps.o
ar: creating archive libln3.a
a - nexradwsi2laps.o
gfortran -ffree-line-length-none -fallow-argument-mismatch -I../../../../../src/include -I/opt/homebrew/include -I../../../../../src/lib -I../../../../../src/lib/modules -I../../../../../src/lib/cloud -I../../../../../src/lib/radar/synp -I../../../../../src/lib/degrib   -c -o wait_for_radar.o wait_for_radar.f
ar rv libln3.a wait_for_radar.o
a - wait_for_radar.o
gfortran -ffree-line-length-none -fallow-argument-mismatch -I../../../../../src/include -I/opt/homebrew/include -I../../../../../src/lib -I../../../../../src/lib/modules -I../../../../../src/lib/cloud -I../../../../../src/lib/radar/synp -I../../../../../src/lib/degrib   -c -o checkradardata.o checkradardata.f
ar rv libln3.a checkradardata.o
a - checkradardata.o
gfortran ln3_driver.f -ffree-line-length-none -fallow-argument-mismatch -I../../../../../src/include -I/opt/homebrew/include -I../../../../../src/lib -I../../../../../src/lib/modules -I../../../../../src/lib/cloud -I../../../../../src/lib/radar/synp -I../../../../../src/lib/degrib  libln3.a ../../../../../src/lib/liblaps.a ../../../../../src/lib/modules/libmodules.a ../../../../../src/lib/radar/wsi_ingest/libwsi.a  -L/opt/homebrew/lib -lnetcdff -lnetcdf   -lgcc -o ln3_driver.exe
rm -f *.o
 
Making Laps in directory src/ingest/radar/wsiremap/vrc
gfortran -ffree-line-length-none -fallow-argument-mismatch -I../../../../../src/include -I/opt/homebrew/include -I../../../../../src/lib -I../../../../../src/lib/modules -I../../../../../src/lib/cloud -I../../../../../src/lib/radar/synp -I../../../../../src/lib/degrib   -c -o nowradwsi2laps.o nowradwsi2laps.f
ar rv libvrc.a nowradwsi2laps.o
ar: creating archive libvrc.a
a - nowradwsi2laps.o
gfortran -ffree-line-length-none -fallow-argument-mismatch -I../../../../../src/include -I/opt/homebrew/include -I../../../../../src/lib -I../../../../../src/lib/modules -I../../../../../src/lib/cloud -I../../../../../src/lib/radar/synp -I../../../../../src/lib/degrib   -c -o procnowradZ.o procnowradZ.f
ar rv libvrc.a procnowradZ.o
a - procnowradZ.o
gfortran -ffree-line-length-none -fallow-argument-mismatch -I../../../../../src/include -I/opt/homebrew/include -I../../../../../src/lib -I../../../../../src/lib/modules -I../../../../../src/lib/cloud -I../../../../../src/lib/radar/synp -I../../../../../src/lib/degrib   -c -o aoml_radar.o aoml_radar.f
ar rv libvrc.a aoml_radar.o
a - aoml_radar.o
gfortran -ffree-line-length-none -fallow-argument-mismatch -I../../../../../src/include -I/opt/homebrew/include -I../../../../../src/lib -I../../../../../src/lib/modules -I../../../../../src/lib/cloud -I../../../../../src/lib/radar/synp -I../../../../../src/lib/degrib   -c -o read_pass_head.o read_pass_head.f
ar rv libvrc.a read_pass_head.o
a - read_pass_head.o
gfortran -ffree-line-length-none -fallow-argument-mismatch -I../../../../../src/include -I/opt/homebrew/include -I../../../../../src/lib -I../../../../../src/lib/modules -I../../../../../src/lib/cloud -I../../../../../src/lib/radar/synp -I../../../../../src/lib/degrib   -c -o put_vrc.o put_vrc.f
ar rv libvrc.a put_vrc.o
a - put_vrc.o
gfortran vrc_driver.f -ffree-line-length-none -fallow-argument-mismatch -I../../../../../src/include -I/opt/homebrew/include -I../../../../../src/lib -I../../../../../src/lib/modules -I../../../../../src/lib/cloud -I../../../../../src/lib/radar/synp -I../../../../../src/lib/degrib  libvrc.a ../../../../../src/lib/radar/wsi_ingest/libwsi.a ../../../../../src/lib/liblaps.a ../../../../../src/lib/modules/libmodules.a ../../../../../src/lib/util/libutil.a ../../../../../src/lib/nav/libnav.a -L/opt/homebrew/lib -lnetcdff -lnetcdf   -lgcc -o vrc_driver.x
rm -f *.o
 
Making Laps in directory src/ingest/raob
gfortran -I../../../src/include -I/opt/homebrew/include -I../../../src/lib -I../../../src/lib/modules -I../../../src/lib/cloud -I../../../src/lib/radar/synp -I../../../src/lib/degrib   ingest_sounding.f ingest_raob.f ingest_raob_sub.f ingest_raob_sub_af.f ingest_raob_sub_cwb.f ingest_drpsnd.f ingest_drpsnd_sub_cwb.f avapsread_sub.f get_drpsnd_data.f ingest_goessnd.f process_goes_snd.f get_poes_data.f ingest_satsnd.f ingest_satsnd_af.f tower_driver.f get_rtamps_data.f read_rtamps_data.f get_radiometer_data.f ../../../src/lib/liblaps.a ../../../src/lib/mthermo/libmthermo.a ../../../src/lib/util/libutil.a ../../../src/lib/modules/libmodules.a   -L/opt/homebrew/lib -lnetcdff -lnetcdf   -lgcc -o ingest_sounding.exe
ingest_raob_sub_cwb.f:65:72:

   65 | 11             read (1,*)
      |                                                                        1
Warning: Fortran 2018 deleted feature: DO termination statement which is not END DO or CONTINUE with label 11 at (1)
ingest_raob_sub_cwb.f:188:72:

  188 | 41          read (1,*)
      |                                                                        1
Warning: Fortran 2018 deleted feature: DO termination statement which is not END DO or CONTINUE with label 41 at (1)
ingest_raob_sub_cwb.f:197:72:

  197 |       do 100 j= 1,layerNum(i)
      |                                                                        1
Warning: Fortran 2018 deleted feature: Shared DO termination label 100 at (1)
ingest_drpsnd_sub_cwb.f:75:72:

   75 | 11             read (1,*)
      |                                                                        1
Warning: Fortran 2018 deleted feature: DO termination statement which is not END DO or CONTINUE with label 11 at (1)
ingest_drpsnd_sub_cwb.f:204:72:

  204 | 41          read (1,*)
      |                                                                        1
Warning: Fortran 2018 deleted feature: DO termination statement which is not END DO or CONTINUE with label 41 at (1)
ingest_drpsnd_sub_cwb.f:213:72:

  213 |       do 100 j= 1,layerNum(i)
      |                                                                        1
Warning: Fortran 2018 deleted feature: Shared DO termination label 100 at (1)
rm -f *.o
 
Making Laps in directory src/ingest/rass
gfortran -ffree-line-length-none -fallow-argument-mismatch -I../../../src/include -I/opt/homebrew/include -I../../../src/lib -I../../../src/lib/modules -I../../../src/lib/cloud -I../../../src/lib/radar/synp -I../../../src/lib/degrib  ingest_lrs.f ingest_sub_lrs.f ingest_sub_blplrs.f ingest_sub_rsalrs.f ../../../src/lib/liblaps.a ../../../src/lib/modules/libmodules.a   -L/opt/homebrew/lib -lnetcdff -lnetcdf   -lgcc -o ingest_lrs.exe
ingest_sub_lrs.f:332:69:

  320 |      $                     staname,status)
      |                           2                                          
......
  332 |           CALL PROF_CDF_READ(cdfid,'      ',wsmr_wmo_id,'pressure',2,prs
      |                                                                     1
Warning: Type mismatch between actual argument at (1) and actual argument at (2) (REAL(4)/CHARACTER(*)).
ingest_sub_lrs.f:381:35:

  298 |      !                           wsmr_wmo_id_a)
      |                                 2  
......
  381 |      1                             timeObs)
      |                                   1
Warning: Rank mismatch between actual argument at (1) and actual argument at (2) (rank-1 and scalar)
ingest_sub_blplrs.f:434:27:

  330 |           CALL PROF_CDF_READ(cdfid,prof_name(ista),0,'staLat',2,rlat
      |                                                                2
......
  434 |      $                     temp,status)
      |                           1
Warning: Rank mismatch between actual argument at (1) and actual argument at (2) (scalar and rank-1)
ingest_sub_blplrs.f:443:34:

  330 |           CALL PROF_CDF_READ(cdfid,prof_name(ista),0,'staLat',2,rlat
      |                                                                2
......
  443 |      $                         ,0,i_qc_flag,status)
      |                                  1
Warning: Type mismatch between actual argument at (1) and actual argument at (2) (INTEGER(4)/REAL(4)).
ingest_sub_blplrs.f:452:27:

  330 |           CALL PROF_CDF_READ(cdfid,prof_name(ista),0,'staLat',2,rlat
      |                                                                2
......
  452 |      $                     rlevels,status)
      |                           1
Warning: Rank mismatch between actual argument at (1) and actual argument at (2) (scalar and rank-1)
rm -f *.o
 
Making Laps in directory src/ingest/sao
gfortran -ffree-line-length-none -fallow-argument-mismatch -I../../../src/include -I/opt/homebrew/include -I../../../src/lib -I../../../src/lib/modules -I../../../src/lib/cloud -I../../../src/lib/radar/synp -I../../../src/lib/degrib   -c -o obs_driver_sub_af.o obs_driver_sub_af.f
ar rv libsao.a obs_driver_sub_af.o
ar: creating archive libsao.a
a - obs_driver_sub_af.o
gfortran -ffree-line-length-none -fallow-argument-mismatch -I../../../src/include -I/opt/homebrew/include -I../../../src/lib -I../../../src/lib/modules -I../../../src/lib/cloud -I../../../src/lib/radar/synp -I../../../src/lib/degrib   -c -o get_metar_obs.o get_metar_obs.f
get_metar_obs.f:408:19:

  404 |            if( nanf( lats(i) ) .eq. 1 ) lats(i)  = badflag
      |                          2
......
  408 |            if( nanf( timeobs(i) ) .eq. 1 ) lats(i) = badflag
      |                          1
Warning: Type mismatch between actual argument at (1) and actual argument at (2) (REAL(8)/REAL(4)).
ar rv libsao.a get_metar_obs.o
a - get_metar_obs.o
gfortran -ffree-line-length-none -fallow-argument-mismatch -I../../../src/include -I/opt/homebrew/include -I../../../src/lib -I../../../src/lib/modules -I../../../src/lib/cloud -I../../../src/lib/radar/synp -I../../../src/lib/degrib   -c -o get_metar_obs_af.o get_metar_obs_af.f
ar rv libsao.a get_metar_obs_af.o
a - get_metar_obs_af.o
gfortran -ffree-line-length-none -fallow-argument-mismatch -I../../../src/include -I/opt/homebrew/include -I../../../src/lib -I../../../src/lib/modules -I../../../src/lib/cloud -I../../../src/lib/radar/synp -I../../../src/lib/degrib   -c -o read_metar.o read_metar.f
ar rv libsao.a read_metar.o
a - read_metar.o
gfortran -ffree-line-length-none -fallow-argument-mismatch -I../../../src/include -I/opt/homebrew/include -I../../../src/lib -I../../../src/lib/modules -I../../../src/lib/cloud -I../../../src/lib/radar/synp -I../../../src/lib/degrib   -c -o read_metar_cwb.o read_metar_cwb.f
read_metar_cwb.f:91:72:

   91 |       do 20 i= 1,stnNum
      |                                                                        1
Warning: Fortran 2018 deleted feature: Shared DO termination label 20 at (1)
read_metar_cwb.f:92:72:

   92 | 20       if ( stationName(j) .eq. stn(i) )  elevation(j)=stnElevation(i)
      |                                                                        1
Warning: Fortran 2018 deleted feature: DO termination statement which is not END DO or CONTINUE with label 20 at (1)
read_metar_cwb.f:134:72:

  134 |       do 30 i= 1,maxSkyCover
      |                                                                        1
Warning: Fortran 2018 deleted feature: Shared DO termination label 30 at (1)
ar rv libsao.a read_metar_cwb.o
a - read_metar_cwb.o
gfortran -ffree-line-length-none -fallow-argument-mismatch -I../../../src/include -I/opt/homebrew/include -I../../../src/lib -I../../../src/lib/modules -I../../../src/lib/cloud -I../../../src/lib/radar/synp -I../../../src/lib/degrib   -c -o read_metar_af.o read_metar_af.f
ar rv libsao.a read_metar_af.o
a - read_metar_af.o
gfortran -ffree-line-length-none -fallow-argument-mismatch -I../../../src/include -I/opt/homebrew/include -I../../../src/lib -I../../../src/lib/modules -I../../../src/lib/cloud -I../../../src/lib/radar/synp -I../../../src/lib/degrib   -c -o read_synop_cwb.o read_synop_cwb.f
read_synop_cwb.f:296:72:

  296 |       do 5 i= 1,maxSkyCover
      |                                                                        1
Warning: Fortran 2018 deleted feature: Shared DO termination label 5 at (1)
read_synop_cwb.f:298:72:

  298 | 5        skyLayerBase(i,j)= badflag
      |                                                                        1
Warning: Fortran 2018 deleted feature: DO termination statement which is not END DO or CONTINUE with label 5 at (1)
read_synop_cwb.f:356:72:

  356 |       do 100 j= 1,staNum
      |                                                                        1
Warning: Fortran 2018 deleted feature: Shared DO termination label 100 at (1)
read_synop_cwb.f:515:72:

  515 |       do 200 j= 1,staNum
      |                                                                        1
Warning: Fortran 2018 deleted feature: Shared DO termination label 200 at (1)
read_synop_cwb.f:616:72:

  616 |       do 400 j= 1,staNum
      |                                                                        1
Warning: Fortran 2018 deleted feature: Shared DO termination label 400 at (1)
ar rv libsao.a read_synop_cwb.o
a - read_synop_cwb.o
gfortran -ffree-line-length-none -fallow-argument-mismatch -I../../../src/include -I/opt/homebrew/include -I../../../src/lib -I../../../src/lib/modules -I../../../src/lib/cloud -I../../../src/lib/radar/synp -I../../../src/lib/degrib   -c -o get_local_obs.o get_local_obs.f
get_local_obs.f:408:19:

  405 |            if( nanf( latitude(i) ) .eq. 1 ) l_reject(i) = .true.
      |                          2
......
  408 |            if( nanf( observationTime(i) ) .eq. 1 ) l_reject(i) = .true.
      |                          1
Warning: Type mismatch between actual argument at (1) and actual argument at (2) (REAL(8)/REAL(4)).
ar rv libsao.a get_local_obs.o
a - get_local_obs.o
gfortran -ffree-line-length-none -fallow-argument-mismatch -I../../../src/include -I/opt/homebrew/include -I../../../src/lib -I../../../src/lib/modules -I../../../src/lib/cloud -I../../../src/lib/radar/synp -I../../../src/lib/degrib   -c -o read_ldad_madis_data.o read_ldad_madis_data.f
read_ldad_madis_data.f:803:46:

  773 |        nf_status=NF_GET_VAR_INT(nf_fid,nf_vid,altimeterQCR)
      |                                              2
......
  803 |        nf_status=NF_GET_VAR_INT(nf_fid,nf_vid,firstOverflow)
      |                                              1
Warning: Rank mismatch between actual argument at (1) and actual argument at (2) (rank-1 and scalar)
read_ldad_madis_data.f:818:46:

  773 |        nf_status=NF_GET_VAR_INT(nf_fid,nf_vid,altimeterQCR)
      |                                              2
......
  818 |        nf_status=NF_GET_VAR_INT(nf_fid,nf_vid,globalInventory)
      |                                              1
Warning: Rank mismatch between actual argument at (1) and actual argument at (2) (rank-1 and scalar)
read_ldad_madis_data.f:833:46:

  773 |        nf_status=NF_GET_VAR_INT(nf_fid,nf_vid,altimeterQCR)
      |                                              2
......
  833 |        nf_status=NF_GET_VAR_INT(nf_fid,nf_vid,nStaticIds)
      |                                              1
Warning: Rank mismatch between actual argument at (1) and actual argument at (2) (rank-1 and scalar)
ar rv libsao.a read_ldad_madis_data.o
a - read_ldad_madis_data.o
gfortran -ffree-line-length-none -fallow-argument-mismatch -I../../../src/include -I/opt/homebrew/include -I../../../src/lib -I../../../src/lib/modules -I../../../src/lib/cloud -I../../../src/lib/radar/synp -I../../../src/lib/degrib   -c -o get_hydro_obs.o get_hydro_obs.f
get_hydro_obs.f:364:19:

  361 |            if( nanf( latitude(i) ) .eq. 1 ) l_reject(i) = .true.
      |                          2
......
  364 |            if( nanf( observationTime(i) ) .eq. 1 ) l_reject(i) = .true.
      |                          1
Warning: Type mismatch between actual argument at (1) and actual argument at (2) (REAL(8)/REAL(4)).
ar rv libsao.a get_hydro_obs.o
a - get_hydro_obs.o
gfortran -ffree-line-length-none -fallow-argument-mismatch -I../../../src/include -I/opt/homebrew/include -I../../../src/lib -I../../../src/lib/modules -I../../../src/lib/cloud -I../../../src/lib/radar/synp -I../../../src/lib/degrib   -c -o read_madis_hydro_data.o read_madis_hydro_data.f
read_madis_hydro_data.f:703:46:

  688 |        nf_status=NF_GET_VAR_INT(nf_fid,nf_vid,filterSetNum)
      |                                              2
......
  703 |        nf_status=NF_GET_VAR_INT(nf_fid,nf_vid,firstInBin)
      |                                              1
Warning: Rank mismatch between actual argument at (1) and actual argument at (2) (scalar and rank-1)
read_madis_hydro_data.f:748:46:

  688 |        nf_status=NF_GET_VAR_INT(nf_fid,nf_vid,filterSetNum)
      |                                              2
......
  748 |        nf_status=NF_GET_VAR_INT(nf_fid,nf_vid,invTime)
      |                                              1
Warning: Rank mismatch between actual argument at (1) and actual argument at (2) (scalar and rank-1)
read_madis_hydro_data.f:763:46:

  688 |        nf_status=NF_GET_VAR_INT(nf_fid,nf_vid,filterSetNum)
      |                                              2
......
  763 |        nf_status=NF_GET_VAR_INT(nf_fid,nf_vid,inventory)
      |                                              1
Warning: Rank mismatch between actual argument at (1) and actual argument at (2) (scalar and rank-1)
read_madis_hydro_data.f:778:46:

  688 |        nf_status=NF_GET_VAR_INT(nf_fid,nf_vid,filterSetNum)
      |                                              2
......
  778 |        nf_status=NF_GET_VAR_INT(nf_fid,nf_vid,isOverflow)
      |                                              1
Warning: Rank mismatch between actual argument at (1) and actual argument at (2) (scalar and rank-1)
read_madis_hydro_data.f:793:46:

  688 |        nf_status=NF_GET_VAR_INT(nf_fid,nf_vid,filterSetNum)
      |                                              2
......
  793 |        nf_status=NF_GET_VAR_INT(nf_fid,nf_vid,lastInBin)
      |                                              1
Warning: Rank mismatch between actual argument at (1) and actual argument at (2) (scalar and rank-1)
read_madis_hydro_data.f:808:46:

  688 |        nf_status=NF_GET_VAR_INT(nf_fid,nf_vid,filterSetNum)
      |                                              2
......
  808 |        nf_status=NF_GET_VAR_INT(nf_fid,nf_vid,lastRecord)
      |                                              1
Warning: Rank mismatch between actual argument at (1) and actual argument at (2) (scalar and rank-1)
read_madis_hydro_data.f:839:46:

  688 |        nf_status=NF_GET_VAR_INT(nf_fid,nf_vid,filterSetNum)
      |                                              2
......
  839 |        nf_status=NF_GET_VAR_INT(nf_fid,nf_vid,numericWMOid)
      |                                              1
Warning: Rank mismatch between actual argument at (1) and actual argument at (2) (scalar and rank-1)
read_madis_hydro_data.f:854:46:

  688 |        nf_status=NF_GET_VAR_INT(nf_fid,nf_vid,filterSetNum)
      |                                              2
......
  854 |        nf_status=NF_GET_VAR_INT(nf_fid,nf_vid,precip12hrICA)
      |                                              1
Warning: Rank mismatch between actual argument at (1) and actual argument at (2) (scalar and rank-1)
read_madis_hydro_data.f:869:46:

  688 |        nf_status=NF_GET_VAR_INT(nf_fid,nf_vid,filterSetNum)
      |                                              2
......
  869 |        nf_status=NF_GET_VAR_INT(nf_fid,nf_vid,precip12hrICR)
      |                                              1
Warning: Rank mismatch between actual argument at (1) and actual argument at (2) (scalar and rank-1)
read_madis_hydro_data.f:884:46:

  688 |        nf_status=NF_GET_VAR_INT(nf_fid,nf_vid,filterSetNum)
      |                                              2
......
  884 |        nf_status=NF_GET_VAR_INT(nf_fid,nf_vid,precip12hrQCA)
      |                                              1
Warning: Rank mismatch between actual argument at (1) and actual argument at (2) (scalar and rank-1)
read_madis_hydro_data.f:899:46:

  688 |        nf_status=NF_GET_VAR_INT(nf_fid,nf_vid,filterSetNum)
      |                                              2
......
  899 |        nf_status=NF_GET_VAR_INT(nf_fid,nf_vid,precip12hrQCR)
      |                                              1
Warning: Rank mismatch between actual argument at (1) and actual argument at (2) (scalar and rank-1)
read_madis_hydro_data.f:914:46:

  688 |        nf_status=NF_GET_VAR_INT(nf_fid,nf_vid,filterSetNum)
      |                                              2
......
  914 |        nf_status=NF_GET_VAR_INT(nf_fid,nf_vid,precip1hrICA)
      |                                              1
Warning: Rank mismatch between actual argument at (1) and actual argument at (2) (scalar and rank-1)
read_madis_hydro_data.f:929:46:

  688 |        nf_status=NF_GET_VAR_INT(nf_fid,nf_vid,filterSetNum)
      |                                              2
......
  929 |        nf_status=NF_GET_VAR_INT(nf_fid,nf_vid,precip1hrICR)
      |                                              1
Warning: Rank mismatch between actual argument at (1) and actual argument at (2) (scalar and rank-1)
read_madis_hydro_data.f:944:46:

  688 |        nf_status=NF_GET_VAR_INT(nf_fid,nf_vid,filterSetNum)
      |                                              2
......
  944 |        nf_status=NF_GET_VAR_INT(nf_fid,nf_vid,precip1hrQCA)
      |                                              1
Warning: Rank mismatch between actual argument at (1) and actual argument at (2) (scalar and rank-1)
read_madis_hydro_data.f:959:46:

  688 |        nf_status=NF_GET_VAR_INT(nf_fid,nf_vid,filterSetNum)
      |                                              2
......
  959 |        nf_status=NF_GET_VAR_INT(nf_fid,nf_vid,precip1hrQCR)
      |                                              1
Warning: Rank mismatch between actual argument at (1) and actual argument at (2) (scalar and rank-1)
read_madis_hydro_data.f:974:46:

  688 |        nf_status=NF_GET_VAR_INT(nf_fid,nf_vid,filterSetNum)
      |                                              2
......
  974 |        nf_status=NF_GET_VAR_INT(nf_fid,nf_vid,precip24hrICA)
      |                                              1
Warning: Rank mismatch between actual argument at (1) and actual argument at (2) (scalar and rank-1)
read_madis_hydro_data.f:989:46:

  688 |        nf_status=NF_GET_VAR_INT(nf_fid,nf_vid,filterSetNum)
      |                                              2
......
  989 |        nf_status=NF_GET_VAR_INT(nf_fid,nf_vid,precip24hrICR)
      |                                              1
Warning: Rank mismatch between actual argument at (1) and actual argument at (2) (scalar and rank-1)
read_madis_hydro_data.f:1004:46:

  688 |        nf_status=NF_GET_VAR_INT(nf_fid,nf_vid,filterSetNum)
      |                                              2
......
 1004 |        nf_status=NF_GET_VAR_INT(nf_fid,nf_vid,precip24hrQCA)
      |                                              1
Warning: Rank mismatch between actual argument at (1) and actual argument at (2) (scalar and rank-1)
read_madis_hydro_data.f:1019:46:

  688 |        nf_status=NF_GET_VAR_INT(nf_fid,nf_vid,filterSetNum)
      |                                              2
......
 1019 |        nf_status=NF_GET_VAR_INT(nf_fid,nf_vid,precip24hrQCR)
      |                                              1
Warning: Rank mismatch between actual argument at (1) and actual argument at (2) (scalar and rank-1)
read_madis_hydro_data.f:1034:46:

  688 |        nf_status=NF_GET_VAR_INT(nf_fid,nf_vid,filterSetNum)
      |                                              2
......
 1034 |        nf_status=NF_GET_VAR_INT(nf_fid,nf_vid,precip3hrICA)
      |                                              1
Warning: Rank mismatch between actual argument at (1) and actual argument at (2) (scalar and rank-1)
read_madis_hydro_data.f:1049:46:

  688 |        nf_status=NF_GET_VAR_INT(nf_fid,nf_vid,filterSetNum)
      |                                              2
......
 1049 |        nf_status=NF_GET_VAR_INT(nf_fid,nf_vid,precip3hrICR)
      |                                              1
Warning: Rank mismatch between actual argument at (1) and actual argument at (2) (scalar and rank-1)
read_madis_hydro_data.f:1064:46:

  688 |        nf_status=NF_GET_VAR_INT(nf_fid,nf_vid,filterSetNum)
      |                                              2
......
 1064 |        nf_status=NF_GET_VAR_INT(nf_fid,nf_vid,precip3hrQCA)
      |                                              1
Warning: Rank mismatch between actual argument at (1) and actual argument at (2) (scalar and rank-1)
read_madis_hydro_data.f:1079:46:

  688 |        nf_status=NF_GET_VAR_INT(nf_fid,nf_vid,filterSetNum)
      |                                              2
......
 1079 |        nf_status=NF_GET_VAR_INT(nf_fid,nf_vid,precip3hrQCR)
      |                                              1
Warning: Rank mismatch between actual argument at (1) and actual argument at (2) (scalar and rank-1)
read_madis_hydro_data.f:1094:46:

  688 |        nf_status=NF_GET_VAR_INT(nf_fid,nf_vid,filterSetNum)
      |                                              2
......
 1094 |        nf_status=NF_GET_VAR_INT(nf_fid,nf_vid,precip5minICA)
      |                                              1
Warning: Rank mismatch between actual argument at (1) and actual argument at (2) (scalar and rank-1)
read_madis_hydro_data.f:1109:46:

  688 |        nf_status=NF_GET_VAR_INT(nf_fid,nf_vid,filterSetNum)
      |                                              2
......
 1109 |        nf_status=NF_GET_VAR_INT(nf_fid,nf_vid,precip5minICR)
      |                                              1
Warning: Rank mismatch between actual argument at (1) and actual argument at (2) (scalar and rank-1)
read_madis_hydro_data.f:1124:46:

  688 |        nf_status=NF_GET_VAR_INT(nf_fid,nf_vid,filterSetNum)
      |                                              2
......
 1124 |        nf_status=NF_GET_VAR_INT(nf_fid,nf_vid,precip5minQCA)
      |                                              1
Warning: Rank mismatch between actual argument at (1) and actual argument at (2) (scalar and rank-1)
read_madis_hydro_data.f:1139:46:

  688 |        nf_status=NF_GET_VAR_INT(nf_fid,nf_vid,filterSetNum)
      |                                              2
......
 1139 |        nf_status=NF_GET_VAR_INT(nf_fid,nf_vid,precip5minQCR)
      |                                              1
Warning: Rank mismatch between actual argument at (1) and actual argument at (2) (scalar and rank-1)
read_madis_hydro_data.f:1154:46:

  688 |        nf_status=NF_GET_VAR_INT(nf_fid,nf_vid,filterSetNum)
      |                                              2
......
 1154 |        nf_status=NF_GET_VAR_INT(nf_fid,nf_vid,precip6hrICA)
      |                                              1
Warning: Rank mismatch between actual argument at (1) and actual argument at (2) (scalar and rank-1)
read_madis_hydro_data.f:1169:46:

  688 |        nf_status=NF_GET_VAR_INT(nf_fid,nf_vid,filterSetNum)
      |                                              2
......
 1169 |        nf_status=NF_GET_VAR_INT(nf_fid,nf_vid,precip6hrICR)
      |                                              1
Warning: Rank mismatch between actual argument at (1) and actual argument at (2) (scalar and rank-1)
read_madis_hydro_data.f:1184:46:

  688 |        nf_status=NF_GET_VAR_INT(nf_fid,nf_vid,filterSetNum)
      |                                              2
......
 1184 |        nf_status=NF_GET_VAR_INT(nf_fid,nf_vid,precip6hrQCA)
      |                                              1
Warning: Rank mismatch between actual argument at (1) and actual argument at (2) (scalar and rank-1)
read_madis_hydro_data.f:1199:46:

  688 |        nf_status=NF_GET_VAR_INT(nf_fid,nf_vid,filterSetNum)
      |                                              2
......
 1199 |        nf_status=NF_GET_VAR_INT(nf_fid,nf_vid,precip6hrQCR)
      |                                              1
Warning: Rank mismatch between actual argument at (1) and actual argument at (2) (scalar and rank-1)
read_madis_hydro_data.f:1214:46:

  688 |        nf_status=NF_GET_VAR_INT(nf_fid,nf_vid,filterSetNum)
      |                                              2
......
 1214 |        nf_status=NF_GET_VAR_INT(nf_fid,nf_vid,precipAccumICA)
      |                                              1
Warning: Rank mismatch between actual argument at (1) and actual argument at (2) (scalar and rank-1)
read_madis_hydro_data.f:1229:46:

  688 |        nf_status=NF_GET_VAR_INT(nf_fid,nf_vid,filterSetNum)
      |                                              2
......
 1229 |        nf_status=NF_GET_VAR_INT(nf_fid,nf_vid,precipAccumICR)
      |                                              1
Warning: Rank mismatch between actual argument at (1) and actual argument at (2) (scalar and rank-1)
read_madis_hydro_data.f:1244:46:

  688 |        nf_status=NF_GET_VAR_INT(nf_fid,nf_vid,filterSetNum)
      |                                              2
......
 1244 |        nf_status=NF_GET_VAR_INT(nf_fid,nf_vid,precipAccumQCA)
      |                                              1
Warning: Rank mismatch between actual argument at (1) and actual argument at (2) (scalar and rank-1)
read_madis_hydro_data.f:1259:46:

  688 |        nf_status=NF_GET_VAR_INT(nf_fid,nf_vid,filterSetNum)
      |                                              2
......
 1259 |        nf_status=NF_GET_VAR_INT(nf_fid,nf_vid,precipAccumQCR)
      |                                              1
Warning: Rank mismatch between actual argument at (1) and actual argument at (2) (scalar and rank-1)
read_madis_hydro_data.f:1275:46:

  688 |        nf_status=NF_GET_VAR_INT(nf_fid,nf_vid,filterSetNum)
      |                                              2
......
 1275 |        nf_status=NF_GET_VAR_INT(nf_fid,nf_vid,prevRecord)
      |                                              1
Warning: Rank mismatch between actual argument at (1) and actual argument at (2) (scalar and rank-1)
read_madis_hydro_data.f:1290:46:

  688 |        nf_status=NF_GET_VAR_INT(nf_fid,nf_vid,filterSetNum)
      |                                              2
......
 1290 |        nf_status=NF_GET_VAR_INT(nf_fid,nf_vid,secondsStage1_2)
      |                                              1
Warning: Rank mismatch between actual argument at (1) and actual argument at (2) (scalar and rank-1)
read_madis_hydro_data.f:1305:46:

  688 |        nf_status=NF_GET_VAR_INT(nf_fid,nf_vid,filterSetNum)
      |                                              2
......
 1305 |        nf_status=NF_GET_VAR_INT(nf_fid,nf_vid,secondsStage3)
      |                                              1
Warning: Rank mismatch between actual argument at (1) and actual argument at (2) (scalar and rank-1)
ar rv libsao.a read_madis_hydro_data.o
a - read_madis_hydro_data.o
gfortran -ffree-line-length-none -fallow-argument-mismatch -I../../../src/include -I/opt/homebrew/include -I../../../src/lib -I../../../src/lib/modules -I../../../src/lib/cloud -I../../../src/lib/radar/synp -I../../../src/lib/degrib   -c -o qc_madis.o qc_madis.f
ar rv libsao.a qc_madis.o
a - qc_madis.o
gfortran -ffree-line-length-none -fallow-argument-mismatch -I../../../src/include -I/opt/homebrew/include -I../../../src/lib -I../../../src/lib/modules -I../../../src/lib/cloud -I../../../src/lib/radar/synp -I../../../src/lib/degrib   -c -o get_local_cwb.o get_local_cwb.f
ar rv libsao.a get_local_cwb.o
a - get_local_cwb.o
gfortran -ffree-line-length-none -fallow-argument-mismatch -I../../../src/include -I/opt/homebrew/include -I../../../src/lib -I../../../src/lib/modules -I../../../src/lib/cloud -I../../../src/lib/radar/synp -I../../../src/lib/degrib   -c -o read_local_cwb.o read_local_cwb.f
ar rv libsao.a read_local_cwb.o
a - read_local_cwb.o
gfortran -ffree-line-length-none -fallow-argument-mismatch -I../../../src/include -I/opt/homebrew/include -I../../../src/lib -I../../../src/lib/modules -I../../../src/lib/cloud -I../../../src/lib/radar/synp -I../../../src/lib/degrib   -c -o get_maritime_obs.o get_maritime_obs.f
get_maritime_obs.f:400:19:

  396 |            if( nanf( lats(i) ) .eq. 1 ) lats(i)  = badflag
      |                          2
......
  400 |            if( nanf( timeobs(i) ) .eq. 1 ) lats(i) = badflag
      |                          1
Warning: Type mismatch between actual argument at (1) and actual argument at (2) (REAL(8)/REAL(4)).
ar rv libsao.a get_maritime_obs.o
a - get_maritime_obs.o
gfortran -ffree-line-length-none -fallow-argument-mismatch -I../../../src/include -I/opt/homebrew/include -I../../../src/lib -I../../../src/lib/modules -I../../../src/lib/cloud -I../../../src/lib/radar/synp -I../../../src/lib/degrib   -c -o read_maritime.o read_maritime.f
ar rv libsao.a read_maritime.o
a - read_maritime.o
gfortran -ffree-line-length-none -fallow-argument-mismatch -I../../../src/include -I/opt/homebrew/include -I../../../src/lib -I../../../src/lib/modules -I../../../src/lib/cloud -I../../../src/lib/radar/synp -I../../../src/lib/degrib   -c -o read_buoy_cwb.o read_buoy_cwb.f
read_buoy_cwb.f:102:72:

  102 | 5           read (1,*)
      |                                                                        1
Warning: Fortran 2018 deleted feature: DO termination statement which is not END DO or CONTINUE with label 5 at (1)
ar rv libsao.a read_buoy_cwb.o
a - read_buoy_cwb.o
gfortran -ffree-line-length-none -fallow-argument-mismatch -I../../../src/include -I/opt/homebrew/include -I../../../src/lib -I../../../src/lib/modules -I../../../src/lib/cloud -I../../../src/lib/radar/synp -I../../../src/lib/degrib   -c -o read_ship_cwb.o read_ship_cwb.f
read_ship_cwb.f:289:72:

  289 |       do 100 i= 1,maxSkyCover
      |                                                                        1
Warning: Fortran 2018 deleted feature: Shared DO termination label 100 at (1)
ar rv libsao.a read_ship_cwb.o
a - read_ship_cwb.o
gfortran -ffree-line-length-none -fallow-argument-mismatch -I../../../src/include -I/opt/homebrew/include -I../../../src/lib -I../../../src/lib/modules -I../../../src/lib/cloud -I../../../src/lib/radar/synp -I../../../src/lib/degrib   -c -o get_synop_obs.o get_synop_obs.f
get_synop_obs.f:302:19:

  298 |            if( nanf( lats(i) ) .eq. 1 ) lats(i)  = badflag
      |                          2
......
  302 |            if( nanf( timeobs(i) ) .eq. 1 ) lats(i) = badflag
      |                          1
Warning: Type mismatch between actual argument at (1) and actual argument at (2) (REAL(8)/REAL(4)).
ar rv libsao.a get_synop_obs.o
a - get_synop_obs.o
gfortran -ffree-line-length-none -fallow-argument-mismatch -I../../../src/include -I/opt/homebrew/include -I../../../src/lib -I../../../src/lib/modules -I../../../src/lib/cloud -I../../../src/lib/radar/synp -I../../../src/lib/degrib   -c -o read_synop.o read_synop.f
ar rv libsao.a read_synop.o
a - read_synop.o
gfortran -ffree-line-length-none -fallow-argument-mismatch -I../../../src/include -I/opt/homebrew/include -I../../../src/lib -I../../../src/lib/modules -I../../../src/lib/cloud -I../../../src/lib/radar/synp -I../../../src/lib/degrib   -c -o get_gps_obs.o get_gps_obs.f
get_gps_obs.f:219:19:

  215 |            if( nanf( lats(i) ) .eq. 1 ) lats(i)  = badflag
      |                          2
......
  219 |            if( nanf( timeobs(i) ) .eq. 1 ) lats(i) = badflag
      |                          1
Warning: Type mismatch between actual argument at (1) and actual argument at (2) (REAL(8)/REAL(4)).
ar rv libsao.a get_gps_obs.o
a - get_gps_obs.o
gfortran -ffree-line-length-none -fallow-argument-mismatch -I../../../src/include -I/opt/homebrew/include -I../../../src/lib -I../../../src/lib/modules -I../../../src/lib/cloud -I../../../src/lib/radar/synp -I../../../src/lib/degrib   -c -o read_gps.o read_gps.f
ar rv libsao.a read_gps.o
a - read_gps.o
gfortran -ffree-line-length-none -fallow-argument-mismatch -I../../../src/include -I/opt/homebrew/include -I../../../src/lib -I../../../src/lib/modules -I../../../src/lib/cloud -I../../../src/lib/radar/synp -I../../../src/lib/degrib   -c -o tower_sfc_driver.o tower_sfc_driver.f
ar rv libsao.a tower_sfc_driver.o
a - tower_sfc_driver.o
gfortran obs_driver.f -ffree-line-length-none -fallow-argument-mismatch -I../../../src/include -I/opt/homebrew/include -I../../../src/lib -I../../../src/lib/modules -I../../../src/lib/cloud -I../../../src/lib/radar/synp -I../../../src/lib/degrib  libsao.a ../../../src/lib/liblaps.a ../../../src/lib/mthermo/libmthermo.a ../../../src/lib/modules/libmodules.a   -L/opt/homebrew/lib -lnetcdff -lnetcdf   -lgcc -o obs_driver.x
rm -f *.o
 
Making Laps in directory src/ingest/satellite/cloud_drift
gfortran -ffree-line-length-none -fallow-argument-mismatch -I../../../../src/include -I/opt/homebrew/include -I../../../../src/lib -I../../../../src/lib/modules -I../../../../src/lib/cloud -I../../../../src/lib/radar/synp -I../../../../src/lib/degrib  ingest_cloud_drift.f cloud_drift_sub.f cloud_drift_sub_af.f cloud_drift_sub_cwb_hdsw.f cloud_drift_sub_madis.f cloud_drift_sub_cwb_satob.f  ../../../../src/lib/liblaps.a ../../../../src/lib/modules/libmodules.a   -L/opt/homebrew/lib -lnetcdff -lnetcdf   -lgcc -o ingest_cloud_drift.exe
cloud_drift_sub_cwb_hdsw.f:94:72:

   94 |      ~                 windDir(i), windSpeed(i), a9timeObs(i)
      |                                                                        1
Warning: Fortran 2018 deleted feature: DO termination statement which is not END DO or CONTINUE with label 900 at (1)
cloud_drift_sub_cwb_satob.f:104:72:

  104 |      ~                 windDir(i), windSpeed(i), a9timeObs(i)
      |                                                                        1
Warning: Fortran 2018 deleted feature: DO termination statement which is not END DO or CONTINUE with label 900 at (1)
rm -f *.o
 
Making Laps in directory src/ingest/satellite/lvd
gfortran -ffree-line-length-none -fallow-argument-mismatch -I../../../../src/include -I/opt/homebrew/include -I../../../../src/lib -I../../../../src/lib/modules -I../../../../src/lib/cloud -I../../../../src/lib/radar/synp -I../../../../src/lib/degrib   -c -o lvd_driver_sub.o lvd_driver_sub.f
ar rv liblvd.a lvd_driver_sub.o
ar: creating archive liblvd.a
a - lvd_driver_sub.o
gfortran -ffree-line-length-none -fallow-argument-mismatch -I../../../../src/include -I/opt/homebrew/include -I../../../../src/lib -I../../../../src/lib/modules -I../../../../src/lib/cloud -I../../../../src/lib/radar/synp -I../../../../src/lib/degrib   -c -o readcdf.o readcdf.f
ar rv liblvd.a readcdf.o
a - readcdf.o
gfortran -ffree-line-length-none -fallow-argument-mismatch -I../../../../src/include -I/opt/homebrew/include -I../../../../src/lib -I../../../../src/lib/modules -I../../../../src/lib/cloud -I../../../../src/lib/radar/synp -I../../../../src/lib/degrib   -c -o readsatdat.o readsatdat.f
ar rv liblvd.a readsatdat.o
a - readsatdat.o
gfortran -ffree-line-length-none -fallow-argument-mismatch -I../../../../src/include -I/opt/homebrew/include -I../../../../src/lib -I../../../../src/lib/modules -I../../../../src/lib/cloud -I../../../../src/lib/radar/synp -I../../../../src/lib/degrib   -c -o read_ascii_satdat.o read_ascii_satdat.f
ar rv liblvd.a read_ascii_satdat.o
a - read_ascii_satdat.o
gfortran -ffree-line-length-none -fallow-argument-mismatch -I../../../../src/include -I/opt/homebrew/include -I../../../../src/lib -I../../../../src/lib/modules -I../../../../src/lib/cloud -I../../../../src/lib/radar/synp -I../../../../src/lib/degrib   -c -o read_gwc_satdat.o read_gwc_satdat.f
ar rv liblvd.a read_gwc_satdat.o
a - read_gwc_satdat.o
gfortran -ffree-line-length-none -fallow-argument-mismatch -I../../../../src/include -I/opt/homebrew/include -I../../../../src/lib -I../../../../src/lib/modules -I../../../../src/lib/cloud -I../../../../src/lib/radar/synp -I../../../../src/lib/degrib   -c -o read_gms_hko.o read_gms_hko.f
ar rv liblvd.a read_gms_hko.o
a - read_gms_hko.o
gcc -DMAC   -Wno-error=int-to-pointer-cast -Wno-error=pointer-to-int-cast -Wno-error=implicit-function-declaration -I../../../../src/include -I/opt/homebrew/include -I../../../../src/lib -I../../../../src/lib/modules -I../../../../src/lib/cloud -I../../../../src/lib/radar/synp -I../../../../src/lib/degrib -I/opt/homebrew/include -Dunknown -DFORTRANUNDERSCORE -DDYNAMIC -DMULTI_EXEC  -c -o read_gms_image.o read_gms_image.c
ar rv liblvd.a read_gms_image.o
a - read_gms_image.o
gfortran -ffree-line-length-none -fallow-argument-mismatch -I../../../../src/include -I/opt/homebrew/include -I../../../../src/lib -I../../../../src/lib/modules -I../../../../src/lib/cloud -I../../../../src/lib/radar/synp -I../../../../src/lib/degrib   -c -o read_gms_taiwan.o read_gms_taiwan.f
ar rv liblvd.a read_gms_taiwan.o
a - read_gms_taiwan.o
gfortran -ffree-line-length-none -fallow-argument-mismatch -I../../../../src/include -I/opt/homebrew/include -I../../../../src/lib -I../../../../src/lib/modules -I../../../../src/lib/cloud -I../../../../src/lib/radar/synp -I../../../../src/lib/degrib   -c -o readlut.o readlut.f
ar rv liblvd.a readlut.o
a - readlut.o
gfortran -ffree-line-length-none -fallow-argument-mismatch -I../../../../src/include -I/opt/homebrew/include -I../../../../src/lib -I../../../../src/lib/modules -I../../../../src/lib/cloud -I../../../../src/lib/radar/synp -I../../../../src/lib/degrib   -c -o read_gvarimg_cnt2btemp_lut.o read_gvarimg_cnt2btemp_lut.f
ar rv liblvd.a read_gvarimg_cnt2btemp_lut.o
a - read_gvarimg_cnt2btemp_lut.o
gfortran -ffree-line-length-none -fallow-argument-mismatch -I../../../../src/include -I/opt/homebrew/include -I../../../../src/lib -I../../../../src/lib/modules -I../../../../src/lib/cloud -I../../../../src/lib/radar/synp -I../../../../src/lib/degrib   -c -o rdcdfblock.o rdcdfblock.f
ar rv liblvd.a rdcdfblock.o
a - rdcdfblock.o
gfortran -ffree-line-length-none -fallow-argument-mismatch -I../../../../src/include -I/opt/homebrew/include -I../../../../src/lib -I../../../../src/lib/modules -I../../../../src/lib/cloud -I../../../../src/lib/radar/synp -I../../../../src/lib/degrib   -c -o get_cldtop_p_sub.o get_cldtop_p_sub.f
ar rv liblvd.a get_cldtop_p_sub.o
a - get_cldtop_p_sub.o
gfortran -ffree-line-length-none -fallow-argument-mismatch -I../../../../src/include -I/opt/homebrew/include -I../../../../src/lib -I../../../../src/lib/modules -I../../../../src/lib/cloud -I../../../../src/lib/radar/synp -I../../../../src/lib/degrib   -c -o getcdf_satdat.o getcdf_satdat.f
ar rv liblvd.a getcdf_satdat.o
a - getcdf_satdat.o
gfortran -ffree-line-length-none -fallow-argument-mismatch -I../../../../src/include -I/opt/homebrew/include -I../../../../src/lib -I../../../../src/lib/modules -I../../../../src/lib/cloud -I../../../../src/lib/radar/synp -I../../../../src/lib/degrib   -c -o getsat_attributes.o getsat_attributes.f
ar rv liblvd.a getsat_attributes.o
a - getsat_attributes.o
gfortran -ffree-line-length-none -fallow-argument-mismatch -I../../../../src/include -I/opt/homebrew/include -I../../../../src/lib -I../../../../src/lib/modules -I../../../../src/lib/cloud -I../../../../src/lib/radar/synp -I../../../../src/lib/degrib   -c -o getafgwc_satdat.o getafgwc_satdat.f
ar rv liblvd.a getafgwc_satdat.o
a - getafgwc_satdat.o
gfortran -ffree-line-length-none -fallow-argument-mismatch -I../../../../src/include -I/opt/homebrew/include -I../../../../src/lib -I../../../../src/lib/modules -I../../../../src/lib/cloud -I../../../../src/lib/radar/synp -I../../../../src/lib/degrib   -c -o compute_gvarimg_res.o compute_gvarimg_res.f
ar rv liblvd.a compute_gvarimg_res.o
a - compute_gvarimg_res.o
gfortran -ffree-line-length-none -fallow-argument-mismatch -I../../../../src/include -I/opt/homebrew/include -I../../../../src/lib -I../../../../src/lib/modules -I../../../../src/lib/cloud -I../../../../src/lib/radar/synp -I../../../../src/lib/degrib   -c -o c_time_fnc.o c_time_fnc.f
ar rv liblvd.a c_time_fnc.o
a - c_time_fnc.o
gfortran -ffree-line-length-none -fallow-argument-mismatch -I../../../../src/include -I/opt/homebrew/include -I../../../../src/lib -I../../../../src/lib/modules -I../../../../src/lib/cloud -I../../../../src/lib/radar/synp -I../../../../src/lib/degrib   -c -o ldlapsdata.o ldlapsdata.f
ar rv liblvd.a ldlapsdata.o
a - ldlapsdata.o
gfortran -ffree-line-length-none -fallow-argument-mismatch -I../../../../src/include -I/opt/homebrew/include -I../../../../src/lib -I../../../../src/lib/modules -I../../../../src/lib/cloud -I../../../../src/lib/radar/synp -I../../../../src/lib/degrib   -c -o Process_SDHS_GVAR_sub.o Process_SDHS_GVAR_sub.f
ar rv liblvd.a Process_SDHS_GVAR_sub.o
a - Process_SDHS_GVAR_sub.o
gfortran -ffree-line-length-none -fallow-argument-mismatch -I../../../../src/include -I/opt/homebrew/include -I../../../../src/lib -I../../../../src/lib/modules -I../../../../src/lib/cloud -I../../../../src/lib/radar/synp -I../../../../src/lib/degrib   -c -o satir_process.o satir_process.f
ar rv liblvd.a satir_process.o
a - satir_process.o
gfortran -ffree-line-length-none -fallow-argument-mismatch -I../../../../src/include -I/opt/homebrew/include -I../../../../src/lib -I../../../../src/lib/modules -I../../../../src/lib/cloud -I../../../../src/lib/radar/synp -I../../../../src/lib/degrib   -c -o satvis_process.o satvis_process.f
ar rv liblvd.a satvis_process.o
a - satvis_process.o
gfortran -ffree-line-length-none -fallow-argument-mismatch -I../../../../src/include -I/opt/homebrew/include -I../../../../src/lib -I../../../../src/lib/modules -I../../../../src/lib/cloud -I../../../../src/lib/radar/synp -I../../../../src/lib/degrib   -c -o satir2laps.o satir2laps.f
satir2laps.f:153:72:

  153 |           DO 10 I=1,IMAX
      |                                                                        1
Warning: Fortran 2018 deleted feature: Shared DO termination label 10 at (1)
satir2laps.f:193:72:

  193 |                    DO 3 II=istart,iend
      |                                                                        1
Warning: Fortran 2018 deleted feature: Shared DO termination label 3 at (1)
satir2laps.f:370:72:

  370 |           DO 30 I=1,IMAX
      |                                                                        1
Warning: Fortran 2018 deleted feature: Shared DO termination label 30 at (1)
ar rv liblvd.a satir2laps.o
a - satir2laps.o
gfortran -ffree-line-length-none -fallow-argument-mismatch -I../../../../src/include -I/opt/homebrew/include -I../../../../src/lib -I../../../../src/lib/modules -I../../../../src/lib/cloud -I../../../../src/lib/radar/synp -I../../../../src/lib/degrib   -c -o satvis2laps.o satvis2laps.f
satvis2laps.f:133:72:

  133 |           DO 10 I=1,IMAX
      |                                                                        1
Warning: Fortran 2018 deleted feature: Shared DO termination label 10 at (1)
satvis2laps.f:171:72:

  171 |                   DO 3 II=istart,iend
      |                                                                        1
Warning: Fortran 2018 deleted feature: Shared DO termination label 3 at (1)
satvis2laps.f:228:72:

  228 |           DO 20 I=1,IMAX
      |                                                                        1
Warning: Fortran 2018 deleted feature: Shared DO termination label 20 at (1)
ar rv liblvd.a satvis2laps.o
a - satvis2laps.o
gfortran -ffree-line-length-none -fallow-argument-mismatch -I../../../../src/include -I/opt/homebrew/include -I../../../../src/lib -I../../../../src/lib/modules -I../../../../src/lib/cloud -I../../../../src/lib/radar/synp -I../../../../src/lib/degrib   -c -o set_missing_sat.o set_missing_sat.f
ar rv liblvd.a set_missing_sat.o
a - set_missing_sat.o
gfortran -ffree-line-length-none -fallow-argument-mismatch -I../../../../src/include -I/opt/homebrew/include -I../../../../src/lib -I../../../../src/lib/modules -I../../../../src/lib/cloud -I../../../../src/lib/radar/synp -I../../../../src/lib/degrib   -c -o setmissingflag.o setmissingflag.f
ar rv liblvd.a setmissingflag.o
a - setmissingflag.o
gfortran -ffree-line-length-none -fallow-argument-mismatch -I../../../../src/include -I/opt/homebrew/include -I../../../../src/lib -I../../../../src/lib/modules -I../../../../src/lib/cloud -I../../../../src/lib/radar/synp -I../../../../src/lib/degrib   -c -o satdatfill.o satdatfill.f
ar rv liblvd.a satdatfill.o
a - satdatfill.o
gfortran -ffree-line-length-none -fallow-argument-mismatch -I../../../../src/include -I/opt/homebrew/include -I../../../../src/lib -I../../../../src/lib/modules -I../../../../src/lib/cloud -I../../../../src/lib/radar/synp -I../../../../src/lib/degrib   -c -o satfill1.o satfill1.f
ar rv liblvd.a satfill1.o
a - satfill1.o
gfortran -ffree-line-length-none -fallow-argument-mismatch -I../../../../src/include -I/opt/homebrew/include -I../../../../src/lib -I../../../../src/lib/modules -I../../../../src/lib/cloud -I../../../../src/lib/radar/synp -I../../../../src/lib/degrib   -c -o imagecomp.o imagecomp.f
ar rv liblvd.a imagecomp.o
a - imagecomp.o
gfortran -ffree-line-length-none -fallow-argument-mismatch -I../../../../src/include -I/opt/homebrew/include -I../../../../src/lib -I../../../../src/lib/modules -I../../../../src/lib/cloud -I../../../../src/lib/radar/synp -I../../../../src/lib/degrib   -c -o check_data.o check_data.f
ar rv liblvd.a check_data.o
a - check_data.o
gfortran -ffree-line-length-none -fallow-argument-mismatch -I../../../../src/include -I/opt/homebrew/include -I../../../../src/lib -I../../../../src/lib/modules -I../../../../src/lib/cloud -I../../../../src/lib/radar/synp -I../../../../src/lib/degrib   -c -o compute_nav_llij.o compute_nav_llij.f
ar rv liblvd.a compute_nav_llij.o
a - compute_nav_llij.o
gfortran -ffree-line-length-none -fallow-argument-mismatch -I../../../../src/include -I/opt/homebrew/include -I../../../../src/lib -I../../../../src/lib/modules -I../../../../src/lib/cloud -I../../../../src/lib/radar/synp -I../../../../src/lib/degrib   -c -o latlon_to_grij.o latlon_to_grij.f
ar rv liblvd.a latlon_to_grij.o
a - latlon_to_grij.o
gfortran -ffree-line-length-none -fallow-argument-mismatch -I../../../../src/include -I/opt/homebrew/include -I../../../../src/lib -I../../../../src/lib/modules -I../../../../src/lib/cloud -I../../../../src/lib/radar/synp -I../../../../src/lib/degrib   -c -o genbtemplut.o genbtemplut.f
ar rv liblvd.a genbtemplut.o
a - genbtemplut.o
gfortran -ffree-line-length-none -fallow-argument-mismatch -I../../../../src/include -I/opt/homebrew/include -I../../../../src/lib -I../../../../src/lib/modules -I../../../../src/lib/cloud -I../../../../src/lib/radar/synp -I../../../../src/lib/degrib   -c -o btempconvert.o btempconvert.f
ar rv liblvd.a btempconvert.o
a - btempconvert.o
gfortran -ffree-line-length-none -fallow-argument-mismatch -I../../../../src/include -I/opt/homebrew/include -I../../../../src/lib -I../../../../src/lib/modules -I../../../../src/lib/cloud -I../../../../src/lib/radar/synp -I../../../../src/lib/degrib   -c -o btempconv_asc.o btempconv_asc.f
ar rv liblvd.a btempconv_asc.o
a - btempconv_asc.o
gfortran -ffree-line-length-none -fallow-argument-mismatch -I../../../../src/include -I/opt/homebrew/include -I../../../../src/lib -I../../../../src/lib/modules -I../../../../src/lib/cloud -I../../../../src/lib/radar/synp -I../../../../src/lib/degrib   -c -o wait_for_satdat.o wait_for_satdat.f
ar rv liblvd.a wait_for_satdat.o
a - wait_for_satdat.o
gfortran -ffree-line-length-none -fallow-argument-mismatch -I../../../../src/include -I/opt/homebrew/include -I../../../../src/lib -I../../../../src/lib/modules -I../../../../src/lib/cloud -I../../../../src/lib/radar/synp -I../../../../src/lib/degrib   -c -o wait_for_wfo_satdat.o wait_for_wfo_satdat.f
ar rv liblvd.a wait_for_wfo_satdat.o
a - wait_for_wfo_satdat.o
gfortran -ffree-line-length-none -fallow-argument-mismatch -I../../../../src/include -I/opt/homebrew/include -I../../../../src/lib -I../../../../src/lib/modules -I../../../../src/lib/cloud -I../../../../src/lib/radar/synp -I../../../../src/lib/degrib   -c -o setvisflag.o setvisflag.f
ar rv liblvd.a setvisflag.o
a - setvisflag.o
gfortran -ffree-line-length-none -fallow-argument-mismatch -I../../../../src/include -I/opt/homebrew/include -I../../../../src/lib -I../../../../src/lib/modules -I../../../../src/lib/cloud -I../../../../src/lib/radar/synp -I../../../../src/lib/degrib   -c -o decellularize_gwc_image.o decellularize_gwc_image.f
ar rv liblvd.a decellularize_gwc_image.o
a - decellularize_gwc_image.o
gfortran lvd_sat_ingest.f -ffree-line-length-none -fallow-argument-mismatch -I../../../../src/include -I/opt/homebrew/include -I../../../../src/lib -I../../../../src/lib/modules -I../../../../src/lib/cloud -I../../../../src/lib/radar/synp -I../../../../src/lib/degrib  liblvd.a ../../../../src/lib/satellite/libsatellite.a ../../../../src/lib/liblaps.a ../../../../src/lib/modules/libmodules.a ../../../../src/lib/goesinav/libgoesinav.a ../../../../src/lib/nav/libnav.a ../../../../src/lib/util/libutil.a -L/opt/homebrew/lib -lnetcdff -lnetcdf   -lgcc -o lvd_sat_ingest.exe
rm -f *.o
 
Making Laps in directory src/ingest/satellite/sounding
gfortran -ffree-line-length-none -fallow-argument-mismatch -I../../../../src/include -I/opt/homebrew/include -I../../../../src/lib -I../../../../src/lib/modules -I../../../../src/lib/cloud -I../../../../src/lib/radar/synp -I../../../../src/lib/degrib   -c -o getsnddata.o getsnddata.f
ar rv libgenlsr.a getsnddata.o
ar: creating archive libgenlsr.a
a - getsnddata.o
gfortran -ffree-line-length-none -fallow-argument-mismatch -I../../../../src/include -I/opt/homebrew/include -I../../../../src/lib -I../../../../src/lib/modules -I../../../../src/lib/cloud -I../../../../src/lib/radar/synp -I../../../../src/lib/degrib   -c -o gen_gvrsndr_lut_lsr.o gen_gvrsndr_lut_lsr.f
ar rv libgenlsr.a gen_gvrsndr_lut_lsr.o
a - gen_gvrsndr_lut_lsr.o
gfortran -ffree-line-length-none -fallow-argument-mismatch -I../../../../src/include -I/opt/homebrew/include -I../../../../src/lib -I../../../../src/lib/modules -I../../../../src/lib/cloud -I../../../../src/lib/radar/synp -I../../../../src/lib/degrib   -c -o rddata_line_elem_sub.o rddata_line_elem_sub.f
ar rv libgenlsr.a rddata_line_elem_sub.o
a - rddata_line_elem_sub.o
gfortran -ffree-line-length-none -fallow-argument-mismatch -I../../../../src/include -I/opt/homebrew/include -I../../../../src/lib -I../../../../src/lib/modules -I../../../../src/lib/cloud -I../../../../src/lib/radar/synp -I../../../../src/lib/degrib   -c -o read_sounding_db_cdf.o read_sounding_db_cdf.f
read_sounding_db_cdf.f:158:54:

  116 |       RCODE=NF_GET_VARA_DOUBLE(NCID,varid,START,COUNT,wavelength)
      |                                                      2
......
  158 |       RCODE=NF_GET_VARA_DOUBLE(NCID,varid,START,COUNT,frameStartTime)
      |                                                      1
Warning: Rank mismatch between actual argument at (1) and actual argument at (2) (rank-1 and scalar)
read_sounding_db_cdf.f:186:51:

  130 |       RCODE=NF_GET_VARA_INT(NCID,varid,START,COUNT,northwest_sdr_pixel)
      |                                                   2
......
  186 |       RCODE=NF_GET_VARA_INT(NCID,varid,START,COUNT,imcEnableTime)
      |                                                   1
Warning: Type mismatch between actual argument at (1) and actual argument at (2) (REAL(4)/INTEGER(4)).
ar rv libgenlsr.a read_sounding_db_cdf.o
a - read_sounding_db_cdf.o
gfortran -ffree-line-length-none -fallow-argument-mismatch -I../../../../src/include -I/opt/homebrew/include -I../../../../src/lib -I../../../../src/lib/modules -I../../../../src/lib/cloud -I../../../../src/lib/radar/synp -I../../../../src/lib/degrib   -c -o satsndr2laps.o satsndr2laps.f
satsndr2laps.f:111:72:

  111 |           DO 10 I=1,IMAX
      |                                                                        1
Warning: Fortran 2018 deleted feature: Shared DO termination label 10 at (1)
satsndr2laps.f:153:72:

  153 |                    DO 3 II=istart,iend
      |                                                                        1
Warning: Fortran 2018 deleted feature: Shared DO termination label 3 at (1)
ar rv libgenlsr.a satsndr2laps.o
a - satsndr2laps.o
gfortran -ffree-line-length-none -fallow-argument-mismatch -I../../../../src/include -I/opt/homebrew/include -I../../../../src/lib -I../../../../src/lib/modules -I../../../../src/lib/cloud -I../../../../src/lib/radar/synp -I../../../../src/lib/degrib   -c -o set_missing_sndr.o set_missing_sndr.f
ar rv libgenlsr.a set_missing_sndr.o
a - set_missing_sndr.o
gfortran -ffree-line-length-none -fallow-argument-mismatch -I../../../../src/include -I/opt/homebrew/include -I../../../../src/lib -I../../../../src/lib/modules -I../../../../src/lib/cloud -I../../../../src/lib/radar/synp -I../../../../src/lib/degrib   -c -o count_range.o count_range.f
ar rv libgenlsr.a count_range.o
a - count_range.o
gfortran -ffree-line-length-none -fallow-argument-mismatch -I../../../../src/include -I/opt/homebrew/include -I../../../../src/lib -I../../../../src/lib/modules -I../../../../src/lib/cloud -I../../../../src/lib/radar/synp -I../../../../src/lib/degrib   -c -o write_lsr.o write_lsr.f
ar rv libgenlsr.a write_lsr.o
a - write_lsr.o
gfortran lsr_driver.f -ffree-line-length-none -fallow-argument-mismatch -I../../../../src/include -I/opt/homebrew/include -I../../../../src/lib -I../../../../src/lib/modules -I../../../../src/lib/cloud -I../../../../src/lib/radar/synp -I../../../../src/lib/degrib  libgenlsr.a ../../../../src/lib/liblaps.a ../../../../src/lib/modules/libmodules.a ../../../../src/lib/satellite/libsatellite.a ../../../../src/lib/goesinav/libgoesinav.a ../../../../src/lib/util/libutil.a   -L/opt/homebrew/lib -lnetcdff -lnetcdf   -lgcc -o lsr_driver.exe
rm -f *.o
 
Making Laps in directory src/lapsprep
rm -f  module_constants.o
gfortran -c -ffree-line-length-none -fallow-argument-mismatch -I../../src/include -I/opt/homebrew/include -I../../src/lib -I../../src/lib/modules -I../../src/lib/cloud -I../../src/lib/radar/synp -I../../src/lib/degrib   -fconvert=big-endian module_constants.f90
rm -f  module_date_pack.o
gfortran -c -ffree-line-length-none -fallow-argument-mismatch -I../../src/include -I/opt/homebrew/include -I../../src/lib -I../../src/lib/modules -I../../src/lib/cloud -I../../src/lib/radar/synp -I../../src/lib/degrib   -fconvert=big-endian module_date_pack.f90
rm -f  module_setup.o
gfortran -c -ffree-line-length-none -fallow-argument-mismatch -I../../src/include -I/opt/homebrew/include -I../../src/lib -I../../src/lib/modules -I../../src/lib/cloud -I../../src/lib/radar/synp -I../../src/lib/degrib   -fconvert=big-endian module_setup.f90
rm -f  module_laps_static.o
gfortran -c -ffree-line-length-none -fallow-argument-mismatch -I../../src/include -I/opt/homebrew/include -I../../src/lib -I../../src/lib/modules -I../../src/lib/cloud -I../../src/lib/radar/synp -I../../src/lib/degrib   -fconvert=big-endian module_laps_static.f90
rm -f  module_lapsprep_mm5.o
gfortran -c -ffree-line-length-none -fallow-argument-mismatch -I../../src/include -I/opt/homebrew/include -I../../src/lib -I../../src/lib/modules -I../../src/lib/cloud -I../../src/lib/radar/synp -I../../src/lib/degrib   -fconvert=big-endian module_lapsprep_mm5.f90
rm -f  module_lapsprep_rams.o
gfortran -c -ffree-line-length-none -fallow-argument-mismatch -I../../src/include -I/opt/homebrew/include -I../../src/lib -I../../src/lib/modules -I../../src/lib/cloud -I../../src/lib/radar/synp -I../../src/lib/degrib   -fconvert=big-endian module_lapsprep_rams.f90
rm -f  module_lapsprep_wrf.o
gfortran -c -ffree-line-length-none -fallow-argument-mismatch -I../../src/include -I/opt/homebrew/include -I../../src/lib -I../../src/lib/modules -I../../src/lib/cloud -I../../src/lib/radar/synp -I../../src/lib/degrib   -fconvert=big-endian module_lapsprep_wrf.f90
rm -f  module_lapsprep_netcdf.o
gfortran -c -ffree-line-length-none -fallow-argument-mismatch -I../../src/include -I/opt/homebrew/include -I../../src/lib -I../../src/lib/modules -I../../src/lib/cloud -I../../src/lib/radar/synp -I../../src/lib/degrib   -fconvert=big-endian module_lapsprep_netcdf.f90
module_lapsprep_netcdf.f90:307:40:

  252 |   icode=nf_def_var(ncid,'grid_type',nf_char,1,4,nid)
      |                                              2
......
  307 |   icode=nf_def_var(ncid,'sht',nf_real,2,idimid,nid)
      |                                        1
Warning: Rank mismatch between actual argument at (1) and actual argument at (2) (scalar and rank-1)
module_lapsprep_netcdf.f90:310:40:

  252 |   icode=nf_def_var(ncid,'grid_type',nf_char,1,4,nid)
      |                                              2
......
  310 |   icode=nf_def_var(ncid,'spr',nf_real,2,idimid,nid)
      |                                        1
Warning: Rank mismatch between actual argument at (1) and actual argument at (2) (scalar and rank-1)
module_lapsprep_netcdf.f90:313:40:

  252 |   icode=nf_def_var(ncid,'grid_type',nf_char,1,4,nid)
      |                                              2
......
  313 |   icode=nf_def_var(ncid,'slp',nf_real,2,idimid,nid)
      |                                        1
Warning: Rank mismatch between actual argument at (1) and actual argument at (2) (scalar and rank-1)
module_lapsprep_netcdf.f90:316:40:

  252 |   icode=nf_def_var(ncid,'grid_type',nf_char,1,4,nid)
      |                                              2
......
  316 |   icode=nf_def_var(ncid,'stp',nf_real,2,idimid,nid)
      |                                        1
Warning: Rank mismatch between actual argument at (1) and actual argument at (2) (scalar and rank-1)
module_lapsprep_netcdf.f90:319:40:

  252 |   icode=nf_def_var(ncid,'grid_type',nf_char,1,4,nid)
      |                                              2
......
  319 |   icode=nf_def_var(ncid,'smr',nf_real,2,idimid,nid)
      |                                        1
Warning: Rank mismatch between actual argument at (1) and actual argument at (2) (scalar and rank-1)
module_lapsprep_netcdf.f90:322:40:

  252 |   icode=nf_def_var(ncid,'grid_type',nf_char,1,4,nid)
      |                                              2
......
  322 |   icode=nf_def_var(ncid,'srh',nf_real,2,idimid,nid)
      |                                        1
Warning: Rank mismatch between actual argument at (1) and actual argument at (2) (scalar and rank-1)
module_lapsprep_netcdf.f90:325:40:

  252 |   icode=nf_def_var(ncid,'grid_type',nf_char,1,4,nid)
      |                                              2
......
  325 |   icode=nf_def_var(ncid,'suw',nf_real,2,idimid,nid)
      |                                        1
Warning: Rank mismatch between actual argument at (1) and actual argument at (2) (scalar and rank-1)
module_lapsprep_netcdf.f90:328:40:

  252 |   icode=nf_def_var(ncid,'grid_type',nf_char,1,4,nid)
      |                                              2
......
  328 |   icode=nf_def_var(ncid,'svw',nf_real,2,idimid,nid)
      |                                        1
Warning: Rank mismatch between actual argument at (1) and actual argument at (2) (scalar and rank-1)
module_lapsprep_netcdf.f90:331:40:

  252 |   icode=nf_def_var(ncid,'grid_type',nf_char,1,4,nid)
      |                                              2
......
  331 |   icode=nf_def_var(ncid,'scv',nf_real,2,idimid,nid)
      |                                        1
Warning: Rank mismatch between actual argument at (1) and actual argument at (2) (scalar and rank-1)
module_lapsprep_netcdf.f90:334:40:

  252 |   icode=nf_def_var(ncid,'grid_type',nf_char,1,4,nid)
      |                                              2
......
  334 |   icode=nf_def_var(ncid,'tsk',nf_real,2,idimid,nid)
      |                                        1
Warning: Rank mismatch between actual argument at (1) and actual argument at (2) (scalar and rank-1)
module_lapsprep_netcdf.f90:341:39:

  252 |   icode=nf_def_var(ncid,'grid_type',nf_char,1,4,nid)
      |                                              2
......
  341 |   icode=nf_def_var(ncid,'ht',nf_real,3,idimid,nid)
      |                                       1
Warning: Rank mismatch between actual argument at (1) and actual argument at (2) (scalar and rank-1)
module_lapsprep_netcdf.f90:344:39:

  252 |   icode=nf_def_var(ncid,'grid_type',nf_char,1,4,nid)
      |                                              2
......
  344 |   icode=nf_def_var(ncid,'tp',nf_real,3,idimid,nid)
      |                                       1
Warning: Rank mismatch between actual argument at (1) and actual argument at (2) (scalar and rank-1)
module_lapsprep_netcdf.f90:347:39:

  252 |   icode=nf_def_var(ncid,'grid_type',nf_char,1,4,nid)
      |                                              2
......
  347 |   icode=nf_def_var(ncid,'mr',nf_real,3,idimid,nid)
      |                                       1
Warning: Rank mismatch between actual argument at (1) and actual argument at (2) (scalar and rank-1)
module_lapsprep_netcdf.f90:350:39:

  252 |   icode=nf_def_var(ncid,'grid_type',nf_char,1,4,nid)
      |                                              2
......
  350 |   icode=nf_def_var(ncid,'rh',nf_real,3,idimid,nid)
      |                                       1
Warning: Rank mismatch between actual argument at (1) and actual argument at (2) (scalar and rank-1)
module_lapsprep_netcdf.f90:353:39:

  252 |   icode=nf_def_var(ncid,'grid_type',nf_char,1,4,nid)
      |                                              2
......
  353 |   icode=nf_def_var(ncid,'uw',nf_real,3,idimid,nid)
      |                                       1
Warning: Rank mismatch between actual argument at (1) and actual argument at (2) (scalar and rank-1)
module_lapsprep_netcdf.f90:356:39:

  252 |   icode=nf_def_var(ncid,'grid_type',nf_char,1,4,nid)
      |                                              2
......
  356 |   icode=nf_def_var(ncid,'vw',nf_real,3,idimid,nid)
      |                                       1
Warning: Rank mismatch between actual argument at (1) and actual argument at (2) (scalar and rank-1)
module_lapsprep_netcdf.f90:361:43:

  252 |   icode=nf_def_var(ncid,'grid_type',nf_char,1,4,nid)
      |                                              2
......
  361 |      icode=nf_def_var(ncid,'lwc',nf_real,3,idimid,nid)
      |                                           1
Warning: Rank mismatch between actual argument at (1) and actual argument at (2) (scalar and rank-1)
module_lapsprep_netcdf.f90:365:43:

  252 |   icode=nf_def_var(ncid,'grid_type',nf_char,1,4,nid)
      |                                              2
......
  365 |      icode=nf_def_var(ncid,'ice',nf_real,3,idimid,nid)
      |                                           1
Warning: Rank mismatch between actual argument at (1) and actual argument at (2) (scalar and rank-1)
module_lapsprep_netcdf.f90:369:43:

  252 |   icode=nf_def_var(ncid,'grid_type',nf_char,1,4,nid)
      |                                              2
......
  369 |      icode=nf_def_var(ncid,'sno',nf_real,3,idimid,nid)
      |                                           1
Warning: Rank mismatch between actual argument at (1) and actual argument at (2) (scalar and rank-1)
module_lapsprep_netcdf.f90:373:43:

  252 |   icode=nf_def_var(ncid,'grid_type',nf_char,1,4,nid)
      |                                              2
......
  373 |      icode=nf_def_var(ncid,'rai',nf_real,3,idimid,nid)
      |                                           1
Warning: Rank mismatch between actual argument at (1) and actual argument at (2) (scalar and rank-1)
module_lapsprep_netcdf.f90:377:43:

  252 |   icode=nf_def_var(ncid,'grid_type',nf_char,1,4,nid)
      |                                              2
......
  377 |      icode=nf_def_var(ncid,'pic',nf_real,3,idimid,nid)
      |                                           1
Warning: Rank mismatch between actual argument at (1) and actual argument at (2) (scalar and rank-1)
module_lapsprep_netcdf.f90:381:42:

  252 |   icode=nf_def_var(ncid,'grid_type',nf_char,1,4,nid)
      |                                              2
......
  381 |      icode=nf_def_var(ncid,'ww',nf_real,3,idimid,nid)
      |                                          1
Warning: Rank mismatch between actual argument at (1) and actual argument at (2) (scalar and rank-1)
module_lapsprep_netcdf.f90:447:33:

  422 |   icode=nf_put_var_real(ncid,nid,dx*1000.)
      |                                 2
......
  447 |   icode=nf_put_var_real(ncid,nid,pr3)
      |                                 1
Warning: Rank mismatch between actual argument at (1) and actual argument at (2) (scalar and rank-1)
module_lapsprep_netcdf.f90:450:33:

  422 |   icode=nf_put_var_real(ncid,nid,dx*1000.)
      |                                 2
......
  450 |   icode=nf_put_var_real(ncid,nid,pr3)
      |                                 1
Warning: Rank mismatch between actual argument at (1) and actual argument at (2) (scalar and rank-1)
module_lapsprep_netcdf.f90:473:33:

  422 |   icode=nf_put_var_real(ncid,nid,dx*1000.)
      |                                 2
......
  473 |   icode=nf_put_var_real(ncid,nid,sht)
      |                                 1
Warning: Rank mismatch between actual argument at (1) and actual argument at (2) (scalar and rank-2)
module_lapsprep_netcdf.f90:475:33:

  422 |   icode=nf_put_var_real(ncid,nid,dx*1000.)
      |                                 2
......
  475 |   icode=nf_put_var_real(ncid,nid,spr)
      |                                 1
Warning: Rank mismatch between actual argument at (1) and actual argument at (2) (scalar and rank-2)
module_lapsprep_netcdf.f90:477:33:

  422 |   icode=nf_put_var_real(ncid,nid,dx*1000.)
      |                                 2
......
  477 |   icode=nf_put_var_real(ncid,nid,slp)
      |                                 1
Warning: Rank mismatch between actual argument at (1) and actual argument at (2) (scalar and rank-2)
module_lapsprep_netcdf.f90:479:33:

  422 |   icode=nf_put_var_real(ncid,nid,dx*1000.)
      |                                 2
......
  479 |   icode=nf_put_var_real(ncid,nid,stp)
      |                                 1
Warning: Rank mismatch between actual argument at (1) and actual argument at (2) (scalar and rank-2)
module_lapsprep_netcdf.f90:481:33:

  422 |   icode=nf_put_var_real(ncid,nid,dx*1000.)
      |                                 2
......
  481 |   icode=nf_put_var_real(ncid,nid,smr)
      |                                 1
Warning: Rank mismatch between actual argument at (1) and actual argument at (2) (scalar and rank-2)
module_lapsprep_netcdf.f90:483:33:

  422 |   icode=nf_put_var_real(ncid,nid,dx*1000.)
      |                                 2
......
  483 |   icode=nf_put_var_real(ncid,nid,srh)
      |                                 1
Warning: Rank mismatch between actual argument at (1) and actual argument at (2) (scalar and rank-2)
module_lapsprep_netcdf.f90:485:33:

  422 |   icode=nf_put_var_real(ncid,nid,dx*1000.)
      |                                 2
......
  485 |   icode=nf_put_var_real(ncid,nid,ut)
      |                                 1
Warning: Rank mismatch between actual argument at (1) and actual argument at (2) (scalar and rank-3)
module_lapsprep_netcdf.f90:487:33:

  422 |   icode=nf_put_var_real(ncid,nid,dx*1000.)
      |                                 2
......
  487 |   icode=nf_put_var_real(ncid,nid,vt)
      |                                 1
Warning: Rank mismatch between actual argument at (1) and actual argument at (2) (scalar and rank-3)
module_lapsprep_netcdf.f90:489:33:

  422 |   icode=nf_put_var_real(ncid,nid,dx*1000.)
      |                                 2
......
  489 |   icode=nf_put_var_real(ncid,nid,scvf)
      |                                 1
Warning: Rank mismatch between actual argument at (1) and actual argument at (2) (scalar and rank-2)
module_lapsprep_netcdf.f90:491:33:

  422 |   icode=nf_put_var_real(ncid,nid,dx*1000.)
      |                                 2
......
  491 |   icode=nf_put_var_real(ncid,nid,tskf)
      |                                 1
Warning: Rank mismatch between actual argument at (1) and actual argument at (2) (scalar and rank-2)
module_lapsprep_netcdf.f90:519:33:

  422 |   icode=nf_put_var_real(ncid,nid,dx*1000.)
      |                                 2
......
  519 |   icode=nf_put_var_real(ncid,nid,ht3)
      |                                 1
Warning: Rank mismatch between actual argument at (1) and actual argument at (2) (scalar and rank-3)
module_lapsprep_netcdf.f90:521:33:

  422 |   icode=nf_put_var_real(ncid,nid,dx*1000.)
      |                                 2
......
  521 |   icode=nf_put_var_real(ncid,nid,tp3)
      |                                 1
Warning: Rank mismatch between actual argument at (1) and actual argument at (2) (scalar and rank-3)
module_lapsprep_netcdf.f90:523:33:

  422 |   icode=nf_put_var_real(ncid,nid,dx*1000.)
      |                                 2
......
  523 |   icode=nf_put_var_real(ncid,nid,mr3)
      |                                 1
Warning: Rank mismatch between actual argument at (1) and actual argument at (2) (scalar and rank-3)
module_lapsprep_netcdf.f90:525:33:

  422 |   icode=nf_put_var_real(ncid,nid,dx*1000.)
      |                                 2
......
  525 |   icode=nf_put_var_real(ncid,nid,rh3)
      |                                 1
Warning: Rank mismatch between actual argument at (1) and actual argument at (2) (scalar and rank-3)
module_lapsprep_netcdf.f90:527:33:

  422 |   icode=nf_put_var_real(ncid,nid,dx*1000.)
      |                                 2
......
  527 |   icode=nf_put_var_real(ncid,nid,ut)
      |                                 1
Warning: Rank mismatch between actual argument at (1) and actual argument at (2) (scalar and rank-3)
module_lapsprep_netcdf.f90:529:33:

  422 |   icode=nf_put_var_real(ncid,nid,dx*1000.)
      |                                 2
......
  529 |   icode=nf_put_var_real(ncid,nid,vt)
      |                                 1
Warning: Rank mismatch between actual argument at (1) and actual argument at (2) (scalar and rank-3)
module_lapsprep_netcdf.f90:533:35:

  422 |   icode=nf_put_var_real(ncid,nid,dx*1000.)
      |                                 2  
......
  533 |     icode=nf_put_var_real(ncid,nid,lwcf)
      |                                   1
Warning: Rank mismatch between actual argument at (1) and actual argument at (2) (scalar and rank-3)
module_lapsprep_netcdf.f90:535:35:

  422 |   icode=nf_put_var_real(ncid,nid,dx*1000.)
      |                                 2  
......
  535 |     icode=nf_put_var_real(ncid,nid,icef)
      |                                   1
Warning: Rank mismatch between actual argument at (1) and actual argument at (2) (scalar and rank-3)
module_lapsprep_netcdf.f90:537:35:

  422 |   icode=nf_put_var_real(ncid,nid,dx*1000.)
      |                                 2  
......
  537 |     icode=nf_put_var_real(ncid,nid,raif)
      |                                   1
Warning: Rank mismatch between actual argument at (1) and actual argument at (2) (scalar and rank-3)
module_lapsprep_netcdf.f90:539:35:

  422 |   icode=nf_put_var_real(ncid,nid,dx*1000.)
      |                                 2  
......
  539 |     icode=nf_put_var_real(ncid,nid,snof)
      |                                   1
Warning: Rank mismatch between actual argument at (1) and actual argument at (2) (scalar and rank-3)
module_lapsprep_netcdf.f90:541:35:

  422 |   icode=nf_put_var_real(ncid,nid,dx*1000.)
      |                                 2  
......
  541 |     icode=nf_put_var_real(ncid,nid,picf)
      |                                   1
Warning: Rank mismatch between actual argument at (1) and actual argument at (2) (scalar and rank-3)
module_lapsprep_netcdf.f90:543:35:

  422 |   icode=nf_put_var_real(ncid,nid,dx*1000.)
      |                                 2  
......
  543 |     icode=nf_put_var_real(ncid,nid,ww3)
      |                                   1
Warning: Rank mismatch between actual argument at (1) and actual argument at (2) (scalar and rank-3)
rm -f  lapsprep.o
gfortran -c -ffree-line-length-none -fallow-argument-mismatch -I../../src/include -I/opt/homebrew/include -I../../src/lib -I../../src/lib/modules -I../../src/lib/cloud -I../../src/lib/radar/synp -I../../src/lib/degrib   -fconvert=big-endian lapsprep.f90
lapsprep.f90:353:37:

  347 |           CALL NCVGT ( cdfid , vid , start , count , rh , rcode )
      |                                     2
......
  353 |           CALL NCVGT ( cdfid , vid , 1 , z3 , p , rcode )
      |                                     1
Warning: Rank mismatch between actual argument at (1) and actual argument at (2) (rank-1 and scalar)
lapsprep.f90:353:41:

  347 |           CALL NCVGT ( cdfid , vid , start , count , rh , rcode )
      |                                             2
......
  353 |           CALL NCVGT ( cdfid , vid , 1 , z3 , p , rcode )
      |                                         1
Warning: Rank mismatch between actual argument at (1) and actual argument at (2) (rank-1 and scalar)
rm -f  lwc2vapor.o
gfortran -c -ffree-line-length-none -fallow-argument-mismatch -I../../src/include -I/opt/homebrew/include -I../../src/lib -I../../src/lib/modules -I../../src/lib/cloud -I../../src/lib/radar/synp -I../../src/lib/degrib   -fconvert=big-endian lwc2vapor.f90
rm -f  ice2vapor.o
gfortran -c -ffree-line-length-none -fallow-argument-mismatch -I../../src/include -I/opt/homebrew/include -I../../src/lib -I../../src/lib/modules -I../../src/lib/cloud -I../../src/lib/radar/synp -I../../src/lib/degrib   -fconvert=big-endian ice2vapor.f90
rm -f  saturate_lwc_points.o
gfortran -c -ffree-line-length-none -fallow-argument-mismatch -I../../src/include -I/opt/homebrew/include -I../../src/lib -I../../src/lib/modules -I../../src/lib/cloud -I../../src/lib/radar/synp -I../../src/lib/degrib   -fconvert=big-endian saturate_lwc_points.f90
rm -f  saturate_ice_points.o
gfortran -c -ffree-line-length-none -fallow-argument-mismatch -I../../src/include -I/opt/homebrew/include -I../../src/lib -I../../src/lib/modules -I../../src/lib/cloud -I../../src/lib/radar/synp -I../../src/lib/degrib   -fconvert=big-endian saturate_ice_points.f90
gfortran -o lapsprep.exe -ffree-line-length-none -fallow-argument-mismatch -I../../src/include -I/opt/homebrew/include -I../../src/lib -I../../src/lib/modules -I../../src/lib/cloud -I../../src/lib/radar/synp -I../../src/lib/degrib  lapsprep.o lwc2vapor.o ice2vapor.o saturate_lwc_points.o saturate_ice_points.o module_constants.o module_date_pack.o module_lapsprep_mm5.o module_lapsprep_rams.o module_lapsprep_wrf.o module_lapsprep_netcdf.o module_laps_static.o module_setup.o  ../../src/lib/liblaps.a ../../src/lib/util/libutil.a ../../src/lib/mthermo/libmthermo.a ../../src/lib/modules/libmodules.a -L/opt/homebrew/lib -lnetcdff -lnetcdf   -lgcc 
 
Making Laps in directory src/laps2grib
rm -f  module_laps2grib_config.o
gfortran -c -ffree-line-length-none -fallow-argument-mismatch -I../../src/include -I/opt/homebrew/include -I../../src/lib -I../../src/lib/modules -I../../src/lib/cloud -I../../src/lib/radar/synp -I../../src/lib/degrib   module_laps2grib_config.f90
rm -f  module_lapsdata.o
gfortran -c -ffree-line-length-none -fallow-argument-mismatch -I../../src/include -I/opt/homebrew/include -I../../src/lib -I../../src/lib/modules -I../../src/lib/cloud -I../../src/lib/radar/synp -I../../src/lib/degrib   module_lapsdata.f90
rm -f  laps2grib.o
gfortran -c -ffree-line-length-none -fallow-argument-mismatch -I../../src/include -I/opt/homebrew/include -I../../src/lib -I../../src/lib/modules -I../../src/lib/cloud -I../../src/lib/radar/synp -I../../src/lib/degrib   laps2grib.f90
gfortran -o laps2grib.exe -ffree-line-length-none -fallow-argument-mismatch -I../../src/include -I/opt/homebrew/include -I../../src/lib -I../../src/lib/modules -I../../src/lib/cloud -I../../src/lib/radar/synp -I../../src/lib/degrib  laps2grib.o module_laps2grib_config.o module_lapsdata.o  ../../src/lib/liblaps.a ../../src/lib/modules/libmodules.a ../../src/lib/grib2/libgrib2.a -L/opt/homebrew/lib -lnetcdff -lnetcdf   -lgcc 
 
Making Laps in directory src/lfmregrid
rm -f  lfmregrid.o
gfortran -c -ffree-line-length-none -fallow-argument-mismatch -I../../src/include -I/opt/homebrew/include -I../../src/lib -I../../src/lib/modules -I../../src/lib/cloud -I../../src/lib/radar/synp -I../../src/lib/degrib   -I../../src/include -I/opt/homebrew/include -I../../src/lib -I../../src/lib/modules -I../../src/lib/cloud -I../../src/lib/radar/synp -I../../src/lib/degrib lfmregrid.f90
rm -f  lfmregrid_sub.o
gfortran -c -ffree-line-length-none -fallow-argument-mismatch -I../../src/include -I/opt/homebrew/include -I../../src/lib -I../../src/lib/modules -I../../src/lib/cloud -I../../src/lib/radar/synp -I../../src/lib/degrib   -I../../src/include -I/opt/homebrew/include -I../../src/lib -I../../src/lib/modules -I../../src/lib/cloud -I../../src/lib/radar/synp -I../../src/lib/degrib lfmregrid_sub.f90
rm -f  lfmwrite_rg.o
gfortran -c -ffree-line-length-none -fallow-argument-mismatch -I../../src/include -I/opt/homebrew/include -I../../src/lib -I../../src/lib/modules -I../../src/lib/cloud -I../../src/lib/radar/synp -I../../src/lib/degrib   -I../../src/include -I/opt/homebrew/include -I../../src/lib -I../../src/lib/modules -I../../src/lib/cloud -I../../src/lib/radar/synp -I../../src/lib/degrib lfmwrite_rg.f90
lfmwrite_rg.f90:134:36:

  103 |                      ,lvltype3d,units3d,com3d,lz,cdl_levels          &
      |                                                 2
......
  134 |                    ,units2d,com2d,1,0.                                  &
      |                                    1
Warning: Rank mismatch between actual argument at (1) and actual argument at (2) (rank-1 and scalar)
gfortran  -o lfmregrid.exe -ffree-line-length-none -fallow-argument-mismatch -I../../src/include -I/opt/homebrew/include -I../../src/lib -I../../src/lib/modules -I../../src/lib/cloud -I../../src/lib/radar/synp -I../../src/lib/degrib  lfmregrid.o lfmregrid_sub.o lfmwrite_rg.o  \
			-L../../src/lib/bgdata -lbgdata ../../src/lib/liblaps.a ../../src/lib/degrib/libdegrib.a ../../src/lib/modules/libmodules.a ../../src/lib/mthermo/libmthermo.a ../../src/lib/util/libutil.a ../../src/lib/bgdata/libbgdata.a ../../src/lib/radar/rutil/librutil.a ../../src/lib/radar/synp/libsynp.a ../../src/lib/w3lib/libw3.a ../../src/lib/g2lib/libg2_4.a  -L/opt/homebrew/lib -lnetcdff -lnetcdf   -lgcc -ljasper -lpng -lz  -I../../src/include -I/opt/homebrew/include -I../../src/lib -I../../src/lib/modules -I../../src/lib/cloud -I../../src/lib/radar/synp -I../../src/lib/degrib -lm
 
Making Laps in directory src/newlfmp
rm -f  lfmgrid.o
gfortran -c -ffree-line-length-none -fallow-argument-mismatch -I../../src/include -I/opt/homebrew/include -I../../src/lib -I../../src/lib/modules -I../../src/lib/cloud -I../../src/lib/radar/synp -I../../src/lib/degrib   -I../../src/include -I/opt/homebrew/include -I../../src/lib -I../../src/lib/modules -I../../src/lib/cloud -I../../src/lib/radar/synp -I../../src/lib/degrib lfmgrid.f90
rm -f  lfmpost.o
gfortran -c -ffree-line-length-none -fallow-argument-mismatch -I../../src/include -I/opt/homebrew/include -I../../src/lib -I../../src/lib/modules -I../../src/lib/cloud -I../../src/lib/radar/synp -I../../src/lib/degrib   -I../../src/include -I/opt/homebrew/include -I../../src/lib -I../../src/lib/modules -I../../src/lib/cloud -I../../src/lib/radar/synp -I../../src/lib/degrib lfmpost.f90
rm -f  constants.o
gfortran -c -ffree-line-length-none -fallow-argument-mismatch -I../../src/include -I/opt/homebrew/include -I../../src/lib -I../../src/lib/modules -I../../src/lib/cloud -I../../src/lib/radar/synp -I../../src/lib/degrib   -I../../src/include -I/opt/homebrew/include -I../../src/lib -I../../src/lib/modules -I../../src/lib/cloud -I../../src/lib/radar/synp -I../../src/lib/degrib constants.f90
rm -f  lfmutil.o
gfortran -c -ffree-line-length-none -fallow-argument-mismatch -I../../src/include -I/opt/homebrew/include -I../../src/lib -I../../src/lib/modules -I../../src/lib/cloud -I../../src/lib/radar/synp -I../../src/lib/degrib   -I../../src/include -I/opt/homebrew/include -I../../src/lib -I../../src/lib/modules -I../../src/lib/cloud -I../../src/lib/radar/synp -I../../src/lib/degrib lfmutil.f90
lfmutil.f90:118:31:

  107 | icode=nf_get_var_real(ncid,nid,grid_spacing)
      |                               2
......
  118 | icode=nf_get_var_real(ncid,nid,llat)
      |                               1
Warning: Rank mismatch between actual argument at (1) and actual argument at (2) (scalar and rank-2)
lfmutil.f90:120:31:

  107 | icode=nf_get_var_real(ncid,nid,grid_spacing)
      |                               2
......
  120 | icode=nf_get_var_real(ncid,nid,llon)
      |                               1
Warning: Rank mismatch between actual argument at (1) and actual argument at (2) (scalar and rank-2)
lfmutil.f90:372:35:

  372 |    rhsfc(i,j)=min(relhum(tsfc(i,j),mrsfc(i,j),psfc(i,j)),1.)
      |                                   1
......
 2708 |       rh0=min(relhum(t0,smr,slp(i,j)),1.)
      |                        2           
Warning: Element of assumed-shape or pointer array as actual argument at (1) cannot correspond to actual argument at (2)
lfmutil.f90:750:44:

  750 |    hrhsig(i,j,k)=min(1.,relhum(htsig(i,j,k),hmrsig(i,j,k),hpsig(i,j,k)))
      |                                            1
......
 2708 |       rh0=min(relhum(t0,smr,slp(i,j)),1.)
      |                        2                    
Warning: Element of assumed-shape or pointer array as actual argument at (1) cannot correspond to actual argument at (2)
rm -f  interp.o
gfortran -c -ffree-line-length-none -fallow-argument-mismatch -I../../src/include -I/opt/homebrew/include -I../../src/lib -I../../src/lib/modules -I../../src/lib/cloud -I../../src/lib/radar/synp -I../../src/lib/degrib   -I../../src/include -I/opt/homebrew/include -I../../src/lib -I../../src/lib/modules -I../../src/lib/cloud -I../../src/lib/radar/synp -I../../src/lib/degrib interp.f90
rm -f  metfunc.o
gfortran -c -ffree-line-length-none -fallow-argument-mismatch -I../../src/include -I/opt/homebrew/include -I../../src/lib -I../../src/lib/modules -I../../src/lib/cloud -I../../src/lib/radar/synp -I../../src/lib/degrib   -I../../src/include -I/opt/homebrew/include -I../../src/lib -I../../src/lib/modules -I../../src/lib/cloud -I../../src/lib/radar/synp -I../../src/lib/degrib metfunc.f90
rm -f  mm5util.o
gfortran -c -ffree-line-length-none -fallow-argument-mismatch -I../../src/include -I/opt/homebrew/include -I../../src/lib -I../../src/lib/modules -I../../src/lib/cloud -I../../src/lib/radar/synp -I../../src/lib/degrib   -I../../src/include -I/opt/homebrew/include -I../../src/lib -I../../src/lib/modules -I../../src/lib/cloud -I../../src/lib/radar/synp -I../../src/lib/degrib mm5util.f90
rm -f  wrfutil.o
gfortran -c -ffree-line-length-none -fallow-argument-mismatch -I../../src/include -I/opt/homebrew/include -I../../src/lib -I../../src/lib/modules -I../../src/lib/cloud -I../../src/lib/radar/synp -I../../src/lib/degrib   -I../../src/include -I/opt/homebrew/include -I../../src/lib -I../../src/lib/modules -I../../src/lib/cloud -I../../src/lib/radar/synp -I../../src/lib/degrib wrfutil.f90
rm -f  nmmutil.o
gfortran -c -ffree-line-length-none -fallow-argument-mismatch -I../../src/include -I/opt/homebrew/include -I../../src/lib -I../../src/lib/modules -I../../src/lib/cloud -I../../src/lib/radar/synp -I../../src/lib/degrib   -I../../src/include -I/opt/homebrew/include -I../../src/lib -I../../src/lib/modules -I../../src/lib/cloud -I../../src/lib/radar/synp -I../../src/lib/degrib nmmutil.f90
rm -f  st4util.o
gfortran -c -ffree-line-length-none -fallow-argument-mismatch -I../../src/include -I/opt/homebrew/include -I../../src/lib -I../../src/lib/modules -I../../src/lib/cloud -I../../src/lib/radar/synp -I../../src/lib/degrib   -I../../src/include -I/opt/homebrew/include -I../../src/lib -I../../src/lib/modules -I../../src/lib/cloud -I../../src/lib/radar/synp -I../../src/lib/degrib st4util.f90
rm -f  ptfcst.o
gfortran -c -ffree-line-length-none -fallow-argument-mismatch -I../../src/include -I/opt/homebrew/include -I../../src/lib -I../../src/lib/modules -I../../src/lib/cloud -I../../src/lib/radar/synp -I../../src/lib/degrib   -I../../src/include -I/opt/homebrew/include -I../../src/lib -I../../src/lib/modules -I../../src/lib/cloud -I../../src/lib/radar/synp -I../../src/lib/degrib ptfcst.f90
rm -f  lfmwrite.o
gfortran -c -ffree-line-length-none -fallow-argument-mismatch -I../../src/include -I/opt/homebrew/include -I../../src/lib -I../../src/lib/modules -I../../src/lib/cloud -I../../src/lib/radar/synp -I../../src/lib/degrib   -I../../src/include -I/opt/homebrew/include -I../../src/lib -I../../src/lib/modules -I../../src/lib/cloud -I../../src/lib/radar/synp -I../../src/lib/degrib lfmwrite.f90
lfmwrite.f90:151:43:

   95 |                      ,lvltype3d,units3d,com3d,lz,cdl_levels          &
      |                                                 2
......
  151 |                    ,units2d,com2d,n_levels,c_levels                     &
      |                                           1
Warning: Rank mismatch between actual argument at (1) and actual argument at (2) (rank-1 and scalar)
gfortran  -o lfmpost.exe -ffree-line-length-none -fallow-argument-mismatch -I../../src/include -I/opt/homebrew/include -I../../src/lib -I../../src/lib/modules -I../../src/lib/cloud -I../../src/lib/radar/synp -I../../src/lib/degrib  lfmpost.o lfmutil.o lfmgrid.o interp.o metfunc.o constants.o mm5util.o wrfutil.o nmmutil.o st4util.o ptfcst.o lfmwrite.o  \
			../../src/lib/modules/libmodules.a ../../src/lib/liblaps.a ../../src/lib/mthermo/libmthermo.a ../../src/lib/util/libutil.a ../../src/lib/grib/libgrib.a ../../src/lib/grib2/libgrib2.a ../../src/lib/radar/rutil/librutil.a ../../src/lib/radar/synp/libsynp.a  -L/opt/homebrew/lib -lnetcdff -lnetcdf   -lgcc -I../../src/include -I/opt/homebrew/include -I../../src/lib -I../../src/lib/modules -I../../src/lib/cloud -I../../src/lib/radar/synp -I../../src/lib/degrib -lm
 
Making Laps in directory src/wfoprep
rm -f  module_wfoprep_setup.o
gfortran -c -ffree-line-length-none -fallow-argument-mismatch -I../../src/include -I/opt/homebrew/include -I../../src/lib -I../../src/lib/modules -I../../src/lib/cloud -I../../src/lib/radar/synp -I../../src/lib/degrib   module_wfoprep_setup.f90
rm -f  module_map_utils.o
gfortran -c -ffree-line-length-none -fallow-argument-mismatch -I../../src/include -I/opt/homebrew/include -I../../src/lib -I../../src/lib/modules -I../../src/lib/cloud -I../../src/lib/radar/synp -I../../src/lib/degrib   module_map_utils.f90
rm -f  module_wfo_models.o
gfortran -c -ffree-line-length-none -fallow-argument-mismatch -I../../src/include -I/opt/homebrew/include -I../../src/lib -I../../src/lib/modules -I../../src/lib/cloud -I../../src/lib/radar/synp -I../../src/lib/degrib   module_wfo_models.f90
rm -f  module_wfoprep_mm5.o
gfortran -c -ffree-line-length-none -fallow-argument-mismatch -I../../src/include -I/opt/homebrew/include -I../../src/lib -I../../src/lib/modules -I../../src/lib/cloud -I../../src/lib/radar/synp -I../../src/lib/degrib   module_wfoprep_mm5.f90
rm -f  module_wfoprep_wrf.o
gfortran -c -ffree-line-length-none -fallow-argument-mismatch -I../../src/include -I/opt/homebrew/include -I../../src/lib -I../../src/lib/modules -I../../src/lib/cloud -I../../src/lib/radar/synp -I../../src/lib/degrib   module_wfoprep_wrf.f90
rm -f  wfoprep.o
gfortran -c -ffree-line-length-none -fallow-argument-mismatch -I../../src/include -I/opt/homebrew/include -I../../src/lib -I../../src/lib/modules -I../../src/lib/cloud -I../../src/lib/radar/synp -I../../src/lib/degrib   wfoprep.f90
rm -f  fill_missing_levs.o
gfortran -c -ffree-line-length-none -fallow-argument-mismatch -I../../src/include -I/opt/homebrew/include -I../../src/lib -I../../src/lib/modules -I../../src/lib/cloud -I../../src/lib/radar/synp -I../../src/lib/degrib   fill_missing_levs.f90
gfortran -o wfoprep.exe -ffree-line-length-none -fallow-argument-mismatch -I../../src/include -I/opt/homebrew/include -I../../src/lib -I../../src/lib/modules -I../../src/lib/cloud -I../../src/lib/radar/synp -I../../src/lib/degrib  wfoprep.o fill_missing_levs.o module_wfoprep_setup.o module_wfo_models.o module_map_utils.o module_wfoprep_mm5.o module_wfoprep_wrf.o ../../src/lib/bgdata/libbgdata.a ../../src/lib/liblaps.a ../../src/lib/modules/libmodules.a ../../src/lib/mthermo/libmthermo.a -L/opt/homebrew/lib -lnetcdff -lnetcdf   -lgcc
 
Making Laps in directory src/sfc
gfortran -ffree-line-length-none -fallow-argument-mismatch -I../../src/include -I/opt/homebrew/include -I../../src/lib -I../../src/lib/modules -I../../src/lib/cloud -I../../src/lib/radar/synp -I../../src/lib/degrib   -c -o laps_sfc_sub.o laps_sfc_sub.f
ar rv libsfc.a laps_sfc_sub.o
ar: creating archive libsfc.a
a - laps_sfc_sub.o
gfortran -ffree-line-length-none -fallow-argument-mismatch -I../../src/include -I/opt/homebrew/include -I../../src/lib -I../../src/lib/modules -I../../src/lib/cloud -I../../src/lib/radar/synp -I../../src/lib/degrib   -c -o mdatlaps.o mdatlaps.f
mdatlaps.f:889:72:

  889 |            do 2 i=1,imax
      |                                                                               1
Warning: Fortran 2018 deleted feature: Shared DO termination label 2 at (1)
ar rv libsfc.a mdatlaps.o
a - mdatlaps.o
gfortran -ffree-line-length-none -fallow-argument-mismatch -I../../src/include -I/opt/homebrew/include -I../../src/lib -I../../src/lib/modules -I../../src/lib/cloud -I../../src/lib/radar/synp -I../../src/lib/degrib   -c -o lapsvanl.o lapsvanl.f
ar rv libsfc.a lapsvanl.o
a - lapsvanl.o
gfortran -ffree-line-length-none -fallow-argument-mismatch -I../../src/include -I/opt/homebrew/include -I../../src/lib -I../../src/lib/modules -I../../src/lib/cloud -I../../src/lib/radar/synp -I../../src/lib/degrib   -c -o lapsvanl_sub.o lapsvanl_sub.f
lapsvanl_sub.f:184:72:

  184 |           do 2 i=2,imax-1
      |                                                                               1
Warning: Fortran 2018 deleted feature: Shared DO termination label 2 at (1)
ar rv libsfc.a lapsvanl_sub.o
a - lapsvanl_sub.o
gfortran -ffree-line-length-none -fallow-argument-mismatch -I../../src/include -I/opt/homebrew/include -I../../src/lib -I../../src/lib/modules -I../../src/lib/cloud -I../../src/lib/radar/synp -I../../src/lib/degrib   -c -o barnes_multivariate_sfc.o barnes_multivariate_sfc.f
barnes_multivariate_sfc.f:159:72:

  159 |      1                   ,istatus)                               ! Output
      |                                                                        1
Warning: Type mismatch in argument 'l_boundary' at (1); passed INTEGER(4) to LOGICAL(4)
ar rv libsfc.a barnes_multivariate_sfc.o
a - barnes_multivariate_sfc.o
gfortran -ffree-line-length-none -fallow-argument-mismatch -I../../src/include -I/opt/homebrew/include -I../../src/lib -I../../src/lib/modules -I../../src/lib/cloud -I../../src/lib/radar/synp -I../../src/lib/degrib   -c -o qc_data.o qc_data.f
ar rv libsfc.a qc_data.o
a - qc_data.o
gfortran -ffree-line-length-none -fallow-argument-mismatch -I../../src/include -I/opt/homebrew/include -I../../src/lib -I../../src/lib/modules -I../../src/lib/cloud -I../../src/lib/radar/synp -I../../src/lib/degrib   -c -o visibility.o visibility.f
ar rv libsfc.a visibility.o
a - visibility.o
gfortran laps_sfc.f  -ffree-line-length-none -fallow-argument-mismatch -I../../src/include -I/opt/homebrew/include -I../../src/lib -I../../src/lib/modules -I../../src/lib/cloud -I../../src/lib/radar/synp -I../../src/lib/degrib   libsfc.a ../../src/lib/temp/libtemp.a ../../src/lib/liblaps.a ../../src/lib/mthermo/libmthermo.a ../../src/lib/util/libutil.a ../../src/lib/modules/libmodules.a   -L/opt/homebrew/lib -lnetcdff -lnetcdf   -lgcc -o laps_sfc.x
rm -f *.o
 
Making Laps in directory src/sfc/table
gfortran -ffree-line-length-none -fallow-argument-mismatch -I../../../src/include -I/opt/homebrew/include -I../../../src/lib -I../../../src/lib/modules -I../../../src/lib/cloud -I../../../src/lib/radar/synp -I../../../src/lib/degrib  build_sfc_static.f locpost_radar.f ../../../src/lib/liblaps.a ../../../src/lib/modules/libmodules.a   -L/opt/homebrew/lib -lnetcdff -lnetcdf   -lgcc -o gensfclut.exe
rm -f *.o
 
Making Laps in directory src/mesowave/recurs_iter
gfortran -c -ffree-line-length-none -fallow-argument-mismatch    Definition.f90
gfortran -c -ffree-line-length-none -fallow-argument-mismatch    Util_Tools.f90
gfortran -c -ffree-line-length-none -fallow-argument-mismatch     Initialize.f90
gfortran -c -ffree-line-length-none -fallow-argument-mismatch     Minimizatn.f90
gfortran -c -ffree-line-length-none -fallow-argument-mismatch   -I../../../src/lib/mthermo/  ConfigLaps.f90
gfortran -c -ffree-line-length-none -fallow-argument-mismatch   routines.f
routines.f:5450:50:

 5448 |             do 30 j = 2, n
      |                                                                        2
 5449 |                temp = -b(j-1)
 5450 |                call daxpy(n-j+1,temp,t(j,j-1),1,b(j),1)
      |                                                  1
Warning: Array reference at (1) out of bounds (2 > 1) in loop beginning at (2)
routines.f:5451:17:

 5448 |             do 30 j = 2, n
      |                                                                        2
......
 5451 |                b(j) = b(j)/t(j,j)
      |                 1
Warning: Array reference at (1) out of bounds (2 > 1) in loop beginning at (2)
routines.f:5451:24:

 5448 |             do 30 j = 2, n
      |                                                                        2
......
 5451 |                b(j) = b(j)/t(j,j)
      |                        1
Warning: Array reference at (1) out of bounds (2 > 1) in loop beginning at (2)
routines.f:5451:31:

 5448 |             do 30 j = 2, n
      |                                                                        2
......
 5451 |                b(j) = b(j)/t(j,j)
      |                               1
Warning: Array reference at (1) out of bounds (2 > 1) in loop beginning at (2)
routines.f:5489:17:

 5488 |             do 120 j = 2, n
      |                                                                        2
 5489 |                b(j) = b(j) - ddot(j-1,t(1,j),1,b(1),1)
      |                 1
Warning: Array reference at (1) out of bounds (2 > 1) in loop beginning at (2)
routines.f:5489:24:

 5488 |             do 120 j = 2, n
      |                                                                        2
 5489 |                b(j) = b(j) - ddot(j-1,t(1,j),1,b(1),1)
      |                        1
Warning: Array reference at (1) out of bounds (2 > 1) in loop beginning at (2)
routines.f:5489:42:

 5488 |             do 120 j = 2, n
      |                                                                        2
 5489 |                b(j) = b(j) - ddot(j-1,t(1,j),1,b(1),1)
      |                                          1
Warning: Array reference at (1) out of bounds (2 > 1) in loop beginning at (2)
routines.f:5490:17:

 5488 |             do 120 j = 2, n
      |                                                                        2
 5489 |                b(j) = b(j) - ddot(j-1,t(1,j),1,b(1),1)
 5490 |                b(j) = b(j)/t(j,j)
      |                 1
Warning: Array reference at (1) out of bounds (2 > 1) in loop beginning at (2)
routines.f:5490:24:

 5488 |             do 120 j = 2, n
      |                                                                        2
 5489 |                b(j) = b(j) - ddot(j-1,t(1,j),1,b(1),1)
 5490 |                b(j) = b(j)/t(j,j)
      |                        1
Warning: Array reference at (1) out of bounds (2 > 1) in loop beginning at (2)
routines.f:5490:31:

 5488 |             do 120 j = 2, n
      |                                                                        2
 5489 |                b(j) = b(j) - ddot(j-1,t(1,j),1,b(1),1)
 5490 |                b(j) = b(j)/t(j,j)
      |                               1
Warning: Array reference at (1) out of bounds (2 > 1) in loop beginning at (2)
gfortran -c -ffree-line-length-none -fallow-argument-mismatch    lso_reader_meso.f
gfortran -ffree-line-length-none -fallow-argument-mismatch    -c -o get_laps_info.o get_laps_info.f
gfortran -ffree-line-length-none -fallow-argument-mismatch    MAIN.f90 Writeout.f90 routines.o lso_reader_meso.o get_laps_info.o  Definition.o Util_Tools.o Initialize.o Minimizatn.o ConfigLaps.o ../../../src/sfc/libsfc.a ../../../src/lib/liblaps.a ../../../src/lib/modules/libmodules.a ../../../src/lib/mthermo/libmthermo.a ../../../src/lib/util/libutil.a ../../../src/lib/goeslib/libgoeslib.a  \
	-L/opt/homebrew/lib -lnetcdff -lnetcdf   -lgcc -o recurs_iter.x
rm -f *.o
 
Making Laps in directory src/mesowave/stmas_mg
gfortran -ffree-line-length-none -fallow-argument-mismatch -I../../../src/include -I/opt/homebrew/include -I../../../src/lib -I../../../src/lib/modules -I../../../src/lib/cloud -I../../../src/lib/radar/synp -I../../../src/lib/degrib   Definition.f90 LAPSDatSrc.f90 MemoryMngr.f90 PrePostPrc.f90 STMASAnalz.f90 STMAS_MAIN.f90 ../../../src/sfc/libsfc.a ../../../src/lib/liblaps.a ../../../src/lib/modules/libmodules.a ../../../src/lib/mthermo/libmthermo.a ../../../src/lib/util/libutil.a ../../../src/lib/goeslib/libgoeslib.a  \
	-L/opt/homebrew/lib -lnetcdff -lnetcdf   -lgcc -o stmas_mg.x
rm -f *.o
 
Making Laps in directory src/soil
gfortran -ffree-line-length-none -fallow-argument-mismatch -I../../src/include -I/opt/homebrew/include -I../../src/lib -I../../src/lib/modules -I../../src/lib/cloud -I../../src/lib/radar/synp -I../../src/lib/degrib   -c -o soil_in5.o soil_in5.f
ar rv libsoil.a soil_in5.o
ar: creating archive libsoil.a
a - soil_in5.o
gfortran -ffree-line-length-none -fallow-argument-mismatch -I../../src/include -I/opt/homebrew/include -I../../src/lib -I../../src/lib/modules -I../../src/lib/cloud -I../../src/lib/radar/synp -I../../src/lib/degrib   -c -o soilmoisture5.o soilmoisture5.f
soilmoisture5.f:247:72:

  247 | 10      IN=CUMF(IT)
      |                                                                             1
Warning: Fortran 2018 deleted feature: DO termination statement which is not END DO or CONTINUE with label 10 at (1)
soilmoisture5.f:264:72:

  264 | 10      ITX=ITX-(ITX-BB+BB*XE-KSAT*TX)/(1.-XE)
      |                                                                             1
Warning: Fortran 2018 deleted feature: DO termination statement which is not END DO or CONTINUE with label 10 at (1)
soilmoisture5.f:349:72:

  349 | 20    X1(I)=X(I)+DT2*DX1(I)
      |                                                                        1
Warning: Fortran 2018 deleted feature: DO termination statement which is not END DO or CONTINUE with label 20 at (1)
soilmoisture5.f:353:72:

  353 | 30    X(I)=X(I)+DT2*(DX1(I)+DX(I))
      |                                                                        1
Warning: Fortran 2018 deleted feature: DO termination statement which is not END DO or CONTINUE with label 30 at (1)
ar rv libsoil.a soilmoisture5.o
a - soilmoisture5.o
gfortran -ffree-line-length-none -fallow-argument-mismatch -I../../src/include -I/opt/homebrew/include -I../../src/lib -I../../src/lib/modules -I../../src/lib/cloud -I../../src/lib/radar/synp -I../../src/lib/degrib   -c -o calc_evap.o calc_evap.f
ar rv libsoil.a calc_evap.o
a - calc_evap.o
gfortran -ffree-line-length-none -fallow-argument-mismatch -I../../src/include -I/opt/homebrew/include -I../../src/lib -I../../src/lib/modules -I../../src/lib/cloud -I../../src/lib/radar/synp -I../../src/lib/degrib   -c -o readcsc.o readcsc.f
ar rv libsoil.a readcsc.o
a - readcsc.o
gfortran -ffree-line-length-none -fallow-argument-mismatch -I../../src/include -I/opt/homebrew/include -I../../src/lib -I../../src/lib/modules -I../../src/lib/cloud -I../../src/lib/radar/synp -I../../src/lib/degrib   -c -o stats.o stats.f
ar rv libsoil.a stats.o
a - stats.o
gfortran -ffree-line-length-none -fallow-argument-mismatch -I../../src/include -I/opt/homebrew/include -I../../src/lib -I../../src/lib/modules -I../../src/lib/cloud -I../../src/lib/radar/synp -I../../src/lib/degrib   -c -o lsm_qc.o lsm_qc.f
ar rv libsoil.a lsm_qc.o
a - lsm_qc.o
gfortran lsm5.f  -ffree-line-length-none -fallow-argument-mismatch -I../../src/include -I/opt/homebrew/include -I../../src/lib -I../../src/lib/modules -I../../src/lib/cloud -I../../src/lib/radar/synp -I../../src/lib/degrib  libsoil.a ../../src/lib/liblaps.a ../../src/lib/modules/libmodules.a   -L/opt/homebrew/lib -lnetcdff -lnetcdf   -lgcc -o lsm5.exe
lsm5.f:328:42:

  198 |      &              Imax, Jmax, 4, 4, var_s, lvl_s, lvl_coord_s,
      |                                             2
......
  328 |      &           Imax, Jmax, 1, 1, var_l, lvl_l, lvl_coord_l,
      |                                          1
Warning: Rank mismatch between actual argument at (1) and actual argument at (2) (rank-1 and scalar)
rm -f *.o
 
Making Laps in directory src/temp
gfortran -ffree-line-length-none -fallow-argument-mismatch -I../../src/include -I/opt/homebrew/include -I../../src/lib -I../../src/lib/modules -I../../src/lib/cloud -I../../src/lib/radar/synp -I../../src/lib/degrib  puttmpanal_drv.f laps_temp.f ../../src/lib/temp/libtemp.a ../../src/lib/liblaps.a ../../src/lib/mthermo/libmthermo.a ../../src/lib/modules/libmodules.a   -L/opt/homebrew/lib -lnetcdff -lnetcdf   -lgcc -o temp.exe
rm -f *.o
 
Making Laps in directory src/verif/cont
gfortran -ffree-line-length-none -fallow-argument-mismatch -I../../../src/include -I/opt/homebrew/include -I../../../src/lib -I../../../src/lib/modules -I../../../src/lib/cloud -I../../../src/lib/radar/synp -I../../../src/lib/degrib   verif_cont.f hist.f put_contables.f verif_radar_composite.f ../../../src/lib/liblaps.a ../../../src/lib/mthermo/libmthermo.a ../../../src/lib/util/libutil.a ../../../src/lib/modules/libmodules.a   -L/opt/homebrew/lib -lnetcdff -lnetcdf   -lgcc -o verif_cont.exe
rm -f *.o
 
Making Laps in directory src/verif/fcst
gfortran -ffree-line-length-none -fallow-argument-mismatch -I../../../src/include -I/opt/homebrew/include -I../../../src/lib -I../../../src/lib/modules -I../../../src/lib/cloud -I../../../src/lib/radar/synp -I../../../src/lib/degrib   verif_fcst.f verif_fcst_pt_3d.f verif_fcst_pt_composite.f verif_fcst_grid_2d.f ../../../src/lib/wind/libwind.a ../../../src/lib/temp/libtemp.a ../../../src/lib/cloud/libcloud.a ../../../src/lib/liblaps.a ../../../src/lib/mthermo/libmthermo.a ../../../src/lib/util/libutil.a ../../../src/lib/modules/libmodules.a   -L/opt/homebrew/lib -lnetcdff -lnetcdf   -lgcc -o verif_fcst.exe
rm -f *.o
 
Making Laps in directory src/verif/point
rm -f bkgd_wgi.o
gfortran -c -ffree-line-length-none -fallow-argument-mismatch -I../../../src/include -I/opt/homebrew/include -I../../../src/lib -I../../../src/lib/modules -I../../../src/lib/cloud -I../../../src/lib/radar/synp -I../../../src/lib/degrib  -I../../../src/include -I/opt/homebrew/include -I../../../src/lib -I../../../src/lib/modules -I../../../src/lib/cloud -I../../../src/lib/radar/synp -I../../../src/lib/degrib bkgd_wgi.f
ar rv libverif.a bkgd_wgi.o
ar: creating archive libverif.a
a - bkgd_wgi.o
rm -f gen_verif_prof_sub.o
gfortran -c -ffree-line-length-none -fallow-argument-mismatch -I../../../src/include -I/opt/homebrew/include -I../../../src/lib -I../../../src/lib/modules -I../../../src/lib/cloud -I../../../src/lib/radar/synp -I../../../src/lib/degrib  -I../../../src/include -I/opt/homebrew/include -I../../../src/lib -I../../../src/lib/modules -I../../../src/lib/cloud -I../../../src/lib/radar/synp -I../../../src/lib/degrib gen_verif_prof_sub.f
ar rv libverif.a gen_verif_prof_sub.o
a - gen_verif_prof_sub.o
rm -f get_prof_pairs.o
gfortran -c -ffree-line-length-none -fallow-argument-mismatch -I../../../src/include -I/opt/homebrew/include -I../../../src/lib -I../../../src/lib/modules -I../../../src/lib/cloud -I../../../src/lib/radar/synp -I../../../src/lib/degrib  -I../../../src/include -I/opt/homebrew/include -I../../../src/lib -I../../../src/lib/modules -I../../../src/lib/cloud -I../../../src/lib/radar/synp -I../../../src/lib/degrib get_prof_pairs.f
ar rv libverif.a get_prof_pairs.o
a - get_prof_pairs.o
rm -f gen_verif_raob_sub.o
gfortran -c -ffree-line-length-none -fallow-argument-mismatch -I../../../src/include -I/opt/homebrew/include -I../../../src/lib -I../../../src/lib/modules -I../../../src/lib/cloud -I../../../src/lib/radar/synp -I../../../src/lib/degrib  -I../../../src/include -I/opt/homebrew/include -I../../../src/lib -I../../../src/lib/modules -I../../../src/lib/cloud -I../../../src/lib/radar/synp -I../../../src/lib/degrib gen_verif_raob_sub.f
ar rv libverif.a gen_verif_raob_sub.o
a - gen_verif_raob_sub.o
rm -f get_raob_data_a.o
gfortran -c -ffree-line-length-none -fallow-argument-mismatch -I../../../src/include -I/opt/homebrew/include -I../../../src/lib -I../../../src/lib/modules -I../../../src/lib/cloud -I../../../src/lib/radar/synp -I../../../src/lib/degrib  -I../../../src/include -I/opt/homebrew/include -I../../../src/lib -I../../../src/lib/modules -I../../../src/lib/cloud -I../../../src/lib/radar/synp -I../../../src/lib/degrib get_raob_data_a.f
ar rv libverif.a get_raob_data_a.o
a - get_raob_data_a.o
rm -f get_raob_pairs.o
gfortran -c -ffree-line-length-none -fallow-argument-mismatch -I../../../src/include -I/opt/homebrew/include -I../../../src/lib -I../../../src/lib/modules -I../../../src/lib/cloud -I../../../src/lib/radar/synp -I../../../src/lib/degrib  -I../../../src/include -I/opt/homebrew/include -I../../../src/lib -I../../../src/lib/modules -I../../../src/lib/cloud -I../../../src/lib/radar/synp -I../../../src/lib/degrib get_raob_pairs.f
ar rv libverif.a get_raob_pairs.o
a - get_raob_pairs.o
rm -f raob_subs.o
gfortran -c -ffree-line-length-none -fallow-argument-mismatch -I../../../src/include -I/opt/homebrew/include -I../../../src/lib -I../../../src/lib/modules -I../../../src/lib/cloud -I../../../src/lib/radar/synp -I../../../src/lib/degrib  -I../../../src/include -I/opt/homebrew/include -I../../../src/lib -I../../../src/lib/modules -I../../../src/lib/cloud -I../../../src/lib/radar/synp -I../../../src/lib/degrib raob_subs.f
ar rv libverif.a raob_subs.o
a - raob_subs.o
gfortran -o gen_verif_raob.exe -ffree-line-length-none -fallow-argument-mismatch -I../../../src/include -I/opt/homebrew/include -I../../../src/lib -I../../../src/lib/modules -I../../../src/lib/cloud -I../../../src/lib/radar/synp -I../../../src/lib/degrib  gen_verif_raob.f -I../../../src/include libverif.a ../../../src/lib/liblaps.a ../../../src/lib/modules/libmodules.a -L/opt/homebrew/lib -lnetcdff -lnetcdf   -lgcc -L../../../src/lib/mthermo -lmthermo -L../../../src/lib/util -lutil;
rm -f *.o
gfortran -o gen_verif_prof.exe -ffree-line-length-none -fallow-argument-mismatch -I../../../src/include -I/opt/homebrew/include -I../../../src/lib -I../../../src/lib/modules -I../../../src/lib/cloud -I../../../src/lib/radar/synp -I../../../src/lib/degrib  gen_verif_prof.f -I../../../src/include libverif.a ../../../src/lib/liblaps.a ../../../src/lib/modules/libmodules.a -L/opt/homebrew/lib -lnetcdff -lnetcdf   -lgcc -L../../../src/lib/mthermo -lmthermo -L../../../src/lib/util -lutil;
rm -f *.o
 
Making Laps in directory src/wind
gfortran -ffree-line-length-none -fallow-argument-mismatch -I../../src/include -I/opt/homebrew/include -I../../src/lib -I../../src/lib/modules -I../../src/lib/cloud -I../../src/lib/radar/synp -I../../src/lib/degrib  -I../../src/include -I/opt/homebrew/include -I../../src/lib -I../../src/lib/modules -I../../src/lib/cloud -I../../src/lib/radar/synp -I../../src/lib/degrib -I/opt/homebrew/include -Dunknown -DFORTRANUNDERSCORE -DDYNAMIC -DMULTI_EXEC  -c -o main_sub.o main_sub.F
ar rv libwind.a main_sub.o
ar: creating archive libwind.a
a - main_sub.o
gfortran -ffree-line-length-none -fallow-argument-mismatch -I../../src/include -I/opt/homebrew/include -I../../src/lib -I../../src/lib/modules -I../../src/lib/cloud -I../../src/lib/radar/synp -I../../src/lib/degrib   -c -o weights.o weights.f
ar rv libwind.a weights.o
a - weights.o
gfortran -ffree-line-length-none -fallow-argument-mismatch -I../../src/include -I/opt/homebrew/include -I../../src/lib -I../../src/lib/modules -I../../src/lib/cloud -I../../src/lib/radar/synp -I../../src/lib/degrib   -c -o comparisons.o comparisons.f
ar rv libwind.a comparisons.o
a - comparisons.o
gfortran -ffree-line-length-none -fallow-argument-mismatch -I../../src/include -I/opt/homebrew/include -I../../src/lib -I../../src/lib/modules -I../../src/lib/cloud -I../../src/lib/radar/synp -I../../src/lib/degrib   -c -o comp_vr_prof.o comp_vr_prof.f
ar rv libwind.a comp_vr_prof.o
a - comp_vr_prof.o
gfortran -ffree-line-length-none -fallow-argument-mismatch -I../../src/include -I/opt/homebrew/include -I../../src/lib -I../../src/lib/modules -I../../src/lib/cloud -I../../src/lib/radar/synp -I../../src/lib/degrib   -c -o comp_laps_vr.o comp_laps_vr.f
ar rv libwind.a comp_laps_vr.o
a - comp_laps_vr.o
gfortran -ffree-line-length-none -fallow-argument-mismatch -I../../src/include -I/opt/homebrew/include -I../../src/lib -I../../src/lib/modules -I../../src/lib/cloud -I../../src/lib/radar/synp -I../../src/lib/degrib   -c -o comp_laps1_laps2.o comp_laps1_laps2.f
ar rv libwind.a comp_laps1_laps2.o
a - comp_laps1_laps2.o
gfortran -ffree-line-length-none -fallow-argument-mismatch -I../../src/include -I/opt/homebrew/include -I../../src/lib -I../../src/lib/modules -I../../src/lib/cloud -I../../src/lib/radar/synp -I../../src/lib/degrib   -c -o comp_laps_maps.o comp_laps_maps.f
ar rv libwind.a comp_laps_maps.o
a - comp_laps_maps.o
gfortran -ffree-line-length-none -fallow-argument-mismatch -I../../src/include -I/opt/homebrew/include -I../../src/lib -I../../src/lib/modules -I../../src/lib/cloud -I../../src/lib/radar/synp -I../../src/lib/degrib   -c -o dualwind_noZ.o dualwind_noZ.f
ar rv libwind.a dualwind_noZ.o
a - dualwind_noZ.o
gfortran -ffree-line-length-none -fallow-argument-mismatch -I../../src/include -I/opt/homebrew/include -I../../src/lib -I../../src/lib/modules -I../../src/lib/cloud -I../../src/lib/radar/synp -I../../src/lib/degrib   -c -o dualwind_yesZ.o dualwind_yesZ.f
ar rv libwind.a dualwind_yesZ.o
a - dualwind_yesZ.o
gfortran -ffree-line-length-none -fallow-argument-mismatch -I../../src/include -I/opt/homebrew/include -I../../src/lib -I../../src/lib/modules -I../../src/lib/cloud -I../../src/lib/radar/synp -I../../src/lib/degrib   -c -o insert_radar_obs.o insert_radar_obs.f
ar rv libwind.a insert_radar_obs.o
a - insert_radar_obs.o
gfortran -ffree-line-length-none -fallow-argument-mismatch -I../../src/include -I/opt/homebrew/include -I../../src/lib -I../../src/lib/modules -I../../src/lib/cloud -I../../src/lib/radar/synp -I../../src/lib/degrib   -c -o multiwind_noZ.o multiwind_noZ.f
ar rv libwind.a multiwind_noZ.o
a - multiwind_noZ.o
gfortran -ffree-line-length-none -fallow-argument-mismatch -I../../src/include -I/opt/homebrew/include -I../../src/lib -I../../src/lib/modules -I../../src/lib/cloud -I../../src/lib/radar/synp -I../../src/lib/degrib   -c -o multiwind_yesZ.o multiwind_yesZ.f
ar rv libwind.a multiwind_yesZ.o
a - multiwind_yesZ.o
gfortran -ffree-line-length-none -fallow-argument-mismatch -I../../src/include -I/opt/homebrew/include -I../../src/lib -I../../src/lib/modules -I../../src/lib/cloud -I../../src/lib/radar/synp -I../../src/lib/degrib   -c -o windanal.o windanal.f
ar rv libwind.a windanal.o
a - windanal.o
gfortran main.F -ffree-line-length-none -fallow-argument-mismatch -I../../src/include -I/opt/homebrew/include -I../../src/lib -I../../src/lib/modules -I../../src/lib/cloud -I../../src/lib/radar/synp -I../../src/lib/degrib  -I../../src/include -I/opt/homebrew/include -I../../src/lib -I../../src/lib/modules -I../../src/lib/cloud -I../../src/lib/radar/synp -I../../src/lib/degrib -I/opt/homebrew/include -Dunknown -DFORTRANUNDERSCORE -DDYNAMIC -DMULTI_EXEC libwind.a ../../src/lib/wind/libwind.a ../../src/lib/liblaps.a ../../src/lib/util/libutil.a ../../src/lib/modules/libmodules.a   -L/opt/homebrew/lib -lnetcdff -lnetcdf   -lgcc -o wind.exe
rm -f *.o
 
Making Laps in directory src/var
gcc -I../../src/include -I/opt/homebrew/include -I../../src/lib -I../../src/lib/modules -I../../src/lib/cloud -I../../src/lib/radar/synp -I../../src/lib/degrib -I/opt/homebrew/include -Dunknown -DFORTRANUNDERSCORE -DDYNAMIC -DMULTI_EXEC -c getiofile.c
getiofile.c:68:57: warning: format specifies type 'long' but the argument has type 'off_t' (aka 'long long') [-Wformat]
        printf("buffer size too small,real size is %ld",st_file.st_size);
                                                   ~~~  ^~~~~~~~~~~~~~~
                                                   %lld
1 warning generated.
gfortran -ffree-line-length-none -fallow-argument-mismatch -I../../src/include -I/opt/homebrew/include -I../../src/lib -I../../src/lib/modules -I../../src/lib/cloud -I../../src/lib/radar/synp -I../../src/lib/degrib   GSI_Prep.f90 LAPS_Parm.f90 LAPS_Conf.f90 LAPS_Bkgd.f90 LAPS_Obsv.f90 LAPS_Memo.f90 GSI_BkObs.f90 wrfbkgout.f90 StaggerXY.f90 GSI_radarbufr.f90 GSI_noaa1d2bufr.f90 LAPSMassConverter.f90 StaggerConverter.f90 Interpolation.f90 getiofile.o  ../../src/lib/wind/libwind.a ../../src/lib/temp/libtemp.a ../../src/lib/liblaps.a ../../src/lib/modules/libmodules.a ../../src/lib/mthermo/libmthermo.a ../../src/lib/util/libutil.a ../../src/lib/goeslib/libgoeslib.a ../../src/sfc/libsfc.a ../../src/var/bufr/libbufr.a  \
	 -L/opt/homebrew/lib -lnetcdff -lnetcdf   -lgcc -o GSI_Prep.exe
wrfbkgout.f90:153:42:

  123 |              nclong,1,imax,ierr)
      |                      2                    
......
  153 |   CALL ncapt(ncid,ncglobal,'DX',ncfloat,1,dxy,ierr)
      |                                          1
Warning: Type mismatch between actual argument at (1) and actual argument at (2) (REAL(4)/INTEGER(4)).
wrfbkgout.f90:569:35:

  481 |   CALL ncvpt(ncid,uid,start,count,unc1,ierr)
      |                                  2 
......
  569 |   CALL ncvpt(ncid,ptid,start,count,ptop,ierr)
      |                                   1
Warning: Rank mismatch between actual argument at (1) and actual argument at (2) (rank-1 and scalar)
wrfbkgout.f90:601:35:

  481 |   CALL ncvpt(ncid,uid,start,count,unc1,ierr)
      |                                  2 
......
  601 |   CALL ncvpt(ncid,rxid,start,count,1.0/dxy,ierr)
      |                                   1
Warning: Rank mismatch between actual argument at (1) and actual argument at (2) (rank-1 and scalar)
wrfbkgout.f90:605:35:

  481 |   CALL ncvpt(ncid,uid,start,count,unc1,ierr)
      |                                  2 
......
  605 |   CALL ncvpt(ncid,ryid,start,count,1.0/dxy,ierr)
      |                                   1
Warning: Rank mismatch between actual argument at (1) and actual argument at (2) (rank-1 and scalar)
wrfbkgout.f90:643:35:

  481 |   CALL ncvpt(ncid,uid,start,count,unc1,ierr)
      |                                  2 
......
  643 |   CALL ncvpt(ncid,vgid,start,count,itnc,ierr)
      |                                   1
Warning: Type mismatch between actual argument at (1) and actual argument at (2) (INTEGER(4)/REAL(4)).
GSI_radarbufr.f90:297:22:

  297 |           do 50 i=1,nx
      |                      1
Warning: Fortran 2018 deleted feature: Shared DO termination label 50 at (1)
GSI_radarbufr.f90:430:20:

  430 |        do 100 i=1,nx
      |                    1
Warning: Fortran 2018 deleted feature: Shared DO termination label 100 at (1)
GSI_radarbufr.f90:1122:46:

 1034 |        ier=nf_get_var_real(ncid,id_siteLat,slat)
      |                                           2   
......
 1122 |        ier=nf_get_var_real(ncid,id_radialAzim,azim)
      |                                              1
Warning: Rank mismatch between actual argument at (1) and actual argument at (2) (scalar and rank-1)
GSI_radarbufr.f90:1126:46:

 1034 |        ier=nf_get_var_real(ncid,id_siteLat,slat)
      |                                           2   
......
 1126 |        ier=nf_get_var_real(ncid,id_radialElev,elev)
      |                                              1
Warning: Rank mismatch between actual argument at (1) and actual argument at (2) (scalar and rank-1)
GSI_radarbufr.f90:1130:48:

 1066 |        ier=nf_get_var_double(ncid,id_esStartTime,starttime)
      |                                                 2
......
 1130 |        ier=nf_get_var_double(ncid,id_radialTime,radialTime)
      |                                                1
Warning: Rank mismatch between actual argument at (1) and actual argument at (2) (scalar and rank-1)
rm -f *.o
gfortran -ffree-line-length-none -fallow-argument-mismatch -I../../src/include -I/opt/homebrew/include -I../../src/lib -I../../src/lib/modules -I../../src/lib/cloud -I../../src/lib/radar/synp -I../../src/lib/degrib   GSI_Post.f90  StaggerXY.f90 LAPSMassConverter.f90 StaggerConverter.f90 Interpolation.f90 ../../src/humid/liblq3.a   ../../src/lib/wind/libwind.a ../../src/lib/temp/libtemp.a ../../src/lib/liblaps.a ../../src/lib/modules/libmodules.a ../../src/lib/mthermo/libmthermo.a ../../src/lib/util/libutil.a ../../src/lib/goeslib/libgoeslib.a ../../src/sfc/libsfc.a ../../src/var/bufr/libbufr.a  \
	 -L/opt/homebrew/lib -lnetcdff -lnetcdf   -lgcc -o GSI_Post.exe
GSI_Post.f90:471:44:

  436 |           call NCVGT(ncid,vid,start,count,uu1,istatus)
      |                                          2  
......
  471 |           call NCVGT(ncid,vid,start2,count2,ptop,istatus)
      |                                            1
Warning: Rank mismatch between actual argument at (1) and actual argument at (2) (rank-1 and scalar)
rm -f *.o
 
Making Laps in directory src/stmas
gfortran -ffree-line-length-none -fallow-argument-mismatch -I../../src/include -I/opt/homebrew/include -I../../src/lib -I../../src/lib/modules -I../../src/lib/cloud -I../../src/lib/radar/synp -I../../src/lib/degrib   prmtrs_stmas.f90 GPSwetdelays.f90 uniform_interpolation.f90 generaltools.f90 drawcountour.f90 read_backgrd.f90 readobserves.f90 read_laps_radar.f90 input_bg_obs.f90 prep_stmas4d.f90 post_stmas4d.f90 wcompt_gradt.f90 smcostf_grad.f90 gsbcost_grad.f90 hydcost_grad.f90 costfun_grad.f90 stmas4d_core_lbfgs.f90 output_anals.f90 main.f90  ../../src/lib/wind/libwind.a ../../src/wind/libwind.a ../../src/balance/libqbalpe.a ../../src/lib/temp/libtemp.a ../../src/humid/liblq3.a ../../src/lib/liblaps.a ../../src/lib/modules/libmodules.a ../../src/lib/mthermo/libmthermo.a ../../src/lib/util/libutil.a ../../src/lib/goeslib/libgoeslib.a ../../src/lib/radar/moving/libairad.a  \
	../../src/var/bufr/libbufr.a -L/opt/homebrew/lib -lnetcdff -lnetcdf   -lgcc -o STMAS3D.exe
rm -f *.o
